#
# A fatal error has been detected by the Java Runtime Environment:
#
#  EXCEPTION_ACCESS_VIOLATION (0xc0000005) at pc=0x00007ff8c918289c, pid=5460, tid=16276
#
# JRE version: Java(TM) SE Runtime Environment (21.0.1+12) (build 21.0.1+12-LTS-29)
# Java VM: Java HotSpot(TM) 64-Bit Server VM (21.0.1+12-LTS-29, mixed mode, sharing, tiered, compressed oops, compressed class ptrs, g1 gc, windows-amd64)
# Problematic frame:
# V  [jvm.dll+0x71289c]
#
# No core dump will be written. Minidumps are not enabled by default on client versions of Windows
#
# If you would like to submit a bug report, please visit:
#   https://bugreport.java.com/bugreport/crash.jsp
#

---------------  S U M M A R Y ------------

Command Line: -ea -Didea.test.cyclic.buffer.size=1048576 -javaagent:C:\Users\DELL\Desktop\IntelliJ IDEA 2024.2\lib\idea_rt.jar=55019:C:\Users\DELL\Desktop\IntelliJ IDEA 2024.2\bin -Dfile.encoding=UTF-8 -Dsun.stdout.encoding=UTF-8 -Dsun.stderr.encoding=UTF-8 com.intellij.rt.junit.JUnitStarter -ideVersion5 -junit5 africa.semicolon.wallet.userAdapter.UserAdapterTest,testThatUserCanEditProfileByName

Host: Intel(R) Core(TM) i5-6300U CPU @ 2.40GHz, 4 cores, 7G,  Windows 11 , 64 bit Build 22621 (10.0.22621.3958)
Time: Mon Nov  4 07:57:06 2024 W. Central Africa Standard Time elapsed time: 6.309290 seconds (0d 0h 0m 6s)

---------------  T H R E A D  ---------------

Current thread (0x000002077d008d60):  JavaThread "C2 CompilerThread0" daemon [_thread_in_native, id=16276, stack(0x000000f72f400000,0x000000f72f500000) (1024K)]


Current CompileTask:
C2:   6309 2427   !   4       jdk.internal.loader.BuiltinClassLoader::loadClassOrNull (143 bytes)

Stack: [0x000000f72f400000,0x000000f72f500000],  sp=0x000000f72f4fc7a0,  free space=1009k
Native frames: (J=compiled Java code, j=interpreted, Vv=VM code, C=native code)
V  [jvm.dll+0x71289c]
V  [jvm.dll+0x1e1df6]
V  [jvm.dll+0x249c22]
V  [jvm.dll+0x2490b1]
V  [jvm.dll+0x1c9ca1]
V  [jvm.dll+0x2586b9]
V  [jvm.dll+0x256c9a]
V  [jvm.dll+0x3ef1b6]
V  [jvm.dll+0x7fd728]
V  [jvm.dll+0x6c777d]
C  [ucrtbase.dll+0x29333]
C  [KERNEL32.DLL+0x1257d]
C  [ntdll.dll+0x5af08]


siginfo: EXCEPTION_ACCESS_VIOLATION (0xc0000005), reading address 0xffffffffffffffff


Registers:
RAX=0x000002077f914de8, RBX=0x0000000000000013, RCX=0x000000f72f4fe790, RDX=0x0000000000004776
RSP=0x000000f72f4fc7a0, RBP=0x000000f72f4fc8a0, RSI=0x000002077d170fb0, RDI=0x000002077f914d90
R8 =0x000002077d170fb0, R9 =0x000002077d170f90, R10=0x000002077dcde7f0, R11=0x000000000000006d
R12=0x0000000000000070, R13=0x0020000000000000, R14=0x000000000000000c, R15=0x000002077d0119f0
RIP=0x00007ff8c918289c, EFLAGS=0x0000000000010206


Register to memory mapping:

RAX=0x000002077f914de8 points into unknown readable memory: 0x0000000000000000 | 00 00 00 00 00 00 00 00
RBX=0x0000000000000013 is an unknown value
RCX=0x000000f72f4fe790 is pointing into the stack for thread: 0x000002077d008d60
RDX=0x0000000000004776 is an unknown value
RSP=0x000000f72f4fc7a0 is pointing into the stack for thread: 0x000002077d008d60
RBP=0x000000f72f4fc8a0 is pointing into the stack for thread: 0x000002077d008d60
RSI=0x000002077d170fb0 points into unknown readable memory: 0x000002077f293c70 | 70 3c 29 7f 07 02 00 00
RDI=0x000002077f914d90 points into unknown readable memory: 0x000002077f914d08 | 08 4d 91 7f 07 02 00 00
R8 =0x000002077d170fb0 points into unknown readable memory: 0x000002077f293c70 | 70 3c 29 7f 07 02 00 00
R9 =0x000002077d170f90 points into unknown readable memory: 0x00007ff8c9404fb0 | b0 4f 40 c9 f8 7f 00 00
R10=0x000002077dcde7f0 points into unknown readable memory: 0x0000000400000001 | 01 00 00 00 04 00 00 00
R11=0x000000000000006d is an unknown value
R12=0x0000000000000070 is an unknown value
R13=0x0020000000000000 is an unknown value
R14=0x000000000000000c is an unknown value
R15=0x000002077d0119f0 points into unknown readable memory: 0x0000000000000000 | 00 00 00 00 00 00 00 00

Top of Stack: (sp=0x000000f72f4fc7a0)
0x000000f72f4fc7a0:   000002077d5e51d0 000002077d170f90
0x000000f72f4fc7b0:   000002077d170fb0 000002077f914ce8
0x000000f72f4fc7c0:   0000020700002719 000002077d5e4350
0x000000f72f4fc7d0:   000002077ead6c30 000000f72f4fc950
0x000000f72f4fc7e0:   000002070000001b 000000f72f4fca40
0x000000f72f4fc7f0:   000000000000000d 0000000000000000
0x000000f72f4fc800:   000002077d170f90 00000001000012a4
0x000000f72f4fc810:   00000549000012a4 000002077d170fa8
0x000000f72f4fc820:   00000001000000da 000000000000006d
0x000000f72f4fc830:   000002077dcde7f0 00007ff80000006d
0x000000f72f4fc840:   000002077deb5610 00007ff900000000
0x000000f72f4fc850:   000002077d5e4b00 000002077d170fb0
0x000000f72f4fc860:   0000062900000000 000002077d5e51d0
0x000000f72f4fc870:   000002077ded2070 000000000003a230
0x000000f72f4fc880:   000002077ead6c30 000002077decd5e0
0x000000f72f4fc890:   000002077ead3a70 000002077d170fa8
0x000000f72f4fc8a0:   0000000000000000 000002077e685680
0x000000f72f4fc8b0:   000002077e78b728 000002077ead7300
0x000000f72f4fc8c0:   0000000000000007 000002077e685640
0x000000f72f4fc8d0:   000002077e78b340 00000000000003d8
0x000000f72f4fc8e0:   000002077e78b350 00000000000000da
0x000000f72f4fc8f0:   000002077d170fa8 0000000000000004
0x000000f72f4fc900:   0000000000000000 00007ff8c9692e30
0x000000f72f4fc910:   000012a400000000 000002077deb5610
0x000000f72f4fc920:   000000f72f4fcd80 00007ff8c8e25970
0x000000f72f4fc930:   000002077f37a930 000000f72f4fccb0
0x000000f72f4fc940:   0000000000000bcd ffffffffffffffff
0x000000f72f4fc950:   000012a400000000 000002077deb5610
0x000000f72f4fc960:   000000f72f4fcd80 000002077e893f40
0x000000f72f4fc970:   000000f72f4fcd80 000002077e78b340
0x000000f72f4fc980:   000002077e78b350 000002077e78b728
0x000000f72f4fc990:   00000000000003d8 00007ff8c8e24d2f 

Instructions: (pc=0x00007ff8c918289c)
0x00007ff8c918279c:   e9 6f ff ff ff 4c 8b 6d 88 48 8b 45 b0 4c 8b 74
0x00007ff8c91827ac:   24 60 4a 89 3c e8 e9 cc 01 00 00 45 84 ff 75 61
0x00007ff8c91827bc:   48 8b 74 24 60 ba 01 00 00 00 48 8b ce e8 d2 03
0x00007ff8c91827cc:   a3 ff 4c 8b 6d 88 4c 8b 95 40 03 00 00 48 8b 7d
0x00007ff8c91827dc:   d0 8b 50 28 4c 8b 75 b0 49 8b 42 48 48 8b 5d c8
0x00007ff8c91827ec:   48 8b 48 78 48 8b 04 d1 48 8b 4d f0 8b 40 4c 48
0x00007ff8c91827fc:   8b 14 c1 48 8b 04 c7 4a 8b 0c e8 4b 89 0c ee 42
0x00007ff8c918280c:   0f b6 04 2a 42 88 04 2b 48 8b 45 f8 e9 65 03 00
0x00007ff8c918281c:   00 4d 85 ed 0f 84 8b 23 00 00 48 8b 45 58 65 48
0x00007ff8c918282c:   8b 0c 25 58 00 00 00 4c 8b 3c c1 b8 70 00 00 00
0x00007ff8c918283c:   44 8b e0 42 80 3c 38 00 75 05 e8 b5 21 1e 00 b8
0x00007ff8c918284c:   20 00 00 00 4a 8b 0c 38 48 8b 81 68 06 00 00 48
0x00007ff8c918285c:   8b 88 80 00 00 00 48 81 c1 80 02 00 00 48 8b 79
0x00007ff8c918286c:   18 48 8b 41 20 48 2b c7 48 83 f8 58 72 0a 48 8d
0x00007ff8c918287c:   47 58 48 89 41 18 eb 0f 45 33 c0 41 8d 50 58 e8
0x00007ff8c918288c:   30 1a 9b ff 48 8b f8 48 85 ff 0f 84 95 00 00 00
0x00007ff8c918289c:   49 8b 55 00 49 8b cd ff 52 28 48 8b 4c 24 60 48
0x00007ff8c91828ac:   8b d8 e8 fd f0 a2 ff 48 8b cf 48 8b f0 8b 50 18
0x00007ff8c91828bc:   e8 8f 16 f9 ff 48 8b 4f 08 48 8d 05 ec de 27 00
0x00007ff8c91828cc:   48 89 07 b8 01 00 00 00 89 47 50 48 89 5f 38 48
0x00007ff8c91828dc:   c7 47 40 00 00 00 00 48 c7 47 48 ff ff ff ff c7
0x00007ff8c91828ec:   47 54 00 6c ca 88 c7 47 2c 0c 00 00 00 48 89 31
0x00007ff8c91828fc:   48 83 7e 10 00 74 1e 8b 56 20 3b 56 24 75 08 48
0x00007ff8c918290c:   8b ce e8 8d 43 f9 ff 8b 4e 20 48 8b 46 10 48 89
0x00007ff8c918291c:   3c c8 ff 46 20 43 80 3c 3c 00 75 05 e8 d3 20 1e
0x00007ff8c918292c:   00 48 8b 75 b8 48 8b 45 b0 45 8b c6 4c 8b 6d 88
0x00007ff8c918293c:   4c 8b cf 4c 8b 74 24 60 48 8b 9d 40 03 00 00 49
0x00007ff8c918294c:   8b d6 4a 89 3c e8 8b 8d 48 03 00 00 89 4c 24 20
0x00007ff8c918295c:   8d 41 01 48 8b cb 89 85 48 03 00 00 e8 f3 24 00
0x00007ff8c918296c:   00 48 63 4f 28 48 8b 83 08 01 00 00 8b 54 24 74
0x00007ff8c918297c:   4c 8b 65 d8 89 14 88 4c 8b 7d 08 41 8b 5f 18 8d
0x00007ff8c918298c:   43 01 41 89 47 18 41 3b 5f 08 72 0a 8b d3 49 8b 


Stack slot to memory mapping:

stack at sp + 0 slots: 0x000002077d5e51d0 points into unknown readable memory: 0x0101010101000101 | 01 01 00 01 01 01 01 01
stack at sp + 1 slots: 0x000002077d170f90 points into unknown readable memory: 0x00007ff8c9404fb0 | b0 4f 40 c9 f8 7f 00 00
stack at sp + 2 slots: 0x000002077d170fb0 points into unknown readable memory: 0x000002077f293c70 | 70 3c 29 7f 07 02 00 00
stack at sp + 3 slots: 0x000002077f914ce8 points into unknown readable memory: 0x00007ff8c94007b8 | b8 07 40 c9 f8 7f 00 00
stack at sp + 4 slots: 0x0000020700002719 is pointing into metadata
stack at sp + 5 slots: 0x000002077d5e4350 points into unknown readable memory: 0x0000000000000000 | 00 00 00 00 00 00 00 00
stack at sp + 6 slots: 0x000002077ead6c30 points into unknown readable memory: 0x0000000000000000 | 00 00 00 00 00 00 00 00
stack at sp + 7 slots: 0x000000f72f4fc950 is pointing into the stack for thread: 0x000002077d008d60


---------------  P R O C E S S  ---------------

Threads class SMR info:
_java_thread_list=0x000002077fb19c00, length=14, elements={
0x000002075ee84ae0, 0x000002077cff9b00, 0x000002077cffabd0, 0x000002077d001c10,
0x000002077d000b90, 0x000002077d006cb0, 0x000002077d007c70, 0x000002077d008d60,
0x000002077d011b90, 0x000002077cfc7c20, 0x000002077d376eb0, 0x000002077d37d3b0,
0x000002077e9c5330, 0x000002077eb62e10
}

Java Threads: ( => current thread )
  0x000002075ee84ae0 JavaThread "main"                              [_thread_blocked, id=14280, stack(0x000000f72e600000,0x000000f72e700000) (1024K)]
  0x000002077cff9b00 JavaThread "Reference Handler"          daemon [_thread_blocked, id=19284, stack(0x000000f72ee00000,0x000000f72ef00000) (1024K)]
  0x000002077cffabd0 JavaThread "Finalizer"                  daemon [_thread_blocked, id=20572, stack(0x000000f72ef00000,0x000000f72f000000) (1024K)]
  0x000002077d001c10 JavaThread "Signal Dispatcher"          daemon [_thread_blocked, id=8204, stack(0x000000f72f000000,0x000000f72f100000) (1024K)]
  0x000002077d000b90 JavaThread "Attach Listener"            daemon [_thread_blocked, id=19260, stack(0x000000f72f100000,0x000000f72f200000) (1024K)]
  0x000002077d006cb0 JavaThread "Service Thread"             daemon [_thread_blocked, id=11124, stack(0x000000f72f200000,0x000000f72f300000) (1024K)]
  0x000002077d007c70 JavaThread "Monitor Deflation Thread"   daemon [_thread_blocked, id=17988, stack(0x000000f72f300000,0x000000f72f400000) (1024K)]
=>0x000002077d008d60 JavaThread "C2 CompilerThread0"         daemon [_thread_in_native, id=16276, stack(0x000000f72f400000,0x000000f72f500000) (1024K)]
  0x000002077d011b90 JavaThread "C1 CompilerThread0"         daemon [_thread_blocked, id=17752, stack(0x000000f72f500000,0x000000f72f600000) (1024K)]
  0x000002077cfc7c20 JavaThread "Common-Cleaner"             daemon [_thread_blocked, id=21300, stack(0x000000f72f600000,0x000000f72f700000) (1024K)]
  0x000002077d376eb0 JavaThread "Monitor Ctrl-Break"         daemon [_thread_in_native, id=1716, stack(0x000000f72f700000,0x000000f72f800000) (1024K)]
  0x000002077d37d3b0 JavaThread "Notification Thread"        daemon [_thread_blocked, id=7880, stack(0x000000f72f800000,0x000000f72f900000) (1024K)]
  0x000002077e9c5330 JavaThread "background-preinit"                [_thread_in_Java, id=17964, stack(0x000000f72f900000,0x000000f72fa00000) (1024K)]
  0x000002077eb62e10 JavaThread "Thread-0"                          [_thread_in_vm, id=16144, stack(0x000000f72fd00000,0x000000f72fe00000) (1024K)]
Total: 14

Other Threads:
  0x000002077cfdeba0 VMThread "VM Thread"                           [id=17136, stack(0x000000f72ed00000,0x000000f72ee00000) (1024K)]
  0x000002077cfc6bd0 WatcherThread "VM Periodic Task Thread"        [id=20144, stack(0x000000f72ec00000,0x000000f72ed00000) (1024K)]
  0x00000207607c0aa0 WorkerThread "GC Thread#0"                     [id=17424, stack(0x000000f72e700000,0x000000f72e800000) (1024K)]
  0x000002077dc509c0 WorkerThread "GC Thread#1"                     [id=19936, stack(0x000000f72fa00000,0x000000f72fb00000) (1024K)]
  0x000002077d455ee0 WorkerThread "GC Thread#2"                     [id=17188, stack(0x000000f72fb00000,0x000000f72fc00000) (1024K)]
  0x000002077d9d4f80 WorkerThread "GC Thread#3"                     [id=20304, stack(0x000000f72fc00000,0x000000f72fd00000) (1024K)]
  0x00000207607d2750 ConcurrentGCThread "G1 Main Marker"            [id=7204, stack(0x000000f72e800000,0x000000f72e900000) (1024K)]
  0x00000207607d3250 WorkerThread "G1 Conc#0"                       [id=16524, stack(0x000000f72e900000,0x000000f72ea00000) (1024K)]
  0x000002077ce85a40 ConcurrentGCThread "G1 Refine#0"               [id=776, stack(0x000000f72ea00000,0x000000f72eb00000) (1024K)]
  0x000002077ce86670 ConcurrentGCThread "G1 Service"                [id=10516, stack(0x000000f72eb00000,0x000000f72ec00000) (1024K)]
Total: 10

Threads with active compile tasks:
C2 CompilerThread0     6522 2427   !   4       jdk.internal.loader.BuiltinClassLoader::loadClassOrNull (143 bytes)
Total: 1

VM state: not at safepoint (normal execution)

VM Mutex/Monitor currently owned by a thread: None

Heap address: 0x0000000081a00000, size: 2022 MB, Compressed Oops mode: 32-bit

CDS archive(s) mapped at: [0x0000020700000000-0x0000020700c90000-0x0000020700c90000), size 13172736, SharedBaseAddress: 0x0000020700000000, ArchiveRelocationMode: 1.
Compressed class space mapped at: 0x0000020701000000-0x0000020741000000, reserved size: 1073741824
Narrow klass base: 0x0000020700000000, Narrow klass shift: 0, Narrow klass range: 0x100000000

GC Precious Log:
 CardTable entry size: 512
 Card Set container configuration: InlinePtr #cards 5 size 8 Array Of Cards #cards 12 size 40 Howl #buckets 4 coarsen threshold 1843 Howl Bitmap #cards 512 size 80 coarsen threshold 460 Card regions per heap region 1 cards per card region 2048
 CPUs: 4 total, 4 available
 Memory: 8083M
 Large Page Support: Disabled
 NUMA Support: Disabled
 Compressed Oops: Enabled (32-bit)
 Heap Region Size: 1M
 Heap Min Capacity: 8M
 Heap Initial Capacity: 128M
 Heap Max Capacity: 2022M
 Pre-touch: Disabled
 Parallel Workers: 4
 Concurrent Workers: 1
 Concurrent Refinement Workers: 4
 Periodic GC: Disabled

Heap:
 garbage-first heap   total 131072K, used 60201K [0x0000000081a00000, 0x0000000100000000)
  region size 1024K, 52 young (53248K), 3 survivors (3072K)
 Metaspace       used 20920K, committed 21248K, reserved 1114112K
  class space    used 2748K, committed 2880K, reserved 1048576K

Heap Regions: E=young(eden), S=young(survivor), O=old, HS=humongous(starts), HC=humongous(continues), CS=collection set, F=free, TAMS=top-at-mark-start, PB=parsable bottom
|   0|0x0000000081a00000, 0x0000000081b00000, 0x0000000081b00000|100%|HS|  |TAMS 0x0000000081a00000| PB 0x0000000081a00000| Complete 
|   1|0x0000000081b00000, 0x0000000081c00000, 0x0000000081c00000|100%| O|  |TAMS 0x0000000081b00000| PB 0x0000000081b00000| Untracked 
|   2|0x0000000081c00000, 0x0000000081d00000, 0x0000000081d00000|100%| O|  |TAMS 0x0000000081c00000| PB 0x0000000081c00000| Untracked 
|   3|0x0000000081d00000, 0x0000000081e00000, 0x0000000081e00000|100%| O|  |TAMS 0x0000000081d00000| PB 0x0000000081d00000| Untracked 
|   4|0x0000000081e00000, 0x0000000081f00000, 0x0000000081f00000|100%| O|  |TAMS 0x0000000081e00000| PB 0x0000000081e00000| Untracked 
|   5|0x0000000081f00000, 0x0000000082000000, 0x0000000082000000|100%| O|  |TAMS 0x0000000081f00000| PB 0x0000000081f00000| Untracked 
|   6|0x0000000082000000, 0x0000000082100000, 0x0000000082100000|100%| O|  |TAMS 0x0000000082000000| PB 0x0000000082000000| Untracked 
|   7|0x0000000082100000, 0x0000000082200000, 0x0000000082200000|100%| O|  |TAMS 0x0000000082100000| PB 0x0000000082100000| Untracked 
|   8|0x0000000082200000, 0x000000008229df50, 0x0000000082300000| 61%| O|  |TAMS 0x0000000082200000| PB 0x0000000082200000| Untracked 
|   9|0x0000000082300000, 0x0000000082300000, 0x0000000082400000|  0%| F|  |TAMS 0x0000000082300000| PB 0x0000000082300000| Untracked 
|  10|0x0000000082400000, 0x0000000082400000, 0x0000000082500000|  0%| F|  |TAMS 0x0000000082400000| PB 0x0000000082400000| Untracked 
|  11|0x0000000082500000, 0x0000000082500000, 0x0000000082600000|  0%| F|  |TAMS 0x0000000082500000| PB 0x0000000082500000| Untracked 
|  12|0x0000000082600000, 0x0000000082600000, 0x0000000082700000|  0%| F|  |TAMS 0x0000000082600000| PB 0x0000000082600000| Untracked 
|  13|0x0000000082700000, 0x0000000082700000, 0x0000000082800000|  0%| F|  |TAMS 0x0000000082700000| PB 0x0000000082700000| Untracked 
|  14|0x0000000082800000, 0x0000000082800000, 0x0000000082900000|  0%| F|  |TAMS 0x0000000082800000| PB 0x0000000082800000| Untracked 
|  15|0x0000000082900000, 0x0000000082900000, 0x0000000082a00000|  0%| F|  |TAMS 0x0000000082900000| PB 0x0000000082900000| Untracked 
|  16|0x0000000082a00000, 0x0000000082a00000, 0x0000000082b00000|  0%| F|  |TAMS 0x0000000082a00000| PB 0x0000000082a00000| Untracked 
|  17|0x0000000082b00000, 0x0000000082b00000, 0x0000000082c00000|  0%| F|  |TAMS 0x0000000082b00000| PB 0x0000000082b00000| Untracked 
|  18|0x0000000082c00000, 0x0000000082c00000, 0x0000000082d00000|  0%| F|  |TAMS 0x0000000082c00000| PB 0x0000000082c00000| Untracked 
|  19|0x0000000082d00000, 0x0000000082d00000, 0x0000000082e00000|  0%| F|  |TAMS 0x0000000082d00000| PB 0x0000000082d00000| Untracked 
|  20|0x0000000082e00000, 0x0000000082e00000, 0x0000000082f00000|  0%| F|  |TAMS 0x0000000082e00000| PB 0x0000000082e00000| Untracked 
|  21|0x0000000082f00000, 0x0000000082f00000, 0x0000000083000000|  0%| F|  |TAMS 0x0000000082f00000| PB 0x0000000082f00000| Untracked 
|  22|0x0000000083000000, 0x0000000083000000, 0x0000000083100000|  0%| F|  |TAMS 0x0000000083000000| PB 0x0000000083000000| Untracked 
|  23|0x0000000083100000, 0x0000000083100000, 0x0000000083200000|  0%| F|  |TAMS 0x0000000083100000| PB 0x0000000083100000| Untracked 
|  24|0x0000000083200000, 0x0000000083200000, 0x0000000083300000|  0%| F|  |TAMS 0x0000000083200000| PB 0x0000000083200000| Untracked 
|  25|0x0000000083300000, 0x0000000083300000, 0x0000000083400000|  0%| F|  |TAMS 0x0000000083300000| PB 0x0000000083300000| Untracked 
|  26|0x0000000083400000, 0x0000000083400000, 0x0000000083500000|  0%| F|  |TAMS 0x0000000083400000| PB 0x0000000083400000| Untracked 
|  27|0x0000000083500000, 0x0000000083500000, 0x0000000083600000|  0%| F|  |TAMS 0x0000000083500000| PB 0x0000000083500000| Untracked 
|  28|0x0000000083600000, 0x0000000083600000, 0x0000000083700000|  0%| F|  |TAMS 0x0000000083600000| PB 0x0000000083600000| Untracked 
|  29|0x0000000083700000, 0x0000000083700000, 0x0000000083800000|  0%| F|  |TAMS 0x0000000083700000| PB 0x0000000083700000| Untracked 
|  30|0x0000000083800000, 0x0000000083800000, 0x0000000083900000|  0%| F|  |TAMS 0x0000000083800000| PB 0x0000000083800000| Untracked 
|  31|0x0000000083900000, 0x0000000083900000, 0x0000000083a00000|  0%| F|  |TAMS 0x0000000083900000| PB 0x0000000083900000| Untracked 
|  32|0x0000000083a00000, 0x0000000083a00000, 0x0000000083b00000|  0%| F|  |TAMS 0x0000000083a00000| PB 0x0000000083a00000| Untracked 
|  33|0x0000000083b00000, 0x0000000083b00000, 0x0000000083c00000|  0%| F|  |TAMS 0x0000000083b00000| PB 0x0000000083b00000| Untracked 
|  34|0x0000000083c00000, 0x0000000083c00000, 0x0000000083d00000|  0%| F|  |TAMS 0x0000000083c00000| PB 0x0000000083c00000| Untracked 
|  35|0x0000000083d00000, 0x0000000083d00000, 0x0000000083e00000|  0%| F|  |TAMS 0x0000000083d00000| PB 0x0000000083d00000| Untracked 
|  36|0x0000000083e00000, 0x0000000083e00000, 0x0000000083f00000|  0%| F|  |TAMS 0x0000000083e00000| PB 0x0000000083e00000| Untracked 
|  37|0x0000000083f00000, 0x0000000083f00000, 0x0000000084000000|  0%| F|  |TAMS 0x0000000083f00000| PB 0x0000000083f00000| Untracked 
|  38|0x0000000084000000, 0x0000000084000000, 0x0000000084100000|  0%| F|  |TAMS 0x0000000084000000| PB 0x0000000084000000| Untracked 
|  39|0x0000000084100000, 0x0000000084100000, 0x0000000084200000|  0%| F|  |TAMS 0x0000000084100000| PB 0x0000000084100000| Untracked 
|  40|0x0000000084200000, 0x0000000084200000, 0x0000000084300000|  0%| F|  |TAMS 0x0000000084200000| PB 0x0000000084200000| Untracked 
|  41|0x0000000084300000, 0x0000000084300000, 0x0000000084400000|  0%| F|  |TAMS 0x0000000084300000| PB 0x0000000084300000| Untracked 
|  42|0x0000000084400000, 0x0000000084400000, 0x0000000084500000|  0%| F|  |TAMS 0x0000000084400000| PB 0x0000000084400000| Untracked 
|  43|0x0000000084500000, 0x0000000084500000, 0x0000000084600000|  0%| F|  |TAMS 0x0000000084500000| PB 0x0000000084500000| Untracked 
|  44|0x0000000084600000, 0x0000000084600000, 0x0000000084700000|  0%| F|  |TAMS 0x0000000084600000| PB 0x0000000084600000| Untracked 
|  45|0x0000000084700000, 0x0000000084700000, 0x0000000084800000|  0%| F|  |TAMS 0x0000000084700000| PB 0x0000000084700000| Untracked 
|  46|0x0000000084800000, 0x0000000084800000, 0x0000000084900000|  0%| F|  |TAMS 0x0000000084800000| PB 0x0000000084800000| Untracked 
|  47|0x0000000084900000, 0x0000000084900000, 0x0000000084a00000|  0%| F|  |TAMS 0x0000000084900000| PB 0x0000000084900000| Untracked 
|  48|0x0000000084a00000, 0x0000000084a00000, 0x0000000084b00000|  0%| F|  |TAMS 0x0000000084a00000| PB 0x0000000084a00000| Untracked 
|  49|0x0000000084b00000, 0x0000000084b00000, 0x0000000084c00000|  0%| F|  |TAMS 0x0000000084b00000| PB 0x0000000084b00000| Untracked 
|  50|0x0000000084c00000, 0x0000000084c00000, 0x0000000084d00000|  0%| F|  |TAMS 0x0000000084c00000| PB 0x0000000084c00000| Untracked 
|  51|0x0000000084d00000, 0x0000000084d00000, 0x0000000084e00000|  0%| F|  |TAMS 0x0000000084d00000| PB 0x0000000084d00000| Untracked 
|  52|0x0000000084e00000, 0x0000000084e00000, 0x0000000084f00000|  0%| F|  |TAMS 0x0000000084e00000| PB 0x0000000084e00000| Untracked 
|  53|0x0000000084f00000, 0x0000000084f00000, 0x0000000085000000|  0%| F|  |TAMS 0x0000000084f00000| PB 0x0000000084f00000| Untracked 
|  54|0x0000000085000000, 0x0000000085000000, 0x0000000085100000|  0%| F|  |TAMS 0x0000000085000000| PB 0x0000000085000000| Untracked 
|  55|0x0000000085100000, 0x0000000085100000, 0x0000000085200000|  0%| F|  |TAMS 0x0000000085100000| PB 0x0000000085100000| Untracked 
|  56|0x0000000085200000, 0x0000000085200000, 0x0000000085300000|  0%| F|  |TAMS 0x0000000085200000| PB 0x0000000085200000| Untracked 
|  57|0x0000000085300000, 0x0000000085300000, 0x0000000085400000|  0%| F|  |TAMS 0x0000000085300000| PB 0x0000000085300000| Untracked 
|  58|0x0000000085400000, 0x0000000085400000, 0x0000000085500000|  0%| F|  |TAMS 0x0000000085400000| PB 0x0000000085400000| Untracked 
|  59|0x0000000085500000, 0x0000000085500000, 0x0000000085600000|  0%| F|  |TAMS 0x0000000085500000| PB 0x0000000085500000| Untracked 
|  60|0x0000000085600000, 0x0000000085600000, 0x0000000085700000|  0%| F|  |TAMS 0x0000000085600000| PB 0x0000000085600000| Untracked 
|  61|0x0000000085700000, 0x0000000085700000, 0x0000000085800000|  0%| F|  |TAMS 0x0000000085700000| PB 0x0000000085700000| Untracked 
|  62|0x0000000085800000, 0x0000000085800000, 0x0000000085900000|  0%| F|  |TAMS 0x0000000085800000| PB 0x0000000085800000| Untracked 
|  63|0x0000000085900000, 0x0000000085900000, 0x0000000085a00000|  0%| F|  |TAMS 0x0000000085900000| PB 0x0000000085900000| Untracked 
|  64|0x0000000085a00000, 0x0000000085a00000, 0x0000000085b00000|  0%| F|  |TAMS 0x0000000085a00000| PB 0x0000000085a00000| Untracked 
|  65|0x0000000085b00000, 0x0000000085b00000, 0x0000000085c00000|  0%| F|  |TAMS 0x0000000085b00000| PB 0x0000000085b00000| Untracked 
|  66|0x0000000085c00000, 0x0000000085c00000, 0x0000000085d00000|  0%| F|  |TAMS 0x0000000085c00000| PB 0x0000000085c00000| Untracked 
|  67|0x0000000085d00000, 0x0000000085d00000, 0x0000000085e00000|  0%| F|  |TAMS 0x0000000085d00000| PB 0x0000000085d00000| Untracked 
|  68|0x0000000085e00000, 0x0000000085e00000, 0x0000000085f00000|  0%| F|  |TAMS 0x0000000085e00000| PB 0x0000000085e00000| Untracked 
|  69|0x0000000085f00000, 0x0000000085f00000, 0x0000000086000000|  0%| F|  |TAMS 0x0000000085f00000| PB 0x0000000085f00000| Untracked 
|  70|0x0000000086000000, 0x0000000086000000, 0x0000000086100000|  0%| F|  |TAMS 0x0000000086000000| PB 0x0000000086000000| Untracked 
|  71|0x0000000086100000, 0x0000000086100000, 0x0000000086200000|  0%| F|  |TAMS 0x0000000086100000| PB 0x0000000086100000| Untracked 
|  72|0x0000000086200000, 0x0000000086200000, 0x0000000086300000|  0%| F|  |TAMS 0x0000000086200000| PB 0x0000000086200000| Untracked 
|  73|0x0000000086300000, 0x0000000086300000, 0x0000000086400000|  0%| F|  |TAMS 0x0000000086300000| PB 0x0000000086300000| Untracked 
|  74|0x0000000086400000, 0x0000000086400000, 0x0000000086500000|  0%| F|  |TAMS 0x0000000086400000| PB 0x0000000086400000| Untracked 
|  75|0x0000000086500000, 0x0000000086500000, 0x0000000086600000|  0%| F|  |TAMS 0x0000000086500000| PB 0x0000000086500000| Untracked 
|  76|0x0000000086600000, 0x0000000086700000, 0x0000000086700000|100%| E|  |TAMS 0x0000000086600000| PB 0x0000000086600000| Complete 
|  77|0x0000000086700000, 0x0000000086800000, 0x0000000086800000|100%| E|CS|TAMS 0x0000000086700000| PB 0x0000000086700000| Complete 
|  78|0x0000000086800000, 0x0000000086900000, 0x0000000086900000|100%| E|CS|TAMS 0x0000000086800000| PB 0x0000000086800000| Complete 
|  79|0x0000000086900000, 0x0000000086a00000, 0x0000000086a00000|100%| E|CS|TAMS 0x0000000086900000| PB 0x0000000086900000| Complete 
|  80|0x0000000086a00000, 0x0000000086b00000, 0x0000000086b00000|100%| E|CS|TAMS 0x0000000086a00000| PB 0x0000000086a00000| Complete 
|  81|0x0000000086b00000, 0x0000000086c00000, 0x0000000086c00000|100%| E|CS|TAMS 0x0000000086b00000| PB 0x0000000086b00000| Complete 
|  82|0x0000000086c00000, 0x0000000086d00000, 0x0000000086d00000|100%| E|CS|TAMS 0x0000000086c00000| PB 0x0000000086c00000| Complete 
|  83|0x0000000086d00000, 0x0000000086e00000, 0x0000000086e00000|100%| E|CS|TAMS 0x0000000086d00000| PB 0x0000000086d00000| Complete 
|  84|0x0000000086e00000, 0x0000000086f00000, 0x0000000086f00000|100%| E|CS|TAMS 0x0000000086e00000| PB 0x0000000086e00000| Complete 
|  85|0x0000000086f00000, 0x0000000087000000, 0x0000000087000000|100%| E|CS|TAMS 0x0000000086f00000| PB 0x0000000086f00000| Complete 
|  86|0x0000000087000000, 0x0000000087100000, 0x0000000087100000|100%| E|CS|TAMS 0x0000000087000000| PB 0x0000000087000000| Complete 
|  87|0x0000000087100000, 0x0000000087200000, 0x0000000087200000|100%| E|CS|TAMS 0x0000000087100000| PB 0x0000000087100000| Complete 
|  88|0x0000000087200000, 0x0000000087300000, 0x0000000087300000|100%| E|CS|TAMS 0x0000000087200000| PB 0x0000000087200000| Complete 
|  89|0x0000000087300000, 0x0000000087400000, 0x0000000087400000|100%| E|CS|TAMS 0x0000000087300000| PB 0x0000000087300000| Complete 
|  90|0x0000000087400000, 0x0000000087500000, 0x0000000087500000|100%| E|CS|TAMS 0x0000000087400000| PB 0x0000000087400000| Complete 
|  91|0x0000000087500000, 0x0000000087600000, 0x0000000087600000|100%| E|CS|TAMS 0x0000000087500000| PB 0x0000000087500000| Complete 
|  92|0x0000000087600000, 0x0000000087700000, 0x0000000087700000|100%| E|CS|TAMS 0x0000000087600000| PB 0x0000000087600000| Complete 
|  93|0x0000000087700000, 0x0000000087800000, 0x0000000087800000|100%| E|CS|TAMS 0x0000000087700000| PB 0x0000000087700000| Complete 
|  94|0x0000000087800000, 0x0000000087900000, 0x0000000087900000|100%| E|CS|TAMS 0x0000000087800000| PB 0x0000000087800000| Complete 
|  95|0x0000000087900000, 0x0000000087a00000, 0x0000000087a00000|100%| E|CS|TAMS 0x0000000087900000| PB 0x0000000087900000| Complete 
|  96|0x0000000087a00000, 0x0000000087b00000, 0x0000000087b00000|100%| E|CS|TAMS 0x0000000087a00000| PB 0x0000000087a00000| Complete 
|  97|0x0000000087b00000, 0x0000000087c00000, 0x0000000087c00000|100%| E|CS|TAMS 0x0000000087b00000| PB 0x0000000087b00000| Complete 
|  98|0x0000000087c00000, 0x0000000087d00000, 0x0000000087d00000|100%| E|CS|TAMS 0x0000000087c00000| PB 0x0000000087c00000| Complete 
|  99|0x0000000087d00000, 0x0000000087e00000, 0x0000000087e00000|100%| E|CS|TAMS 0x0000000087d00000| PB 0x0000000087d00000| Complete 
| 100|0x0000000087e00000, 0x0000000087f00000, 0x0000000087f00000|100%| E|CS|TAMS 0x0000000087e00000| PB 0x0000000087e00000| Complete 
| 101|0x0000000087f00000, 0x0000000088000000, 0x0000000088000000|100%| E|CS|TAMS 0x0000000087f00000| PB 0x0000000087f00000| Complete 
| 102|0x0000000088000000, 0x000000008802c7c0, 0x0000000088100000| 17%| S|CS|TAMS 0x0000000088000000| PB 0x0000000088000000| Complete 
| 103|0x0000000088100000, 0x0000000088200000, 0x0000000088200000|100%| S|CS|TAMS 0x0000000088100000| PB 0x0000000088100000| Complete 
| 104|0x0000000088200000, 0x0000000088300000, 0x0000000088300000|100%| S|CS|TAMS 0x0000000088200000| PB 0x0000000088200000| Complete 
| 105|0x0000000088300000, 0x0000000088400000, 0x0000000088400000|100%| E|CS|TAMS 0x0000000088300000| PB 0x0000000088300000| Complete 
| 106|0x0000000088400000, 0x0000000088500000, 0x0000000088500000|100%| E|CS|TAMS 0x0000000088400000| PB 0x0000000088400000| Complete 
| 107|0x0000000088500000, 0x0000000088600000, 0x0000000088600000|100%| E|CS|TAMS 0x0000000088500000| PB 0x0000000088500000| Complete 
| 108|0x0000000088600000, 0x0000000088700000, 0x0000000088700000|100%| E|CS|TAMS 0x0000000088600000| PB 0x0000000088600000| Complete 
| 109|0x0000000088700000, 0x0000000088800000, 0x0000000088800000|100%| E|CS|TAMS 0x0000000088700000| PB 0x0000000088700000| Complete 
| 110|0x0000000088800000, 0x0000000088900000, 0x0000000088900000|100%| E|CS|TAMS 0x0000000088800000| PB 0x0000000088800000| Complete 
| 111|0x0000000088900000, 0x0000000088a00000, 0x0000000088a00000|100%| E|CS|TAMS 0x0000000088900000| PB 0x0000000088900000| Complete 
| 112|0x0000000088a00000, 0x0000000088b00000, 0x0000000088b00000|100%| E|CS|TAMS 0x0000000088a00000| PB 0x0000000088a00000| Complete 
| 113|0x0000000088b00000, 0x0000000088c00000, 0x0000000088c00000|100%| E|CS|TAMS 0x0000000088b00000| PB 0x0000000088b00000| Complete 
| 114|0x0000000088c00000, 0x0000000088d00000, 0x0000000088d00000|100%| E|CS|TAMS 0x0000000088c00000| PB 0x0000000088c00000| Complete 
| 115|0x0000000088d00000, 0x0000000088e00000, 0x0000000088e00000|100%| E|CS|TAMS 0x0000000088d00000| PB 0x0000000088d00000| Complete 
| 116|0x0000000088e00000, 0x0000000088f00000, 0x0000000088f00000|100%| E|CS|TAMS 0x0000000088e00000| PB 0x0000000088e00000| Complete 
| 117|0x0000000088f00000, 0x0000000089000000, 0x0000000089000000|100%| E|CS|TAMS 0x0000000088f00000| PB 0x0000000088f00000| Complete 
| 118|0x0000000089000000, 0x0000000089100000, 0x0000000089100000|100%| E|CS|TAMS 0x0000000089000000| PB 0x0000000089000000| Complete 
| 119|0x0000000089100000, 0x0000000089200000, 0x0000000089200000|100%| E|CS|TAMS 0x0000000089100000| PB 0x0000000089100000| Complete 
| 120|0x0000000089200000, 0x0000000089300000, 0x0000000089300000|100%| E|CS|TAMS 0x0000000089200000| PB 0x0000000089200000| Complete 
| 121|0x0000000089300000, 0x0000000089400000, 0x0000000089400000|100%| E|CS|TAMS 0x0000000089300000| PB 0x0000000089300000| Complete 
| 122|0x0000000089400000, 0x0000000089500000, 0x0000000089500000|100%| E|CS|TAMS 0x0000000089400000| PB 0x0000000089400000| Complete 
| 123|0x0000000089500000, 0x0000000089600000, 0x0000000089600000|100%| E|CS|TAMS 0x0000000089500000| PB 0x0000000089500000| Complete 
| 124|0x0000000089600000, 0x0000000089700000, 0x0000000089700000|100%| E|CS|TAMS 0x0000000089600000| PB 0x0000000089600000| Complete 
| 125|0x0000000089700000, 0x0000000089800000, 0x0000000089800000|100%| E|CS|TAMS 0x0000000089700000| PB 0x0000000089700000| Complete 
| 126|0x0000000089800000, 0x0000000089900000, 0x0000000089900000|100%| E|CS|TAMS 0x0000000089800000| PB 0x0000000089800000| Complete 
| 127|0x0000000089900000, 0x0000000089a00000, 0x0000000089a00000|100%| E|CS|TAMS 0x0000000089900000| PB 0x0000000089900000| Complete 

Card table byte_map: [0x00000207785e0000,0x00000207789e0000] _byte_map_base: 0x00000207781d3000

Marking Bits: (CMBitMap*) 0x00000207607c11a0
 Bits: [0x00000207789e0000, 0x000002077a978000)

Polling page: 0x00000207607f0000

Metaspace:

Usage:
  Non-class:     17.76 MB used.
      Class:      2.69 MB used.
       Both:     20.45 MB used.

Virtual space:
  Non-class space:       64.00 MB reserved,      17.94 MB ( 28%) committed,  1 nodes.
      Class space:        1.00 GB reserved,       2.81 MB ( <1%) committed,  1 nodes.
             Both:        1.06 GB reserved,      20.75 MB (  2%) committed. 

Chunk freelists:
   Non-Class:  13.16 MB
       Class:  13.23 MB
        Both:  26.39 MB

MaxMetaspaceSize: unlimited
CompressedClassSpaceSize: 1.00 GB
Initial GC threshold: 21.00 MB
Current GC threshold: 21.00 MB
CDS: on
 - commit_granule_bytes: 65536.
 - commit_granule_words: 8192.
 - virtual_space_node_default_size: 8388608.
 - enlarge_chunks_in_place: 1.
 - use_allocation_guard: 0.


Internal statistics:

num_allocs_failed_limit: 0.
num_arena_births: 300.
num_arena_deaths: 0.
num_vsnodes_births: 2.
num_vsnodes_deaths: 0.
num_space_committed: 332.
num_space_uncommitted: 0.
num_chunks_returned_to_freelist: 0.
num_chunks_taken_from_freelist: 1039.
num_chunk_merges: 0.
num_chunk_splits: 678.
num_chunks_enlarged: 499.
num_inconsistent_stats: 0.

CodeHeap 'non-profiled nmethods': size=120000Kb used=1000Kb max_used=1000Kb free=118999Kb
 bounds [0x0000020770690000, 0x0000020770900000, 0x0000020777bc0000]
CodeHeap 'profiled nmethods': size=120000Kb used=5457Kb max_used=5457Kb free=114542Kb
 bounds [0x0000020768bc0000, 0x0000020769120000, 0x00000207700f0000]
CodeHeap 'non-nmethods': size=5760Kb used=1427Kb max_used=1449Kb free=4332Kb
 bounds [0x00000207700f0000, 0x0000020770360000, 0x0000020770690000]
 total_blobs=3210 nmethods=2695 adapters=418
 compilation: enabled
              stopped_count=0, restarted_count=0
 full_count=0

Compilation events (20 events):
Event: 6.262 Thread 0x000002077d011b90 nmethod 2628 0x00000207690f0e10 code [0x00000207690f0fc0, 0x00000207690f10e0]
Event: 6.265 Thread 0x000002077d011b90 2630       2       org.springframework.asm.ClassReader::<init> (359 bytes)
Event: 6.266 Thread 0x000002077d011b90 nmethod 2630 0x00000207690f1190 code [0x00000207690f13e0, 0x00000207690f1e88]
Event: 6.268 Thread 0x000002077d011b90 2631   !   2       org.springframework.util.ClassUtils::forName (251 bytes)
Event: 6.274 Thread 0x000002077d011b90 nmethod 2631 0x00000207690f2290 code [0x00000207690f26c0, 0x00000207690f37e8]
Event: 6.274 Thread 0x000002077d011b90 2633       2       java.util.concurrent.ConcurrentHashMap$ValueIterator::<init> (12 bytes)
Event: 6.274 Thread 0x000002077d011b90 nmethod 2633 0x00000207690f4610 code [0x00000207690f47c0, 0x00000207690f48e0]
Event: 6.274 Thread 0x000002077d011b90 2632       2       org.springframework.core.type.classreading.MergedAnnotationReadingVisitor::<init> (40 bytes)
Event: 6.275 Thread 0x000002077d011b90 nmethod 2632 0x00000207690f4990 code [0x00000207690f4b80, 0x00000207690f4f80]
Event: 6.275 Thread 0x000002077d011b90 2634       2       java.util.concurrent.ConcurrentHashMap::values (25 bytes)
Event: 6.275 Thread 0x000002077d011b90 nmethod 2634 0x00000207690f5090 code [0x00000207690f5240, 0x00000207690f5490]
Event: 6.275 Thread 0x000002077d011b90 2635       2       org.springframework.core.type.AnnotationMetadata::hasAnnotatedMethods (21 bytes)
Event: 6.275 Thread 0x000002077d011b90 nmethod 2635 0x00000207690f5510 code [0x00000207690f56c0, 0x00000207690f5830]
Event: 6.276 Thread 0x000002077d011b90 2636       1       org.springframework.core.type.classreading.SimpleAnnotationMetadata::getEnclosingClassName (5 bytes)
Event: 6.276 Thread 0x000002077d011b90 nmethod 2636 0x0000020770788690 code [0x0000020770788820, 0x00000207707888e8]
Event: 6.276 Thread 0x000002077d011b90 2637       2       java.lang.Thread::getContextClassLoader (30 bytes)
Event: 6.276 Thread 0x000002077d011b90 nmethod 2637 0x00000207690f5910 code [0x00000207690f5ac0, 0x00000207690f5c08]
Event: 6.278 Thread 0x000002077d011b90 2638       2       java.nio.MappedByteBuffer::position (6 bytes)
Event: 6.278 Thread 0x000002077d011b90 nmethod 2638 0x00000207690f5c90 code [0x00000207690f5e40, 0x00000207690f5f78]
Event: 6.278 Thread 0x000002077d011b90 2639       2       org.springframework.asm.ClassReader::accept (1401 bytes)

GC Heap History (6 events):
Event: 1.235 GC heap before
{Heap before GC invocations=0 (full 0):
 garbage-first heap   total 131072K, used 13312K [0x0000000081a00000, 0x0000000100000000)
  region size 1024K, 13 young (13312K), 0 survivors (0K)
 Metaspace       used 1946K, committed 2048K, reserved 1114112K
  class space    used 148K, committed 192K, reserved 1048576K
}
Event: 1.245 GC heap after
{Heap after GC invocations=1 (full 0):
 garbage-first heap   total 131072K, used 8746K [0x0000000081a00000, 0x0000000100000000)
  region size 1024K, 2 young (2048K), 2 survivors (2048K)
 Metaspace       used 1946K, committed 2048K, reserved 1114112K
  class space    used 148K, committed 192K, reserved 1048576K
}
Event: 2.038 GC heap before
{Heap before GC invocations=1 (full 0):
 garbage-first heap   total 131072K, used 16938K [0x0000000081a00000, 0x0000000100000000)
  region size 1024K, 10 young (10240K), 2 survivors (2048K)
 Metaspace       used 4726K, committed 4928K, reserved 1114112K
  class space    used 507K, committed 576K, reserved 1048576K
}
Event: 2.043 GC heap after
{Heap after GC invocations=2 (full 0):
 garbage-first heap   total 131072K, used 9551K [0x0000000081a00000, 0x0000000100000000)
  region size 1024K, 1 young (1024K), 1 survivors (1024K)
 Metaspace       used 4726K, committed 4928K, reserved 1114112K
  class space    used 507K, committed 576K, reserved 1048576K
}
Event: 3.772 GC heap before
{Heap before GC invocations=2 (full 0):
 garbage-first heap   total 131072K, used 31055K [0x0000000081a00000, 0x0000000100000000)
  region size 1024K, 23 young (23552K), 1 survivors (1024K)
 Metaspace       used 10463K, committed 10688K, reserved 1114112K
  class space    used 1278K, committed 1408K, reserved 1048576K
}
Event: 3.778 GC heap after
{Heap after GC invocations=3 (full 0):
 garbage-first heap   total 131072K, used 11049K [0x0000000081a00000, 0x0000000100000000)
  region size 1024K, 3 young (3072K), 3 survivors (3072K)
 Metaspace       used 10463K, committed 10688K, reserved 1114112K
  class space    used 1278K, committed 1408K, reserved 1048576K
}

Dll operation events (10 events):
Event: 0.037 Loaded shared library C:\Program Files\Java\jdk-21\bin\java.dll
Event: 0.137 Loaded shared library C:\Program Files\Java\jdk-21\bin\jsvml.dll
Event: 0.630 Loaded shared library C:\Program Files\Java\jdk-21\bin\zip.dll
Event: 0.637 Loaded shared library C:\Program Files\Java\jdk-21\bin\instrument.dll
Event: 0.649 Loaded shared library C:\Program Files\Java\jdk-21\bin\net.dll
Event: 0.655 Loaded shared library C:\Program Files\Java\jdk-21\bin\nio.dll
Event: 0.666 Loaded shared library C:\Program Files\Java\jdk-21\bin\zip.dll
Event: 0.719 Loaded shared library C:\Users\DELL\Desktop\IntelliJ IDEA 2024.2\bin\breakgen64.dll
Event: 0.766 Loaded shared library C:\Program Files\Java\jdk-21\bin\extnet.dll
Event: 0.905 Loaded shared library C:\Program Files\Java\jdk-21\bin\jimage.dll

Deoptimization events (20 events):
Event: 5.555 Thread 0x000002077e9c5330 Uncommon trap: trap_request=0xffffff45 fr.pc=0x0000020770709bcc relative=0x000000000000016c
Event: 5.555 Thread 0x000002077e9c5330 Uncommon trap: reason=unstable_if action=reinterpret pc=0x0000020770709bcc method=java.util.concurrent.ConcurrentHashMap.addCount(JI)V @ 7 c2
Event: 5.555 Thread 0x000002077e9c5330 DEOPT PACKING pc=0x0000020770709bcc sp=0x000000f72f9fd520
Event: 5.555 Thread 0x000002077e9c5330 DEOPT UNPACKING pc=0x00000207701446a2 sp=0x000000f72f9fd480 mode 2
Event: 5.964 Thread 0x000002075ee84ae0 Uncommon trap: trap_request=0xffffff45 fr.pc=0x000002077076ba50 relative=0x0000000000000130
Event: 5.964 Thread 0x000002075ee84ae0 Uncommon trap: reason=unstable_if action=reinterpret pc=0x000002077076ba50 method=java.util.Arrays.equals([Ljava/lang/Object;[Ljava/lang/Object;)Z @ 44 c2
Event: 5.964 Thread 0x000002075ee84ae0 DEOPT PACKING pc=0x000002077076ba50 sp=0x000000f72e6fb130
Event: 5.964 Thread 0x000002075ee84ae0 DEOPT UNPACKING pc=0x00000207701446a2 sp=0x000000f72e6fb0d0 mode 2
Event: 6.140 Thread 0x000002077e9c5330 Uncommon trap: trap_request=0xffffff45 fr.pc=0x00000207707197c0 relative=0x0000000000000280
Event: 6.140 Thread 0x000002077e9c5330 Uncommon trap: reason=unstable_if action=reinterpret pc=0x00000207707197c0 method=java.util.concurrent.ConcurrentHashMap.get(Ljava/lang/Object;)Ljava/lang/Object; @ 76 c2
Event: 6.140 Thread 0x000002077e9c5330 DEOPT PACKING pc=0x00000207707197c0 sp=0x000000f72f9fdb10
Event: 6.140 Thread 0x000002077e9c5330 DEOPT UNPACKING pc=0x00000207701446a2 sp=0x000000f72f9fda88 mode 2
Event: 6.148 Thread 0x000002077e9c5330 Uncommon trap: trap_request=0xffffff45 fr.pc=0x000002077077f84c relative=0x000000000000082c
Event: 6.148 Thread 0x000002077e9c5330 Uncommon trap: reason=unstable_if action=reinterpret pc=0x000002077077f84c method=java.util.HashMap.putVal(ILjava/lang/Object;Ljava/lang/Object;ZZ)Ljava/lang/Object; @ 193 c2
Event: 6.148 Thread 0x000002077e9c5330 DEOPT PACKING pc=0x000002077077f84c sp=0x000000f72f9fe8a0
Event: 6.148 Thread 0x000002077e9c5330 DEOPT UNPACKING pc=0x00000207701446a2 sp=0x000000f72f9fe7b0 mode 2
Event: 6.148 Thread 0x000002077e9c5330 Uncommon trap: trap_request=0xffffff45 fr.pc=0x0000020770770308 relative=0x00000000000007e8
Event: 6.148 Thread 0x000002077e9c5330 Uncommon trap: reason=unstable_if action=reinterpret pc=0x0000020770770308 method=java.util.HashMap.putVal(ILjava/lang/Object;Ljava/lang/Object;ZZ)Ljava/lang/Object; @ 193 c2
Event: 6.148 Thread 0x000002077e9c5330 DEOPT PACKING pc=0x0000020770770308 sp=0x000000f72f9fe8b0
Event: 6.148 Thread 0x000002077e9c5330 DEOPT UNPACKING pc=0x00000207701446a2 sp=0x000000f72f9fe860 mode 2

Classes loaded (20 events):
Event: 6.113 Loading class sun/reflect/annotation/TypeAnnotation$LocationInfo$Location
Event: 6.113 Loading class sun/reflect/annotation/TypeAnnotation$LocationInfo$Location done
Event: 6.113 Loading class sun/reflect/annotation/AnnotatedTypeFactory
Event: 6.113 Loading class sun/reflect/annotation/AnnotatedTypeFactory done
Event: 6.113 Loading class sun/reflect/annotation/AnnotatedTypeFactory$AnnotatedTypeBaseImpl
Event: 6.114 Loading class sun/reflect/annotation/AnnotatedTypeFactory$AnnotatedTypeBaseImpl done
Event: 6.114 Loading class java/lang/reflect/AnnotatedParameterizedType
Event: 6.115 Loading class java/lang/reflect/AnnotatedParameterizedType done
Event: 6.115 Loading class java/lang/reflect/AnnotatedArrayType
Event: 6.115 Loading class java/lang/reflect/AnnotatedArrayType done
Event: 6.139 Loading class jdk/internal/vm/annotation/IntrinsicCandidate
Event: 6.139 Loading class jdk/internal/vm/annotation/IntrinsicCandidate done
Event: 6.144 Loading class sun/reflect/annotation/AnnotatedTypeFactory$AnnotatedParameterizedTypeImpl
Event: 6.145 Loading class sun/reflect/annotation/AnnotatedTypeFactory$AnnotatedParameterizedTypeImpl done
Event: 6.145 Loading class sun/reflect/annotation/AnnotatedTypeFactory$AnnotatedWildcardTypeImpl
Event: 6.146 Loading class java/lang/reflect/AnnotatedWildcardType
Event: 6.146 Loading class java/lang/reflect/AnnotatedWildcardType done
Event: 6.146 Loading class sun/reflect/annotation/AnnotatedTypeFactory$AnnotatedWildcardTypeImpl done
Event: 6.146 Loading class sun/reflect/misc/ReflectUtil
Event: 6.146 Loading class sun/reflect/misc/ReflectUtil done

Classes unloaded (0 events):
No events

Classes redefined (0 events):
No events

Internal exceptions (20 events):
Event: 3.928 Thread 0x000002075ee84ae0 Exception <a 'java/lang/NoSuchMethodError'{0x00000000897dcbf0}: 'java.lang.Object java.lang.invoke.DirectMethodHandle$Holder.invokeSpecial(java.lang.Object, java.lang.Object, java.lang.Object, java.lang.Object, java.lang.Object, int)'> (0x00000000897dcbf0) 
thrown [s\open\src\hotspot\share\interpreter\linkResolver.cpp, line 773]
Event: 3.928 Thread 0x000002075ee84ae0 Exception <a 'java/lang/NoSuchMethodError'{0x00000000897e0910}: 'java.lang.Object java.lang.invoke.Invokers$Holder.linkToTargetMethod(java.lang.Object, java.lang.Object, java.lang.Object, int, java.lang.Object)'> (0x00000000897e0910) 
thrown [s\open\src\hotspot\share\interpreter\linkResolver.cpp, line 773]
Event: 3.944 Thread 0x000002075ee84ae0 Exception <a 'java/lang/NoSuchMethodError'{0x0000000089611788}: 'java.lang.Object java.lang.invoke.DirectMethodHandle$Holder.invokeInterface(java.lang.Object, java.lang.Object, java.lang.Object, java.lang.Object, java.lang.Object)'> (0x0000000089611788) 
thrown [s\open\src\hotspot\share\interpreter\linkResolver.cpp, line 773]
Event: 3.945 Thread 0x000002075ee84ae0 Exception <a 'java/lang/IncompatibleClassChangeError'{0x00000000896152b0}: Found class java.lang.Object, but interface was expected> (0x00000000896152b0) 
thrown [s\open\src\hotspot\share\interpreter\linkResolver.cpp, line 840]
Event: 4.227 Thread 0x000002075ee84ae0 Exception <a 'java/lang/IncompatibleClassChangeError'{0x0000000089399050}: Found class java.lang.Object, but interface was expected> (0x0000000089399050) 
thrown [s\open\src\hotspot\share\interpreter\linkResolver.cpp, line 840]
Event: 4.273 Thread 0x000002075ee84ae0 Exception <a 'sun/nio/fs/WindowsException'{0x00000000893e5268}> (0x00000000893e5268) 
thrown [s\open\src\hotspot\share\prims\jni.cpp, line 520]
Event: 4.422 Thread 0x000002075ee84ae0 Exception <a 'java/lang/NoSuchMethodError'{0x00000000891b9820}: 'java.lang.Object java.lang.invoke.DirectMethodHandle$Holder.invokeSpecial(java.lang.Object, java.lang.Object, java.lang.Object, java.lang.Object, java.lang.Object, java.lang.Object, int)'> (0x00000000891b9820) 
thrown [s\open\src\hotspot\share\interpreter\linkResolver.cpp, line 773]
Event: 4.423 Thread 0x000002075ee84ae0 Exception <a 'java/lang/NoSuchMethodError'{0x00000000891c3288}: 'java.lang.Object java.lang.invoke.DirectMethodHandle$Holder.newInvokeSpecial(java.lang.Object, java.lang.Object, java.lang.Object, java.lang.Object, java.lang.Object, java.lang.Object, int)'> (0x00000000891c3288) 
thrown [s\open\src\hotspot\share\interpreter\linkResolver.cpp, line 773]
Event: 4.424 Thread 0x000002075ee84ae0 Exception <a 'java/lang/NoSuchMethodError'{0x00000000891c7d98}: 'java.lang.Object java.lang.invoke.DirectMethodHandle$Holder.invokeSpecial(java.lang.Object, java.lang.Object, java.lang.Object, java.lang.Object, java.lang.Object, java.lang.Object, java.lang.Object, int)'> (0x00000000891c7d98) 
thrown [s\open\src\hotspot\share\interpreter\linkResolver.cpp, line 773]
Event: 4.539 Thread 0x000002075ee84ae0 Exception <a 'java/lang/NoSuchMethodError'{0x0000000088f205e0}: 'void java.lang.invoke.DirectMethodHandle$Holder.invokeStatic(java.lang.Object, java.lang.Object, java.lang.Object, java.lang.Object, java.lang.Object, java.lang.Object)'> (0x0000000088f205e0) 
thrown [s\open\src\hotspot\share\interpreter\linkResolver.cpp, line 773]
Event: 4.876 Thread 0x000002075ee84ae0 Exception <a 'java/lang/NoSuchMethodError'{0x0000000088b02ba8}: 'java.lang.Object java.lang.invoke.DirectMethodHandle$Holder.invokeSpecial(java.lang.Object, java.lang.Object, java.lang.Object, int, java.lang.Object)'> (0x0000000088b02ba8) 
thrown [s\open\src\hotspot\share\interpreter\linkResolver.cpp, line 773]
Event: 4.877 Thread 0x000002075ee84ae0 Exception <a 'java/lang/NoSuchMethodError'{0x0000000088b0a4c8}: 'java.lang.Object java.lang.invoke.DirectMethodHandle$Holder.newInvokeSpecial(java.lang.Object, java.lang.Object, java.lang.Object, int, java.lang.Object)'> (0x0000000088b0a4c8) 
thrown [s\open\src\hotspot\share\interpreter\linkResolver.cpp, line 773]
Event: 4.878 Thread 0x000002075ee84ae0 Exception <a 'java/lang/NoSuchMethodError'{0x0000000088b11b10}: 'java.lang.Object java.lang.invoke.Invokers$Holder.linkToTargetMethod(java.lang.Object, java.lang.Object, int, java.lang.Object, java.lang.Object)'> (0x0000000088b11b10) 
thrown [s\open\src\hotspot\share\interpreter\linkResolver.cpp, line 773]
Event: 4.880 Thread 0x000002075ee84ae0 Exception <a 'java/lang/NoSuchMethodError'{0x0000000088b21188}: 'java.lang.Object java.lang.invoke.DirectMethodHandle$Holder.newInvokeSpecial(java.lang.Object, int, java.lang.Object)'> (0x0000000088b21188) 
thrown [s\open\src\hotspot\share\interpreter\linkResolver.cpp, line 773]
Event: 5.024 Thread 0x000002075ee84ae0 Exception <a 'java/lang/NoSuchMethodError'{0x0000000088acc800}: 'java.lang.Object java.lang.invoke.DirectMethodHandle$Holder.invokeStatic(java.lang.Object, long, java.lang.Object)'> (0x0000000088acc800) 
thrown [s\open\src\hotspot\share\interpreter\linkResolver.cpp, line 773]
Event: 5.025 Thread 0x000002075ee84ae0 Exception <a 'java/lang/NoSuchMethodError'{0x0000000088ad03b8}: 'java.lang.Object java.lang.invoke.DirectMethodHandle$Holder.invokeStaticInit(java.lang.Object, long, java.lang.Object)'> (0x0000000088ad03b8) 
thrown [s\open\src\hotspot\share\interpreter\linkResolver.cpp, line 773]
Event: 5.025 Thread 0x000002075ee84ae0 Exception <a 'java/lang/NoSuchMethodError'{0x0000000088ad60b8}: 'java.lang.Object java.lang.invoke.DirectMethodHandle$Holder.newInvokeSpecial(java.lang.Object, long)'> (0x0000000088ad60b8) 
thrown [s\open\src\hotspot\share\interpreter\linkResolver.cpp, line 773]
Event: 5.193 Thread 0x000002075ee84ae0 Exception <a 'java/lang/IncompatibleClassChangeError'{0x00000000888c5190}: Found class java.lang.Object, but interface was expected> (0x00000000888c5190) 
thrown [s\open\src\hotspot\share\interpreter\linkResolver.cpp, line 840]
Event: 5.211 Thread 0x000002075ee84ae0 Exception <a 'java/lang/NoSuchMethodError'{0x00000000888e1b60}: 'java.lang.Object java.lang.invoke.DirectMethodHandle$Holder.invokeStatic(java.lang.Object, int, java.lang.Object)'> (0x00000000888e1b60) 
thrown [s\open\src\hotspot\share\interpreter\linkResolver.cpp, line 773]
Event: 5.211 Thread 0x000002075ee84ae0 Exception <a 'java/lang/NoSuchMethodError'{0x00000000888e5710}: 'java.lang.Object java.lang.invoke.DirectMethodHandle$Holder.invokeStaticInit(java.lang.Object, int, java.lang.Object)'> (0x00000000888e5710) 
thrown [s\open\src\hotspot\share\interpreter\linkResolver.cpp, line 773]

ZGC Phase Switch (0 events):
No events

VM Operations (20 events):
Event: 3.515 Executing VM operation: HandshakeAllThreads (Deoptimize)
Event: 3.515 Executing VM operation: HandshakeAllThreads (Deoptimize) done
Event: 3.772 Executing VM operation: G1CollectForAllocation (G1 Evacuation Pause)
Event: 3.781 Executing VM operation: G1CollectForAllocation (G1 Evacuation Pause) done
Event: 3.957 Executing VM operation: HandshakeAllThreads (Deoptimize)
Event: 3.957 Executing VM operation: HandshakeAllThreads (Deoptimize) done
Event: 4.556 Executing VM operation: HandshakeAllThreads (Deoptimize)
Event: 4.556 Executing VM operation: HandshakeAllThreads (Deoptimize) done
Event: 4.825 Executing VM operation: HandshakeAllThreads (Deoptimize)
Event: 4.825 Executing VM operation: HandshakeAllThreads (Deoptimize) done
Event: 4.825 Executing VM operation: Cleanup
Event: 4.825 Executing VM operation: Cleanup done
Event: 5.160 Executing VM operation: HandshakeAllThreads (Deoptimize)
Event: 5.161 Executing VM operation: HandshakeAllThreads (Deoptimize) done
Event: 5.632 Executing VM operation: HandshakeAllThreads (Deoptimize)
Event: 5.636 Executing VM operation: HandshakeAllThreads (Deoptimize) done
Event: 5.711 Executing VM operation: ICBufferFull
Event: 5.711 Executing VM operation: ICBufferFull done
Event: 5.759 Executing VM operation: HandshakeAllThreads (Deoptimize)
Event: 5.759 Executing VM operation: HandshakeAllThreads (Deoptimize) done

Events (15 events):
Event: 0.079 Thread 0x000002075ee84ae0 Thread added: 0x000002075ee84ae0
Event: 0.113 Thread 0x000002077cff9b00 Thread added: 0x000002077cff9b00
Event: 0.114 Thread 0x000002077cffabd0 Thread added: 0x000002077cffabd0
Event: 0.114 Thread 0x000002077d001c10 Thread added: 0x000002077d001c10
Event: 0.114 Thread 0x000002077d000b90 Thread added: 0x000002077d000b90
Event: 0.114 Thread 0x000002077d006cb0 Thread added: 0x000002077d006cb0
Event: 0.114 Thread 0x000002077d007c70 Thread added: 0x000002077d007c70
Event: 0.114 Thread 0x000002077d008d60 Thread added: 0x000002077d008d60
Event: 0.115 Thread 0x000002077d011b90 Thread added: 0x000002077d011b90
Event: 0.536 Thread 0x000002077cfc7c20 Thread added: 0x000002077cfc7c20
Event: 0.721 Thread 0x000002077d376eb0 Thread added: 0x000002077d376eb0
Event: 0.721 Thread 0x000002077d37d3b0 Thread added: 0x000002077d37d3b0
Event: 0.799 Thread 0x000002077d3cbb60 Thread added: 0x000002077d3cbb60
Event: 2.376 Thread 0x000002077d3cbb60 Thread exited: 0x000002077d3cbb60
Event: 5.188 Thread 0x000002077e9c5330 Thread added: 0x000002077e9c5330


Dynamic libraries:
0x00007ff67e3d0000 - 0x00007ff67e3e0000 	C:\Program Files\Java\jdk-21\bin\java.exe
0x00007ff94c1f0000 - 0x00007ff94c407000 	C:\Windows\SYSTEM32\ntdll.dll
0x00007ff949f20000 - 0x00007ff949fe4000 	C:\Windows\System32\KERNEL32.DLL
0x00007ff949860000 - 0x00007ff949c17000 	C:\Windows\System32\KERNELBASE.dll
0x00007ff949c20000 - 0x00007ff949d31000 	C:\Windows\System32\ucrtbase.dll
0x00007ff944960000 - 0x00007ff944979000 	C:\Program Files\Java\jdk-21\bin\jli.dll
0x00007ff949ff0000 - 0x00007ff94a0a2000 	C:\Windows\System32\ADVAPI32.dll
0x00007ff94b290000 - 0x00007ff94b337000 	C:\Windows\System32\msvcrt.dll
0x00007ff94b450000 - 0x00007ff94b4f8000 	C:\Windows\System32\sechost.dll
0x00007ff949e70000 - 0x00007ff949e98000 	C:\Windows\System32\bcrypt.dll
0x00007ff94ab60000 - 0x00007ff94ac74000 	C:\Windows\System32\RPCRT4.dll
0x00007ff94ac90000 - 0x00007ff94ae3f000 	C:\Windows\System32\USER32.dll
0x00007ff949830000 - 0x00007ff949856000 	C:\Windows\System32\win32u.dll
0x00007ff94c0b0000 - 0x00007ff94c0d9000 	C:\Windows\System32\GDI32.dll
0x00007ff949670000 - 0x00007ff949788000 	C:\Windows\System32\gdi32full.dll
0x00007ff949790000 - 0x00007ff94982a000 	C:\Windows\System32\msvcp_win.dll
0x00007ff943360000 - 0x00007ff94337b000 	C:\Program Files\Java\jdk-21\bin\VCRUNTIME140.dll
0x00007ff935ae0000 - 0x00007ff935d73000 	C:\Windows\WinSxS\amd64_microsoft.windows.common-controls_6595b64144ccf1df_6.0.22621.3672_none_2713b9d173822955\COMCTL32.dll
0x00007ff949070000 - 0x00007ff94907a000 	C:\Windows\SYSTEM32\VERSION.dll
0x00007ff94ae40000 - 0x00007ff94ae71000 	C:\Windows\System32\IMM32.DLL
0x00000000670e0000 - 0x00000000670ec000 	C:\Program Files (x86)\360\Total Security\safemon\SafeWrapper.dll
0x00007ff9188a0000 - 0x00007ff91894c000 	C:\Program Files (x86)\360\Total Security\safemon\libzdtp64.dll
0x00007ff94b690000 - 0x00007ff94bef9000 	C:\Windows\System32\SHELL32.dll
0x00007ff94a0b0000 - 0x00007ff94a10e000 	C:\Windows\System32\SHLWAPI.dll
0x00007ff944a00000 - 0x00007ff944a0c000 	C:\Program Files\Java\jdk-21\bin\vcruntime140_1.dll
0x00007ff9432d0000 - 0x00007ff94335e000 	C:\Program Files\Java\jdk-21\bin\msvcp140.dll
0x00007ff8c8a70000 - 0x00007ff8c9785000 	C:\Program Files\Java\jdk-21\bin\server\jvm.dll
0x00007ff94afe0000 - 0x00007ff94b051000 	C:\Windows\System32\WS2_32.dll
0x00007ff949380000 - 0x00007ff9493cd000 	C:\Windows\SYSTEM32\POWRPROF.dll
0x00007ff93fbe0000 - 0x00007ff93fc14000 	C:\Windows\SYSTEM32\WINMM.dll
0x00007ff9491b0000 - 0x00007ff9491c3000 	C:\Windows\SYSTEM32\UMPDC.dll
0x00007ff9484a0000 - 0x00007ff9484b8000 	C:\Windows\SYSTEM32\kernel.appcore.dll
0x00007ff9432c0000 - 0x00007ff9432ca000 	C:\Program Files\Java\jdk-21\bin\jimage.dll
0x00007ff946910000 - 0x00007ff946b42000 	C:\Windows\SYSTEM32\DBGHELP.DLL
0x00007ff94a7d0000 - 0x00007ff94ab5e000 	C:\Windows\System32\combase.dll
0x00007ff94a210000 - 0x00007ff94a2e7000 	C:\Windows\System32\OLEAUT32.dll
0x00007ff932020000 - 0x00007ff932052000 	C:\Windows\SYSTEM32\dbgcore.DLL
0x00007ff949ea0000 - 0x00007ff949f1b000 	C:\Windows\System32\bcryptPrimitives.dll
0x00007ff943280000 - 0x00007ff94328f000 	C:\Program Files\Java\jdk-21\bin\instrument.dll
0x00007ff943250000 - 0x00007ff94326f000 	C:\Program Files\Java\jdk-21\bin\java.dll
0x00007ff9473b0000 - 0x00007ff947caf000 	C:\Windows\SYSTEM32\windows.storage.dll
0x00007ff947270000 - 0x00007ff9473af000 	C:\Windows\SYSTEM32\wintypes.dll
0x00007ff94a110000 - 0x00007ff94a209000 	C:\Windows\System32\SHCORE.dll
0x00007ff949430000 - 0x00007ff949457000 	C:\Windows\SYSTEM32\profapi.dll
0x00007ff8dac60000 - 0x00007ff8dad37000 	C:\Program Files\Java\jdk-21\bin\jsvml.dll
0x00007ff9432a0000 - 0x00007ff9432b8000 	C:\Program Files\Java\jdk-21\bin\zip.dll
0x00007ff943290000 - 0x00007ff9432a0000 	C:\Program Files\Java\jdk-21\bin\net.dll
0x00007ff93f840000 - 0x00007ff93f976000 	C:\Windows\SYSTEM32\WINHTTP.dll
0x00007ff948900000 - 0x00007ff948969000 	C:\Windows\system32\mswsock.dll
0x00007ff943230000 - 0x00007ff943246000 	C:\Program Files\Java\jdk-21\bin\nio.dll
0x00007ff940a70000 - 0x00007ff940a8a000 	C:\Users\DELL\Desktop\IntelliJ IDEA 2024.2\bin\breakgen64.dll
0x00007ff940a60000 - 0x00007ff940a67000 	C:\Program Files\Java\jdk-21\bin\extnet.dll

dbghelp: loaded successfully - version: 4.0.5 - missing functions: none
symbol engine: initialized successfully - sym options: 0x614 - pdb path: .;C:\Program Files\Java\jdk-21\bin;C:\Windows\SYSTEM32;C:\Windows\WinSxS\amd64_microsoft.windows.common-controls_6595b64144ccf1df_6.0.22621.3672_none_2713b9d173822955;C:\Program Files (x86)\360\Total Security\safemon;C:\Program Files\Java\jdk-21\bin\server;C:\Users\DELL\Desktop\IntelliJ IDEA 2024.2\bin

VM Arguments:
jvm_args: -ea -Didea.test.cyclic.buffer.size=1048576 -javaagent:C:\Users\DELL\Desktop\IntelliJ IDEA 2024.2\lib\idea_rt.jar=55019:C:\Users\DELL\Desktop\IntelliJ IDEA 2024.2\bin -Dfile.encoding=UTF-8 -Dsun.stdout.encoding=UTF-8 -Dsun.stderr.encoding=UTF-8 
java_command: com.intellij.rt.junit.JUnitStarter -ideVersion5 -junit5 africa.semicolon.wallet.userAdapter.UserAdapterTest,testThatUserCanEditProfileByName
java_class_path (initial): C:\Users\DELL\.m2\repository\org\junit\platform\junit-platform-launcher\1.10.3\junit-platform-launcher-1.10.3.jar;C:\Users\DELL\Desktop\IntelliJ IDEA 2024.2\lib\idea_rt.jar;C:\Users\DELL\Desktop\IntelliJ IDEA 2024.2\plugins\junit\lib\junit5-rt.jar;C:\Users\DELL\Desktop\IntelliJ IDEA 2024.2\plugins\junit\lib\junit-rt.jar;C:\Users\DELL\Documents\Wallet\target\test-classes;C:\Users\DELL\Documents\Wallet\target\classes;C:\Users\DELL\.m2\repository\org\springframework\boot\spring-boot-starter-data-jdbc\3.3.4\spring-boot-starter-data-jdbc-3.3.4.jar;C:\Users\DELL\.m2\repository\org\springframework\boot\spring-boot-starter-jdbc\3.3.4\spring-boot-starter-jdbc-3.3.4.jar;C:\Users\DELL\.m2\repository\com\zaxxer\HikariCP\5.1.0\HikariCP-5.1.0.jar;C:\Users\DELL\.m2\repository\org\springframework\spring-jdbc\6.1.13\spring-jdbc-6.1.13.jar;C:\Users\DELL\.m2\repository\org\springframework\data\spring-data-jdbc\3.3.4\spring-data-jdbc-3.3.4.jar;C:\Users\DELL\.m2\repository\org\springframework\data\spring-data-relational\3.3.4\spring-data-relational-3.3.4.jar;C:\Users\DELL\.m2\repository\org\springframework\data\spring-data-commons\3.3.4\spring-data-commons-3.3.4.jar;C:\Users\DELL\.m2\repository\org\springframework\spring-tx\6.1.13\spring-tx-6.1.13.jar;C:\Users\DELL\.m2\repository\org\springframework\spring-context\6.1.13\spring-context-6.1.13.jar;C:\Users\DELL\.m2\repository\org\springframework\spring-beans\6.1.13\spring-beans-6.1.13.jar;C:\Users\DELL\.m2\repository\org\slf4j\slf4j-api\2.0.16\slf4j-api-2.0.16.jar;C:\Users\DELL\.m2\repository\org\springframework\boot\spring-boot-starter-data-jpa\3.3.4\spring-boot-starter-data-jpa-3.3.4.jar;C:\Users\DELL\.m2\repository\org\springframework\boot\spring-boot-starter-aop\3.3.4\spring-boot-starter-aop-3.3.4.jar;C:\Users\DELL\.m2\repository\org\springframework\spring-aop\6.1.13\spring-aop-6.1.13.jar;C:\Users\DELL\.m2\repository\org\aspectj\aspectjweaver\1.9.22.1\aspectjweaver-1.9.22.1.jar;C:\Users\DELL\.m2\repository\org\hibernate\orm\hibernate-core\6.5.3.Final\hibernate-core-6.5.3.Final.jar;C:\Users\DELL\.m2\repository\jakarta\persistence\jakarta.persistence-api\3.1.0\jakarta.persistence-api-3.1.0.jar;C:\Users\DELL\.m2\repository\jakarta\transaction\jakarta.transaction-api\2.0.1\jakarta.transaction-api-2.0.1.jar;C:\Users\DELL\.m2\repository\org\hibernate\common\hibernate-commons-annotations\6.0.6.Final\hibernate-commons-annotations-6.0.6.Final.jar;C:\Users\DELL\.m2\repository\io\smallrye\jandex\3.1.2\jandex-3.1.2.jar;C:\Users\DELL\.m2\repository\net\bytebuddy\byte-buddy\1.14.19\byte-buddy-1.14.19.jar;C:\Users\DELL\.m2\repository\org\glassfish\jaxb\jaxb-runtime\4.0.5\jaxb-runtime-4.0.5.jar;C:\Users\DELL\.m2\repository\jakarta\inject\jakarta.inject-api\2.0.1\jakarta.inject-api-2.0.1.jar;C:\Users\DELL\.m2\repository\org\antlr\antlr4-runtime\4.13.0\antlr4-runtime-4.13.0.jar;C:\Users\DELL\.m2\repository\org\springframework\data\spring-data-jpa\3.3.4\spring-data-jpa-3.3.4.jar;C:\Users\DELL\.m2\repository\org\springframework\spring-orm\6.1.13\spring-orm-6.1.13.jar;C:\Users\DELL\.m2\repository\jakarta\annotation\jakarta.annotation-api\2.1.1\jakarta.annotation-api-2.1.1.jar;C:\Users\DELL\.m2\repository\org\springframework\spring-aspects\6.1.13\spring-aspects-6.1.13.jar;C:\Users\DELL\.m2\repository\com\google\code\gson\gson\2.10.1\gson-2.10.1.jar;C:\Users\DELL\.m2\repository\org\springframework\security\spring-security-oauth2-authorization-server\1.3.2\spring-security-oauth2-authorization-server-1.3.2.jar;C:\Users\DELL\.m2\repository\org\springframework\security\spring-security-config\6.3.3\spring-security-config-6.3.3.jar;C:\Users\DELL\.m2\repository\org\springframework\security\spring-security-core\6.3.3\spring-security-core-6.3.3.jar;C:\Users\DELL\.m2\repository\org\springframework\security\spring-security-web\6.3.3\spring-security-web-6.3.3.jar;C:\Users\DELL\.m2\repository\org\springframework\spring-expression\6.1.13\spring-expression-6.1.13.jar;C:\Users\DELL\.m2\repository\org\springframework\security\spring-security-oauth2-core\6.3.3\spring-security-oauth2-core-6.3.3.jar;C:\Users\DELL\.m2\repository\org\springframework\security\spring-security-oauth2-jose\6.3.3\spring-security-oauth2-jose-6.3.3.jar;C:\Users\DELL\.m2\repository\org\springframework\security\spring-security-oauth2-resource-server\6.3.3\spring-security-oauth2-resource-server-6.3.3.jar;C:\Users\DELL\.m2\repository\org\springframework\spring-core\6.1.13\spring-core-6.1.13.jar;C:\Users\DELL\.m2\repository\org\springframework\spring-jcl\6.1.13\spring-jcl-6.1.13.jar;C:\Users\DELL\.m2\repository\com\nimbusds\nimbus-jose-jwt\9.39.3\nimbus-jose-jwt-9.39.3.jar;C:\Users\DELL\.m2\repository\com\fasterxml\jackson\core\jackson-databind\2.17.2\jackson-databind-2.17.2.jar;C:\Users\DELL\.m2\repository\com\paypal\sdk\paypal-core\1.7.2\paypal-core-1.7.2.jar;C:\Users\DELL\.m2\repository\org\keycloak\keycloak-admin-client\26.0.1\keycloak-admin-client-26.0.1.jar;C:\Users\DELL\.m2\repository\org\keycloak\keycloak-client-common-synced\26.0.1\keycloak-client-common-synced-26.0.1.jar;C:\Users\DELL\.m2\repository\org\jboss\logging\commons-logging-jboss-logging\1.0.0.Final\commons-logging-jboss-logging-1.0.0.Final.jar;C:\Users\DELL\.m2\repository\jakarta\activation\jakarta.activation-api\2.1.3\jakarta.activation-api-2.1.3.jar;C:\Users\DELL\.m2\repository\com\fasterxml\jackson\core\jackson-core\2.17.2\jackson-core-2.17.2.jar;C:\Users\DELL\.m2\repository\com\fasterxml\jackson\core\jackson-annotations\2.17.2\jackson-annotations-2.17.2.jar;C:\Users\DELL\.m2\repository\com\fasterxml\jackson\datatype\jackson-datatype-jdk8\2.17.2\jackson-datatype-jdk8-2.17.2.jar;C:\Users\DELL\.m2\repository\com\fasterxml\jackson\datatype\jackson-datatype-jsr310\2.17.2\jackson-datatype-jsr310-2.17.2.jar;C:\Users\DELL\.m2\repository\org\eclipse\microprofile\openapi\microprofile-openapi-api\3.1.1\microprofile-openapi-api-3.1.1.jar;C:\Users\DELL\.m2\repository\org\jboss\resteasy\resteasy-client\6.2.9.Final\resteasy-client-6.2.9.Final.jar;C:\Users\DELL\.m2\repository\org\jboss\resteasy\resteasy-client-api\6.2.9.Final\resteasy-client-api-6.2.9.Final.jar;C:\Users\DELL\.m2\repository\org\jboss\resteasy\resteasy-core-spi\6.2.9.Final\resteasy-core-spi-6.2.9.Final.jar;C:\Users\DELL\.m2\repository\org\jboss\resteasy\resteasy-core\6.2.9.Final\resteasy-core-6.2.9.Final.jar;C:\Users\DELL\.m2\repository\org\jboss\jandex\2.4.5.Final\jandex-2.4.5.Final.jar;C:\Users\DELL\.m2\repository\org\eclipse\angus\angus-activation\2.0.2\angus-activation-2.0.2.jar;C:\Users\DELL\.m2\repository\com\ibm\async\asyncutil\0.1.0\asyncutil-0.1.0.jar;C:\Users\DELL\.m2\repository\jakarta\ws\rs\jakarta.ws.rs-api\3.1.0\jakarta.ws.rs-api-3.1.0.jar;C:\Users\DELL\.m2\repository\org\reactivestreams\reactive-streams\1.0.4\reactive-streams-1.0.4.jar;C:\Users\DELL\.m2\repository\org\jboss\resteasy\resteasy-multipart-provider\6.2.9.Final\resteasy-multipart-provider-6.2.9.Final.jar;C:\Users\DELL\.m2\repository\jakarta\mail\jakarta.mail-api\2.1.3\jakarta.mail-api-2.1.3.jar;C:\Users\DELL\.m2\repository\org\eclipse\angus\angus-mail\2.0.3\angus-mail-2.0.3.jar;C:\Users\DELL\.m2\repository\org\apache\james\apache-mime4j-dom\0.8.11\apache-mime4j-dom-0.8.11.jar;C:\Users\DELL\.m2\repository\org\apache\james\apache-mime4j-core\0.8.11\apache-mime4j-core-0.8.11.jar;C:\Users\DELL\.m2\repository\org\apache\james\apache-mime4j-storage\0.8.11\apache-mime4j-storage-0.8.11.jar;C:\Users\DELL\.m2\repository\commons-io\commons-io\2.11.0\commons-io-2.11.0.jar;C:\Users\DELL\.m2\repository\org\jboss\resteasy\resteasy-jackson2-provider\6.2.9.Final\resteasy-jackson2-provider-6.2.9.Final.jar;C:\Users\DELL\.m2\repository\com\fasterxml\jackson\jakarta\rs\jackson-jakarta-rs-base\2.17.2\jackson-jakarta-rs-base-2.17.2.jar;C:\Users\DELL\.m2\repository\com\fasterxml\jackson\jakarta\rs\jackson-jakarta-rs-json-provider\2.17.2\jackson-jakarta-rs-json-provider-2.17.2.jar;C:\Users\DELL\.m2\repository\com\fasterxml\jackson\module\jackson-module-jakarta-xmlbind-annotations\2.17.2\jackson-module-jakarta-xmlbind-annotations-2.17.2.jar;C:\Users\DELL\.m2\repository\com\github\java-json-tools\json-patch\1.13\json-patch-1.13.jar;C:\Users\DELL\.m2\repository\com\github\java-json-tools\msg-simple\1.2\msg-simple-1.2.jar;C:\Users\DELL\.m2\repository\com\github\java-json-tools\btf\1.3\btf-1.3.jar;C:\Users\DELL\.m2\repository\com\github\java-json-tools\jackson-coreutils\2.0\jackson-coreutils-2.0.jar;C:\Users\DELL\.m2\repository\org\jboss\resteasy\resteasy-jaxb-provider\6.2.9.Final\resteasy-jaxb-provider-6.2.9.Final.jar;C:\Users\DELL\.m2\repository\org\glassfish\jaxb\codemodel\4.0.5\codemodel-4.0.5.jar;C:\Users\DELL\.m2\repository\org\glassfish\jaxb\jaxb-core\4.0.5\jaxb-core-4.0.5.jar;C:\Users\DELL\.m2\repository\org\glassfish\jaxb\jaxb-jxc\4.0.5\jaxb-jxc-4.0.5.jar;C:\Users\DELL\.m2\repository\org\glassfish\jaxb\txw2\4.0.5\txw2-4.0.5.jar;C:\Users\DELL\.m2\repository\org\glassfish\jaxb\jaxb-xjc\4.0.5\jaxb-xjc-4.0.5.jar;C:\Users\DELL\.m2\repository\org\glassfish\jaxb\xsom\4.0.5\xsom-4.0.5.jar;C:\Users\DELL\.m2\repository\com\sun\istack\istack-commons-runtime\4.1.2\istack-commons-runtime-4.1.2.jar;C:\Users\DELL\.m2\repository\com\sun\istack\istack-commons-tools\4.1.2\istack-commons-tools-4.1.2.jar;C:\Users\DELL\.m2\repository\com\sun\xml\bind\external\relaxng-datatype\4.0.3\relaxng-datatype-4.0.3.jar;C:\Users\DELL\.m2\repository\com\sun\xml\bind\external\rngom\4.0.3\rngom-4.0.3.jar;C:\Users\DELL\.m2\repository\org\springframework\boot\spring-boot-starter-web\3.3.4\spring-boot-starter-web-3.3.4.jar;C:\Users\DELL\.m2\repository\org\springframework\boot\spring-boot-starter\3.3.4\spring-boot-starter-3.3.4.jar;C:\Users\DELL\.m2\repository\org\springframework\boot\spring-boot\3.3.4\spring-boot-3.3.4.jar;C:\Users\DELL\.m2\repository\org\springframework\boot\spring-boot-autoconfigure\3.3.4\spring-boot-autoconfigure-3.3.4.jar;C:\Users\DELL\.m2\repository\org\springframework\boot\spring-boot-starter-logging\3.3.4\spring-boot-starter-logging-3.3.4.jar;C:\Users\DELL\.m2\repository\ch\qos\logback\logback-classic\1.5.8\logback-classic-1.5.8.jar;C:\Users\DELL\.m2\repository\ch\qos\logback\logback-core\1.5.8\logback-core-1.5.8.jar;C:\Users\DELL\.m2\repository\org\apache\logging\log4j\log4j-to-slf4j\2.23.1\log4j-to-slf4j-2.23.1.jar;C:\Users\DELL\.m2\repository\org\apache\logging\log4j\log4j-api\2.23.1\log4j-api-2.23.1.jar;C:\Users\DELL\.m2\repository\org\slf4j\jul-to-slf4j\2.0.16\jul-to-slf4j-2.0.16.jar;C:\Users\DELL\.m2\repository\org\yaml\snakeyaml\2.2\snakeyaml-2.2.jar;C:\Users\DELL\.m2\repository\org\springframework\boot\spring-boot-starter-json\3.3.4\spring-boot-starter-json-3.3.4.jar;C:\Users\DELL\.m2\repository\com\fasterxml\jackson\module\jackson-module-parameter-names\2.17.2\jackson-module-parameter-names-2.17.2.jar;C:\Users\DELL\.m2\repository\org\springframework\boot\spring-boot-starter-tomcat\3.3.4\spring-boot-starter-tomcat-3.3.4.jar;C:\Users\DELL\.m2\repository\org\apache\tomcat\embed\tomcat-embed-core\10.1.30\tomcat-embed-core-10.1.30.jar;C:\Users\DELL\.m2\repository\org\apache\tomcat\embed\tomcat-embed-websocket\10.1.30\tomcat-embed-websocket-10.1.30.jar;C:\Users\DELL\.m2\repository\org\springframework\spring-web\6.1.13\spring-web-6.1.13.jar;C:\Users\DELL\.m2\repository\io\micrometer\micrometer-observation\1.13.4\micrometer-observation-1.13.4.jar;C:\Users\DELL\.m2\repository\io\micrometer\micrometer-commons\1.13.4\micrometer-commons-1.13.4.jar;C:\Users\DELL\.m2\repository\org\springframework\spring-webmvc\6.1.13\spring-webmvc-6.1.13.jar;C:\Users\DELL\.m2\repository\org\postgresql\postgresql\42.7.4\postgresql-42.7.4.jar;C:\Users\DELL\.m2\repository\org\checkerframework\checker-qual\3.42.0\checker-qual-3.42.0.jar;C:\Users\DELL\.m2\repository\org\projectlombok\lombok\1.18.34\lombok-1.18.34.jar;C:\Users\DELL\.m2\repository\org\springframework\security\spring-security-crypto\6.3.1\spring-security-crypto-6.3.1.jar;C:\Users\DELL\.m2\repository\org\springframework\boot\spring-boot-starter-validation\3.3.4\spring-boot-starter-validation-3.3.4.jar;C:\Users\DELL\.m2\repository\org\apache\tomcat\embed\tomcat-embed-el\10.1.30\tomcat-embed-el-10.1.30.jar;C:\Users\DELL\.m2\repository\org\mapstruct\mapstruct\1.5.5.Final\mapstruct-1.5.5.Final.jar;C:\Users\DELL\.m2\repository\org\apache\httpcomponents\httpclient\4.5.14\httpclient-4.5.14.jar;C:\Users\DELL\.m2\repository\org\apache\httpcomponents\httpcore\4.4.16\httpcore-4.4.16.jar;C:\Users\DELL\.m2\repository\commons-logging\commons-logging\1.2\commons-logging-1.2.jar;C:\Users\DELL\.m2\repository\commons-codec\commons-codec\1.16.1\commons-codec-1.16.1.jar;C:\Users\DELL\.m2\repository\org\hibernate\validator\hibernate-validator\8.0.1.Final\hibernate-validator-8.0.1.Final.jar;C:\Users\DELL\.m2\repository\jakarta\validation\jakarta.validation-api\3.0.2\jakarta.validation-api-3.0.2.jar;C:\Users\DELL\.m2\repository\org\jboss\logging\jboss-logging\3.5.3.Final\jboss-logging-3.5.3.Final.jar;C:\Users\DELL\.m2\repository\com\fasterxml\classmate\1.7.0\classmate-1.7.0.jar;C:\Users\DELL\.m2\repository\org\glassfish\jakarta.el\4.0.2\jakarta.el-4.0.2.jar;C:\Users\DELL\.m2\repository\jakarta\el\jakarta.el-api\4.0.0\jakarta.el-api-4.0.0.jar;C:\Users\DELL\.m2\repository\org\springframework\boot\spring-boot-starter-test\3.3.4\spring-boot-starter-test-3.3.4.jar;C:\Users\DELL\.m2\repository\org\springframework\boot\spring-boot-test\3.3.4\spring-boot-test-3.3.4.jar;C:\Users\DELL\.m2\repository\org\springframework\boot\spring-boot-test-autoconfigure\3.3.4\spring-boot-test-autoconfigure-3.3.4.jar;C:\Users\DELL\.m2\repository\com\jayway\jsonpath\json-path\2.9.0\json-path-2.9.0.jar;C:\Users\DELL\.m2\repository\jakarta\xml\bind\jakarta.xml.bind-api\4.0.2\jakarta.xml.bind-api-4.0.2.jar;C:\Users\DELL\.m2\repository\net\minidev\json-smart\2.5.1\json-smart-2.5.1.jar;C:\Users\DELL\.m2\repository\net\minidev\accessors-smart\2.5.1\accessors-smart-2.5.1.jar;C:\Users\DELL\.m2\repository\org\ow2\asm\asm\9.6\asm-9.6.jar;C:\Users\DELL\.m2\repository\org\assertj\assertj-core\3.25.3\assertj-core-3.25.3.jar;C:\Users\DELL\.m2\repository\org\awaitility\awaitility\4.2.2\awaitility-4.2.2.jar;C:\Users\DELL\.m2\repository\org\hamcrest\hamcrest\2.2\hamcrest-2.2.jar;C:\Users\DELL\.m2\repository\org\junit\jupiter\junit-jupiter\5.10.3\junit-jupiter-5.10.3.jar;C:\Users\DELL\.m2\repository\org\junit\jupiter\junit-jupiter-api\5.10.3\junit-jupiter-api-5.10.3.jar;C:\Users\DELL\.m2\repository\org\opentest4j\opentest4j\1.3.0\opentest4j-1.3.0.jar;C:\Users\DELL\.m2\repository\org\junit\platform\junit-platform-commons\1.10.3\junit-platform-commons-1.10.3.jar;C:\Users\DELL\.m2\repository\org\apiguardian\apiguardian-api\1.1.2\apiguardian-api-1.1.2.jar;C:\Users\DELL\.m2\repository\org\junit\jupiter\junit-jupiter-params\5.10.3\junit-jupiter-params-5.10.3.jar;C:\Users\DELL\.m2\repository\org\junit\jupiter\junit-jupiter-engine\5.10.3\junit-jupiter-engine-5.10.3.jar;C:\Users\DELL\.m2\repository\org\junit\platform\junit-platform-engine\1.10.3\junit-platform-engine-1.10.3.jar;C:\Users\DELL\.m2\repository\org\mockito\mockito-core\5.11.0\mockito-core-5.11.0.jar;C:\Users\DELL\.m2\repository\net\bytebuddy\byte-buddy-agent\1.14.19\byte-buddy-agent-1.14.19.jar;C:\Users\DELL\.m2\repository\org\objenesis\objenesis\3.3\objenesis-3.3.jar;C:\Users\DELL\.m2\repository\org\mockito\mockito-junit-jupiter\5.11.0\mockito-junit-jupiter-5.11.0.jar;C:\Users\DELL\.m2\repository\org\skyscreamer\jsonassert\1.5.3\jsonassert-1.5.3.jar;C:\Users\DELL\.m2\repository\com\vaadin\external\google\android-json\0.0.20131108.vaadin1\android-json-0.0.20131108.vaadin1.jar;C:\Users\DELL\.m2\repository\org\springframework\spring-test\6.1.13\spring-test-6.1.13.jar;C:\Users\DELL\.m2\repository\org\xmlunit\xmlunit-core\2.9.1\xmlunit-core-2.9.1.jar;C:\Users\DELL\.m2\repository\org\springframework\boot\spring-boot-starter-webflux\3.3.4\spring-boot-starter-webflux-3.3.4.jar;C:\Users\DELL\.m2\repository\org\springframework\boot\spring-boot-starter-reactor-netty\3.3.4\spring-boot-starter-reactor-netty-3.3.4.jar;C:\Users\DELL\.m2\repository\io\projectreactor\netty\reactor-netty-http\1.1.22\reactor-netty-http-1.1.22.jar;C:\Users\DELL\.m2\repository\io\netty\netty-codec-http\4.1.113.Final\netty-codec-http-4.1.113.Final.jar;C:\Users\DELL\.m2\repository\io\netty\netty-common\4.1.113.Final\netty-common-4.1.113.Final.jar;C:\Users\DELL\.m2\repository\io\netty\netty-buffer\4.1.113.Final\netty-buffer-4.1.113.Final.jar;C:\Users\DELL\.m2\repository\io\netty\netty-transport\4.1.113.Final\netty-transport-4.1.113.Final.jar;C:\Users\DELL\.m2\repository\io\netty\netty-codec\4.1.113.Final\netty-codec-4.1.113.Final.jar;C:\Users\DELL\.m2\repository\io\netty\netty-handler\4.1.113.Final\netty-handler-4.1.113.Final.jar;C:\Users\DELL\.m2\repository\io\netty\netty-codec-http2\4.1.113.Final\netty-codec-http2-4.1.113.Final.jar;C:\Users\DELL\.m2\repository\io\netty\netty-resolver-dns\4.1.113.Final\netty-resolver-dns-4.1.113.Final.jar;C:\Users\DELL\.m2\repository\io\netty\netty-resolver\4.1.113.Final\netty-resolver-4.1.113.Final.jar;C:\Users\DELL\.m2\repository\io\netty\netty-codec-dns\4.1.113.Final\netty-codec-dns-4.1.113.Final.jar;C:\Users\DELL\.m2\repository\io\netty\netty-resolver-dns-native-macos\4.1.113.Final\netty-resolver-dns-native-macos-4.1.113.Final-osx-x86_64.jar;C:\Users\DELL\.m2\repository\io\netty\netty-resolver-dns-classes-macos\4.1.113.Final\netty-resolver-dns-classes-macos-4.1.113.Final.jar;C:\Users\DELL\.m2\repository\io\netty\netty-transport-native-epoll\4.1.113.Final\netty-transport-native-epoll-4.1.113.Final-linux-x86_64.jar;C:\Users\DELL\.m2\repository\io\netty\netty-transport-native-unix-common\4.1.113.Final\netty-transport-native-unix-common-4.1.113.Final.jar;C:\Users\DELL\.m2\repository\io\netty\netty-transport-classes-epoll\4.1.113.Final\netty-transport-classes-epoll-4.1.113.Final.jar;C:\Users\DELL\.m2\repository\io\projectreactor\netty\reactor-netty-core\1.1.22\reactor-netty-core-1.1.22.jar;C:\Users\DELL\.m2\repository\io\netty\netty-handler-proxy\4.1.113.Final\netty-handler-proxy-4.1.113.Final.jar;C:\Users\DELL\.m2\repository\io\netty\netty-codec-socks\4.1.113.Final\netty-codec-socks-4.1.113.Final.jar;C:\Users\DELL\.m2\repository\org\springframework\spring-webflux\6.1.13\spring-webflux-6.1.13.jar;C:\Users\DELL\.m2\repository\io\projectreactor\reactor-core\3.6.10\reactor-core-3.6.10.jar
Launcher Type: SUN_STANDARD

[Global flags]
     intx CICompilerCount                          = 3                                         {product} {ergonomic}
     uint ConcGCThreads                            = 1                                         {product} {ergonomic}
     uint G1ConcRefinementThreads                  = 4                                         {product} {ergonomic}
   size_t G1HeapRegionSize                         = 1048576                                   {product} {ergonomic}
    uintx GCDrainStackTargetSize                   = 64                                        {product} {ergonomic}
   size_t InitialHeapSize                          = 134217728                                 {product} {ergonomic}
   size_t MarkStackSize                            = 4194304                                   {product} {ergonomic}
   size_t MaxHeapSize                              = 2120220672                                {product} {ergonomic}
   size_t MaxNewSize                               = 1271922688                                {product} {ergonomic}
   size_t MinHeapDeltaBytes                        = 1048576                                   {product} {ergonomic}
   size_t MinHeapSize                              = 8388608                                   {product} {ergonomic}
    uintx NonNMethodCodeHeapSize                   = 5832780                                {pd product} {ergonomic}
    uintx NonProfiledCodeHeapSize                  = 122912730                              {pd product} {ergonomic}
    uintx ProfiledCodeHeapSize                     = 122912730                              {pd product} {ergonomic}
    uintx ReservedCodeCacheSize                    = 251658240                              {pd product} {ergonomic}
     bool SegmentedCodeCache                       = true                                      {product} {ergonomic}
   size_t SoftMaxHeapSize                          = 2120220672                             {manageable} {ergonomic}
     bool UseCompressedOops                        = true                           {product lp64_product} {ergonomic}
     bool UseG1GC                                  = true                                      {product} {ergonomic}
     bool UseLargePagesIndividualAllocation        = false                                  {pd product} {ergonomic}

Logging:
Log output configuration:
 #0: stdout all=warning uptime,level,tags foldmultilines=false
 #1: stderr all=off uptime,level,tags foldmultilines=false

Environment Variables:
JAVA_HOME=C:\Program Files\Java\jdk-21
PATH=C:\Program Files (x86)\Common Files\Oracle\Java\javapath;C:\Program Files\Common Files\Oracle\Java\javapath;C:\Windows\system32;C:\Windows;C:\Windows\System32\Wbem;C:\Windows\System32\WindowsPowerShell\v1.0\;C:\Windows\System32\OpenSSH\;C:\Program Files\Git\cmd;C:\Program Files (x86)\Microsoft SQL Server\150\DTS\Binn\;C:\Program Files\Microsoft SQL Server\Client SDK\ODBC\130\Tools\Binn\;C:\Program Files (x86)\Microsoft SQL Server\140\Tools\Binn\;C:\Program Files\Microsoft SQL Server\140\Tools\Binn\;C:\Program Files\Microsoft SQL Server\140\DTS\Binn\;C:\Program Files\nodejs\;C:\Program Files\Go\bin;C:\Program Files\Docker\Docker\resources\bin;C:\Program Files\PuTTY\;C:\Program Files\Java\jdk-21\bin;C:\Users\DELL\.cargo\bin;C:\Program Files\MySQL\MySQL Shell 8.0\bin\;C:\Users\DELL\AppData\Local\Programs\Python\Python312\Scripts\;C:\Users\DELL\AppData\Local\Programs\Python\Python312\;C:\Users\DELL\AppData\Local\Microsoft\WindowsApps;C:\Program Files\JetBrains\IntelliJ IDEA 2023.3.2\bin;;C:\Users\DELL\AppData\Local\Programs\Microsoft VS Code\bin;C:\Users\DELL\AppData\Roaming\npm;C:\Users\DELL\go\bin;C:\Program Files\Java\jdk-21\bin;C:\Program Files\Java\jdk-21\bin;
USERNAME=DELL
OS=Windows_NT
PROCESSOR_IDENTIFIER=Intel64 Family 6 Model 78 Stepping 3, GenuineIntel
TMP=C:\Users\DELL\AppData\Local\Temp
TEMP=C:\Users\DELL\AppData\Local\Temp




Periodic native trim disabled

---------------  S Y S T E M  ---------------

OS:
 Windows 11 , 64 bit Build 22621 (10.0.22621.3958)
OS uptime: 0 days 16:49 hours
Hyper-V role detected

CPU: total 4 (initial active 4) (2 cores per cpu, 2 threads per core) family 6 model 78 stepping 3 microcode 0xf0, cx8, cmov, fxsr, ht, mmx, 3dnowpref, sse, sse2, sse3, ssse3, sse4.1, sse4.2, popcnt, lzcnt, tsc, tscinvbit, avx, avx2, aes, erms, clmul, bmi1, bmi2, rtm, adx, fma, vzeroupper, clflush, clflushopt, hv, rdtscp, f16c
Processor Information for all 4 processors :
  Max Mhz: 2501, Current Mhz: 2200, Mhz Limit: 2175

Memory: 4k page, system-wide physical 8083M (332M free)
TotalPageFile size 20315M (AvailPageFile size 3262M)
current process WorkingSet (physical memory assigned to process): 162M, peak: 162M
current process commit charge ("private bytes"): 265M, peak: 265M

vm_info: Java HotSpot(TM) 64-Bit Server VM (21.0.1+12-LTS-29) for windows-amd64 JRE (21.0.1+12-LTS-29), built on 2023-10-05T13:27:09Z by "mach5one" with MS VC++ 17.1 (VS2022)

END.
