#
# A fatal error has been detected by the Java Runtime Environment:
#
#  EXCEPTION_ACCESS_VIOLATION (0xc0000005) at pc=0x00007ffee7d6b6d6, pid=15260, tid=18860
#
# JRE version: Java(TM) SE Runtime Environment (21.0.1+12) (build 21.0.1+12-LTS-29)
# Java VM: Java HotSpot(TM) 64-Bit Server VM (21.0.1+12-LTS-29, mixed mode, emulated-client, sharing, tiered, compressed oops, compressed class ptrs, g1 gc, windows-amd64)
# Problematic frame:
# V  [jvm.dll+0x65b6d6]
#
# No core dump will be written. Minidumps are not enabled by default on client versions of Windows
#
# If you would like to submit a bug report, please visit:
#   https://bugreport.java.com/bugreport/crash.jsp
#

---------------  S U M M A R Y ------------

Command Line: -XX:TieredStopAtLevel=1 -Dspring.output.ansi.enabled=always -Dcom.sun.management.jmxremote -Dspring.jmx.enabled=true -Dspring.liveBeansView.mbeanDomain -Dspring.application.admin.enabled=true -Dmanagement.endpoints.jmx.exposure.include=* -javaagent:C:\Users\DELL\Desktop\IntelliJ IDEA 2024.2\lib\idea_rt.jar=57219:C:\Users\DELL\Desktop\IntelliJ IDEA 2024.2\bin -Dfile.encoding=UTF-8 -Dsun.stdout.encoding=UTF-8 -Dsun.stderr.encoding=UTF-8 africa.semicolon.wallet.WalletApplication

Host: Intel(R) Core(TM) i5-6300U CPU @ 2.40GHz, 4 cores, 7G,  Windows 11 , 64 bit Build 22621 (10.0.22621.3958)
Time: Wed Oct 30 10:49:07 2024 W. Central Africa Standard Time elapsed time: 1.442307 seconds (0d 0h 0m 1s)

---------------  T H R E A D  ---------------

Current thread (0x000002b2e64a62b0):  WorkerThread "GC Thread#1"    [id=18860, stack(0x000000fb03700000,0x000000fb03800000) (1024K)]

Stack: [0x000000fb03700000,0x000000fb03800000],  sp=0x000000fb037ff890,  free space=1022k
Native frames: (J=compiled Java code, j=interpreted, Vv=VM code, C=native code)
V  [jvm.dll+0x65b6d6]
V  [jvm.dll+0x24144c]
V  [jvm.dll+0x3ac4f2]
V  [jvm.dll+0x33e329]
V  [jvm.dll+0x33e4c4]
V  [jvm.dll+0x322780]
V  [jvm.dll+0x881f77]
V  [jvm.dll+0x7fd728]
V  [jvm.dll+0x6c777d]
C  [ucrtbase.dll+0x29333]
C  [KERNEL32.DLL+0x1257d]
C  [ntdll.dll+0x5af08]


siginfo: EXCEPTION_ACCESS_VIOLATION (0xc0000005), writing address 0x0000000089a72a14


Registers:
RAX=0x000000000000000c, RBX=0x0000000089a72a08, RCX=0x000000000001fffc, RDX=0x000000000000000c
RSP=0x000000fb037ff890, RBP=0x000000000001fffc, RSI=0x0000000089a72a08, RDI=0x000000fb037ff8e0
R8 =0x000002b2a0625210, R9 =0x0000000000000004, R10=0x0000000000ea0000, R11=0x4343434343434343
R12=0x0000000000000002, R13=0x000002b2a05028a0, R14=0x0000000000010000, R15=0x000000000000fffe
RIP=0x00007ffee7d6b6d6, EFLAGS=0x0000000000010202


Register to memory mapping:

RAX=0x000000000000000c is an unknown value
RBX=0x0000000089a72a08 is an unallocated location in the heap
RCX=0x000000000001fffc is an unknown value
RDX=0x000000000000000c is an unknown value
RSP=0x000000fb037ff890 points into unknown readable memory: 0x000002b2a1000a88 | 88 0a 00 a1 b2 02 00 00
RBP=0x000000000001fffc is an unknown value
RSI=0x0000000089a72a08 is an unallocated location in the heap
RDI=0x000000fb037ff8e0 points into unknown readable memory: 0x00007ffee80c7bd0 | d0 7b 0c e8 fe 7f 00 00
R8 =0x000002b2a0625210 points into unknown readable memory: 0x0000000000000002 | 02 00 00 00 00 00 00 00
R9 =0x0000000000000004 is an unknown value
R10=0x0000000000ea0000 is an unknown value
R11=0x4343434343434343 is an unknown value
R12=0x0000000000000002 is an unknown value
R13=0x000002b2a05028a0 points into unknown readable memory: 0x000002b2e64a62b0 | b0 62 4a e6 b2 02 00 00
R14=0x0000000000010000 is an unknown value
R15=0x000000000000fffe is an unknown value

Top of Stack: (sp=0x000000fb037ff890)
0x000000fb037ff890:   000002b2a1000a88 0000000000001a50
0x000000fb037ff8a0:   000002000000349c 00007fff5df8c330
0x000000fb037ff8b0:   1fffffffffe91abf 00007ffee795144c
0x000000fb037ff8c0:   0000000000010000 000002b2a0282980
0x000000fb037ff8d0:   0000000088e65770 00007fff5df8c330
0x000000fb037ff8e0:   00007ffee80c7bd0 000002b2e64a62b0
0x000000fb037ff8f0:   000002b2a1000a88 0000000000010000
0x000000fb037ff900:   000002000001fffc 000002b2e64a62b0
0x000000fb037ff910:   000002b2a0625210 000002b2a05452b0
0x000000fb037ff920:   000002b2a05452c0 000002b2a0545398
0x000000fb037ff930:   00000000000000d8 000002b2a0625290
0x000000fb037ff940:   0000000000000001 000002b2a0282980
0x000000fb037ff950:   0000000000040003 0000000088e74000
0x000000fb037ff960:   0000000088f00000 0000000088f00000
0x000000fb037ff970:   0000000089072a08 00007ffee7abc4f2
0x000000fb037ff980:   000002b2a0282980 000002b2a05028f0
0x000000fb037ff990:   0000000000000001 000002b2a0282980
0x000000fb037ff9a0:   0000000088f00000 00007ffee7a4e329
0x000000fb037ff9b0:   000002b2905688f0 0000000089072a08
0x000000fb037ff9c0:   0000000000000000 0000000000000004
0x000000fb037ff9d0:   000002b200000000 00007fff5b8e364b
0x000000fb037ff9e0:   000002b2e649feb0 00007ffee7dd1c7f
0x000000fb037ff9f0:   0000000000000001 000000000000010c
0x000000fb037ffa00:   0000000000d831b1 00000000c84234bc
0x000000fb037ffa10:   0000000000d831b1 00000000c8423412
0x000000fb037ffa20:   000002b2e649feb0 0000000000000000
0x000000fb037ffa30:   0000000000d831b1 00000000c84234bc
0x000000fb037ffa40:   0000000000000070 0000000000000000
0x000000fb037ffa50:   0000000000000000 0000000000000340
0x000000fb037ffa60:   000002b2e64a3de0 0000000000000000
0x000000fb037ffa70:   000000000000001c 00007ffee7a4e4c4
0x000000fb037ffa80:   000002b2905688f0 0000000000000000 

Instructions: (pc=0x00007ffee7d6b6d6)
0x00007ffee7d6b5d6:   48 d3 e8 89 43 08 48 8b c3 48 8b 5c 24 30 48 83
0x00007ffee7d6b5e6:   c4 20 5f c3 48 89 43 08 48 8b c3 48 8b 5c 24 30
0x00007ffee7d6b5f6:   48 83 c4 20 5f c3 cc cc cc cc 48 89 5c 24 08 57
0x00007ffee7d6b606:   48 83 ec 20 80 3d 0d ff 55 00 00 48 8b da 48 8b
0x00007ffee7d6b616:   f9 74 07 c7 42 0c 00 00 00 00 4c 8b 47 18 48 8d
0x00007ffee7d6b626:   4a 10 49 83 e8 02 74 0b 49 c1 e0 03 33 d2 e8 d9
0x00007ffee7d6b636:   a6 29 00 48 c7 03 01 00 00 00 80 3d d7 fe 55 00
0x00007ffee7d6b646:   00 48 8b 47 10 74 21 48 2b 05 1c e9 55 00 8b 0d
0x00007ffee7d6b656:   1e e9 55 00 48 d3 e8 89 43 08 48 8b c3 48 8b 5c
0x00007ffee7d6b666:   24 30 48 83 c4 20 5f c3 48 89 43 08 48 8b c3 48
0x00007ffee7d6b676:   8b 5c 24 30 48 83 c4 20 5f c3 48 89 5c 24 08 57
0x00007ffee7d6b686:   48 83 ec 20 80 79 24 00 48 8b da 48 8b f9 74 29
0x00007ffee7d6b696:   80 3d 81 fe 55 00 00 74 07 c7 42 0c 00 00 00 00
0x00007ffee7d6b6a6:   4c 8b 47 18 48 8d 4a 10 49 83 e8 02 74 0b 49 c1
0x00007ffee7d6b6b6:   e0 03 33 d2 e8 53 a6 29 00 80 3d 58 fe 55 00 00
0x00007ffee7d6b6c6:   b8 10 00 00 00 8b 4f 20 ba 0c 00 00 00 0f 45 c2
0x00007ffee7d6b6d6:   89 0c 18 48 c7 03 01 00 00 00 80 3d 37 fe 55 00
0x00007ffee7d6b6e6:   00 48 8b 47 10 74 21 48 2b 05 7c e8 55 00 8b 0d
0x00007ffee7d6b6f6:   7e e8 55 00 48 d3 e8 89 43 08 48 8b c3 48 8b 5c
0x00007ffee7d6b706:   24 30 48 83 c4 20 5f c3 48 89 43 08 48 8b c3 48
0x00007ffee7d6b716:   8b 5c 24 30 48 83 c4 20 5f c3 48 8b 51 08 4c 8b
0x00007ffee7d6b726:   41 18 48 8b 82 b8 01 00 00 48 8b 8a c8 01 00 00
0x00007ffee7d6b736:   48 2b c8 48 c1 e9 03 49 3b c8 72 0c 4a 8d 0c c0
0x00007ffee7d6b746:   48 89 8a b8 01 00 00 c3 33 c0 c3 cc cc cc cc cc
0x00007ffee7d6b756:   cc cc cc cc cc cc cc cc cc cc 48 89 5c 24 18 55
0x00007ffee7d6b766:   56 41 56 48 83 ec 20 48 8b 71 08 4c 8d 71 18 48
0x00007ffee7d6b776:   81 c6 b0 01 00 00 48 8b ea 80 3d 4c cd 5c 00 00
0x00007ffee7d6b786:   74 42 48 8b ce e8 00 49 1a 00 48 8b 46 08 48 8b
0x00007ffee7d6b796:   4e 18 49 8b 16 48 2b c8 48 c1 e9 03 48 3b ca 72
0x00007ffee7d6b7a6:   1f 48 8d 0c d0 48 89 4e 08 c6 45 28 01 48 85 c0
0x00007ffee7d6b7b6:   74 12 48 8b 5c 24 50 48 83 c4 20 41 5e 5e 5d c3
0x00007ffee7d6b7c6:   c6 45 28 01 48 8b 46 18 48 2b 46 08 48 c1 e8 03 


Stack slot to memory mapping:

stack at sp + 0 slots: 0x000002b2a1000a88 is a pointer to class: 
stack at sp + 1 slots: 0x0000000000001a50 is an unknown value
stack at sp + 2 slots: 0x000002000000349c is an unknown value
stack at sp + 3 slots: 0x00007fff5df8c330 ntdll.dll
stack at sp + 4 slots: 0x1fffffffffe91abf is an unknown value
stack at sp + 5 slots: 0x00007ffee795144c jvm.dll
stack at sp + 6 slots: 0x0000000000010000 is an unknown value
stack at sp + 7 slots: 0x000002b2a0282980 points into unknown readable memory: 0x0000000088e00000 | 00 00 e0 88 00 00 00 00


---------------  P R O C E S S  ---------------

Threads class SMR info:
_java_thread_list=0x000002b2a0698ee0, length=13, elements={
0x000002b28e24e4d0, 0x000002b2a04f2b20, 0x000002b2a04f3940, 0x000002b2a04f9100,
0x000002b2a04f9e20, 0x000002b2a04fb890, 0x000002b2a04fc420, 0x000002b2a0503900,
0x000002b2a03c1bf0, 0x000002b2a06bd7a0, 0x000002b2e6340380, 0x000002b2e63451e0,
0x000002b2e63b0eb0
}

Java Threads: ( => current thread )
  0x000002b28e24e4d0 JavaThread "main"                              [_thread_blocked, id=17492, stack(0x000000fb02300000,0x000000fb02400000) (1024K)]
  0x000002b2a04f2b20 JavaThread "Reference Handler"          daemon [_thread_blocked, id=1440, stack(0x000000fb02b00000,0x000000fb02c00000) (1024K)]
  0x000002b2a04f3940 JavaThread "Finalizer"                  daemon [_thread_blocked, id=18508, stack(0x000000fb02c00000,0x000000fb02d00000) (1024K)]
  0x000002b2a04f9100 JavaThread "Signal Dispatcher"          daemon [_thread_blocked, id=16336, stack(0x000000fb02d00000,0x000000fb02e00000) (1024K)]
  0x000002b2a04f9e20 JavaThread "Attach Listener"            daemon [_thread_blocked, id=7316, stack(0x000000fb02e00000,0x000000fb02f00000) (1024K)]
  0x000002b2a04fb890 JavaThread "Service Thread"             daemon [_thread_blocked, id=10284, stack(0x000000fb02f00000,0x000000fb03000000) (1024K)]
  0x000002b2a04fc420 JavaThread "Monitor Deflation Thread"   daemon [_thread_blocked, id=18584, stack(0x000000fb03000000,0x000000fb03100000) (1024K)]
  0x000002b2a0503900 JavaThread "C1 CompilerThread0"         daemon [_thread_blocked, id=4116, stack(0x000000fb03100000,0x000000fb03200000) (1024K)]
  0x000002b2a03c1bf0 JavaThread "Common-Cleaner"             daemon [_thread_blocked, id=9088, stack(0x000000fb03200000,0x000000fb03300000) (1024K)]
  0x000002b2a06bd7a0 JavaThread "C1 CompilerThread1"         daemon [_thread_blocked, id=17848, stack(0x000000fb03300000,0x000000fb03400000) (1024K)]
  0x000002b2e6340380 JavaThread "Monitor Ctrl-Break"         daemon [_thread_in_native, id=3396, stack(0x000000fb03400000,0x000000fb03500000) (1024K)]
  0x000002b2e63451e0 JavaThread "Notification Thread"        daemon [_thread_blocked, id=19244, stack(0x000000fb03500000,0x000000fb03600000) (1024K)]
  0x000002b2e63b0eb0 JavaThread "C1 CompilerThread2"         daemon [_thread_blocked, id=5988, stack(0x000000fb03600000,0x000000fb03700000) (1024K)]
Total: 13

Other Threads:
  0x000002b2a03d5e90 VMThread "VM Thread"                           [id=9112, stack(0x000000fb02a00000,0x000000fb02b00000) (1024K)]
  0x000002b2a03c1100 WatcherThread "VM Periodic Task Thread"        [id=19300, stack(0x000000fb02900000,0x000000fb02a00000) (1024K)]
  0x000002b2905682f0 WorkerThread "GC Thread#0"                     [id=17956, stack(0x000000fb02400000,0x000000fb02500000) (1024K)]
=>0x000002b2e64a62b0 WorkerThread "GC Thread#1"                     [id=18860, stack(0x000000fb03700000,0x000000fb03800000) (1024K)]
  0x000002b2e64aa660 WorkerThread "GC Thread#2"                     [id=18684, stack(0x000000fb03800000,0x000000fb03900000) (1024K)]
  0x000002b2e64c9fd0 WorkerThread "GC Thread#3"                     [id=6716, stack(0x000000fb03900000,0x000000fb03a00000) (1024K)]
  0x000002b290579eb0 ConcurrentGCThread "G1 Main Marker"            [id=17412, stack(0x000000fb02500000,0x000000fb02600000) (1024K)]
  0x000002b29057ba80 WorkerThread "G1 Conc#0"                       [id=13048, stack(0x000000fb02600000,0x000000fb02700000) (1024K)]
  0x000002b29059e430 ConcurrentGCThread "G1 Refine#0"               [id=15320, stack(0x000000fb02700000,0x000000fb02800000) (1024K)]
  0x000002b2a02864f0 ConcurrentGCThread "G1 Service"                [id=18748, stack(0x000000fb02800000,0x000000fb02900000) (1024K)]
Total: 10

Threads with active compile tasks:
Total: 0

VM state: at safepoint (normal execution)

VM Mutex/Monitor currently owned by a thread:  ([mutex/lock_event])
[0x00007ffee834a5f8] Threads_lock - owner thread: 0x000002b2a03d5e90
[0x00007ffee834a6f8] Heap_lock - owner thread: 0x000002b28e24e4d0

Heap address: 0x0000000081a00000, size: 2022 MB, Compressed Oops mode: 32-bit

CDS archive(s) mapped at: [0x000002b2a1000000-0x000002b2a1c90000-0x000002b2a1c90000), size 13172736, SharedBaseAddress: 0x000002b2a1000000, ArchiveRelocationMode: 1.
Compressed class space mapped at: 0x000002b2a2000000-0x000002b2e2000000, reserved size: 1073741824
Narrow klass base: 0x000002b2a1000000, Narrow klass shift: 0, Narrow klass range: 0x100000000

GC Precious Log:
 CardTable entry size: 512
 Card Set container configuration: InlinePtr #cards 5 size 8 Array Of Cards #cards 12 size 40 Howl #buckets 4 coarsen threshold 1843 Howl Bitmap #cards 512 size 80 coarsen threshold 460 Card regions per heap region 1 cards per card region 2048
 CPUs: 4 total, 4 available
 Memory: 8083M
 Large Page Support: Disabled
 NUMA Support: Disabled
 Compressed Oops: Enabled (32-bit)
 Heap Region Size: 1M
 Heap Min Capacity: 8M
 Heap Initial Capacity: 128M
 Heap Max Capacity: 2022M
 Pre-touch: Disabled
 Parallel Workers: 4
 Concurrent Workers: 1
 Concurrent Refinement Workers: 4
 Periodic GC: Disabled

Heap:
 garbage-first heap   total 131072K, used 17408K [0x0000000081a00000, 0x0000000100000000)
  region size 1024K, 15 young (15360K), 2 survivors (2048K)
 Metaspace       used 3504K, committed 3648K, reserved 1114112K
  class space    used 392K, committed 448K, reserved 1048576K

Heap Regions: E=young(eden), S=young(survivor), O=old, HS=humongous(starts), HC=humongous(continues), CS=collection set, F=free, TAMS=top-at-mark-start, PB=parsable bottom
|   0|0x0000000081a00000, 0x0000000081b00000, 0x0000000081b00000|100%|HS|  |TAMS 0x0000000081a00000| PB 0x0000000081a00000| Complete 
|   1|0x0000000081b00000, 0x0000000081c00000, 0x0000000081c00000|100%| O|  |TAMS 0x0000000081b00000| PB 0x0000000081b00000| Untracked 
|   2|0x0000000081c00000, 0x0000000081c00000, 0x0000000081d00000|  0%| F|  |TAMS 0x0000000081c00000| PB 0x0000000081c00000| Untracked 
|   3|0x0000000081d00000, 0x0000000081d00000, 0x0000000081e00000|  0%| F|  |TAMS 0x0000000081d00000| PB 0x0000000081d00000| Untracked 
|   4|0x0000000081e00000, 0x0000000081e00000, 0x0000000081f00000|  0%| F|  |TAMS 0x0000000081e00000| PB 0x0000000081e00000| Untracked 
|   5|0x0000000081f00000, 0x0000000081f00000, 0x0000000082000000|  0%| F|  |TAMS 0x0000000081f00000| PB 0x0000000081f00000| Untracked 
|   6|0x0000000082000000, 0x0000000082000000, 0x0000000082100000|  0%| F|  |TAMS 0x0000000082000000| PB 0x0000000082000000| Untracked 
|   7|0x0000000082100000, 0x0000000082100000, 0x0000000082200000|  0%| F|  |TAMS 0x0000000082100000| PB 0x0000000082100000| Untracked 
|   8|0x0000000082200000, 0x0000000082200000, 0x0000000082300000|  0%| F|  |TAMS 0x0000000082200000| PB 0x0000000082200000| Untracked 
|   9|0x0000000082300000, 0x0000000082300000, 0x0000000082400000|  0%| F|  |TAMS 0x0000000082300000| PB 0x0000000082300000| Untracked 
|  10|0x0000000082400000, 0x0000000082400000, 0x0000000082500000|  0%| F|  |TAMS 0x0000000082400000| PB 0x0000000082400000| Untracked 
|  11|0x0000000082500000, 0x0000000082500000, 0x0000000082600000|  0%| F|  |TAMS 0x0000000082500000| PB 0x0000000082500000| Untracked 
|  12|0x0000000082600000, 0x0000000082600000, 0x0000000082700000|  0%| F|  |TAMS 0x0000000082600000| PB 0x0000000082600000| Untracked 
|  13|0x0000000082700000, 0x0000000082700000, 0x0000000082800000|  0%| F|  |TAMS 0x0000000082700000| PB 0x0000000082700000| Untracked 
|  14|0x0000000082800000, 0x0000000082800000, 0x0000000082900000|  0%| F|  |TAMS 0x0000000082800000| PB 0x0000000082800000| Untracked 
|  15|0x0000000082900000, 0x0000000082900000, 0x0000000082a00000|  0%| F|  |TAMS 0x0000000082900000| PB 0x0000000082900000| Untracked 
|  16|0x0000000082a00000, 0x0000000082a00000, 0x0000000082b00000|  0%| F|  |TAMS 0x0000000082a00000| PB 0x0000000082a00000| Untracked 
|  17|0x0000000082b00000, 0x0000000082b00000, 0x0000000082c00000|  0%| F|  |TAMS 0x0000000082b00000| PB 0x0000000082b00000| Untracked 
|  18|0x0000000082c00000, 0x0000000082c00000, 0x0000000082d00000|  0%| F|  |TAMS 0x0000000082c00000| PB 0x0000000082c00000| Untracked 
|  19|0x0000000082d00000, 0x0000000082d00000, 0x0000000082e00000|  0%| F|  |TAMS 0x0000000082d00000| PB 0x0000000082d00000| Untracked 
|  20|0x0000000082e00000, 0x0000000082e00000, 0x0000000082f00000|  0%| F|  |TAMS 0x0000000082e00000| PB 0x0000000082e00000| Untracked 
|  21|0x0000000082f00000, 0x0000000082f00000, 0x0000000083000000|  0%| F|  |TAMS 0x0000000082f00000| PB 0x0000000082f00000| Untracked 
|  22|0x0000000083000000, 0x0000000083000000, 0x0000000083100000|  0%| F|  |TAMS 0x0000000083000000| PB 0x0000000083000000| Untracked 
|  23|0x0000000083100000, 0x0000000083100000, 0x0000000083200000|  0%| F|  |TAMS 0x0000000083100000| PB 0x0000000083100000| Untracked 
|  24|0x0000000083200000, 0x0000000083200000, 0x0000000083300000|  0%| F|  |TAMS 0x0000000083200000| PB 0x0000000083200000| Untracked 
|  25|0x0000000083300000, 0x0000000083300000, 0x0000000083400000|  0%| F|  |TAMS 0x0000000083300000| PB 0x0000000083300000| Untracked 
|  26|0x0000000083400000, 0x0000000083400000, 0x0000000083500000|  0%| F|  |TAMS 0x0000000083400000| PB 0x0000000083400000| Untracked 
|  27|0x0000000083500000, 0x0000000083500000, 0x0000000083600000|  0%| F|  |TAMS 0x0000000083500000| PB 0x0000000083500000| Untracked 
|  28|0x0000000083600000, 0x0000000083600000, 0x0000000083700000|  0%| F|  |TAMS 0x0000000083600000| PB 0x0000000083600000| Untracked 
|  29|0x0000000083700000, 0x0000000083700000, 0x0000000083800000|  0%| F|  |TAMS 0x0000000083700000| PB 0x0000000083700000| Untracked 
|  30|0x0000000083800000, 0x0000000083800000, 0x0000000083900000|  0%| F|  |TAMS 0x0000000083800000| PB 0x0000000083800000| Untracked 
|  31|0x0000000083900000, 0x0000000083900000, 0x0000000083a00000|  0%| F|  |TAMS 0x0000000083900000| PB 0x0000000083900000| Untracked 
|  32|0x0000000083a00000, 0x0000000083a00000, 0x0000000083b00000|  0%| F|  |TAMS 0x0000000083a00000| PB 0x0000000083a00000| Untracked 
|  33|0x0000000083b00000, 0x0000000083b00000, 0x0000000083c00000|  0%| F|  |TAMS 0x0000000083b00000| PB 0x0000000083b00000| Untracked 
|  34|0x0000000083c00000, 0x0000000083c00000, 0x0000000083d00000|  0%| F|  |TAMS 0x0000000083c00000| PB 0x0000000083c00000| Untracked 
|  35|0x0000000083d00000, 0x0000000083d00000, 0x0000000083e00000|  0%| F|  |TAMS 0x0000000083d00000| PB 0x0000000083d00000| Untracked 
|  36|0x0000000083e00000, 0x0000000083e00000, 0x0000000083f00000|  0%| F|  |TAMS 0x0000000083e00000| PB 0x0000000083e00000| Untracked 
|  37|0x0000000083f00000, 0x0000000083f00000, 0x0000000084000000|  0%| F|  |TAMS 0x0000000083f00000| PB 0x0000000083f00000| Untracked 
|  38|0x0000000084000000, 0x0000000084000000, 0x0000000084100000|  0%| F|  |TAMS 0x0000000084000000| PB 0x0000000084000000| Untracked 
|  39|0x0000000084100000, 0x0000000084100000, 0x0000000084200000|  0%| F|  |TAMS 0x0000000084100000| PB 0x0000000084100000| Untracked 
|  40|0x0000000084200000, 0x0000000084200000, 0x0000000084300000|  0%| F|  |TAMS 0x0000000084200000| PB 0x0000000084200000| Untracked 
|  41|0x0000000084300000, 0x0000000084300000, 0x0000000084400000|  0%| F|  |TAMS 0x0000000084300000| PB 0x0000000084300000| Untracked 
|  42|0x0000000084400000, 0x0000000084400000, 0x0000000084500000|  0%| F|  |TAMS 0x0000000084400000| PB 0x0000000084400000| Untracked 
|  43|0x0000000084500000, 0x0000000084500000, 0x0000000084600000|  0%| F|  |TAMS 0x0000000084500000| PB 0x0000000084500000| Untracked 
|  44|0x0000000084600000, 0x0000000084600000, 0x0000000084700000|  0%| F|  |TAMS 0x0000000084600000| PB 0x0000000084600000| Untracked 
|  45|0x0000000084700000, 0x0000000084700000, 0x0000000084800000|  0%| F|  |TAMS 0x0000000084700000| PB 0x0000000084700000| Untracked 
|  46|0x0000000084800000, 0x0000000084800000, 0x0000000084900000|  0%| F|  |TAMS 0x0000000084800000| PB 0x0000000084800000| Untracked 
|  47|0x0000000084900000, 0x0000000084900000, 0x0000000084a00000|  0%| F|  |TAMS 0x0000000084900000| PB 0x0000000084900000| Untracked 
|  48|0x0000000084a00000, 0x0000000084a00000, 0x0000000084b00000|  0%| F|  |TAMS 0x0000000084a00000| PB 0x0000000084a00000| Untracked 
|  49|0x0000000084b00000, 0x0000000084b00000, 0x0000000084c00000|  0%| F|  |TAMS 0x0000000084b00000| PB 0x0000000084b00000| Untracked 
|  50|0x0000000084c00000, 0x0000000084c00000, 0x0000000084d00000|  0%| F|  |TAMS 0x0000000084c00000| PB 0x0000000084c00000| Untracked 
|  51|0x0000000084d00000, 0x0000000084d00000, 0x0000000084e00000|  0%| F|  |TAMS 0x0000000084d00000| PB 0x0000000084d00000| Untracked 
|  52|0x0000000084e00000, 0x0000000084e00000, 0x0000000084f00000|  0%| F|  |TAMS 0x0000000084e00000| PB 0x0000000084e00000| Untracked 
|  53|0x0000000084f00000, 0x0000000084f00000, 0x0000000085000000|  0%| F|  |TAMS 0x0000000084f00000| PB 0x0000000084f00000| Untracked 
|  54|0x0000000085000000, 0x0000000085000000, 0x0000000085100000|  0%| F|  |TAMS 0x0000000085000000| PB 0x0000000085000000| Untracked 
|  55|0x0000000085100000, 0x0000000085100000, 0x0000000085200000|  0%| F|  |TAMS 0x0000000085100000| PB 0x0000000085100000| Untracked 
|  56|0x0000000085200000, 0x0000000085200000, 0x0000000085300000|  0%| F|  |TAMS 0x0000000085200000| PB 0x0000000085200000| Untracked 
|  57|0x0000000085300000, 0x0000000085300000, 0x0000000085400000|  0%| F|  |TAMS 0x0000000085300000| PB 0x0000000085300000| Untracked 
|  58|0x0000000085400000, 0x0000000085400000, 0x0000000085500000|  0%| F|  |TAMS 0x0000000085400000| PB 0x0000000085400000| Untracked 
|  59|0x0000000085500000, 0x0000000085500000, 0x0000000085600000|  0%| F|  |TAMS 0x0000000085500000| PB 0x0000000085500000| Untracked 
|  60|0x0000000085600000, 0x0000000085600000, 0x0000000085700000|  0%| F|  |TAMS 0x0000000085600000| PB 0x0000000085600000| Untracked 
|  61|0x0000000085700000, 0x0000000085700000, 0x0000000085800000|  0%| F|  |TAMS 0x0000000085700000| PB 0x0000000085700000| Untracked 
|  62|0x0000000085800000, 0x0000000085800000, 0x0000000085900000|  0%| F|  |TAMS 0x0000000085800000| PB 0x0000000085800000| Untracked 
|  63|0x0000000085900000, 0x0000000085900000, 0x0000000085a00000|  0%| F|  |TAMS 0x0000000085900000| PB 0x0000000085900000| Untracked 
|  64|0x0000000085a00000, 0x0000000085a00000, 0x0000000085b00000|  0%| F|  |TAMS 0x0000000085a00000| PB 0x0000000085a00000| Untracked 
|  65|0x0000000085b00000, 0x0000000085b00000, 0x0000000085c00000|  0%| F|  |TAMS 0x0000000085b00000| PB 0x0000000085b00000| Untracked 
|  66|0x0000000085c00000, 0x0000000085c00000, 0x0000000085d00000|  0%| F|  |TAMS 0x0000000085c00000| PB 0x0000000085c00000| Untracked 
|  67|0x0000000085d00000, 0x0000000085d00000, 0x0000000085e00000|  0%| F|  |TAMS 0x0000000085d00000| PB 0x0000000085d00000| Untracked 
|  68|0x0000000085e00000, 0x0000000085e00000, 0x0000000085f00000|  0%| F|  |TAMS 0x0000000085e00000| PB 0x0000000085e00000| Untracked 
|  69|0x0000000085f00000, 0x0000000085f00000, 0x0000000086000000|  0%| F|  |TAMS 0x0000000085f00000| PB 0x0000000085f00000| Untracked 
|  70|0x0000000086000000, 0x0000000086000000, 0x0000000086100000|  0%| F|  |TAMS 0x0000000086000000| PB 0x0000000086000000| Untracked 
|  71|0x0000000086100000, 0x0000000086100000, 0x0000000086200000|  0%| F|  |TAMS 0x0000000086100000| PB 0x0000000086100000| Untracked 
|  72|0x0000000086200000, 0x0000000086200000, 0x0000000086300000|  0%| F|  |TAMS 0x0000000086200000| PB 0x0000000086200000| Untracked 
|  73|0x0000000086300000, 0x0000000086300000, 0x0000000086400000|  0%| F|  |TAMS 0x0000000086300000| PB 0x0000000086300000| Untracked 
|  74|0x0000000086400000, 0x0000000086400000, 0x0000000086500000|  0%| F|  |TAMS 0x0000000086400000| PB 0x0000000086400000| Untracked 
|  75|0x0000000086500000, 0x0000000086500000, 0x0000000086600000|  0%| F|  |TAMS 0x0000000086500000| PB 0x0000000086500000| Untracked 
|  76|0x0000000086600000, 0x0000000086600000, 0x0000000086700000|  0%| F|  |TAMS 0x0000000086600000| PB 0x0000000086600000| Untracked 
|  77|0x0000000086700000, 0x0000000086700000, 0x0000000086800000|  0%| F|  |TAMS 0x0000000086700000| PB 0x0000000086700000| Untracked 
|  78|0x0000000086800000, 0x0000000086800000, 0x0000000086900000|  0%| F|  |TAMS 0x0000000086800000| PB 0x0000000086800000| Untracked 
|  79|0x0000000086900000, 0x0000000086900000, 0x0000000086a00000|  0%| F|  |TAMS 0x0000000086900000| PB 0x0000000086900000| Untracked 
|  80|0x0000000086a00000, 0x0000000086a00000, 0x0000000086b00000|  0%| F|  |TAMS 0x0000000086a00000| PB 0x0000000086a00000| Untracked 
|  81|0x0000000086b00000, 0x0000000086b00000, 0x0000000086c00000|  0%| F|  |TAMS 0x0000000086b00000| PB 0x0000000086b00000| Untracked 
|  82|0x0000000086c00000, 0x0000000086c00000, 0x0000000086d00000|  0%| F|  |TAMS 0x0000000086c00000| PB 0x0000000086c00000| Untracked 
|  83|0x0000000086d00000, 0x0000000086d00000, 0x0000000086e00000|  0%| F|  |TAMS 0x0000000086d00000| PB 0x0000000086d00000| Untracked 
|  84|0x0000000086e00000, 0x0000000086e00000, 0x0000000086f00000|  0%| F|  |TAMS 0x0000000086e00000| PB 0x0000000086e00000| Untracked 
|  85|0x0000000086f00000, 0x0000000086f00000, 0x0000000087000000|  0%| F|  |TAMS 0x0000000086f00000| PB 0x0000000086f00000| Untracked 
|  86|0x0000000087000000, 0x0000000087000000, 0x0000000087100000|  0%| F|  |TAMS 0x0000000087000000| PB 0x0000000087000000| Untracked 
|  87|0x0000000087100000, 0x0000000087100000, 0x0000000087200000|  0%| F|  |TAMS 0x0000000087100000| PB 0x0000000087100000| Untracked 
|  88|0x0000000087200000, 0x0000000087200000, 0x0000000087300000|  0%| F|  |TAMS 0x0000000087200000| PB 0x0000000087200000| Untracked 
|  89|0x0000000087300000, 0x0000000087300000, 0x0000000087400000|  0%| F|  |TAMS 0x0000000087300000| PB 0x0000000087300000| Untracked 
|  90|0x0000000087400000, 0x0000000087400000, 0x0000000087500000|  0%| F|  |TAMS 0x0000000087400000| PB 0x0000000087400000| Untracked 
|  91|0x0000000087500000, 0x0000000087500000, 0x0000000087600000|  0%| F|  |TAMS 0x0000000087500000| PB 0x0000000087500000| Untracked 
|  92|0x0000000087600000, 0x0000000087600000, 0x0000000087700000|  0%| F|  |TAMS 0x0000000087600000| PB 0x0000000087600000| Untracked 
|  93|0x0000000087700000, 0x0000000087700000, 0x0000000087800000|  0%| F|  |TAMS 0x0000000087700000| PB 0x0000000087700000| Untracked 
|  94|0x0000000087800000, 0x0000000087800000, 0x0000000087900000|  0%| F|  |TAMS 0x0000000087800000| PB 0x0000000087800000| Untracked 
|  95|0x0000000087900000, 0x0000000087900000, 0x0000000087a00000|  0%| F|  |TAMS 0x0000000087900000| PB 0x0000000087900000| Untracked 
|  96|0x0000000087a00000, 0x0000000087a00000, 0x0000000087b00000|  0%| F|  |TAMS 0x0000000087a00000| PB 0x0000000087a00000| Untracked 
|  97|0x0000000087b00000, 0x0000000087b00000, 0x0000000087c00000|  0%| F|  |TAMS 0x0000000087b00000| PB 0x0000000087b00000| Untracked 
|  98|0x0000000087c00000, 0x0000000087c00000, 0x0000000087d00000|  0%| F|  |TAMS 0x0000000087c00000| PB 0x0000000087c00000| Untracked 
|  99|0x0000000087d00000, 0x0000000087d00000, 0x0000000087e00000|  0%| F|  |TAMS 0x0000000087d00000| PB 0x0000000087d00000| Untracked 
| 100|0x0000000087e00000, 0x0000000087e00000, 0x0000000087f00000|  0%| F|  |TAMS 0x0000000087e00000| PB 0x0000000087e00000| Untracked 
| 101|0x0000000087f00000, 0x0000000087f00000, 0x0000000088000000|  0%| F|  |TAMS 0x0000000087f00000| PB 0x0000000087f00000| Untracked 
| 102|0x0000000088000000, 0x0000000088000000, 0x0000000088100000|  0%| F|  |TAMS 0x0000000088000000| PB 0x0000000088000000| Untracked 
| 103|0x0000000088100000, 0x0000000088100000, 0x0000000088200000|  0%| F|  |TAMS 0x0000000088100000| PB 0x0000000088100000| Untracked 
| 104|0x0000000088200000, 0x0000000088200000, 0x0000000088300000|  0%| F|  |TAMS 0x0000000088200000| PB 0x0000000088200000| Untracked 
| 105|0x0000000088300000, 0x0000000088300000, 0x0000000088400000|  0%| F|  |TAMS 0x0000000088300000| PB 0x0000000088300000| Untracked 
| 106|0x0000000088400000, 0x0000000088400000, 0x0000000088500000|  0%| F|  |TAMS 0x0000000088400000| PB 0x0000000088400000| Untracked 
| 107|0x0000000088500000, 0x0000000088500000, 0x0000000088600000|  0%| F|  |TAMS 0x0000000088500000| PB 0x0000000088500000| Untracked 
| 108|0x0000000088600000, 0x0000000088600000, 0x0000000088700000|  0%| F|  |TAMS 0x0000000088600000| PB 0x0000000088600000| Untracked 
| 109|0x0000000088700000, 0x0000000088700000, 0x0000000088800000|  0%| F|  |TAMS 0x0000000088700000| PB 0x0000000088700000| Untracked 
| 110|0x0000000088800000, 0x0000000088800000, 0x0000000088900000|  0%| F|  |TAMS 0x0000000088800000| PB 0x0000000088800000| Untracked 
| 111|0x0000000088900000, 0x0000000088900000, 0x0000000088a00000|  0%| F|  |TAMS 0x0000000088900000| PB 0x0000000088900000| Untracked 
| 112|0x0000000088a00000, 0x0000000088a00000, 0x0000000088b00000|  0%| F|  |TAMS 0x0000000088a00000| PB 0x0000000088a00000| Untracked 
| 113|0x0000000088b00000, 0x0000000088c00000, 0x0000000088c00000|100%| S|  |TAMS 0x0000000088b00000| PB 0x0000000088b00000| Complete 
| 114|0x0000000088c00000, 0x0000000088d00000, 0x0000000088d00000|100%| S|  |TAMS 0x0000000088c00000| PB 0x0000000088c00000| Complete 
| 115|0x0000000088d00000, 0x0000000088e00000, 0x0000000088e00000|100%| E|CS|TAMS 0x0000000088d00000| PB 0x0000000088d00000| Complete 
| 116|0x0000000088e00000, 0x0000000088f00000, 0x0000000088f00000|100%| E|CS|TAMS 0x0000000088e00000| PB 0x0000000088e00000| Complete 
| 117|0x0000000088f00000, 0x0000000089000000, 0x0000000089000000|100%| E|CS|TAMS 0x0000000088f00000| PB 0x0000000088f00000| Complete 
| 118|0x0000000089000000, 0x0000000089100000, 0x0000000089100000|100%| E|CS|TAMS 0x0000000089000000| PB 0x0000000089000000| Complete 
| 119|0x0000000089100000, 0x0000000089200000, 0x0000000089200000|100%| E|CS|TAMS 0x0000000089100000| PB 0x0000000089100000| Complete 
| 120|0x0000000089200000, 0x0000000089300000, 0x0000000089300000|100%| E|CS|TAMS 0x0000000089200000| PB 0x0000000089200000| Complete 
| 121|0x0000000089300000, 0x0000000089400000, 0x0000000089400000|100%| E|CS|TAMS 0x0000000089300000| PB 0x0000000089300000| Complete 
| 122|0x0000000089400000, 0x0000000089500000, 0x0000000089500000|100%| E|CS|TAMS 0x0000000089400000| PB 0x0000000089400000| Complete 
| 123|0x0000000089500000, 0x0000000089600000, 0x0000000089600000|100%| E|CS|TAMS 0x0000000089500000| PB 0x0000000089500000| Complete 
| 124|0x0000000089600000, 0x0000000089700000, 0x0000000089700000|100%| E|CS|TAMS 0x0000000089600000| PB 0x0000000089600000| Complete 
| 125|0x0000000089700000, 0x0000000089800000, 0x0000000089800000|100%| E|CS|TAMS 0x0000000089700000| PB 0x0000000089700000| Complete 
| 126|0x0000000089800000, 0x0000000089900000, 0x0000000089900000|100%| E|CS|TAMS 0x0000000089800000| PB 0x0000000089800000| Complete 
| 127|0x0000000089900000, 0x0000000089a00000, 0x0000000089a00000|100%| E|CS|TAMS 0x0000000089900000| PB 0x0000000089900000| Complete 

Card table byte_map: [0x000002b29bd30000,0x000002b29c130000] _byte_map_base: 0x000002b29b923000

Marking Bits: (CMBitMap*) 0x000002b290568900
 Bits: [0x000002b29c130000, 0x000002b29e0c8000)

Polling page: 0x000002b28e430000

Metaspace:

Usage:
  Non-class:      3.04 MB used.
      Class:    392.51 KB used.
       Both:      3.42 MB used.

Virtual space:
  Non-class space:       64.00 MB reserved,       3.12 MB (  5%) committed,  1 nodes.
      Class space:        1.00 GB reserved,     448.00 KB ( <1%) committed,  1 nodes.
             Both:        1.06 GB reserved,       3.56 MB ( <1%) committed. 

Chunk freelists:
   Non-Class:  11.89 MB
       Class:  15.58 MB
        Both:  27.47 MB

MaxMetaspaceSize: unlimited
CompressedClassSpaceSize: 1.00 GB
Initial GC threshold: 21.00 MB
Current GC threshold: 21.00 MB
CDS: on
 - commit_granule_bytes: 65536.
 - commit_granule_words: 8192.
 - virtual_space_node_default_size: 8388608.
 - enlarge_chunks_in_place: 1.
 - use_allocation_guard: 0.


Internal statistics:

num_allocs_failed_limit: 0.
num_arena_births: 92.
num_arena_deaths: 0.
num_vsnodes_births: 2.
num_vsnodes_deaths: 0.
num_space_committed: 57.
num_space_uncommitted: 0.
num_chunks_returned_to_freelist: 0.
num_chunks_taken_from_freelist: 97.
num_chunk_merges: 0.
num_chunk_splits: 70.
num_chunks_enlarged: 43.
num_inconsistent_stats: 0.

CodeCache: size=49152Kb used=3608Kb max_used=3608Kb free=45543Kb
 bounds [0x000002b298930000, 0x000002b298cc0000, 0x000002b29b930000]
 total_blobs=1370 nmethods=915 adapters=378
 compilation: enabled
              stopped_count=0, restarted_count=0
 full_count=0

Compilation events (20 events):
Event: 1.405 Thread 0x000002b2a0503900 nmethod 902 0x000002b298cb2c90 code [0x000002b298cb2ee0, 0x000002b298cb3390]
Event: 1.406 Thread 0x000002b2e63b0eb0 nmethod 906 0x000002b298cb3690 code [0x000002b298cb3880, 0x000002b298cb3cb0]
Event: 1.406 Thread 0x000002b2e63b0eb0  907       1       jdk.jfr.internal.jfc.model.XmlElement::getElementName (5 bytes)
Event: 1.406 Thread 0x000002b2e63b0eb0 nmethod 907 0x000002b298cb4110 code [0x000002b298cb42a0, 0x000002b298cb4368]
Event: 1.406 Thread 0x000002b2a06bd7a0  908       1       java.lang.ref.WeakReference::<init> (6 bytes)
Event: 1.406 Thread 0x000002b2a06bd7a0 nmethod 908 0x000002b298cb4410 code [0x000002b298cb45a0, 0x000002b298cb4710]
Event: 1.406 Thread 0x000002b2a0503900  909       1       java.util.ImmutableCollections$AbstractImmutableList::<init> (5 bytes)
Event: 1.407 Thread 0x000002b2a0503900 nmethod 909 0x000002b298cb4790 code [0x000002b298cb4920, 0x000002b298cb49e8]
Event: 1.408 Thread 0x000002b2a0503900  910       1       java.lang.invoke.Invokers$Holder::invokeExact_MT (22 bytes)
Event: 1.408 Thread 0x000002b2a06bd7a0  911       1       java.util.ArrayDeque::push (6 bytes)
Event: 1.408 Thread 0x000002b2e63b0eb0  912       1       java.util.ArrayDeque::addFirst (51 bytes)
Event: 1.408 Thread 0x000002b2a06bd7a0 nmethod 911 0x000002b298cb4a90 code [0x000002b298cb4c40, 0x000002b298cb4d28]
Event: 1.408 Thread 0x000002b2a06bd7a0  913       1       java.util.ArrayDeque::dec (13 bytes)
Event: 1.408 Thread 0x000002b2e63b0eb0 nmethod 912 0x000002b298cb4d90 code [0x000002b298cb4f60, 0x000002b298cb5208]
Event: 1.408 Thread 0x000002b2a06bd7a0 nmethod 913 0x000002b298cb5310 code [0x000002b298cb54a0, 0x000002b298cb5558]
Event: 1.408 Thread 0x000002b2a0503900 nmethod 910 0x000002b298cb5610 code [0x000002b298cb57e0, 0x000002b298cb59b8]
Event: 1.408 Thread 0x000002b2a06bd7a0  914       1       jdk.jfr.internal.jfc.model.Constraint::any (12 bytes)
Event: 1.408 Thread 0x000002b2a0503900  915       1       jdk.jfr.internal.jfc.model.Constraint::<init> (20 bytes)
Event: 1.408 Thread 0x000002b2a0503900 nmethod 915 0x000002b298cb5b90 code [0x000002b298cb5d20, 0x000002b298cb5e38]
Event: 1.408 Thread 0x000002b2a06bd7a0 nmethod 914 0x000002b298cb5e90 code [0x000002b298cb6020, 0x000002b298cb6178]

GC Heap History (1 events):
Event: 1.409 GC heap before
{Heap before GC invocations=0 (full 0):
 garbage-first heap   total 131072K, used 13312K [0x0000000081a00000, 0x0000000100000000)
  region size 1024K, 13 young (13312K), 0 survivors (0K)
 Metaspace       used 3504K, committed 3648K, reserved 1114112K
  class space    used 392K, committed 448K, reserved 1048576K
}

Dll operation events (11 events):
Event: 0.064 Loaded shared library C:\Program Files\Java\jdk-21\bin\java.dll
Event: 0.679 Loaded shared library C:\Program Files\Java\jdk-21\bin\zip.dll
Event: 0.685 Loaded shared library C:\Program Files\Java\jdk-21\bin\instrument.dll
Event: 0.695 Loaded shared library C:\Program Files\Java\jdk-21\bin\net.dll
Event: 0.700 Loaded shared library C:\Program Files\Java\jdk-21\bin\nio.dll
Event: 0.705 Loaded shared library C:\Program Files\Java\jdk-21\bin\zip.dll
Event: 0.933 Loaded shared library C:\Users\DELL\Desktop\IntelliJ IDEA 2024.2\bin\breakgen64.dll
Event: 0.945 Loaded shared library C:\Program Files\Java\jdk-21\bin\jimage.dll
Event: 0.955 Loaded shared library C:\Program Files\Java\jdk-21\bin\extnet.dll
Event: 1.009 Loaded shared library C:\Program Files\Java\jdk-21\bin\management.dll
Event: 1.044 Loaded shared library C:\Program Files\Java\jdk-21\bin\management_ext.dll

Deoptimization events (0 events):
No events

Classes loaded (20 events):
Event: 1.377 Loading class jdk/internal/org/xml/sax/InputSource
Event: 1.377 Loading class jdk/internal/org/xml/sax/InputSource done
Event: 1.378 Loading class jdk/internal/util/xml/impl/Input
Event: 1.378 Loading class jdk/internal/util/xml/impl/Input done
Event: 1.378 Loading class jdk/jfr/internal/jfc/model/XmlConfiguration
Event: 1.379 Loading class jdk/jfr/internal/jfc/model/XmlElement
Event: 1.379 Loading class jdk/jfr/internal/jfc/model/XmlElement done
Event: 1.379 Loading class jdk/jfr/internal/jfc/model/XmlConfiguration done
Event: 1.380 Loading class jdk/jfr/internal/jfc/model/Utilities
Event: 1.380 Loading class jdk/jfr/internal/jfc/model/Utilities done
Event: 1.381 Loading class jdk/jfr/internal/jfc/model/XmlEvent
Event: 1.381 Loading class jdk/jfr/internal/jfc/model/XmlEvent done
Event: 1.381 Loading class jdk/jfr/internal/jfc/model/Constraint
Event: 1.381 Loading class jdk/jfr/internal/jfc/model/Constraint done
Event: 1.381 Loading class jdk/jfr/internal/jfc/model/XmlControl
Event: 1.381 Loading class jdk/jfr/internal/jfc/model/XmlControl done
Event: 1.382 Loading class jdk/jfr/internal/jfc/model/XmlSetting
Event: 1.383 Loading class jdk/jfr/internal/jfc/model/XmlSetting done
Event: 1.383 Loading class jdk/jfr/internal/jfc/model/SettingsLog
Event: 1.384 Loading class jdk/jfr/internal/jfc/model/SettingsLog done

Classes unloaded (0 events):
No events

Classes redefined (0 events):
No events

Internal exceptions (8 events):
Event: 0.915 Thread 0x000002b28e24e4d0 Exception <a 'java/lang/NoSuchMethodError'{0x0000000089181908}: 'void java.lang.invoke.DirectMethodHandle$Holder.invokeStatic(java.lang.Object, java.lang.Object, java.lang.Object)'> (0x0000000089181908) 
thrown [s\open\src\hotspot\share\interpreter\linkResolver.cpp, line 773]
Event: 0.923 Thread 0x000002b28e24e4d0 Exception <a 'java/lang/NoSuchMethodError'{0x0000000089198e10}: 'java.lang.Object java.lang.invoke.Invokers$Holder.invokeExact_MT(java.lang.Object, java.lang.Object, java.lang.Object, java.lang.Object, java.lang.Object)'> (0x0000000089198e10) 
thrown [s\open\src\hotspot\share\interpreter\linkResolver.cpp, line 773]
Event: 0.962 Thread 0x000002b2e6340380 Exception <a 'java/lang/NoSuchMethodError'{0x00000000891f0b80}: 'void java.lang.invoke.DirectMethodHandle$Holder.invokeStatic(java.lang.Object, java.lang.Object)'> (0x00000000891f0b80) 
thrown [s\open\src\hotspot\share\interpreter\linkResolver.cpp, line 773]
Event: 1.058 Thread 0x000002b28e24e4d0 Exception <a 'java/lang/NoSuchMethodError'{0x00000000891df4c0}: 'int java.lang.invoke.DirectMethodHandle$Holder.invokeInterface(java.lang.Object, java.lang.Object)'> (0x00000000891df4c0) 
thrown [s\open\src\hotspot\share\interpreter\linkResolver.cpp, line 773]
Event: 1.058 Thread 0x000002b28e24e4d0 Exception <a 'java/lang/IncompatibleClassChangeError'{0x00000000891e27d8}: Found class java.lang.Object, but interface was expected> (0x00000000891e27d8) 
thrown [s\open\src\hotspot\share\interpreter\linkResolver.cpp, line 840]
Event: 1.163 Thread 0x000002b28e24e4d0 Exception <a 'java/lang/NoSuchMethodError'{0x00000000890c5170}: 'int java.lang.invoke.DirectMethodHandle$Holder.invokeSpecial(java.lang.Object, java.lang.Object, java.lang.Object)'> (0x00000000890c5170) 
thrown [s\open\src\hotspot\share\interpreter\linkResolver.cpp, line 773]
Event: 1.326 Thread 0x000002b2a04f9e20 Exception <a 'java/lang/NoSuchMethodError'{0x0000000088e7c950}: 'java.lang.Object java.lang.invoke.Invokers$Holder.invokeExact_MT(java.lang.Object, java.lang.Object, java.lang.Object, java.lang.Object, java.lang.Object, java.lang.Object)'> (0x0000000088e7c950) 
thrown [s\open\src\hotspot\share\interpreter\linkResolver.cpp, line 773]
Event: 1.331 Thread 0x000002b28e24e4d0 Exception <a 'java/lang/NoSuchMethodError'{0x0000000088d07c90}: 'java.lang.Object java.lang.invoke.DirectMethodHandle$Holder.invokeStaticInit(java.lang.Object, java.lang.Object, java.lang.Object)'> (0x0000000088d07c90) 
thrown [s\open\src\hotspot\share\interpreter\linkResolver.cpp, line 773]

ZGC Phase Switch (0 events):
No events

VM Operations (9 events):
Event: 0.639 Executing VM operation: HandshakeAllThreads (Deoptimize)
Event: 0.639 Executing VM operation: HandshakeAllThreads (Deoptimize) done
Event: 1.067 Executing VM operation: HandshakeAllThreads (Deoptimize)
Event: 1.067 Executing VM operation: HandshakeAllThreads (Deoptimize) done
Event: 1.302 Executing VM operation: HandshakeAllThreads (Deoptimize)
Event: 1.302 Executing VM operation: HandshakeAllThreads (Deoptimize) done
Event: 1.302 Executing VM operation: Cleanup
Event: 1.302 Executing VM operation: Cleanup done
Event: 1.409 Executing VM operation: G1CollectForAllocation (G1 Evacuation Pause)

Events (13 events):
Event: 0.138 Thread 0x000002b28e24e4d0 Thread added: 0x000002b28e24e4d0
Event: 0.199 Thread 0x000002b2a04f2b20 Thread added: 0x000002b2a04f2b20
Event: 0.199 Thread 0x000002b2a04f3940 Thread added: 0x000002b2a04f3940
Event: 0.200 Thread 0x000002b2a04f9100 Thread added: 0x000002b2a04f9100
Event: 0.200 Thread 0x000002b2a04f9e20 Thread added: 0x000002b2a04f9e20
Event: 0.200 Thread 0x000002b2a04fb890 Thread added: 0x000002b2a04fb890
Event: 0.200 Thread 0x000002b2a04fc420 Thread added: 0x000002b2a04fc420
Event: 0.200 Thread 0x000002b2a0503900 Thread added: 0x000002b2a0503900
Event: 0.618 Thread 0x000002b2a03c1bf0 Thread added: 0x000002b2a03c1bf0
Event: 0.712 Thread 0x000002b2a06bd7a0 Thread added: 0x000002b2a06bd7a0
Event: 0.934 Thread 0x000002b2e6340380 Thread added: 0x000002b2e6340380
Event: 0.934 Thread 0x000002b2e63451e0 Thread added: 0x000002b2e63451e0
Event: 1.277 Thread 0x000002b2e63b0eb0 Thread added: 0x000002b2e63b0eb0


Dynamic libraries:
0x00007ff6abb00000 - 0x00007ff6abb10000 	C:\Program Files\Java\jdk-21\bin\java.exe
0x00007fff5df50000 - 0x00007fff5e167000 	C:\Windows\SYSTEM32\ntdll.dll
0x00007fff5d550000 - 0x00007fff5d614000 	C:\Windows\System32\KERNEL32.DLL
0x00007fff5b3f0000 - 0x00007fff5b7a7000 	C:\Windows\System32\KERNELBASE.dll
0x00007fff5b8d0000 - 0x00007fff5b9e1000 	C:\Windows\System32\ucrtbase.dll
0x00007fff546f0000 - 0x00007fff54709000 	C:\Program Files\Java\jdk-21\bin\jli.dll
0x00007fff5de50000 - 0x00007fff5df02000 	C:\Windows\System32\ADVAPI32.dll
0x00007fff5d190000 - 0x00007fff5d237000 	C:\Windows\System32\msvcrt.dll
0x00007fff5d4a0000 - 0x00007fff5d548000 	C:\Windows\System32\sechost.dll
0x00007fff5bc50000 - 0x00007fff5bc78000 	C:\Windows\System32\bcrypt.dll
0x00007fff5d970000 - 0x00007fff5da84000 	C:\Windows\System32\RPCRT4.dll
0x00007fff5d2f0000 - 0x00007fff5d49f000 	C:\Windows\System32\USER32.dll
0x00007fff5b9f0000 - 0x00007fff5ba16000 	C:\Windows\System32\win32u.dll
0x00007fff5db70000 - 0x00007fff5db99000 	C:\Windows\System32\GDI32.dll
0x00007fff5b260000 - 0x00007fff5b378000 	C:\Windows\System32\gdi32full.dll
0x00007fff5b830000 - 0x00007fff5b8ca000 	C:\Windows\System32\msvcp_win.dll
0x00007fff545e0000 - 0x00007fff545fb000 	C:\Program Files\Java\jdk-21\bin\VCRUNTIME140.dll
0x00007fff5a3e0000 - 0x00007fff5a673000 	C:\Windows\WinSxS\amd64_microsoft.windows.common-controls_6595b64144ccf1df_6.0.22621.3672_none_2713b9d173822955\COMCTL32.dll
0x00007fff5add0000 - 0x00007fff5adda000 	C:\Windows\SYSTEM32\VERSION.dll
0x00007fff5dba0000 - 0x00007fff5dbd1000 	C:\Windows\System32\IMM32.DLL
0x000000005d880000 - 0x000000005d88c000 	C:\Program Files (x86)\360\Total Security\safemon\SafeWrapper.dll
0x00007ffef9690000 - 0x00007ffef973c000 	C:\Program Files (x86)\360\Total Security\safemon\libzdtp64.dll
0x00007fff5bd40000 - 0x00007fff5c5a9000 	C:\Windows\System32\SHELL32.dll
0x00007fff5d720000 - 0x00007fff5d77e000 	C:\Windows\System32\SHLWAPI.dll
0x00007fff59b40000 - 0x00007fff59b4c000 	C:\Program Files\Java\jdk-21\bin\vcruntime140_1.dll
0x00007fff2fa20000 - 0x00007fff2faae000 	C:\Program Files\Java\jdk-21\bin\msvcp140.dll
0x00007ffee7710000 - 0x00007ffee8425000 	C:\Program Files\Java\jdk-21\bin\server\jvm.dll
0x00007fff5dbe0000 - 0x00007fff5dc51000 	C:\Windows\System32\WS2_32.dll
0x00007fff5b030000 - 0x00007fff5b07d000 	C:\Windows\SYSTEM32\POWRPROF.dll
0x00007fff50ec0000 - 0x00007fff50ef4000 	C:\Windows\SYSTEM32\WINMM.dll
0x00007fff5af10000 - 0x00007fff5af23000 	C:\Windows\SYSTEM32\UMPDC.dll
0x00007fff592d0000 - 0x00007fff592e8000 	C:\Windows\SYSTEM32\kernel.appcore.dll
0x00007fff57180000 - 0x00007fff5718a000 	C:\Program Files\Java\jdk-21\bin\jimage.dll
0x00007fff5aa20000 - 0x00007fff5ac52000 	C:\Windows\SYSTEM32\DBGHELP.DLL
0x00007fff5ce00000 - 0x00007fff5d18e000 	C:\Windows\System32\combase.dll
0x00007fff5d780000 - 0x00007fff5d857000 	C:\Windows\System32\OLEAUT32.dll
0x00007fff5a950000 - 0x00007fff5a982000 	C:\Windows\SYSTEM32\dbgcore.DLL
0x00007fff5b7b0000 - 0x00007fff5b82b000 	C:\Windows\System32\bcryptPrimitives.dll
0x00007fff546c0000 - 0x00007fff546cf000 	C:\Program Files\Java\jdk-21\bin\instrument.dll
0x00007fff545c0000 - 0x00007fff545df000 	C:\Program Files\Java\jdk-21\bin\java.dll
0x00007fff581f0000 - 0x00007fff58aef000 	C:\Windows\SYSTEM32\windows.storage.dll
0x00007fff580b0000 - 0x00007fff581ef000 	C:\Windows\SYSTEM32\wintypes.dll
0x00007fff5d860000 - 0x00007fff5d959000 	C:\Windows\System32\SHCORE.dll
0x00007fff5b190000 - 0x00007fff5b1b7000 	C:\Windows\SYSTEM32\profapi.dll
0x00007fff518b0000 - 0x00007fff518c8000 	C:\Program Files\Java\jdk-21\bin\zip.dll
0x00007fff54690000 - 0x00007fff546a0000 	C:\Program Files\Java\jdk-21\bin\net.dll
0x00007fff52790000 - 0x00007fff528c6000 	C:\Windows\SYSTEM32\WINHTTP.dll
0x00007fff596a0000 - 0x00007fff59709000 	C:\Windows\system32\mswsock.dll
0x00007fff4f880000 - 0x00007fff4f896000 	C:\Program Files\Java\jdk-21\bin\nio.dll
0x00007fff4f510000 - 0x00007fff4f52a000 	C:\Users\DELL\Desktop\IntelliJ IDEA 2024.2\bin\breakgen64.dll
0x00007fff522c0000 - 0x00007fff522c7000 	C:\Program Files\Java\jdk-21\bin\extnet.dll
0x00007fff58dc0000 - 0x00007fff58ec2000 	C:\Windows\SYSTEM32\DNSAPI.dll
0x00007fff58d90000 - 0x00007fff58dbd000 	C:\Windows\SYSTEM32\IPHLPAPI.DLL
0x00007fff5d960000 - 0x00007fff5d969000 	C:\Windows\System32\NSI.dll
0x00007fff4e7b0000 - 0x00007fff4e7ba000 	C:\Windows\System32\rasadhlp.dll
0x00007fff4e6a0000 - 0x00007fff4e723000 	C:\Windows\System32\fwpuclnt.dll
0x00007fff4f580000 - 0x00007fff4f58a000 	C:\Program Files\Java\jdk-21\bin\management.dll
0x00007fff4ee90000 - 0x00007fff4ee9b000 	C:\Program Files\Java\jdk-21\bin\management_ext.dll
0x00007fff5bca0000 - 0x00007fff5bca8000 	C:\Windows\System32\PSAPI.DLL

dbghelp: loaded successfully - version: 4.0.5 - missing functions: none
symbol engine: initialized successfully - sym options: 0x614 - pdb path: .;C:\Program Files\Java\jdk-21\bin;C:\Windows\SYSTEM32;C:\Windows\WinSxS\amd64_microsoft.windows.common-controls_6595b64144ccf1df_6.0.22621.3672_none_2713b9d173822955;C:\Program Files (x86)\360\Total Security\safemon;C:\Program Files\Java\jdk-21\bin\server;C:\Users\DELL\Desktop\IntelliJ IDEA 2024.2\bin

VM Arguments:
jvm_args: -XX:TieredStopAtLevel=1 -Dspring.output.ansi.enabled=always -Dcom.sun.management.jmxremote -Dspring.jmx.enabled=true -Dspring.liveBeansView.mbeanDomain -Dspring.application.admin.enabled=true -Dmanagement.endpoints.jmx.exposure.include=* -javaagent:C:\Users\DELL\Desktop\IntelliJ IDEA 2024.2\lib\idea_rt.jar=57219:C:\Users\DELL\Desktop\IntelliJ IDEA 2024.2\bin -Dfile.encoding=UTF-8 -Dsun.stdout.encoding=UTF-8 -Dsun.stderr.encoding=UTF-8 
java_command: africa.semicolon.wallet.WalletApplication
java_class_path (initial): C:\Users\DELL\Documents\Wallet\target\classes;C:\Users\DELL\.m2\repository\org\springframework\boot\spring-boot-starter-data-jdbc\3.3.4\spring-boot-starter-data-jdbc-3.3.4.jar;C:\Users\DELL\.m2\repository\org\springframework\boot\spring-boot-starter-jdbc\3.3.4\spring-boot-starter-jdbc-3.3.4.jar;C:\Users\DELL\.m2\repository\com\zaxxer\HikariCP\5.1.0\HikariCP-5.1.0.jar;C:\Users\DELL\.m2\repository\org\springframework\spring-jdbc\6.1.13\spring-jdbc-6.1.13.jar;C:\Users\DELL\.m2\repository\org\springframework\data\spring-data-jdbc\3.3.4\spring-data-jdbc-3.3.4.jar;C:\Users\DELL\.m2\repository\org\springframework\data\spring-data-relational\3.3.4\spring-data-relational-3.3.4.jar;C:\Users\DELL\.m2\repository\org\springframework\data\spring-data-commons\3.3.4\spring-data-commons-3.3.4.jar;C:\Users\DELL\.m2\repository\org\springframework\spring-tx\6.1.13\spring-tx-6.1.13.jar;C:\Users\DELL\.m2\repository\org\springframework\spring-context\6.1.13\spring-context-6.1.13.jar;C:\Users\DELL\.m2\repository\org\springframework\spring-beans\6.1.13\spring-beans-6.1.13.jar;C:\Users\DELL\.m2\repository\org\slf4j\slf4j-api\2.0.16\slf4j-api-2.0.16.jar;C:\Users\DELL\.m2\repository\org\springframework\boot\spring-boot-starter-data-jpa\3.3.4\spring-boot-starter-data-jpa-3.3.4.jar;C:\Users\DELL\.m2\repository\org\springframework\boot\spring-boot-starter-aop\3.3.4\spring-boot-starter-aop-3.3.4.jar;C:\Users\DELL\.m2\repository\org\springframework\spring-aop\6.1.13\spring-aop-6.1.13.jar;C:\Users\DELL\.m2\repository\org\aspectj\aspectjweaver\1.9.22.1\aspectjweaver-1.9.22.1.jar;C:\Users\DELL\.m2\repository\org\hibernate\orm\hibernate-core\6.5.3.Final\hibernate-core-6.5.3.Final.jar;C:\Users\DELL\.m2\repository\jakarta\persistence\jakarta.persistence-api\3.1.0\jakarta.persistence-api-3.1.0.jar;C:\Users\DELL\.m2\repository\jakarta\transaction\jakarta.transaction-api\2.0.1\jakarta.transaction-api-2.0.1.jar;C:\Users\DELL\.m2\repository\org\hibernate\common\hibernate-commons-annotations\6.0.6.Final\hibernate-commons-annotations-6.0.6.Final.jar;C:\Users\DELL\.m2\repository\io\smallrye\jandex\3.1.2\jandex-3.1.2.jar;C:\Users\DELL\.m2\repository\net\bytebuddy\byte-buddy\1.14.19\byte-buddy-1.14.19.jar;C:\Users\DELL\.m2\repository\org\glassfish\jaxb\jaxb-runtime\4.0.5\jaxb-runtime-4.0.5.jar;C:\Users\DELL\.m2\repository\jakarta\inject\jakarta.inject-api\2.0.1\jakarta.inject-api-2.0.1.jar;C:\Users\DELL\.m2\repository\org\antlr\antlr4-runtime\4.13.0\antlr4-runtime-4.13.0.jar;C:\Users\DELL\.m2\repository\org\springframework\data\spring-data-jpa\3.3.4\spring-data-jpa-3.3.4.jar;C:\Users\DELL\.m2\repository\org\springframework\spring-orm\6.1.13\spring-orm-6.1.13.jar;C:\Users\DELL\.m2\repository\jakarta\annotation\jakarta.annotation-api\2.1.1\jakarta.annotation-api-2.1.1.jar;C:\Users\DELL\.m2\repository\org\springframework\spring-aspects\6.1.13\spring-aspects-6.1.13.jar;C:\Users\DELL\.m2\repository\com\google\code\gson\gson\2.10.1\gson-2.10.1.jar;C:\Users\DELL\.m2\repository\org\springframework\security\spring-security-oauth2-authorization-server\1.3.2\spring-security-oauth2-authorization-server-1.3.2.jar;C:\Users\DELL\.m2\repository\org\springframework\security\spring-security-config\6.3.3\spring-security-config-6.3.3.jar;C:\Users\DELL\.m2\repository\org\springframework\security\spring-security-core\6.3.3\spring-security-core-6.3.3.jar;C:\Users\DELL\.m2\repository\org\springframework\security\spring-security-web\6.3.3\spring-security-web-6.3.3.jar;C:\Users\DELL\.m2\repository\org\springframework\spring-expression\6.1.13\spring-expression-6.1.13.jar;C:\Users\DELL\.m2\repository\org\springframework\security\spring-security-oauth2-core\6.3.3\spring-security-oauth2-core-6.3.3.jar;C:\Users\DELL\.m2\repository\org\springframework\security\spring-security-oauth2-jose\6.3.3\spring-security-oauth2-jose-6.3.3.jar;C:\Users\DELL\.m2\repository\org\springframework\security\spring-security-oauth2-resource-server\6.3.3\spring-security-oauth2-resource-server-6.3.3.jar;C:\Users\DELL\.m2\repository\org\springframework\spring-core\6.1.13\spring-core-6.1.13.jar;C:\Users\DELL\.m2\repository\org\springframework\spring-jcl\6.1.13\spring-jcl-6.1.13.jar;C:\Users\DELL\.m2\repository\com\nimbusds\nimbus-jose-jwt\9.39.3\nimbus-jose-jwt-9.39.3.jar;C:\Users\DELL\.m2\repository\com\fasterxml\jackson\core\jackson-databind\2.17.2\jackson-databind-2.17.2.jar;C:\Users\DELL\.m2\repository\com\paypal\sdk\paypal-core\1.7.2\paypal-core-1.7.2.jar;C:\Users\DELL\.m2\repository\org\keycloak\keycloak-admin-client\26.0.1\keycloak-admin-client-26.0.1.jar;C:\Users\DELL\.m2\repository\org\keycloak\keycloak-client-common-synced\26.0.1\keycloak-client-common-synced-26.0.1.jar;C:\Users\DELL\.m2\repository\org\jboss\logging\commons-logging-jboss-logging\1.0.0.Final\commons-logging-jboss-logging-1.0.0.Final.jar;C:\Users\DELL\.m2\repository\jakarta\activation\jakarta.activation-api\2.1.3\jakarta.activation-api-2.1.3.jar;C:\Users\DELL\.m2\repository\com\fasterxml\jackson\core\jackson-core\2.17.2\jackson-core-2.17.2.jar;C:\Users\DELL\.m2\repository\com\fasterxml\jackson\core\jackson-annotations\2.17.2\jackson-annotations-2.17.2.jar;C:\Users\DELL\.m2\repository\com\fasterxml\jackson\datatype\jackson-datatype-jdk8\2.17.2\jackson-datatype-jdk8-2.17.2.jar;C:\Users\DELL\.m2\repository\com\fasterxml\jackson\datatype\jackson-datatype-jsr310\2.17.2\jackson-datatype-jsr310-2.17.2.jar;C:\Users\DELL\.m2\repository\org\eclipse\microprofile\openapi\microprofile-openapi-api\3.1.1\microprofile-openapi-api-3.1.1.jar;C:\Users\DELL\.m2\repository\org\jboss\resteasy\resteasy-client\6.2.9.Final\resteasy-client-6.2.9.Final.jar;C:\Users\DELL\.m2\repository\org\jboss\resteasy\resteasy-client-api\6.2.9.Final\resteasy-client-api-6.2.9.Final.jar;C:\Users\DELL\.m2\repository\org\jboss\resteasy\resteasy-core-spi\6.2.9.Final\resteasy-core-spi-6.2.9.Final.jar;C:\Users\DELL\.m2\repository\org\jboss\resteasy\resteasy-core\6.2.9.Final\resteasy-core-6.2.9.Final.jar;C:\Users\DELL\.m2\repository\org\jboss\jandex\2.4.5.Final\jandex-2.4.5.Final.jar;C:\Users\DELL\.m2\repository\org\eclipse\angus\angus-activation\2.0.2\angus-activation-2.0.2.jar;C:\Users\DELL\.m2\repository\com\ibm\async\asyncutil\0.1.0\asyncutil-0.1.0.jar;C:\Users\DELL\.m2\repository\jakarta\ws\rs\jakarta.ws.rs-api\3.1.0\jakarta.ws.rs-api-3.1.0.jar;C:\Users\DELL\.m2\repository\org\reactivestreams\reactive-streams\1.0.4\reactive-streams-1.0.4.jar;C:\Users\DELL\.m2\repository\org\jboss\resteasy\resteasy-multipart-provider\6.2.9.Final\resteasy-multipart-provider-6.2.9.Final.jar;C:\Users\DELL\.m2\repository\jakarta\mail\jakarta.mail-api\2.1.3\jakarta.mail-api-2.1.3.jar;C:\Users\DELL\.m2\repository\org\eclipse\angus\angus-mail\2.0.3\angus-mail-2.0.3.jar;C:\Users\DELL\.m2\repository\org\apache\james\apache-mime4j-dom\0.8.11\apache-mime4j-dom-0.8.11.jar;C:\Users\DELL\.m2\repository\org\apache\james\apache-mime4j-core\0.8.11\apache-mime4j-core-0.8.11.jar;C:\Users\DELL\.m2\repository\org\apache\james\apache-mime4j-storage\0.8.11\apache-mime4j-storage-0.8.11.jar;C:\Users\DELL\.m2\repository\commons-io\commons-io\2.11.0\commons-io-2.11.0.jar;C:\Users\DELL\.m2\repository\org\jboss\resteasy\resteasy-jackson2-provider\6.2.9.Final\resteasy-jackson2-provider-6.2.9.Final.jar;C:\Users\DELL\.m2\repository\com\fasterxml\jackson\jakarta\rs\jackson-jakarta-rs-base\2.17.2\jackson-jakarta-rs-base-2.17.2.jar;C:\Users\DELL\.m2\repository\com\fasterxml\jackson\jakarta\rs\jackson-jakarta-rs-json-provider\2.17.2\jackson-jakarta-rs-json-provider-2.17.2.jar;C:\Users\DELL\.m2\repository\com\fasterxml\jackson\module\jackson-module-jakarta-xmlbind-annotations\2.17.2\jackson-module-jakarta-xmlbind-annotations-2.17.2.jar;C:\Users\DELL\.m2\repository\com\github\java-json-tools\json-patch\1.13\json-patch-1.13.jar;C:\Users\DELL\.m2\repository\com\github\java-json-tools\msg-simple\1.2\msg-simple-1.2.jar;C:\Users\DELL\.m2\repository\com\github\java-json-tools\btf\1.3\btf-1.3.jar;C:\Users\DELL\.m2\repository\com\github\java-json-tools\jackson-coreutils\2.0\jackson-coreutils-2.0.jar;C:\Users\DELL\.m2\repository\org\jboss\resteasy\resteasy-jaxb-provider\6.2.9.Final\resteasy-jaxb-provider-6.2.9.Final.jar;C:\Users\DELL\.m2\repository\org\glassfish\jaxb\codemodel\4.0.5\codemodel-4.0.5.jar;C:\Users\DELL\.m2\repository\org\glassfish\jaxb\jaxb-core\4.0.5\jaxb-core-4.0.5.jar;C:\Users\DELL\.m2\repository\org\glassfish\jaxb\jaxb-jxc\4.0.5\jaxb-jxc-4.0.5.jar;C:\Users\DELL\.m2\repository\org\glassfish\jaxb\txw2\4.0.5\txw2-4.0.5.jar;C:\Users\DELL\.m2\repository\org\glassfish\jaxb\jaxb-xjc\4.0.5\jaxb-xjc-4.0.5.jar;C:\Users\DELL\.m2\repository\org\glassfish\jaxb\xsom\4.0.5\xsom-4.0.5.jar;C:\Users\DELL\.m2\repository\com\sun\istack\istack-commons-runtime\4.1.2\istack-commons-runtime-4.1.2.jar;C:\Users\DELL\.m2\repository\com\sun\istack\istack-commons-tools\4.1.2\istack-commons-tools-4.1.2.jar;C:\Users\DELL\.m2\repository\com\sun\xml\bind\external\relaxng-datatype\4.0.3\relaxng-datatype-4.0.3.jar;C:\Users\DELL\.m2\repository\com\sun\xml\bind\external\rngom\4.0.3\rngom-4.0.3.jar;C:\Users\DELL\.m2\repository\org\springframework\boot\spring-boot-starter-web\3.3.4\spring-boot-starter-web-3.3.4.jar;C:\Users\DELL\.m2\repository\org\springframework\boot\spring-boot-starter\3.3.4\spring-boot-starter-3.3.4.jar;C:\Users\DELL\.m2\repository\org\springframework\boot\spring-boot\3.3.4\spring-boot-3.3.4.jar;C:\Users\DELL\.m2\repository\org\springframework\boot\spring-boot-autoconfigure\3.3.4\spring-boot-autoconfigure-3.3.4.jar;C:\Users\DELL\.m2\repository\org\springframework\boot\spring-boot-starter-logging\3.3.4\spring-boot-starter-logging-3.3.4.jar;C:\Users\DELL\.m2\repository\ch\qos\logback\logback-classic\1.5.8\logback-classic-1.5.8.jar;C:\Users\DELL\.m2\repository\ch\qos\logback\logback-core\1.5.8\logback-core-1.5.8.jar;C:\Users\DELL\.m2\repository\org\apache\logging\log4j\log4j-to-slf4j\2.23.1\log4j-to-slf4j-2.23.1.jar;C:\Users\DELL\.m2\repository\org\apache\logging\log4j\log4j-api\2.23.1\log4j-api-2.23.1.jar;C:\Users\DELL\.m2\repository\org\slf4j\jul-to-slf4j\2.0.16\jul-to-slf4j-2.0.16.jar;C:\Users\DELL\.m2\repository\org\yaml\snakeyaml\2.2\snakeyaml-2.2.jar;C:\Users\DELL\.m2\repository\org\springframework\boot\spring-boot-starter-json\3.3.4\spring-boot-starter-json-3.3.4.jar;C:\Users\DELL\.m2\repository\com\fasterxml\jackson\module\jackson-module-parameter-names\2.17.2\jackson-module-parameter-names-2.17.2.jar;C:\Users\DELL\.m2\repository\org\springframework\boot\spring-boot-starter-tomcat\3.3.4\spring-boot-starter-tomcat-3.3.4.jar;C:\Users\DELL\.m2\repository\org\apache\tomcat\embed\tomcat-embed-core\10.1.30\tomcat-embed-core-10.1.30.jar;C:\Users\DELL\.m2\repository\org\apache\tomcat\embed\tomcat-embed-websocket\10.1.30\tomcat-embed-websocket-10.1.30.jar;C:\Users\DELL\.m2\repository\org\springframework\spring-web\6.1.13\spring-web-6.1.13.jar;C:\Users\DELL\.m2\repository\io\micrometer\micrometer-observation\1.13.4\micrometer-observation-1.13.4.jar;C:\Users\DELL\.m2\repository\io\micrometer\micrometer-commons\1.13.4\micrometer-commons-1.13.4.jar;C:\Users\DELL\.m2\repository\org\springframework\spring-webmvc\6.1.13\spring-webmvc-6.1.13.jar;C:\Users\DELL\.m2\repository\org\postgresql\postgresql\42.7.4\postgresql-42.7.4.jar;C:\Users\DELL\.m2\repository\org\checkerframework\checker-qual\3.42.0\checker-qual-3.42.0.jar;C:\Users\DELL\.m2\repository\org\projectlombok\lombok\1.18.34\lombok-1.18.34.jar;C:\Users\DELL\.m2\repository\org\springframework\security\spring-security-crypto\6.3.1\spring-security-crypto-6.3.1.jar;C:\Users\DELL\.m2\repository\org\springframework\boot\spring-boot-starter-validation\3.3.4\spring-boot-starter-validation-3.3.4.jar;C:\Users\DELL\.m2\repository\org\apache\tomcat\embed\tomcat-embed-el\10.1.30\tomcat-embed-el-10.1.30.jar;C:\Users\DELL\.m2\repository\org\mapstruct\mapstruct\1.5.5.Final\mapstruct-1.5.5.Final.jar;C:\Users\DELL\.m2\repository\org\apache\httpcomponents\httpclient\4.5.14\httpclient-4.5.14.jar;C:\Users\DELL\.m2\repository\org\apache\httpcomponents\httpcore\4.4.16\httpcore-4.4.16.jar;C:\Users\DELL\.m2\repository\commons-logging\commons-logging\1.2\commons-logging-1.2.jar;C:\Users\DELL\.m2\repository\commons-codec\commons-codec\1.16.1\commons-codec-1.16.1.jar;C:\Users\DELL\.m2\repository\org\hibernate\validator\hibernate-validator\8.0.1.Final\hibernate-validator-8.0.1.Final.jar;C:\Users\DELL\.m2\repository\jakarta\validation\jakarta.validation-api\3.0.2\jakarta.validation-api-3.0.2.jar;C:\Users\DELL\.m2\repository\org\jboss\logging\jboss-logging\3.5.3.Final\jboss-logging-3.5.3.Final.jar;C:\Users\DELL\.m2\repository\com\fasterxml\classmate\1.7.0\classmate-1.7.0.jar;C:\Users\DELL\.m2\repository\org\glassfish\jakarta.el\4.0.2\jakarta.el-4.0.2.jar;C:\Users\DELL\.m2\repository\jakarta\el\jakarta.el-api\4.0.0\jakarta.el-api-4.0.0.jar;C:\Users\DELL\.m2\repository\jakarta\xml\bind\jakarta.xml.bind-api\4.0.2\jakarta.xml.bind-api-4.0.2.jar
Launcher Type: SUN_STANDARD

[Global flags]
     intx CICompilerCount                          = 3                                         {product} {ergonomic}
     uint ConcGCThreads                            = 1                                         {product} {ergonomic}
     uint G1ConcRefinementThreads                  = 4                                         {product} {ergonomic}
   size_t G1HeapRegionSize                         = 1048576                                   {product} {ergonomic}
    uintx GCDrainStackTargetSize                   = 64                                        {product} {ergonomic}
   size_t InitialHeapSize                          = 134217728                                 {product} {ergonomic}
     bool ManagementServer                         = true                                      {product} {command line}
   size_t MarkStackSize                            = 4194304                                   {product} {ergonomic}
   size_t MaxHeapSize                              = 2120220672                                {product} {ergonomic}
   size_t MaxNewSize                               = 1271922688                                {product} {ergonomic}
   size_t MinHeapDeltaBytes                        = 1048576                                   {product} {ergonomic}
   size_t MinHeapSize                              = 8388608                                   {product} {ergonomic}
    uintx NonNMethodCodeHeapSize                   = 4096                                   {pd product} {ergonomic}
    uintx NonProfiledCodeHeapSize                  = 0                                      {pd product} {ergonomic}
     bool ProfileInterpreter                       = false                                  {pd product} {command line}
    uintx ProfiledCodeHeapSize                     = 0                                      {pd product} {ergonomic}
   size_t SoftMaxHeapSize                          = 2120220672                             {manageable} {ergonomic}
     intx TieredStopAtLevel                        = 1                                         {product} {command line}
     bool UseCompressedOops                        = true                           {product lp64_product} {ergonomic}
     bool UseG1GC                                  = true                                      {product} {ergonomic}
     bool UseLargePagesIndividualAllocation        = false                                  {pd product} {ergonomic}

Logging:
Log output configuration:
 #0: stdout all=warning uptime,level,tags foldmultilines=false
 #1: stderr all=off uptime,level,tags foldmultilines=false

Environment Variables:
JAVA_HOME=C:\Program Files\Java\jdk-21
PATH=C:\Program Files (x86)\Common Files\Oracle\Java\javapath;C:\Program Files\Common Files\Oracle\Java\javapath;C:\Windows\system32;C:\Windows;C:\Windows\System32\Wbem;C:\Windows\System32\WindowsPowerShell\v1.0\;C:\Windows\System32\OpenSSH\;C:\Program Files\Git\cmd;C:\Program Files (x86)\Microsoft SQL Server\150\DTS\Binn\;C:\Program Files\Microsoft SQL Server\Client SDK\ODBC\130\Tools\Binn\;C:\Program Files (x86)\Microsoft SQL Server\140\Tools\Binn\;C:\Program Files\Microsoft SQL Server\140\Tools\Binn\;C:\Program Files\Microsoft SQL Server\140\DTS\Binn\;C:\Program Files\nodejs\;C:\Program Files\Go\bin;C:\Program Files\Docker\Docker\resources\bin;C:\Program Files\PuTTY\;C:\Program Files\Java\jdk-21\bin;C:\Users\DELL\.cargo\bin;C:\Program Files\MySQL\MySQL Shell 8.0\bin\;C:\Users\DELL\AppData\Local\Programs\Python\Python312\Scripts\;C:\Users\DELL\AppData\Local\Programs\Python\Python312\;C:\Users\DELL\AppData\Local\Microsoft\WindowsApps;C:\Program Files\JetBrains\IntelliJ IDEA 2023.3.2\bin;;C:\Users\DELL\AppData\Local\Programs\Microsoft VS Code\bin;C:\Users\DELL\AppData\Roaming\npm;C:\Users\DELL\go\bin;C:\Program Files\Java\jdk-21\bin;C:\Program Files\Java\jdk-21\bin;
USERNAME=DELL
OS=Windows_NT
PROCESSOR_IDENTIFIER=Intel64 Family 6 Model 78 Stepping 3, GenuineIntel
TMP=C:\Users\DELL\AppData\Local\Temp
TEMP=C:\Users\DELL\AppData\Local\Temp




Periodic native trim disabled

---------------  S Y S T E M  ---------------

OS:
 Windows 11 , 64 bit Build 22621 (10.0.22621.3958)
OS uptime: 0 days 2:08 hours
Hyper-V role detected

CPU: total 4 (initial active 4) (2 cores per cpu, 2 threads per core) family 6 model 78 stepping 3 microcode 0xf0, cx8, cmov, fxsr, ht, mmx, 3dnowpref, sse, sse2, sse3, ssse3, sse4.1, sse4.2, popcnt, lzcnt, tsc, tscinvbit, avx, avx2, aes, erms, clmul, bmi1, bmi2, rtm, adx, fma, vzeroupper, clflush, clflushopt, hv, rdtscp, f16c
Processor Information for all 4 processors :
  Max Mhz: 2501, Current Mhz: 2200, Mhz Limit: 2175

Memory: 4k page, system-wide physical 8083M (520M free)
TotalPageFile size 19287M (AvailPageFile size 3335M)
current process WorkingSet (physical memory assigned to process): 61M, peak: 61M
current process commit charge ("private bytes"): 208M, peak: 208M

vm_info: Java HotSpot(TM) 64-Bit Server VM (21.0.1+12-LTS-29) for windows-amd64 JRE (21.0.1+12-LTS-29), built on 2023-10-05T13:27:09Z by "mach5one" with MS VC++ 17.1 (VS2022)

END.
