#
# A fatal error has been detected by the Java Runtime Environment:
#
#  EXCEPTION_ACCESS_VIOLATION (0xc0000005) at pc=0x00007ff8c8dc8af9, pid=12236, tid=7860
#
# JRE version: Java(TM) SE Runtime Environment (21.0.1+12) (build 21.0.1+12-LTS-29)
# Java VM: Java HotSpot(TM) 64-Bit Server VM (21.0.1+12-LTS-29, mixed mode, sharing, tiered, compressed oops, compressed class ptrs, g1 gc, windows-amd64)
# Problematic frame:
# V  [jvm.dll+0x358af9]
#
# No core dump will be written. Minidumps are not enabled by default on client versions of Windows
#
# If you would like to submit a bug report, please visit:
#   https://bugreport.java.com/bugreport/crash.jsp
#

---------------  S U M M A R Y ------------

Command Line: -ea -Didea.test.cyclic.buffer.size=1048576 -javaagent:C:\Users\DELL\Desktop\IntelliJ IDEA 2024.2\lib\idea_rt.jar=55387:C:\Users\DELL\Desktop\IntelliJ IDEA 2024.2\bin -Dfile.encoding=UTF-8 -Dsun.stdout.encoding=UTF-8 -Dsun.stderr.encoding=UTF-8 com.intellij.rt.junit.JUnitStarter -ideVersion5 -junit5 africa.semicolon.wallet.userAdapter.UserAdapterTest

Host: Intel(R) Core(TM) i5-6300U CPU @ 2.40GHz, 4 cores, 7G,  Windows 11 , 64 bit Build 22621 (10.0.22621.3958)
Time: Mon Nov  4 08:06:04 2024 W. Central Africa Standard Time elapsed time: 7.868972 seconds (0d 0h 0m 7s)

---------------  T H R E A D  ---------------

Current thread (0x0000018d104f1b00):  WorkerThread "GC Thread#0"    [id=7860, stack(0x00000013c1f00000,0x00000013c2000000) (1024K)]

Stack: [0x00000013c1f00000,0x00000013c2000000],  sp=0x00000013c1fff9f0,  free space=1022k
Native frames: (J=compiled Java code, j=interpreted, Vv=VM code, C=native code)
V  [jvm.dll+0x358af9]
V  [jvm.dll+0x3551fe]
V  [jvm.dll+0x3622cb]
V  [jvm.dll+0x363f69]
V  [jvm.dll+0x36279a]
V  [jvm.dll+0x363be1]
V  [jvm.dll+0x36e023]
V  [jvm.dll+0x36e16b]
V  [jvm.dll+0x881f77]
V  [jvm.dll+0x7fd728]
V  [jvm.dll+0x6c777d]
C  [ucrtbase.dll+0x29333]
C  [KERNEL32.DLL+0x1257d]
C  [ntdll.dll+0x5af08]


siginfo: EXCEPTION_ACCESS_VIOLATION (0xc0000005), reading address 0x0000000000200000


Registers:
RAX=0x0000000000000000, RBX=0x0000018d75387ea0, RCX=0x0000000000000014, RDX=0x0000000000000000
RSP=0x00000013c1fff9f0, RBP=0x00000000000005c7, RSI=0x0000018d104b4550, RDI=0x0000000082f6a1c4
R8 =0x00000000825cf080, R9 =0x0000018d104eeecc, R10=0x0000000000200000, R11=0x0000000000000001
R12=0x0000000000000003, R13=0x0000018d104ad760, R14=0x0000000000000040, R15=0x0000000000000000
RIP=0x00007ff8c8dc8af9, EFLAGS=0x0000000000010246


Register to memory mapping:

RAX=0x0 is null
RBX=0x0000018d75387ea0 points into unknown readable memory: 0x00007ff8c94463e8 | e8 63 44 c9 f8 7f 00 00
RCX=0x0000000000000014 is an unknown value
RDX=0x0 is null
RSP=0x00000013c1fff9f0 points into unknown readable memory: 0x0000018d75380000 | 00 00 38 75 8d 01 00 00
RBP=0x00000000000005c7 is an unknown value
RSI=0x0000018d104b4550 points into unknown readable memory: 0x0000000000000000 | 00 00 00 00 00 00 00 00
RDI=0x0000000082f6a1c4 is pointing into object: org.springframework.util.ConcurrentReferenceHashMap$SoftEntryReference 
{0x0000000082f6a1b0} - klass: 'org/springframework/util/ConcurrentReferenceHashMap$SoftEntryReference'
 - ---- fields (total size 6 words):
 - private 'referent' 'Ljava/lang/Object;' @12  a 'org/springframework/util/ConcurrentReferenceHashMap$Entry'{0x00000000825cf640} (0x825cf640)
 - volatile 'queue' 'Ljava/lang/ref/ReferenceQueue;' @16  a 'java/lang/ref/ReferenceQueue'{0x00000000825cf080} (0x825cf080)
 - volatile 'next' 'Ljava/lang/ref/Reference;' @20  
[error occurred during error reporting (printing register info), id 0xc0000005, EXCEPTION_ACCESS_VIOLATION (0xc0000005) at pc=0x00007ff8c91246bd]
R8 =0x00000000825cf080 is an oop: java.lang.ref.ReferenceQueue 
{0x00000000825cf080} - klass: 'java/lang/ref/ReferenceQueue'
 - ---- fields (total size 4 words):
 - private volatile 'head' 'Ljava/lang/ref/Reference;' @12  null (0x00000000)
 - private 'queueLength' 'J' @16  0 (0x0000000000000000)
 - private final 'lock' 'Ljava/util/concurrent/locks/ReentrantLock;' @24  a 'java/util/concurrent/locks/ReentrantLock'{0x00000000825cf0a0} (0x825cf0a0)
 - private final 'notEmpty' 'Ljava/util/concurrent/locks/Condition;' @28  a 'java/util/concurrent/locks/AbstractQueuedSynchronizer$ConditionObject'{0x00000000825cf0d0} (0x825cf0d0)
R9 =0x0000018d104eeecc points into unknown readable memory: 00 00 00 00
R10=0x0000000000200000 is an unknown value
R11=0x0000000000000001 is an unknown value
R12=0x0000000000000003 is an unknown value
R13=0x0000018d104ad760 points into unknown readable memory: 0x0000000000000002 | 02 00 00 00 00 00 00 00
R14=0x0000000000000040 is an unknown value
R15=0x0 is null

Top of Stack: (sp=0x00000013c1fff9f0)
0x00000013c1fff9f0:   0000018d75380000 0000018d104b0100
0x00000013c1fffa00:   0000018d00000000 0000000000000028
0x00000013c1fffa10:   0000000082060c00 0000000000000006
0x00000013c1fffa20:   00000013c1fffc10 0000000082061208
0x00000013c1fffa30:   00000013c1fffc10 00007ff8c8dc51fe
0x00000013c1fffa40:   0000000082061200 0000018d75387ea0
0x00000013c1fffa50:   000000008205cc00 00000000000000c0
0x00000013c1fffa60:   0000000004ab2350 0000000486ca7ac8
0x00000013c1fffa70:   0000000000000003 00000013c1fffc10
0x00000013c1fffa80:   0000018d1051bcf0 00007ff8c8dd22cb
0x00000013c1fffa90:   0000000000000006 0000018d1051bcf0
0x00000013c1fffaa0:   00000013c1fffc10 00007ff8c9131c7f
0x00000013c1fffab0:   0000000082060c00 00000000000000c0
0x00000013c1fffac0:   00007ff8c9447618 0000000000000000
0x00000013c1fffad0:   0000018d104ada70 0000018d75387ea0
0x00000013c1fffae0:   00000013c1fffc60 00007ff8c92785b7
0x00000013c1fffaf0:   0000018d104ac4e0 0000018d28313320
0x00000013c1fffb00:   0000018d1049b060 00007ff8c8dd3f69
0x00000013c1fffb10:   00000013c1fffb90 00007ff8c8dbbfc2
0x00000013c1fffb20:   0000000000000000 0000018d28313309
0x00000013c1fffb30:   0000000000000000 0000000000000000
0x00000013c1fffb40:   0000018d104ad060 0000000000000010
0x00000013c1fffb50:   0000018d1049b060 00000013c1fffca9
0x00000013c1fffb60:   00000013c1fffc10 00007ff8c8dd279a
0x00000013c1fffb70:   00000000000003d8 0000018d104ac4f0
0x00000013c1fffb80:   0000018d104ac8c8 0000018d1051bcf0
0x00000013c1fffb90:   0000018d75387ea0 0000000004ab0fe6
0x00000013c1fffba0:   0000000486b78cfa 00000013c1fffc68
0x00000013c1fffbb0:   00000013c1fffc78 0000018d72a58900
0x00000013c1fffbc0:   0000018d104ada70 00007ff8c8dd3be1
0x00000013c1fffbd0:   0000000000000004 0000000000000008
0x00000013c1fffbe0:   00007ff8c94436e0 0000000004aaef52 

Instructions: (pc=0x00007ff8c8dc8af9)
0x00007ff8c8dc89f9:   fd ff ff 48 8d 57 fe 48 8b cb e8 98 f3 ff ff e9
0x00007ff8c8dc8a09:   d3 fd ff ff 0f 1f 00 48 8b 73 10 8b ae 80 00 00
0x00007ff8c8dc8a19:   00 8b cd 8b 86 00 01 00 00 2b c8 81 e1 ff ff 01
0x00007ff8c8dc8a29:   00 41 3b ce 0f 86 4b 02 00 00 ff cd 81 e5 ff ff
0x00007ff8c8dc8a39:   01 00 89 ae 80 00 00 00 e8 7a 12 36 00 90 8b d5
0x00007ff8c8dc8a49:   48 8b 86 80 01 00 00 8b cd 48 8b 3c e8 8b 86 00
0x00007ff8c8dc8a59:   01 00 00 2b c8 81 e1 ff ff 01 00 81 f9 ff ff 01
0x00007ff8c8dc8a69:   00 41 0f 44 cf 85 c9 75 3d 90 89 6c 24 50 48 8b
0x00007ff8c8dc8a79:   86 00 01 00 00 48 8b c8 48 c1 e9 20 ff c1 89 4c
0x00007ff8c8dc8a89:   24 54 3b e8 0f 85 d9 01 00 00 48 c1 e1 20 48 0b
0x00007ff8c8dc8a99:   ca f0 48 0f b1 8e 00 01 00 00 0f 85 c3 01 00 00
0x00007ff8c8dc8aa9:   8b 86 00 01 00 00 40 f6 c7 01 0f 84 a7 00 00 00
0x00007ff8c8dc8ab9:   8b 0d a9 14 86 00 48 ff cf 48 8b 43 08 44 8b 17
0x00007ff8c8dc8ac9:   49 d3 e2 8b 88 b0 05 00 00 48 8b 80 a0 05 00 00
0x00007ff8c8dc8ad9:   4c 03 15 80 14 86 00 49 8b d2 48 d3 ea 0f b7 14
0x00007ff8c8dc8ae9:   50 0f b7 c2 66 c1 e8 08 84 c0 0f 88 17 ff ff ff
0x00007ff8c8dc8af9:   4d 8b 02 41 0f b6 c0 24 03 3c 03 75 06 49 83 e0
0x00007ff8c8dc8b09:   fc eb 11 4d 8b c8 48 8b cb 4d 8b c2 e8 26 ed ff
0x00007ff8c8dc8b19:   ff 4c 8b c0 8b 0d 45 14 86 00 49 8b d0 48 2b 15
0x00007ff8c8dc8b29:   33 14 86 00 48 d3 ea 89 17 49 8b d0 8b 0d a5 a2
0x00007ff8c8dc8b39:   8c 00 48 33 d7 48 d3 ea 48 85 d2 0f 84 c6 fe ff
0x00007ff8c8dc8b49:   ff 48 8b 43 08 8b 88 b0 05 00 00 4c 8b 88 a0 05
0x00007ff8c8dc8b59:   00 00 e9 87 00 00 00 40 f6 c7 03 0f 85 f1 00 00
0x00007ff8c8dc8b69:   00 48 8b 43 08 4c 8b 17 49 8b d2 8b 88 b0 05 00
0x00007ff8c8dc8b79:   00 48 8b 80 a0 05 00 00 48 d3 ea 0f b7 14 50 0f
0x00007ff8c8dc8b89:   b7 c2 66 c1 e8 08 84 c0 0f 88 79 fe ff ff 4d 8b
0x00007ff8c8dc8b99:   02 41 0f b6 c0 24 03 3c 03 75 06 49 83 e0 fc eb
0x00007ff8c8dc8ba9:   11 4d 8b c8 48 8b cb 4d 8b c2 e8 88 ec ff ff 4c
0x00007ff8c8dc8bb9:   8b c0 49 8b d0 4c 89 07 8b 0d 19 a2 8c 00 48 33
0x00007ff8c8dc8bc9:   d7 48 d3 ea 48 85 d2 0f 84 3a fe ff ff 48 8b 53
0x00007ff8c8dc8bd9:   08 8b 8a b0 05 00 00 4c 8b 8a a0 05 00 00 48 8b
0x00007ff8c8dc8be9:   c7 48 d3 e8 41 0f b7 14 41 66 c1 ea 08 80 fa fe 


Stack slot to memory mapping:

stack at sp + 0 slots: 0x0000018d75380000 points into unknown readable memory: 0xffffffffffffffff | ff ff ff ff ff ff ff ff
stack at sp + 1 slots: 0x0000018d104b0100 points into unknown readable memory: 0x0000000000000000 | 00 00 00 00 00 00 00 00
stack at sp + 2 slots: 0x0000018d00000000 is an unknown value
stack at sp + 3 slots: 0x0000000000000028 is an unknown value
stack at sp + 4 slots: 0x0000000082060c00 is pointing into object: java.lang.reflect.Method 
{0x0000000082060bf8} - klass: 'java/lang/reflect/Method'
 - ---- fields (total size 11 words):
 - 'override' 'Z' @12  false (0x00)
 - volatile 'accessCheckCache' 'Ljava/lang/Object;' @16  null (0x00000000)
 - private transient 'parameterData' 'Ljava/lang/reflect/Executable$ParameterData;' @20  null (0x00000000)
 - private volatile transient 'declaredAnnotations' 'Ljava/util/Map;' @24  a 'java/util/LinkedHashMap'{0x00000000823d5280} (0x823d5280)
 - private 'callerSensitive' 'B' @13  0 (0x00)
 - private final 'slot' 'I' @28  1 (0x00000001)
 - private final 'modifiers' 'I' @32  4 (0x00000004)
 - private final 'clazz' 'Ljava/lang/Class;' @36  a 'java/lang/Class'{0x00000000820e6018} = 'java/lang/Object' (0x820e6018)
 - private final 'name' 'Ljava/lang/String;' @40  "finalize"{0x0000000082060c50} (0x82060c50)
 - private final 'returnType' 'Ljava/lang/Class;' @44  a 'java/lang/Class'{0x00000000820ec898} = void (0x820ec898)
 - private final 'parameterTypes' '[Ljava/lang/Class;' @48  a 'java/lang/Class'[0] {0x00000000820ec938} (0x820ec938)
 - private final 'exceptionTypes' '[Ljava/lang/Class;' @52  a 'java/lang/Class'[1] {0x0000000082060c80} (0x82060c80)
 - private final transient 'signature' 'Ljava/lang/String;' @56  null (0x00000000)
 - private volatile transient 'genericInfo' 'Lsun/reflect/generics/repository/MethodRepository;' @60  null (0x00000000)
 - private final 'annotations' '[B' @64  [B{0x0000000082060e60} (0x82060e60)
 - private final 'parameterAnnotations' '[B' @68  null (0x00000000)
 - private final 'annotationDefault' '[B' @72  null (0x00000000)
 - private 'methodAccessor' 'Ljdk/internal/reflect/MethodAccessor;' @76  null (0x00000000)
 - private 'root' 'Ljava/lang/reflect/Method;' @80  null (0x00000000)
stack at sp + 5 slots: 0x0000000000000006 is an unknown value
stack at sp + 6 slots: 0x00000013c1fffc10 points into unknown readable memory: 0x00007ff8c94477b0 | b0 77 44 c9 f8 7f 00 00
stack at sp + 7 slots: 0x0000000082061208 is an oop: jdk.internal.module.SystemModuleFinders$SystemModuleReader 
{0x0000000082061208} - klass: 'jdk/internal/module/SystemModuleFinders$SystemModuleReader'
 - ---- fields (total size 3 words):
 - private volatile 'closed' 'Z' @12  false (0x00)
 - private final 'module' 'Ljava/lang/String;' @16  "jdk.jartool"{0x00000000820eddf8} (0x820eddf8)


---------------  P R O C E S S  ---------------

Threads class SMR info:
_java_thread_list=0x0000018d724540f0, length=13, elements={
0x0000018d1049c3e0, 0x0000018d2cd17070, 0x0000018d2cd17f90, 0x0000018d2cd1dd70,
0x0000018d2cd207e0, 0x0000018d2cd21240, 0x0000018d2cd21ca0, 0x0000018d2cd22a30,
0x0000018d2cd2b270, 0x0000018d721d7df0, 0x0000018d722637b0, 0x0000018d72261370,
0x0000018d7494e540
}

Java Threads: ( => current thread )
  0x0000018d1049c3e0 JavaThread "main"                              [_thread_blocked, id=20444, stack(0x00000013c1e00000,0x00000013c1f00000) (1024K)]
  0x0000018d2cd17070 JavaThread "Reference Handler"          daemon [_thread_blocked, id=19544, stack(0x00000013c2600000,0x00000013c2700000) (1024K)]
  0x0000018d2cd17f90 JavaThread "Finalizer"                  daemon [_thread_blocked, id=19596, stack(0x00000013c2700000,0x00000013c2800000) (1024K)]
  0x0000018d2cd1dd70 JavaThread "Signal Dispatcher"          daemon [_thread_blocked, id=20512, stack(0x00000013c2800000,0x00000013c2900000) (1024K)]
  0x0000018d2cd207e0 JavaThread "Attach Listener"            daemon [_thread_blocked, id=7552, stack(0x00000013c2900000,0x00000013c2a00000) (1024K)]
  0x0000018d2cd21240 JavaThread "Service Thread"             daemon [_thread_blocked, id=16864, stack(0x00000013c2a00000,0x00000013c2b00000) (1024K)]
  0x0000018d2cd21ca0 JavaThread "Monitor Deflation Thread"   daemon [_thread_blocked, id=5972, stack(0x00000013c2b00000,0x00000013c2c00000) (1024K)]
  0x0000018d2cd22a30 JavaThread "C2 CompilerThread0"         daemon [_thread_blocked, id=19124, stack(0x00000013c2c00000,0x00000013c2d00000) (1024K)]
  0x0000018d2cd2b270 JavaThread "C1 CompilerThread0"         daemon [_thread_blocked, id=5252, stack(0x00000013c2d00000,0x00000013c2e00000) (1024K)]
  0x0000018d721d7df0 JavaThread "Common-Cleaner"             daemon [_thread_blocked, id=17676, stack(0x00000013c2e00000,0x00000013c2f00000) (1024K)]
  0x0000018d722637b0 JavaThread "Monitor Ctrl-Break"         daemon [_thread_in_native, id=6456, stack(0x00000013c2f00000,0x00000013c3000000) (1024K)]
  0x0000018d72261370 JavaThread "Notification Thread"        daemon [_thread_blocked, id=10380, stack(0x00000013c3000000,0x00000013c3100000) (1024K)]
  0x0000018d7494e540 JavaThread "background-preinit"                [_thread_blocked, id=3784, stack(0x00000013c3100000,0x00000013c3200000) (1024K)]
Total: 13

Other Threads:
  0x0000018d2cd005b0 VMThread "VM Thread"                           [id=11304, stack(0x00000013c2500000,0x00000013c2600000) (1024K)]
  0x0000018d2cce7420 WatcherThread "VM Periodic Task Thread"        [id=19372, stack(0x00000013c2400000,0x00000013c2500000) (1024K)]
=>0x0000018d104f1b00 WorkerThread "GC Thread#0"                     [id=7860, stack(0x00000013c1f00000,0x00000013c2000000) (1024K)]
  0x0000018d72a66160 WorkerThread "GC Thread#1"                     [id=18852, stack(0x00000013c3200000,0x00000013c3300000) (1024K)]
  0x0000018d72a66500 WorkerThread "GC Thread#2"                     [id=12112, stack(0x00000013c3300000,0x00000013c3400000) (1024K)]
  0x0000018d72a899a0 WorkerThread "GC Thread#3"                     [id=16804, stack(0x00000013c3400000,0x00000013c3500000) (1024K)]
  0x0000018d105027a0 ConcurrentGCThread "G1 Main Marker"            [id=9724, stack(0x00000013c2000000,0x00000013c2100000) (1024K)]
  0x0000018d10504460 WorkerThread "G1 Conc#0"                       [id=18512, stack(0x00000013c2100000,0x00000013c2200000) (1024K)]
  0x0000018d2cbaab30 ConcurrentGCThread "G1 Refine#0"               [id=17076, stack(0x00000013c2200000,0x00000013c2300000) (1024K)]
  0x0000018d2cbab6a0 ConcurrentGCThread "G1 Service"                [id=3920, stack(0x00000013c2300000,0x00000013c2400000) (1024K)]
Total: 10

Threads with active compile tasks:
Total: 0

VM state: at safepoint (normal execution)

VM Mutex/Monitor currently owned by a thread:  ([mutex/lock_event])
[0x00007ff8c96aa5f8] Threads_lock - owner thread: 0x0000018d2cd005b0
[0x00007ff8c96aa6f8] Heap_lock - owner thread: 0x0000018d1049c3e0

Heap address: 0x0000000081a00000, size: 2022 MB, Compressed Oops mode: 32-bit

CDS archive(s) mapped at: [0x0000018d2d000000-0x0000018d2dc90000-0x0000018d2dc90000), size 13172736, SharedBaseAddress: 0x0000018d2d000000, ArchiveRelocationMode: 1.
Compressed class space mapped at: 0x0000018d2e000000-0x0000018d6e000000, reserved size: 1073741824
Narrow klass base: 0x0000018d2d000000, Narrow klass shift: 0, Narrow klass range: 0x100000000

GC Precious Log:
 CardTable entry size: 512
 Card Set container configuration: InlinePtr #cards 5 size 8 Array Of Cards #cards 12 size 40 Howl #buckets 4 coarsen threshold 1843 Howl Bitmap #cards 512 size 80 coarsen threshold 460 Card regions per heap region 1 cards per card region 2048
 CPUs: 4 total, 4 available
 Memory: 8083M
 Large Page Support: Disabled
 NUMA Support: Disabled
 Compressed Oops: Enabled (32-bit)
 Heap Region Size: 1M
 Heap Min Capacity: 8M
 Heap Initial Capacity: 128M
 Heap Max Capacity: 2022M
 Pre-touch: Disabled
 Parallel Workers: 4
 Concurrent Workers: 1
 Concurrent Refinement Workers: 4
 Periodic GC: Disabled

Heap:
 garbage-first heap   total 58368K, used 43871K [0x0000000081a00000, 0x0000000100000000)
  region size 1024K, 31 young (31744K), 3 survivors (3072K)
 Metaspace       used 25952K, committed 26240K, reserved 1114112K
  class space    used 3341K, committed 3456K, reserved 1048576K

Heap Regions: E=young(eden), S=young(survivor), O=old, HS=humongous(starts), HC=humongous(continues), CS=collection set, F=free, TAMS=top-at-mark-start, PB=parsable bottom
|   0|0x0000000081a00000, 0x0000000081b00000, 0x0000000081b00000|100%|HS|  |TAMS 0x0000000081a00000| PB 0x0000000081a00000| Complete 
|   1|0x0000000081b00000, 0x0000000081c00000, 0x0000000081c00000|100%| O|  |TAMS 0x0000000081b00000| PB 0x0000000081b00000| Untracked 
|   2|0x0000000081c00000, 0x0000000081d00000, 0x0000000081d00000|100%| O|  |TAMS 0x0000000081c00000| PB 0x0000000081c00000| Untracked 
|   3|0x0000000081d00000, 0x0000000081e00000, 0x0000000081e00000|100%| O|  |TAMS 0x0000000081d00000| PB 0x0000000081d00000| Untracked 
|   4|0x0000000081e00000, 0x0000000081f00000, 0x0000000081f00000|100%| O|  |TAMS 0x0000000081e00000| PB 0x0000000081e00000| Untracked 
|   5|0x0000000081f00000, 0x0000000082000000, 0x0000000082000000|100%| O|  |TAMS 0x0000000081f00000| PB 0x0000000081f00000| Untracked 
|   6|0x0000000082000000, 0x0000000082100000, 0x0000000082100000|100%| O|  |TAMS 0x0000000082000000| PB 0x0000000082000000| Untracked 
|   7|0x0000000082100000, 0x0000000082200000, 0x0000000082200000|100%| O|  |TAMS 0x0000000082100000| PB 0x0000000082100000| Untracked 
|   8|0x0000000082200000, 0x00000000822d7f28, 0x0000000082300000| 84%| O|Cm|TAMS 0x0000000082200000| PB 0x0000000082200000| Complete 
|   9|0x0000000082300000, 0x0000000082400000, 0x0000000082400000|100%| O|  |TAMS 0x0000000082300000| PB 0x0000000082300000| Untracked 
|  10|0x0000000082400000, 0x0000000082500000, 0x0000000082500000|100%| O|  |TAMS 0x0000000082400000| PB 0x0000000082400000| Untracked 
|  11|0x0000000082500000, 0x0000000082600000, 0x0000000082600000|100%| O|  |TAMS 0x0000000082500000| PB 0x0000000082500000| Untracked 
|  12|0x0000000082600000, 0x0000000082700000, 0x0000000082700000|100%| O|  |TAMS 0x0000000082600000| PB 0x0000000082600000| Untracked 
|  13|0x0000000082700000, 0x0000000082800000, 0x0000000082800000|100%| O|  |TAMS 0x0000000082700000| PB 0x0000000082700000| Untracked 
|  14|0x0000000082800000, 0x000000008288b400, 0x0000000082900000| 54%| O|  |TAMS 0x0000000082800000| PB 0x0000000082800000| Untracked 
|  15|0x0000000082900000, 0x0000000082900000, 0x0000000082a00000|  0%| F|  |TAMS 0x0000000082900000| PB 0x0000000082900000| Untracked 
|  16|0x0000000082a00000, 0x0000000082a00000, 0x0000000082b00000|  0%| F|  |TAMS 0x0000000082a00000| PB 0x0000000082a00000| Untracked 
|  17|0x0000000082b00000, 0x0000000082b00000, 0x0000000082c00000|  0%| F|  |TAMS 0x0000000082b00000| PB 0x0000000082b00000| Untracked 
|  18|0x0000000082c00000, 0x0000000082c00000, 0x0000000082d00000|  0%| F|  |TAMS 0x0000000082c00000| PB 0x0000000082c00000| Untracked 
|  19|0x0000000082d00000, 0x0000000082d00000, 0x0000000082e00000|  0%| F|  |TAMS 0x0000000082d00000| PB 0x0000000082d00000| Untracked 
|  20|0x0000000082e00000, 0x0000000082f00000, 0x0000000082f00000|100%| S|  |TAMS 0x0000000082e00000| PB 0x0000000082e00000| Complete 
|  21|0x0000000082f00000, 0x0000000083000000, 0x0000000083000000|100%| S|  |TAMS 0x0000000082f00000| PB 0x0000000082f00000| Complete 
|  22|0x0000000083000000, 0x0000000083100000, 0x0000000083100000|100%| S|  |TAMS 0x0000000083000000| PB 0x0000000083000000| Complete 
|  23|0x0000000083100000, 0x0000000083200000, 0x0000000083200000|100%| E|CS|TAMS 0x0000000083100000| PB 0x0000000083100000| Complete 
|  24|0x0000000083200000, 0x0000000083300000, 0x0000000083300000|100%| E|CS|TAMS 0x0000000083200000| PB 0x0000000083200000| Complete 
|  25|0x0000000083300000, 0x0000000083400000, 0x0000000083400000|100%| E|CS|TAMS 0x0000000083300000| PB 0x0000000083300000| Complete 
|  26|0x0000000083400000, 0x0000000083500000, 0x0000000083500000|100%| E|CS|TAMS 0x0000000083400000| PB 0x0000000083400000| Complete 
|  27|0x0000000083500000, 0x0000000083600000, 0x0000000083600000|100%| E|CS|TAMS 0x0000000083500000| PB 0x0000000083500000| Complete 
|  28|0x0000000083600000, 0x0000000083700000, 0x0000000083700000|100%| E|CS|TAMS 0x0000000083600000| PB 0x0000000083600000| Complete 
|  29|0x0000000083700000, 0x0000000083800000, 0x0000000083800000|100%| E|CS|TAMS 0x0000000083700000| PB 0x0000000083700000| Complete 
|  30|0x0000000083800000, 0x0000000083900000, 0x0000000083900000|100%| E|CS|TAMS 0x0000000083800000| PB 0x0000000083800000| Complete 
|  31|0x0000000083900000, 0x0000000083a00000, 0x0000000083a00000|100%| E|CS|TAMS 0x0000000083900000| PB 0x0000000083900000| Complete 
|  32|0x0000000083a00000, 0x0000000083b00000, 0x0000000083b00000|100%| E|CS|TAMS 0x0000000083a00000| PB 0x0000000083a00000| Complete 
|  33|0x0000000083b00000, 0x0000000083c00000, 0x0000000083c00000|100%| E|CS|TAMS 0x0000000083b00000| PB 0x0000000083b00000| Complete 
|  34|0x0000000083c00000, 0x0000000083d00000, 0x0000000083d00000|100%| E|CS|TAMS 0x0000000083c00000| PB 0x0000000083c00000| Complete 
|  35|0x0000000083d00000, 0x0000000083e00000, 0x0000000083e00000|100%| E|CS|TAMS 0x0000000083d00000| PB 0x0000000083d00000| Complete 
|  36|0x0000000083e00000, 0x0000000083f00000, 0x0000000083f00000|100%| E|CS|TAMS 0x0000000083e00000| PB 0x0000000083e00000| Complete 
|  37|0x0000000083f00000, 0x0000000084000000, 0x0000000084000000|100%| E|CS|TAMS 0x0000000083f00000| PB 0x0000000083f00000| Complete 
|  38|0x0000000084000000, 0x0000000084100000, 0x0000000084100000|100%| E|CS|TAMS 0x0000000084000000| PB 0x0000000084000000| Complete 
|  39|0x0000000084100000, 0x0000000084200000, 0x0000000084200000|100%| E|CS|TAMS 0x0000000084100000| PB 0x0000000084100000| Complete 
|  40|0x0000000084200000, 0x0000000084300000, 0x0000000084300000|100%| E|CS|TAMS 0x0000000084200000| PB 0x0000000084200000| Complete 
|  41|0x0000000084300000, 0x0000000084400000, 0x0000000084400000|100%| E|CS|TAMS 0x0000000084300000| PB 0x0000000084300000| Complete 
|  42|0x0000000084400000, 0x0000000084500000, 0x0000000084500000|100%| E|CS|TAMS 0x0000000084400000| PB 0x0000000084400000| Complete 
|  43|0x0000000084500000, 0x0000000084600000, 0x0000000084600000|100%| E|CS|TAMS 0x0000000084500000| PB 0x0000000084500000| Complete 
|  44|0x0000000084600000, 0x0000000084700000, 0x0000000084700000|100%| E|CS|TAMS 0x0000000084600000| PB 0x0000000084600000| Complete 
|  45|0x0000000084700000, 0x0000000084800000, 0x0000000084800000|100%| E|CS|TAMS 0x0000000084700000| PB 0x0000000084700000| Complete 
|  46|0x0000000084800000, 0x0000000084900000, 0x0000000084900000|100%| E|CS|TAMS 0x0000000084800000| PB 0x0000000084800000| Complete 
|  47|0x0000000084900000, 0x0000000084a00000, 0x0000000084a00000|100%| E|CS|TAMS 0x0000000084900000| PB 0x0000000084900000| Complete 
|  48|0x0000000084a00000, 0x0000000084b00000, 0x0000000084b00000|100%| E|CS|TAMS 0x0000000084a00000| PB 0x0000000084a00000| Complete 
|  74|0x0000000086400000, 0x0000000086500000, 0x0000000086500000|100%| E|CS|TAMS 0x0000000086400000| PB 0x0000000086400000| Complete 
|  75|0x0000000086500000, 0x0000000086600000, 0x0000000086600000|100%| E|CS|TAMS 0x0000000086500000| PB 0x0000000086500000| Complete 
|  76|0x0000000086600000, 0x0000000086700000, 0x0000000086700000|100%| E|CS|TAMS 0x0000000086600000| PB 0x0000000086600000| Complete 
|  77|0x0000000086700000, 0x0000000086800000, 0x0000000086800000|100%| E|CS|TAMS 0x0000000086700000| PB 0x0000000086700000| Complete 
|  78|0x0000000086800000, 0x0000000086900000, 0x0000000086900000|100%| E|CS|TAMS 0x0000000086800000| PB 0x0000000086800000| Complete 
|  79|0x0000000086900000, 0x0000000086a00000, 0x0000000086a00000|100%| E|CS|TAMS 0x0000000086900000| PB 0x0000000086900000| Complete 
| 126|0x0000000089800000, 0x0000000089900000, 0x0000000089900000|100%| E|CS|TAMS 0x0000000089800000| PB 0x0000000089800000| Complete 
| 127|0x0000000089900000, 0x0000000089a00000, 0x0000000089a00000|100%| E|CS|TAMS 0x0000000089900000| PB 0x0000000089900000| Complete 

Card table byte_map: [0x0000018d28310000,0x0000018d28710000] _byte_map_base: 0x0000018d27f03000

Marking Bits: (CMBitMap*) 0x0000018d104f2200
 Bits: [0x0000018d28710000, 0x0000018d2a6a8000)

Polling page: 0x0000018d10520000

Metaspace:

Usage:
  Non-class:     22.08 MB used.
      Class:      3.26 MB used.
       Both:     25.34 MB used.

Virtual space:
  Non-class space:       64.00 MB reserved,      22.25 MB ( 35%) committed,  1 nodes.
      Class space:        1.00 GB reserved,       3.38 MB ( <1%) committed,  1 nodes.
             Both:        1.06 GB reserved,      25.62 MB (  2%) committed. 

Chunk freelists:
   Non-Class:  9.33 MB
       Class:  12.56 MB
        Both:  21.89 MB

MaxMetaspaceSize: unlimited
CompressedClassSpaceSize: 1.00 GB
Initial GC threshold: 21.00 MB
Current GC threshold: 35.56 MB
CDS: on
 - commit_granule_bytes: 65536.
 - commit_granule_words: 8192.
 - virtual_space_node_default_size: 8388608.
 - enlarge_chunks_in_place: 1.
 - use_allocation_guard: 0.


Internal statistics:

num_allocs_failed_limit: 3.
num_arena_births: 332.
num_arena_deaths: 0.
num_vsnodes_births: 2.
num_vsnodes_deaths: 0.
num_space_committed: 410.
num_space_uncommitted: 0.
num_chunks_returned_to_freelist: 3.
num_chunks_taken_from_freelist: 1233.
num_chunk_merges: 0.
num_chunk_splits: 839.
num_chunks_enlarged: 631.
num_inconsistent_stats: 0.

CodeHeap 'non-profiled nmethods': size=120000Kb used=1533Kb max_used=1533Kb free=118466Kb
 bounds [0x0000018d203c0000, 0x0000018d20630000, 0x0000018d278f0000]
CodeHeap 'profiled nmethods': size=120000Kb used=6815Kb max_used=6815Kb free=113184Kb
 bounds [0x0000018d188f0000, 0x0000018d18fa0000, 0x0000018d1fe20000]
CodeHeap 'non-nmethods': size=5760Kb used=1459Kb max_used=1527Kb free=4300Kb
 bounds [0x0000018d1fe20000, 0x0000018d20090000, 0x0000018d203c0000]
 total_blobs=3840 nmethods=3298 adapters=445
 compilation: enabled
              stopped_count=0, restarted_count=0
 full_count=0

Compilation events (20 events):
Event: 7.788 Thread 0x0000018d2cd2b270 nmethod 3289 0x0000018d18f93710 code [0x0000018d18f939c0, 0x0000018d18f94368]
Event: 7.790 Thread 0x0000018d2cd2b270 3290       3       org.springframework.util.MultiValueMapAdapter$$Lambda/0x0000018d2e173c88::apply (5 bytes)
Event: 7.790 Thread 0x0000018d2cd2b270 nmethod 3290 0x0000018d18f94790 code [0x0000018d18f94940, 0x0000018d18f94b48]
Event: 7.795 Thread 0x0000018d2cd22a30 nmethod 3263 0x0000018d2053e690 code [0x0000018d2053e880, 0x0000018d2053ee38]
Event: 7.801 Thread 0x0000018d2cd2b270 3291       3       org.springframework.context.annotation.ConfigurationClass::hashCode (13 bytes)
Event: 7.802 Thread 0x0000018d2cd2b270 nmethod 3291 0x0000018d18f94c10 code [0x0000018d18f94de0, 0x0000018d18f95008]
Event: 7.802 Thread 0x0000018d2cd2b270 3292       3       java.util.stream.Collectors::toCollection (22 bytes)
Event: 7.802 Thread 0x0000018d2cd2b270 nmethod 3292 0x0000018d18f95110 code [0x0000018d18f95300, 0x0000018d18f95798]
Event: 7.804 Thread 0x0000018d2cd2b270 3293       3       java.net.URL::<init> (7 bytes)
Event: 7.804 Thread 0x0000018d2cd2b270 nmethod 3293 0x0000018d18f95910 code [0x0000018d18f95ac0, 0x0000018d18f95c78]
Event: 7.816 Thread 0x0000018d2cd2b270 3294       3       java.lang.reflect.Modifier::isAbstract (14 bytes)
Event: 7.816 Thread 0x0000018d2cd2b270 nmethod 3294 0x0000018d18f95d90 code [0x0000018d18f95f20, 0x0000018d18f96070]
Event: 7.818 Thread 0x0000018d2cd2b270 3295       3       org.springframework.core.annotation.MergedAnnotationCollectors$$Lambda/0x0000018d2e30e0f0::accept (15 bytes)
Event: 7.819 Thread 0x0000018d2cd2b270 nmethod 3295 0x0000018d18f96110 code [0x0000018d18f96320, 0x0000018d18f96a30]
Event: 7.819 Thread 0x0000018d2cd2b270 3296       3       java.util.TimSort::sort (229 bytes)
Event: 7.819 Thread 0x0000018d2cd2b270 nmethod 3296 0x0000018d18f96c90 code [0x0000018d18f96ee0, 0x0000018d18f97610]
Event: 7.823 Thread 0x0000018d2cd2b270 3297       1       sun.security.util.KnownOIDs::registerNames (2 bytes)
Event: 7.823 Thread 0x0000018d2cd2b270 nmethod 3297 0x0000018d2053f310 code [0x0000018d2053f4a0, 0x0000018d2053f568]
Event: 7.827 Thread 0x0000018d2cd2b270 3298       3       jdk.internal.reflect.MagicAccessorImpl::<init> (5 bytes)
Event: 7.828 Thread 0x0000018d2cd2b270 nmethod 3298 0x0000018d18f97a10 code [0x0000018d18f97bc0, 0x0000018d18f97d28]

GC Heap History (9 events):
Event: 1.241 GC heap before
{Heap before GC invocations=0 (full 0):
 garbage-first heap   total 131072K, used 14336K [0x0000000081a00000, 0x0000000100000000)
  region size 1024K, 13 young (13312K), 0 survivors (0K)
 Metaspace       used 1996K, committed 2176K, reserved 1114112K
  class space    used 154K, committed 192K, reserved 1048576K
}
Event: 1.249 GC heap after
{Heap after GC invocations=1 (full 0):
 garbage-first heap   total 131072K, used 8874K [0x0000000081a00000, 0x0000000100000000)
  region size 1024K, 2 young (2048K), 2 survivors (2048K)
 Metaspace       used 1996K, committed 2176K, reserved 1114112K
  class space    used 154K, committed 192K, reserved 1048576K
}
Event: 1.999 GC heap before
{Heap before GC invocations=1 (full 0):
 garbage-first heap   total 131072K, used 16042K [0x0000000081a00000, 0x0000000100000000)
  region size 1024K, 10 young (10240K), 2 survivors (2048K)
 Metaspace       used 4045K, committed 4288K, reserved 1114112K
  class space    used 444K, committed 576K, reserved 1048576K
}
Event: 2.007 GC heap after
{Heap after GC invocations=2 (full 0):
 garbage-first heap   total 131072K, used 9608K [0x0000000081a00000, 0x0000000100000000)
  region size 1024K, 1 young (1024K), 1 survivors (1024K)
 Metaspace       used 4045K, committed 4288K, reserved 1114112K
  class space    used 444K, committed 576K, reserved 1048576K
}
Event: 4.146 GC heap before
{Heap before GC invocations=2 (full 0):
 garbage-first heap   total 131072K, used 36232K [0x0000000081a00000, 0x0000000100000000)
  region size 1024K, 28 young (28672K), 1 survivors (1024K)
 Metaspace       used 11587K, committed 11840K, reserved 1114112K
  class space    used 1451K, committed 1536K, reserved 1048576K
}
Event: 4.154 GC heap after
{Heap after GC invocations=3 (full 0):
 garbage-first heap   total 131072K, used 11505K [0x0000000081a00000, 0x0000000100000000)
  region size 1024K, 3 young (3072K), 3 survivors (3072K)
 Metaspace       used 11587K, committed 11840K, reserved 1114112K
  class space    used 1451K, committed 1536K, reserved 1048576K
}
Event: 6.544 GC heap before
{Heap before GC invocations=3 (full 0):
 garbage-first heap   total 131072K, used 55537K [0x0000000081a00000, 0x0000000100000000)
  region size 1024K, 48 young (49152K), 3 survivors (3072K)
 Metaspace       used 21276K, committed 21504K, reserved 1114112K
  class space    used 2766K, committed 2880K, reserved 1048576K
}
Event: 6.563 GC heap after
{Heap after GC invocations=4 (full 0):
 garbage-first heap   total 131072K, used 15199K [0x0000000081a00000, 0x0000000100000000)
  region size 1024K, 6 young (6144K), 6 survivors (6144K)
 Metaspace       used 21276K, committed 21504K, reserved 1114112K
  class space    used 2766K, committed 2880K, reserved 1048576K
}
Event: 7.830 GC heap before
{Heap before GC invocations=5 (full 0):
 garbage-first heap   total 58368K, used 42847K [0x0000000081a00000, 0x0000000100000000)
  region size 1024K, 34 young (34816K), 6 survivors (6144K)
 Metaspace       used 25952K, committed 26240K, reserved 1114112K
  class space    used 3341K, committed 3456K, reserved 1048576K
}

Dll operation events (10 events):
Event: 0.035 Loaded shared library C:\Program Files\Java\jdk-21\bin\java.dll
Event: 0.155 Loaded shared library C:\Program Files\Java\jdk-21\bin\jsvml.dll
Event: 0.503 Loaded shared library C:\Program Files\Java\jdk-21\bin\zip.dll
Event: 0.512 Loaded shared library C:\Program Files\Java\jdk-21\bin\instrument.dll
Event: 0.521 Loaded shared library C:\Program Files\Java\jdk-21\bin\net.dll
Event: 0.527 Loaded shared library C:\Program Files\Java\jdk-21\bin\nio.dll
Event: 0.533 Loaded shared library C:\Program Files\Java\jdk-21\bin\zip.dll
Event: 0.567 Loaded shared library C:\Users\DELL\Desktop\IntelliJ IDEA 2024.2\bin\breakgen64.dll
Event: 0.596 Loaded shared library C:\Program Files\Java\jdk-21\bin\extnet.dll
Event: 1.062 Loaded shared library C:\Program Files\Java\jdk-21\bin\jimage.dll

Deoptimization events (20 events):
Event: 7.643 Thread 0x0000018d7494e540 Uncommon trap: trap_request=0xffffff76 fr.pc=0x0000018d205071b0 relative=0x0000000000000e70
Event: 7.643 Thread 0x0000018d7494e540 Uncommon trap: reason=predicate action=maybe_recompile pc=0x0000018d205071b0 method=java.util.Properties$LineReader.readLine()I @ 209 c2
Event: 7.643 Thread 0x0000018d7494e540 DEOPT PACKING pc=0x0000018d205071b0 sp=0x00000013c31fe2e0
Event: 7.643 Thread 0x0000018d7494e540 DEOPT UNPACKING pc=0x0000018d1fe746a2 sp=0x00000013c31fe280 mode 2
Event: 7.643 Thread 0x0000018d7494e540 Uncommon trap: trap_request=0xffffff45 fr.pc=0x0000018d20505970 relative=0x0000000000000510
Event: 7.643 Thread 0x0000018d7494e540 Uncommon trap: reason=unstable_if action=reinterpret pc=0x0000018d20505970 method=java.util.Properties.loadConvert([CIILjava/lang/StringBuilder;)Ljava/lang/String; @ 26 c2
Event: 7.643 Thread 0x0000018d7494e540 DEOPT PACKING pc=0x0000018d20505970 sp=0x00000013c31fe300
Event: 7.644 Thread 0x0000018d7494e540 DEOPT UNPACKING pc=0x0000018d1fe746a2 sp=0x00000013c31fe298 mode 2
Event: 7.644 Thread 0x0000018d7494e540 DEOPT PACKING pc=0x0000018d18e71909 sp=0x00000013c31fe380
Event: 7.644 Thread 0x0000018d7494e540 DEOPT UNPACKING pc=0x0000018d1fe74e42 sp=0x00000013c31fd838 mode 0
Event: 7.646 Thread 0x0000018d7494e540 Uncommon trap: trap_request=0xffffff45 fr.pc=0x0000018d204a21b0 relative=0x0000000000000350
Event: 7.646 Thread 0x0000018d7494e540 Uncommon trap: reason=unstable_if action=reinterpret pc=0x0000018d204a21b0 method=java.util.LinkedHashMap.get(Ljava/lang/Object;)Ljava/lang/Object; @ 16 c2
Event: 7.646 Thread 0x0000018d7494e540 DEOPT PACKING pc=0x0000018d204a21b0 sp=0x00000013c31fe4c0
Event: 7.646 Thread 0x0000018d7494e540 DEOPT UNPACKING pc=0x0000018d1fe746a2 sp=0x00000013c31fe468 mode 2
Event: 7.704 Thread 0x0000018d7494e540 DEOPT PACKING pc=0x0000018d18f73836 sp=0x00000013c31fde80
Event: 7.704 Thread 0x0000018d7494e540 DEOPT UNPACKING pc=0x0000018d1fe74e42 sp=0x00000013c31fd368 mode 0
Event: 7.708 Thread 0x0000018d7494e540 DEOPT PACKING pc=0x0000018d18f73836 sp=0x00000013c31fde80
Event: 7.708 Thread 0x0000018d7494e540 DEOPT UNPACKING pc=0x0000018d1fe74e42 sp=0x00000013c31fd368 mode 0
Event: 7.725 Thread 0x0000018d7494e540 DEOPT PACKING pc=0x0000018d18f73836 sp=0x00000013c31fe060
Event: 7.725 Thread 0x0000018d7494e540 DEOPT UNPACKING pc=0x0000018d1fe74e42 sp=0x00000013c31fd548 mode 0

Classes loaded (20 events):
Event: 7.796 Loading class sun/security/util/KnownOIDs$1
Event: 7.796 Loading class sun/security/util/KnownOIDs$1 done
Event: 7.796 Loading class sun/security/util/KnownOIDs$2
Event: 7.796 Loading class sun/security/util/KnownOIDs$2 done
Event: 7.797 Loading class sun/security/util/KnownOIDs$3
Event: 7.797 Loading class sun/security/util/KnownOIDs$3 done
Event: 7.799 Loading class sun/security/util/KnownOIDs$4
Event: 7.800 Loading class sun/security/util/KnownOIDs$4 done
Event: 7.801 Loading class sun/security/util/KnownOIDs$5
Event: 7.801 Loading class sun/security/util/KnownOIDs$5 done
Event: 7.801 Loading class sun/security/util/KnownOIDs$6
Event: 7.801 Loading class sun/security/util/KnownOIDs$6 done
Event: 7.801 Loading class sun/security/util/KnownOIDs$7
Event: 7.801 Loading class sun/security/util/KnownOIDs$7 done
Event: 7.801 Loading class sun/security/util/KnownOIDs$8
Event: 7.801 Loading class sun/security/util/KnownOIDs$8 done
Event: 7.802 Loading class sun/security/util/KnownOIDs$9
Event: 7.802 Loading class sun/security/util/KnownOIDs$9 done
Event: 7.802 Loading class sun/security/util/KnownOIDs$10
Event: 7.802 Loading class sun/security/util/KnownOIDs$10 done

Classes unloaded (0 events):
No events

Classes redefined (0 events):
No events

Internal exceptions (20 events):
Event: 4.328 Thread 0x0000018d1049c3e0 Exception <a 'sun/nio/fs/WindowsException'{0x00000000898b0ed8}> (0x00000000898b0ed8) 
thrown [s\open\src\hotspot\share\prims\jni.cpp, line 520]
Event: 4.481 Thread 0x0000018d1049c3e0 Exception <a 'java/lang/NoSuchMethodError'{0x000000008968d958}: 'java.lang.Object java.lang.invoke.DirectMethodHandle$Holder.invokeSpecial(java.lang.Object, java.lang.Object, java.lang.Object, java.lang.Object, java.lang.Object, java.lang.Object, int)'> (0x000000008968d958) 
thrown [s\open\src\hotspot\share\interpreter\linkResolver.cpp, line 773]
Event: 4.482 Thread 0x0000018d1049c3e0 Exception <a 'java/lang/NoSuchMethodError'{0x00000000896973c0}: 'java.lang.Object java.lang.invoke.DirectMethodHandle$Holder.newInvokeSpecial(java.lang.Object, java.lang.Object, java.lang.Object, java.lang.Object, java.lang.Object, java.lang.Object, int)'> (0x00000000896973c0) 
thrown [s\open\src\hotspot\share\interpreter\linkResolver.cpp, line 773]
Event: 4.484 Thread 0x0000018d1049c3e0 Exception <a 'java/lang/NoSuchMethodError'{0x000000008969bed0}: 'java.lang.Object java.lang.invoke.DirectMethodHandle$Holder.invokeSpecial(java.lang.Object, java.lang.Object, java.lang.Object, java.lang.Object, java.lang.Object, java.lang.Object, java.lang.Object, int)'> (0x000000008969bed0) 
thrown [s\open\src\hotspot\share\interpreter\linkResolver.cpp, line 773]
Event: 4.574 Thread 0x0000018d1049c3e0 Exception <a 'java/lang/NoSuchMethodError'{0x00000000895f31f0}: 'void java.lang.invoke.DirectMethodHandle$Holder.invokeStatic(java.lang.Object, java.lang.Object, java.lang.Object, java.lang.Object, java.lang.Object, java.lang.Object)'> (0x00000000895f31f0) 
thrown [s\open\src\hotspot\share\interpreter\linkResolver.cpp, line 773]
Event: 4.878 Thread 0x0000018d1049c3e0 Exception <a 'java/lang/NoSuchMethodError'{0x0000000089195568}: 'java.lang.Object java.lang.invoke.DirectMethodHandle$Holder.invokeSpecial(java.lang.Object, java.lang.Object, java.lang.Object, int, java.lang.Object)'> (0x0000000089195568) 
thrown [s\open\src\hotspot\share\interpreter\linkResolver.cpp, line 773]
Event: 4.880 Thread 0x0000018d1049c3e0 Exception <a 'java/lang/NoSuchMethodError'{0x000000008919ce88}: 'java.lang.Object java.lang.invoke.DirectMethodHandle$Holder.newInvokeSpecial(java.lang.Object, java.lang.Object, java.lang.Object, int, java.lang.Object)'> (0x000000008919ce88) 
thrown [s\open\src\hotspot\share\interpreter\linkResolver.cpp, line 773]
Event: 4.881 Thread 0x0000018d1049c3e0 Exception <a 'java/lang/NoSuchMethodError'{0x00000000891a44d0}: 'java.lang.Object java.lang.invoke.Invokers$Holder.linkToTargetMethod(java.lang.Object, java.lang.Object, int, java.lang.Object, java.lang.Object)'> (0x00000000891a44d0) 
thrown [s\open\src\hotspot\share\interpreter\linkResolver.cpp, line 773]
Event: 4.884 Thread 0x0000018d1049c3e0 Exception <a 'java/lang/NoSuchMethodError'{0x00000000891b2c48}: 'java.lang.Object java.lang.invoke.DirectMethodHandle$Holder.newInvokeSpecial(java.lang.Object, int, java.lang.Object)'> (0x00000000891b2c48) 
thrown [s\open\src\hotspot\share\interpreter\linkResolver.cpp, line 773]
Event: 5.018 Thread 0x0000018d1049c3e0 Exception <a 'java/lang/NoSuchMethodError'{0x0000000088f5ead8}: 'java.lang.Object java.lang.invoke.DirectMethodHandle$Holder.invokeStatic(java.lang.Object, long, java.lang.Object)'> (0x0000000088f5ead8) 
thrown [s\open\src\hotspot\share\interpreter\linkResolver.cpp, line 773]
Event: 5.019 Thread 0x0000018d1049c3e0 Exception <a 'java/lang/NoSuchMethodError'{0x0000000088f62690}: 'java.lang.Object java.lang.invoke.DirectMethodHandle$Holder.invokeStaticInit(java.lang.Object, long, java.lang.Object)'> (0x0000000088f62690) 
thrown [s\open\src\hotspot\share\interpreter\linkResolver.cpp, line 773]
Event: 5.020 Thread 0x0000018d1049c3e0 Exception <a 'java/lang/NoSuchMethodError'{0x0000000088f68390}: 'java.lang.Object java.lang.invoke.DirectMethodHandle$Holder.newInvokeSpecial(java.lang.Object, long)'> (0x0000000088f68390) 
thrown [s\open\src\hotspot\share\interpreter\linkResolver.cpp, line 773]
Event: 5.215 Thread 0x0000018d1049c3e0 Exception <a 'java/lang/IncompatibleClassChangeError'{0x0000000088d57b58}: Found class java.lang.Object, but interface was expected> (0x0000000088d57b58) 
thrown [s\open\src\hotspot\share\interpreter\linkResolver.cpp, line 840]
Event: 5.234 Thread 0x0000018d1049c3e0 Exception <a 'java/lang/NoSuchMethodError'{0x0000000088d74528}: 'java.lang.Object java.lang.invoke.DirectMethodHandle$Holder.invokeStatic(java.lang.Object, int, java.lang.Object)'> (0x0000000088d74528) 
thrown [s\open\src\hotspot\share\interpreter\linkResolver.cpp, line 773]
Event: 5.235 Thread 0x0000018d1049c3e0 Exception <a 'java/lang/NoSuchMethodError'{0x0000000088dd5a50}: 'java.lang.Object java.lang.invoke.DirectMethodHandle$Holder.invokeStaticInit(java.lang.Object, int, java.lang.Object)'> (0x0000000088dd5a50) 
thrown [s\open\src\hotspot\share\interpreter\linkResolver.cpp, line 773]
Event: 7.569 Thread 0x0000018d7494e540 Exception <a 'java/lang/NoSuchMethodError'{0x00000000836c3c68}: 'long java.lang.invoke.DirectMethodHandle$Holder.invokeStatic(java.lang.Object, java.lang.Object)'> (0x00000000836c3c68) 
thrown [s\open\src\hotspot\share\interpreter\linkResolver.cpp, line 773]
Event: 7.570 Thread 0x0000018d7494e540 Exception <a 'java/lang/NoSuchMethodError'{0x00000000836c6d20}: 'long java.lang.invoke.DirectMethodHandle$Holder.invokeStaticInit(java.lang.Object, java.lang.Object)'> (0x00000000836c6d20) 
thrown [s\open\src\hotspot\share\interpreter\linkResolver.cpp, line 773]
Event: 7.574 Thread 0x0000018d7494e540 Exception <a 'java/lang/NoSuchMethodError'{0x00000000836d2bb8}: 'long java.lang.invoke.DirectMethodHandle$Holder.invokeInterface(java.lang.Object, java.lang.Object)'> (0x00000000836d2bb8) 
thrown [s\open\src\hotspot\share\interpreter\linkResolver.cpp, line 773]
Event: 7.574 Thread 0x0000018d7494e540 Exception <a 'java/lang/IncompatibleClassChangeError'{0x00000000836d5bb8}: Found class java.lang.Object, but interface was expected> (0x00000000836d5bb8) 
thrown [s\open\src\hotspot\share\interpreter\linkResolver.cpp, line 840]
Event: 7.596 Thread 0x0000018d7494e540 Exception <a 'java/lang/NoSuchMethodError'{0x00000000836ec340}: 'java.lang.Object java.lang.invoke.DirectMethodHandle$Holder.invokeVirtual(java.lang.Object, java.lang.Object, java.lang.Object, java.lang.Object)'> (0x00000000836ec340) 
thrown [s\open\src\hotspot\share\interpreter\linkResolver.cpp, line 773]

ZGC Phase Switch (0 events):
No events

VM Operations (20 events):
Event: 5.046 Executing VM operation: ICBufferFull done
Event: 5.179 Executing VM operation: HandshakeAllThreads (Deoptimize)
Event: 5.179 Executing VM operation: HandshakeAllThreads (Deoptimize) done
Event: 5.610 Executing VM operation: HandshakeAllThreads (Deoptimize)
Event: 5.610 Executing VM operation: HandshakeAllThreads (Deoptimize) done
Event: 5.769 Executing VM operation: HandshakeAllThreads (Deoptimize)
Event: 5.769 Executing VM operation: HandshakeAllThreads (Deoptimize) done
Event: 6.280 Executing VM operation: ICBufferFull
Event: 6.281 Executing VM operation: ICBufferFull done
Event: 6.544 Executing VM operation: CollectForMetadataAllocation (Metadata GC Threshold)
Event: 6.564 Executing VM operation: CollectForMetadataAllocation (Metadata GC Threshold) done
Event: 6.581 Executing VM operation: G1PauseRemark
Event: 6.611 Executing VM operation: G1PauseRemark done
Event: 6.615 Executing VM operation: G1PauseCleanup
Event: 6.617 Executing VM operation: G1PauseCleanup done
Event: 6.797 Executing VM operation: HandshakeAllThreads (Deoptimize)
Event: 6.797 Executing VM operation: HandshakeAllThreads (Deoptimize) done
Event: 7.661 Executing VM operation: ICBufferFull
Event: 7.661 Executing VM operation: ICBufferFull done
Event: 7.829 Executing VM operation: G1CollectForAllocation (G1 Evacuation Pause)

Events (20 events):
Event: 0.125 Thread 0x0000018d2cd1dd70 Thread added: 0x0000018d2cd1dd70
Event: 0.125 Thread 0x0000018d2cd207e0 Thread added: 0x0000018d2cd207e0
Event: 0.125 Thread 0x0000018d2cd21240 Thread added: 0x0000018d2cd21240
Event: 0.125 Thread 0x0000018d2cd21ca0 Thread added: 0x0000018d2cd21ca0
Event: 0.125 Thread 0x0000018d2cd22a30 Thread added: 0x0000018d2cd22a30
Event: 0.136 Thread 0x0000018d2cd2b270 Thread added: 0x0000018d2cd2b270
Event: 0.452 Thread 0x0000018d721d7df0 Thread added: 0x0000018d721d7df0
Event: 0.568 Thread 0x0000018d722637b0 Thread added: 0x0000018d722637b0
Event: 0.568 Thread 0x0000018d72261370 Thread added: 0x0000018d72261370
Event: 1.096 Thread 0x0000018d728c61f0 Thread added: 0x0000018d728c61f0
Event: 1.802 Thread 0x0000018d728c61f0 Thread exited: 0x0000018d728c61f0
Event: 2.549 Thread 0x0000018d7324fd10 Thread added: 0x0000018d7324fd10
Event: 3.785 Thread 0x0000018d7324fd10 Thread exited: 0x0000018d7324fd10
Event: 4.131 Thread 0x0000018d7350c0f0 Thread added: 0x0000018d7350c0f0
Event: 4.858 Thread 0x0000018d7350c0f0 Thread exited: 0x0000018d7350c0f0
Event: 5.211 Thread 0x0000018d7494e540 Thread added: 0x0000018d7494e540
Event: 6.076 Thread 0x0000018d72be62a0 Thread added: 0x0000018d72be62a0
Event: 6.481 Thread 0x0000018d740f88c0 Thread added: 0x0000018d740f88c0
Event: 6.786 Thread 0x0000018d740f88c0 Thread exited: 0x0000018d740f88c0
Event: 7.601 Thread 0x0000018d72be62a0 Thread exited: 0x0000018d72be62a0


Dynamic libraries:
0x00007ff67e3d0000 - 0x00007ff67e3e0000 	C:\Program Files\Java\jdk-21\bin\java.exe
0x00007ff94c1f0000 - 0x00007ff94c407000 	C:\Windows\SYSTEM32\ntdll.dll
0x00007ff949f20000 - 0x00007ff949fe4000 	C:\Windows\System32\KERNEL32.DLL
0x00007ff949860000 - 0x00007ff949c17000 	C:\Windows\System32\KERNELBASE.dll
0x00007ff949c20000 - 0x00007ff949d31000 	C:\Windows\System32\ucrtbase.dll
0x00007ff944960000 - 0x00007ff944979000 	C:\Program Files\Java\jdk-21\bin\jli.dll
0x00007ff943360000 - 0x00007ff94337b000 	C:\Program Files\Java\jdk-21\bin\VCRUNTIME140.dll
0x00007ff949ff0000 - 0x00007ff94a0a2000 	C:\Windows\System32\ADVAPI32.dll
0x00007ff94b290000 - 0x00007ff94b337000 	C:\Windows\System32\msvcrt.dll
0x00007ff94b450000 - 0x00007ff94b4f8000 	C:\Windows\System32\sechost.dll
0x00007ff949e70000 - 0x00007ff949e98000 	C:\Windows\System32\bcrypt.dll
0x00007ff94ab60000 - 0x00007ff94ac74000 	C:\Windows\System32\RPCRT4.dll
0x00007ff94ac90000 - 0x00007ff94ae3f000 	C:\Windows\System32\USER32.dll
0x00007ff935ae0000 - 0x00007ff935d73000 	C:\Windows\WinSxS\amd64_microsoft.windows.common-controls_6595b64144ccf1df_6.0.22621.3672_none_2713b9d173822955\COMCTL32.dll
0x00007ff949830000 - 0x00007ff949856000 	C:\Windows\System32\win32u.dll
0x00007ff94c0b0000 - 0x00007ff94c0d9000 	C:\Windows\System32\GDI32.dll
0x00007ff949670000 - 0x00007ff949788000 	C:\Windows\System32\gdi32full.dll
0x00007ff949790000 - 0x00007ff94982a000 	C:\Windows\System32\msvcp_win.dll
0x00007ff949070000 - 0x00007ff94907a000 	C:\Windows\SYSTEM32\VERSION.dll
0x00007ff94ae40000 - 0x00007ff94ae71000 	C:\Windows\System32\IMM32.DLL
0x00000000670e0000 - 0x00000000670ec000 	C:\Program Files (x86)\360\Total Security\safemon\SafeWrapper.dll
0x00007ff9188a0000 - 0x00007ff91894c000 	C:\Program Files (x86)\360\Total Security\safemon\libzdtp64.dll
0x00007ff94b690000 - 0x00007ff94bef9000 	C:\Windows\System32\SHELL32.dll
0x00007ff94a0b0000 - 0x00007ff94a10e000 	C:\Windows\System32\SHLWAPI.dll
0x00007ff944a00000 - 0x00007ff944a0c000 	C:\Program Files\Java\jdk-21\bin\vcruntime140_1.dll
0x00007ff9432d0000 - 0x00007ff94335e000 	C:\Program Files\Java\jdk-21\bin\msvcp140.dll
0x00007ff8c8a70000 - 0x00007ff8c9785000 	C:\Program Files\Java\jdk-21\bin\server\jvm.dll
0x00007ff94afe0000 - 0x00007ff94b051000 	C:\Windows\System32\WS2_32.dll
0x00007ff949380000 - 0x00007ff9493cd000 	C:\Windows\SYSTEM32\POWRPROF.dll
0x00007ff93fbe0000 - 0x00007ff93fc14000 	C:\Windows\SYSTEM32\WINMM.dll
0x00007ff9491b0000 - 0x00007ff9491c3000 	C:\Windows\SYSTEM32\UMPDC.dll
0x00007ff9484a0000 - 0x00007ff9484b8000 	C:\Windows\SYSTEM32\kernel.appcore.dll
0x00007ff9432c0000 - 0x00007ff9432ca000 	C:\Program Files\Java\jdk-21\bin\jimage.dll
0x00007ff946910000 - 0x00007ff946b42000 	C:\Windows\SYSTEM32\DBGHELP.DLL
0x00007ff94a7d0000 - 0x00007ff94ab5e000 	C:\Windows\System32\combase.dll
0x00007ff94a210000 - 0x00007ff94a2e7000 	C:\Windows\System32\OLEAUT32.dll
0x00007ff932020000 - 0x00007ff932052000 	C:\Windows\SYSTEM32\dbgcore.DLL
0x00007ff949ea0000 - 0x00007ff949f1b000 	C:\Windows\System32\bcryptPrimitives.dll
0x00007ff943280000 - 0x00007ff94328f000 	C:\Program Files\Java\jdk-21\bin\instrument.dll
0x00007ff943250000 - 0x00007ff94326f000 	C:\Program Files\Java\jdk-21\bin\java.dll
0x00007ff9473b0000 - 0x00007ff947caf000 	C:\Windows\SYSTEM32\windows.storage.dll
0x00007ff947270000 - 0x00007ff9473af000 	C:\Windows\SYSTEM32\wintypes.dll
0x00007ff94a110000 - 0x00007ff94a209000 	C:\Windows\System32\SHCORE.dll
0x00007ff949430000 - 0x00007ff949457000 	C:\Windows\SYSTEM32\profapi.dll
0x00007ff936640000 - 0x00007ff936717000 	C:\Program Files\Java\jdk-21\bin\jsvml.dll
0x00007ff9432a0000 - 0x00007ff9432b8000 	C:\Program Files\Java\jdk-21\bin\zip.dll
0x00007ff943290000 - 0x00007ff9432a0000 	C:\Program Files\Java\jdk-21\bin\net.dll
0x00007ff93f840000 - 0x00007ff93f976000 	C:\Windows\SYSTEM32\WINHTTP.dll
0x00007ff948900000 - 0x00007ff948969000 	C:\Windows\system32\mswsock.dll
0x00007ff943230000 - 0x00007ff943246000 	C:\Program Files\Java\jdk-21\bin\nio.dll
0x00007ff940a70000 - 0x00007ff940a8a000 	C:\Users\DELL\Desktop\IntelliJ IDEA 2024.2\bin\breakgen64.dll
0x00007ff940a60000 - 0x00007ff940a67000 	C:\Program Files\Java\jdk-21\bin\extnet.dll

dbghelp: loaded successfully - version: 4.0.5 - missing functions: none
symbol engine: initialized successfully - sym options: 0x614 - pdb path: .;C:\Program Files\Java\jdk-21\bin;C:\Windows\SYSTEM32;C:\Windows\WinSxS\amd64_microsoft.windows.common-controls_6595b64144ccf1df_6.0.22621.3672_none_2713b9d173822955;C:\Program Files (x86)\360\Total Security\safemon;C:\Program Files\Java\jdk-21\bin\server;C:\Users\DELL\Desktop\IntelliJ IDEA 2024.2\bin

VM Arguments:
jvm_args: -ea -Didea.test.cyclic.buffer.size=1048576 -javaagent:C:\Users\DELL\Desktop\IntelliJ IDEA 2024.2\lib\idea_rt.jar=55387:C:\Users\DELL\Desktop\IntelliJ IDEA 2024.2\bin -Dfile.encoding=UTF-8 -Dsun.stdout.encoding=UTF-8 -Dsun.stderr.encoding=UTF-8 
java_command: com.intellij.rt.junit.JUnitStarter -ideVersion5 -junit5 africa.semicolon.wallet.userAdapter.UserAdapterTest
java_class_path (initial): C:\Users\DELL\.m2\repository\org\junit\platform\junit-platform-launcher\1.10.3\junit-platform-launcher-1.10.3.jar;C:\Users\DELL\Desktop\IntelliJ IDEA 2024.2\lib\idea_rt.jar;C:\Users\DELL\Desktop\IntelliJ IDEA 2024.2\plugins\junit\lib\junit5-rt.jar;C:\Users\DELL\Desktop\IntelliJ IDEA 2024.2\plugins\junit\lib\junit-rt.jar;C:\Users\DELL\Documents\Wallet\target\test-classes;C:\Users\DELL\Documents\Wallet\target\classes;C:\Users\DELL\.m2\repository\org\springframework\boot\spring-boot-starter-data-jdbc\3.3.4\spring-boot-starter-data-jdbc-3.3.4.jar;C:\Users\DELL\.m2\repository\org\springframework\boot\spring-boot-starter-jdbc\3.3.4\spring-boot-starter-jdbc-3.3.4.jar;C:\Users\DELL\.m2\repository\com\zaxxer\HikariCP\5.1.0\HikariCP-5.1.0.jar;C:\Users\DELL\.m2\repository\org\springframework\spring-jdbc\6.1.13\spring-jdbc-6.1.13.jar;C:\Users\DELL\.m2\repository\org\springframework\data\spring-data-jdbc\3.3.4\spring-data-jdbc-3.3.4.jar;C:\Users\DELL\.m2\repository\org\springframework\data\spring-data-relational\3.3.4\spring-data-relational-3.3.4.jar;C:\Users\DELL\.m2\repository\org\springframework\data\spring-data-commons\3.3.4\spring-data-commons-3.3.4.jar;C:\Users\DELL\.m2\repository\org\springframework\spring-tx\6.1.13\spring-tx-6.1.13.jar;C:\Users\DELL\.m2\repository\org\springframework\spring-context\6.1.13\spring-context-6.1.13.jar;C:\Users\DELL\.m2\repository\org\springframework\spring-beans\6.1.13\spring-beans-6.1.13.jar;C:\Users\DELL\.m2\repository\org\slf4j\slf4j-api\2.0.16\slf4j-api-2.0.16.jar;C:\Users\DELL\.m2\repository\org\springframework\boot\spring-boot-starter-data-jpa\3.3.4\spring-boot-starter-data-jpa-3.3.4.jar;C:\Users\DELL\.m2\repository\org\springframework\boot\spring-boot-starter-aop\3.3.4\spring-boot-starter-aop-3.3.4.jar;C:\Users\DELL\.m2\repository\org\springframework\spring-aop\6.1.13\spring-aop-6.1.13.jar;C:\Users\DELL\.m2\repository\org\aspectj\aspectjweaver\1.9.22.1\aspectjweaver-1.9.22.1.jar;C:\Users\DELL\.m2\repository\org\hibernate\orm\hibernate-core\6.5.3.Final\hibernate-core-6.5.3.Final.jar;C:\Users\DELL\.m2\repository\jakarta\persistence\jakarta.persistence-api\3.1.0\jakarta.persistence-api-3.1.0.jar;C:\Users\DELL\.m2\repository\jakarta\transaction\jakarta.transaction-api\2.0.1\jakarta.transaction-api-2.0.1.jar;C:\Users\DELL\.m2\repository\org\hibernate\common\hibernate-commons-annotations\6.0.6.Final\hibernate-commons-annotations-6.0.6.Final.jar;C:\Users\DELL\.m2\repository\io\smallrye\jandex\3.1.2\jandex-3.1.2.jar;C:\Users\DELL\.m2\repository\net\bytebuddy\byte-buddy\1.14.19\byte-buddy-1.14.19.jar;C:\Users\DELL\.m2\repository\org\glassfish\jaxb\jaxb-runtime\4.0.5\jaxb-runtime-4.0.5.jar;C:\Users\DELL\.m2\repository\jakarta\inject\jakarta.inject-api\2.0.1\jakarta.inject-api-2.0.1.jar;C:\Users\DELL\.m2\repository\org\antlr\antlr4-runtime\4.13.0\antlr4-runtime-4.13.0.jar;C:\Users\DELL\.m2\repository\org\springframework\data\spring-data-jpa\3.3.4\spring-data-jpa-3.3.4.jar;C:\Users\DELL\.m2\repository\org\springframework\spring-orm\6.1.13\spring-orm-6.1.13.jar;C:\Users\DELL\.m2\repository\jakarta\annotation\jakarta.annotation-api\2.1.1\jakarta.annotation-api-2.1.1.jar;C:\Users\DELL\.m2\repository\org\springframework\spring-aspects\6.1.13\spring-aspects-6.1.13.jar;C:\Users\DELL\.m2\repository\com\google\code\gson\gson\2.10.1\gson-2.10.1.jar;C:\Users\DELL\.m2\repository\org\springframework\security\spring-security-oauth2-authorization-server\1.3.2\spring-security-oauth2-authorization-server-1.3.2.jar;C:\Users\DELL\.m2\repository\org\springframework\security\spring-security-config\6.3.3\spring-security-config-6.3.3.jar;C:\Users\DELL\.m2\repository\org\springframework\security\spring-security-core\6.3.3\spring-security-core-6.3.3.jar;C:\Users\DELL\.m2\repository\org\springframework\security\spring-security-web\6.3.3\spring-security-web-6.3.3.jar;C:\Users\DELL\.m2\repository\org\springframework\spring-expression\6.1.13\spring-expression-6.1.13.jar;C:\Users\DELL\.m2\repository\org\springframework\security\spring-security-oauth2-core\6.3.3\spring-security-oauth2-core-6.3.3.jar;C:\Users\DELL\.m2\repository\org\springframework\security\spring-security-oauth2-jose\6.3.3\spring-security-oauth2-jose-6.3.3.jar;C:\Users\DELL\.m2\repository\org\springframework\security\spring-security-oauth2-resource-server\6.3.3\spring-security-oauth2-resource-server-6.3.3.jar;C:\Users\DELL\.m2\repository\org\springframework\spring-core\6.1.13\spring-core-6.1.13.jar;C:\Users\DELL\.m2\repository\org\springframework\spring-jcl\6.1.13\spring-jcl-6.1.13.jar;C:\Users\DELL\.m2\repository\com\nimbusds\nimbus-jose-jwt\9.39.3\nimbus-jose-jwt-9.39.3.jar;C:\Users\DELL\.m2\repository\com\fasterxml\jackson\core\jackson-databind\2.17.2\jackson-databind-2.17.2.jar;C:\Users\DELL\.m2\repository\com\paypal\sdk\paypal-core\1.7.2\paypal-core-1.7.2.jar;C:\Users\DELL\.m2\repository\org\keycloak\keycloak-admin-client\26.0.1\keycloak-admin-client-26.0.1.jar;C:\Users\DELL\.m2\repository\org\keycloak\keycloak-client-common-synced\26.0.1\keycloak-client-common-synced-26.0.1.jar;C:\Users\DELL\.m2\repository\org\jboss\logging\commons-logging-jboss-logging\1.0.0.Final\commons-logging-jboss-logging-1.0.0.Final.jar;C:\Users\DELL\.m2\repository\jakarta\activation\jakarta.activation-api\2.1.3\jakarta.activation-api-2.1.3.jar;C:\Users\DELL\.m2\repository\com\fasterxml\jackson\core\jackson-core\2.17.2\jackson-core-2.17.2.jar;C:\Users\DELL\.m2\repository\com\fasterxml\jackson\core\jackson-annotations\2.17.2\jackson-annotations-2.17.2.jar;C:\Users\DELL\.m2\repository\com\fasterxml\jackson\datatype\jackson-datatype-jdk8\2.17.2\jackson-datatype-jdk8-2.17.2.jar;C:\Users\DELL\.m2\repository\com\fasterxml\jackson\datatype\jackson-datatype-jsr310\2.17.2\jackson-datatype-jsr310-2.17.2.jar;C:\Users\DELL\.m2\repository\org\eclipse\microprofile\openapi\microprofile-openapi-api\3.1.1\microprofile-openapi-api-3.1.1.jar;C:\Users\DELL\.m2\repository\org\jboss\resteasy\resteasy-client\6.2.9.Final\resteasy-client-6.2.9.Final.jar;C:\Users\DELL\.m2\repository\org\jboss\resteasy\resteasy-client-api\6.2.9.Final\resteasy-client-api-6.2.9.Final.jar;C:\Users\DELL\.m2\repository\org\jboss\resteasy\resteasy-core-spi\6.2.9.Final\resteasy-core-spi-6.2.9.Final.jar;C:\Users\DELL\.m2\repository\org\jboss\resteasy\resteasy-core\6.2.9.Final\resteasy-core-6.2.9.Final.jar;C:\Users\DELL\.m2\repository\org\jboss\jandex\2.4.5.Final\jandex-2.4.5.Final.jar;C:\Users\DELL\.m2\repository\org\eclipse\angus\angus-activation\2.0.2\angus-activation-2.0.2.jar;C:\Users\DELL\.m2\repository\com\ibm\async\asyncutil\0.1.0\asyncutil-0.1.0.jar;C:\Users\DELL\.m2\repository\jakarta\ws\rs\jakarta.ws.rs-api\3.1.0\jakarta.ws.rs-api-3.1.0.jar;C:\Users\DELL\.m2\repository\org\reactivestreams\reactive-streams\1.0.4\reactive-streams-1.0.4.jar;C:\Users\DELL\.m2\repository\org\jboss\resteasy\resteasy-multipart-provider\6.2.9.Final\resteasy-multipart-provider-6.2.9.Final.jar;C:\Users\DELL\.m2\repository\jakarta\mail\jakarta.mail-api\2.1.3\jakarta.mail-api-2.1.3.jar;C:\Users\DELL\.m2\repository\org\eclipse\angus\angus-mail\2.0.3\angus-mail-2.0.3.jar;C:\Users\DELL\.m2\repository\org\apache\james\apache-mime4j-dom\0.8.11\apache-mime4j-dom-0.8.11.jar;C:\Users\DELL\.m2\repository\org\apache\james\apache-mime4j-core\0.8.11\apache-mime4j-core-0.8.11.jar;C:\Users\DELL\.m2\repository\org\apache\james\apache-mime4j-storage\0.8.11\apache-mime4j-storage-0.8.11.jar;C:\Users\DELL\.m2\repository\commons-io\commons-io\2.11.0\commons-io-2.11.0.jar;C:\Users\DELL\.m2\repository\org\jboss\resteasy\resteasy-jackson2-provider\6.2.9.Final\resteasy-jackson2-provider-6.2.9.Final.jar;C:\Users\DELL\.m2\repository\com\fasterxml\jackson\jakarta\rs\jackson-jakarta-rs-base\2.17.2\jackson-jakarta-rs-base-2.17.2.jar;C:\Users\DELL\.m2\repository\com\fasterxml\jackson\jakarta\rs\jackson-jakarta-rs-json-provider\2.17.2\jackson-jakarta-rs-json-provider-2.17.2.jar;C:\Users\DELL\.m2\repository\com\fasterxml\jackson\module\jackson-module-jakarta-xmlbind-annotations\2.17.2\jackson-module-jakarta-xmlbind-annotations-2.17.2.jar;C:\Users\DELL\.m2\repository\com\github\java-json-tools\json-patch\1.13\json-patch-1.13.jar;C:\Users\DELL\.m2\repository\com\github\java-json-tools\msg-simple\1.2\msg-simple-1.2.jar;C:\Users\DELL\.m2\repository\com\github\java-json-tools\btf\1.3\btf-1.3.jar;C:\Users\DELL\.m2\repository\com\github\java-json-tools\jackson-coreutils\2.0\jackson-coreutils-2.0.jar;C:\Users\DELL\.m2\repository\org\jboss\resteasy\resteasy-jaxb-provider\6.2.9.Final\resteasy-jaxb-provider-6.2.9.Final.jar;C:\Users\DELL\.m2\repository\org\glassfish\jaxb\codemodel\4.0.5\codemodel-4.0.5.jar;C:\Users\DELL\.m2\repository\org\glassfish\jaxb\jaxb-core\4.0.5\jaxb-core-4.0.5.jar;C:\Users\DELL\.m2\repository\org\glassfish\jaxb\jaxb-jxc\4.0.5\jaxb-jxc-4.0.5.jar;C:\Users\DELL\.m2\repository\org\glassfish\jaxb\txw2\4.0.5\txw2-4.0.5.jar;C:\Users\DELL\.m2\repository\org\glassfish\jaxb\jaxb-xjc\4.0.5\jaxb-xjc-4.0.5.jar;C:\Users\DELL\.m2\repository\org\glassfish\jaxb\xsom\4.0.5\xsom-4.0.5.jar;C:\Users\DELL\.m2\repository\com\sun\istack\istack-commons-runtime\4.1.2\istack-commons-runtime-4.1.2.jar;C:\Users\DELL\.m2\repository\com\sun\istack\istack-commons-tools\4.1.2\istack-commons-tools-4.1.2.jar;C:\Users\DELL\.m2\repository\com\sun\xml\bind\external\relaxng-datatype\4.0.3\relaxng-datatype-4.0.3.jar;C:\Users\DELL\.m2\repository\com\sun\xml\bind\external\rngom\4.0.3\rngom-4.0.3.jar;C:\Users\DELL\.m2\repository\org\springframework\boot\spring-boot-starter-web\3.3.4\spring-boot-starter-web-3.3.4.jar;C:\Users\DELL\.m2\repository\org\springframework\boot\spring-boot-starter\3.3.4\spring-boot-starter-3.3.4.jar;C:\Users\DELL\.m2\repository\org\springframework\boot\spring-boot\3.3.4\spring-boot-3.3.4.jar;C:\Users\DELL\.m2\repository\org\springframework\boot\spring-boot-autoconfigure\3.3.4\spring-boot-autoconfigure-3.3.4.jar;C:\Users\DELL\.m2\repository\org\springframework\boot\spring-boot-starter-logging\3.3.4\spring-boot-starter-logging-3.3.4.jar;C:\Users\DELL\.m2\repository\ch\qos\logback\logback-classic\1.5.8\logback-classic-1.5.8.jar;C:\Users\DELL\.m2\repository\ch\qos\logback\logback-core\1.5.8\logback-core-1.5.8.jar;C:\Users\DELL\.m2\repository\org\apache\logging\log4j\log4j-to-slf4j\2.23.1\log4j-to-slf4j-2.23.1.jar;C:\Users\DELL\.m2\repository\org\apache\logging\log4j\log4j-api\2.23.1\log4j-api-2.23.1.jar;C:\Users\DELL\.m2\repository\org\slf4j\jul-to-slf4j\2.0.16\jul-to-slf4j-2.0.16.jar;C:\Users\DELL\.m2\repository\org\yaml\snakeyaml\2.2\snakeyaml-2.2.jar;C:\Users\DELL\.m2\repository\org\springframework\boot\spring-boot-starter-json\3.3.4\spring-boot-starter-json-3.3.4.jar;C:\Users\DELL\.m2\repository\com\fasterxml\jackson\module\jackson-module-parameter-names\2.17.2\jackson-module-parameter-names-2.17.2.jar;C:\Users\DELL\.m2\repository\org\springframework\boot\spring-boot-starter-tomcat\3.3.4\spring-boot-starter-tomcat-3.3.4.jar;C:\Users\DELL\.m2\repository\org\apache\tomcat\embed\tomcat-embed-core\10.1.30\tomcat-embed-core-10.1.30.jar;C:\Users\DELL\.m2\repository\org\apache\tomcat\embed\tomcat-embed-websocket\10.1.30\tomcat-embed-websocket-10.1.30.jar;C:\Users\DELL\.m2\repository\org\springframework\spring-web\6.1.13\spring-web-6.1.13.jar;C:\Users\DELL\.m2\repository\io\micrometer\micrometer-observation\1.13.4\micrometer-observation-1.13.4.jar;C:\Users\DELL\.m2\repository\io\micrometer\micrometer-commons\1.13.4\micrometer-commons-1.13.4.jar;C:\Users\DELL\.m2\repository\org\springframework\spring-webmvc\6.1.13\spring-webmvc-6.1.13.jar;C:\Users\DELL\.m2\repository\org\postgresql\postgresql\42.7.4\postgresql-42.7.4.jar;C:\Users\DELL\.m2\repository\org\checkerframework\checker-qual\3.42.0\checker-qual-3.42.0.jar;C:\Users\DELL\.m2\repository\org\projectlombok\lombok\1.18.34\lombok-1.18.34.jar;C:\Users\DELL\.m2\repository\org\springframework\security\spring-security-crypto\6.3.1\spring-security-crypto-6.3.1.jar;C:\Users\DELL\.m2\repository\org\springframework\boot\spring-boot-starter-validation\3.3.4\spring-boot-starter-validation-3.3.4.jar;C:\Users\DELL\.m2\repository\org\apache\tomcat\embed\tomcat-embed-el\10.1.30\tomcat-embed-el-10.1.30.jar;C:\Users\DELL\.m2\repository\org\mapstruct\mapstruct\1.5.5.Final\mapstruct-1.5.5.Final.jar;C:\Users\DELL\.m2\repository\org\apache\httpcomponents\httpclient\4.5.14\httpclient-4.5.14.jar;C:\Users\DELL\.m2\repository\org\apache\httpcomponents\httpcore\4.4.16\httpcore-4.4.16.jar;C:\Users\DELL\.m2\repository\commons-logging\commons-logging\1.2\commons-logging-1.2.jar;C:\Users\DELL\.m2\repository\commons-codec\commons-codec\1.16.1\commons-codec-1.16.1.jar;C:\Users\DELL\.m2\repository\org\hibernate\validator\hibernate-validator\8.0.1.Final\hibernate-validator-8.0.1.Final.jar;C:\Users\DELL\.m2\repository\jakarta\validation\jakarta.validation-api\3.0.2\jakarta.validation-api-3.0.2.jar;C:\Users\DELL\.m2\repository\org\jboss\logging\jboss-logging\3.5.3.Final\jboss-logging-3.5.3.Final.jar;C:\Users\DELL\.m2\repository\com\fasterxml\classmate\1.7.0\classmate-1.7.0.jar;C:\Users\DELL\.m2\repository\org\glassfish\jakarta.el\4.0.2\jakarta.el-4.0.2.jar;C:\Users\DELL\.m2\repository\jakarta\el\jakarta.el-api\4.0.0\jakarta.el-api-4.0.0.jar;C:\Users\DELL\.m2\repository\org\springframework\boot\spring-boot-starter-test\3.3.4\spring-boot-starter-test-3.3.4.jar;C:\Users\DELL\.m2\repository\org\springframework\boot\spring-boot-test\3.3.4\spring-boot-test-3.3.4.jar;C:\Users\DELL\.m2\repository\org\springframework\boot\spring-boot-test-autoconfigure\3.3.4\spring-boot-test-autoconfigure-3.3.4.jar;C:\Users\DELL\.m2\repository\com\jayway\jsonpath\json-path\2.9.0\json-path-2.9.0.jar;C:\Users\DELL\.m2\repository\jakarta\xml\bind\jakarta.xml.bind-api\4.0.2\jakarta.xml.bind-api-4.0.2.jar;C:\Users\DELL\.m2\repository\net\minidev\json-smart\2.5.1\json-smart-2.5.1.jar;C:\Users\DELL\.m2\repository\net\minidev\accessors-smart\2.5.1\accessors-smart-2.5.1.jar;C:\Users\DELL\.m2\repository\org\ow2\asm\asm\9.6\asm-9.6.jar;C:\Users\DELL\.m2\repository\org\assertj\assertj-core\3.25.3\assertj-core-3.25.3.jar;C:\Users\DELL\.m2\repository\org\awaitility\awaitility\4.2.2\awaitility-4.2.2.jar;C:\Users\DELL\.m2\repository\org\hamcrest\hamcrest\2.2\hamcrest-2.2.jar;C:\Users\DELL\.m2\repository\org\junit\jupiter\junit-jupiter\5.10.3\junit-jupiter-5.10.3.jar;C:\Users\DELL\.m2\repository\org\junit\jupiter\junit-jupiter-api\5.10.3\junit-jupiter-api-5.10.3.jar;C:\Users\DELL\.m2\repository\org\opentest4j\opentest4j\1.3.0\opentest4j-1.3.0.jar;C:\Users\DELL\.m2\repository\org\junit\platform\junit-platform-commons\1.10.3\junit-platform-commons-1.10.3.jar;C:\Users\DELL\.m2\repository\org\apiguardian\apiguardian-api\1.1.2\apiguardian-api-1.1.2.jar;C:\Users\DELL\.m2\repository\org\junit\jupiter\junit-jupiter-params\5.10.3\junit-jupiter-params-5.10.3.jar;C:\Users\DELL\.m2\repository\org\junit\jupiter\junit-jupiter-engine\5.10.3\junit-jupiter-engine-5.10.3.jar;C:\Users\DELL\.m2\repository\org\junit\platform\junit-platform-engine\1.10.3\junit-platform-engine-1.10.3.jar;C:\Users\DELL\.m2\repository\org\mockito\mockito-core\5.11.0\mockito-core-5.11.0.jar;C:\Users\DELL\.m2\repository\net\bytebuddy\byte-buddy-agent\1.14.19\byte-buddy-agent-1.14.19.jar;C:\Users\DELL\.m2\repository\org\objenesis\objenesis\3.3\objenesis-3.3.jar;C:\Users\DELL\.m2\repository\org\mockito\mockito-junit-jupiter\5.11.0\mockito-junit-jupiter-5.11.0.jar;C:\Users\DELL\.m2\repository\org\skyscreamer\jsonassert\1.5.3\jsonassert-1.5.3.jar;C:\Users\DELL\.m2\repository\com\vaadin\external\google\android-json\0.0.20131108.vaadin1\android-json-0.0.20131108.vaadin1.jar;C:\Users\DELL\.m2\repository\org\springframework\spring-test\6.1.13\spring-test-6.1.13.jar;C:\Users\DELL\.m2\repository\org\xmlunit\xmlunit-core\2.9.1\xmlunit-core-2.9.1.jar;C:\Users\DELL\.m2\repository\org\springframework\boot\spring-boot-starter-webflux\3.3.4\spring-boot-starter-webflux-3.3.4.jar;C:\Users\DELL\.m2\repository\org\springframework\boot\spring-boot-starter-reactor-netty\3.3.4\spring-boot-starter-reactor-netty-3.3.4.jar;C:\Users\DELL\.m2\repository\io\projectreactor\netty\reactor-netty-http\1.1.22\reactor-netty-http-1.1.22.jar;C:\Users\DELL\.m2\repository\io\netty\netty-codec-http\4.1.113.Final\netty-codec-http-4.1.113.Final.jar;C:\Users\DELL\.m2\repository\io\netty\netty-common\4.1.113.Final\netty-common-4.1.113.Final.jar;C:\Users\DELL\.m2\repository\io\netty\netty-buffer\4.1.113.Final\netty-buffer-4.1.113.Final.jar;C:\Users\DELL\.m2\repository\io\netty\netty-transport\4.1.113.Final\netty-transport-4.1.113.Final.jar;C:\Users\DELL\.m2\repository\io\netty\netty-codec\4.1.113.Final\netty-codec-4.1.113.Final.jar;C:\Users\DELL\.m2\repository\io\netty\netty-handler\4.1.113.Final\netty-handler-4.1.113.Final.jar;C:\Users\DELL\.m2\repository\io\netty\netty-codec-http2\4.1.113.Final\netty-codec-http2-4.1.113.Final.jar;C:\Users\DELL\.m2\repository\io\netty\netty-resolver-dns\4.1.113.Final\netty-resolver-dns-4.1.113.Final.jar;C:\Users\DELL\.m2\repository\io\netty\netty-resolver\4.1.113.Final\netty-resolver-4.1.113.Final.jar;C:\Users\DELL\.m2\repository\io\netty\netty-codec-dns\4.1.113.Final\netty-codec-dns-4.1.113.Final.jar;C:\Users\DELL\.m2\repository\io\netty\netty-resolver-dns-native-macos\4.1.113.Final\netty-resolver-dns-native-macos-4.1.113.Final-osx-x86_64.jar;C:\Users\DELL\.m2\repository\io\netty\netty-resolver-dns-classes-macos\4.1.113.Final\netty-resolver-dns-classes-macos-4.1.113.Final.jar;C:\Users\DELL\.m2\repository\io\netty\netty-transport-native-epoll\4.1.113.Final\netty-transport-native-epoll-4.1.113.Final-linux-x86_64.jar;C:\Users\DELL\.m2\repository\io\netty\netty-transport-native-unix-common\4.1.113.Final\netty-transport-native-unix-common-4.1.113.Final.jar;C:\Users\DELL\.m2\repository\io\netty\netty-transport-classes-epoll\4.1.113.Final\netty-transport-classes-epoll-4.1.113.Final.jar;C:\Users\DELL\.m2\repository\io\projectreactor\netty\reactor-netty-core\1.1.22\reactor-netty-core-1.1.22.jar;C:\Users\DELL\.m2\repository\io\netty\netty-handler-proxy\4.1.113.Final\netty-handler-proxy-4.1.113.Final.jar;C:\Users\DELL\.m2\repository\io\netty\netty-codec-socks\4.1.113.Final\netty-codec-socks-4.1.113.Final.jar;C:\Users\DELL\.m2\repository\org\springframework\spring-webflux\6.1.13\spring-webflux-6.1.13.jar;C:\Users\DELL\.m2\repository\io\projectreactor\reactor-core\3.6.10\reactor-core-3.6.10.jar
Launcher Type: SUN_STANDARD

[Global flags]
     intx CICompilerCount                          = 3                                         {product} {ergonomic}
     uint ConcGCThreads                            = 1                                         {product} {ergonomic}
     uint G1ConcRefinementThreads                  = 4                                         {product} {ergonomic}
   size_t G1HeapRegionSize                         = 1048576                                   {product} {ergonomic}
    uintx GCDrainStackTargetSize                   = 64                                        {product} {ergonomic}
   size_t InitialHeapSize                          = 134217728                                 {product} {ergonomic}
   size_t MarkStackSize                            = 4194304                                   {product} {ergonomic}
   size_t MaxHeapSize                              = 2120220672                                {product} {ergonomic}
   size_t MaxNewSize                               = 1271922688                                {product} {ergonomic}
   size_t MinHeapDeltaBytes                        = 1048576                                   {product} {ergonomic}
   size_t MinHeapSize                              = 8388608                                   {product} {ergonomic}
    uintx NonNMethodCodeHeapSize                   = 5832780                                {pd product} {ergonomic}
    uintx NonProfiledCodeHeapSize                  = 122912730                              {pd product} {ergonomic}
    uintx ProfiledCodeHeapSize                     = 122912730                              {pd product} {ergonomic}
    uintx ReservedCodeCacheSize                    = 251658240                              {pd product} {ergonomic}
     bool SegmentedCodeCache                       = true                                      {product} {ergonomic}
   size_t SoftMaxHeapSize                          = 2120220672                             {manageable} {ergonomic}
     bool UseCompressedOops                        = true                           {product lp64_product} {ergonomic}
     bool UseG1GC                                  = true                                      {product} {ergonomic}
     bool UseLargePagesIndividualAllocation        = false                                  {pd product} {ergonomic}

Logging:
Log output configuration:
 #0: stdout all=warning uptime,level,tags foldmultilines=false
 #1: stderr all=off uptime,level,tags foldmultilines=false

Environment Variables:
JAVA_HOME=C:\Program Files\Java\jdk-21
PATH=C:\Program Files (x86)\Common Files\Oracle\Java\javapath;C:\Program Files\Common Files\Oracle\Java\javapath;C:\Windows\system32;C:\Windows;C:\Windows\System32\Wbem;C:\Windows\System32\WindowsPowerShell\v1.0\;C:\Windows\System32\OpenSSH\;C:\Program Files\Git\cmd;C:\Program Files (x86)\Microsoft SQL Server\150\DTS\Binn\;C:\Program Files\Microsoft SQL Server\Client SDK\ODBC\130\Tools\Binn\;C:\Program Files (x86)\Microsoft SQL Server\140\Tools\Binn\;C:\Program Files\Microsoft SQL Server\140\Tools\Binn\;C:\Program Files\Microsoft SQL Server\140\DTS\Binn\;C:\Program Files\nodejs\;C:\Program Files\Go\bin;C:\Program Files\Docker\Docker\resources\bin;C:\Program Files\PuTTY\;C:\Program Files\Java\jdk-21\bin;C:\Users\DELL\.cargo\bin;C:\Program Files\MySQL\MySQL Shell 8.0\bin\;C:\Users\DELL\AppData\Local\Programs\Python\Python312\Scripts\;C:\Users\DELL\AppData\Local\Programs\Python\Python312\;C:\Users\DELL\AppData\Local\Microsoft\WindowsApps;C:\Program Files\JetBrains\IntelliJ IDEA 2023.3.2\bin;;C:\Users\DELL\AppData\Local\Programs\Microsoft VS Code\bin;C:\Users\DELL\AppData\Roaming\npm;C:\Users\DELL\go\bin;C:\Program Files\Java\jdk-21\bin;C:\Program Files\Java\jdk-21\bin;
USERNAME=DELL
OS=Windows_NT
PROCESSOR_IDENTIFIER=Intel64 Family 6 Model 78 Stepping 3, GenuineIntel
TMP=C:\Users\DELL\AppData\Local\Temp
TEMP=C:\Users\DELL\AppData\Local\Temp




Periodic native trim disabled

---------------  S Y S T E M  ---------------

OS:
 Windows 11 , 64 bit Build 22621 (10.0.22621.3958)
OS uptime: 0 days 16:58 hours
Hyper-V role detected

CPU: total 4 (initial active 4) (2 cores per cpu, 2 threads per core) family 6 model 78 stepping 3 microcode 0xf0, cx8, cmov, fxsr, ht, mmx, 3dnowpref, sse, sse2, sse3, ssse3, sse4.1, sse4.2, popcnt, lzcnt, tsc, tscinvbit, avx, avx2, aes, erms, clmul, bmi1, bmi2, rtm, adx, fma, vzeroupper, clflush, clflushopt, hv, rdtscp, f16c
Processor Information for processor 0
  Max Mhz: 2501, Current Mhz: 2200, Mhz Limit: 2175
Processor Information for processor 1
  Max Mhz: 2501, Current Mhz: 2200, Mhz Limit: 2175
Processor Information for processor 2
  Max Mhz: 2501, Current Mhz: 1500, Mhz Limit: 2175
Processor Information for processor 3
  Max Mhz: 2501, Current Mhz: 2200, Mhz Limit: 2175

Memory: 4k page, system-wide physical 8083M (433M free)
TotalPageFile size 20315M (AvailPageFile size 3425M)
current process WorkingSet (physical memory assigned to process): 169M, peak: 169M
current process commit charge ("private bytes"): 207M, peak: 256M

vm_info: Java HotSpot(TM) 64-Bit Server VM (21.0.1+12-LTS-29) for windows-amd64 JRE (21.0.1+12-LTS-29), built on 2023-10-05T13:27:09Z by "mach5one" with MS VC++ 17.1 (VS2022)

END.
