#
# A fatal error has been detected by the Java Runtime Environment:
#
#  EXCEPTION_ACCESS_VIOLATION (0xc0000005) at pc=0x00007ff828de4374, pid=5896, tid=5036
#
# JRE version: Java(TM) SE Runtime Environment (21.0.1+12) (build 21.0.1+12-LTS-29)
# Java VM: Java HotSpot(TM) 64-Bit Server VM (21.0.1+12-LTS-29, mixed mode, sharing, tiered, compressed oops, compressed class ptrs, g1 gc, windows-amd64)
# Problematic frame:
# V  [jvm.dll+0x1e4374]
#
# No core dump will be written. Minidumps are not enabled by default on client versions of Windows
#
# If you would like to submit a bug report, please visit:
#   https://bugreport.java.com/bugreport/crash.jsp
#

---------------  S U M M A R Y ------------

Command Line: -ea -Didea.test.cyclic.buffer.size=1048576 -javaagent:C:\Users\DELL\Desktop\IntelliJ IDEA 2024.2\lib\idea_rt.jar=65039:C:\Users\DELL\Desktop\IntelliJ IDEA 2024.2\bin -Dfile.encoding=UTF-8 -Dsun.stdout.encoding=UTF-8 -Dsun.stderr.encoding=UTF-8 com.intellij.rt.junit.JUnitStarter -ideVersion5 -junit5 africa.semicolon.wallet.userService.UserServiceTest,testThatUserCanBeCreated

Host: Intel(R) Core(TM) i5-6300U CPU @ 2.40GHz, 4 cores, 7G,  Windows 11 , 64 bit Build 22621 (10.0.22621.3958)
Time: Mon Oct 28 09:20:38 2024 W. Central Africa Standard Time elapsed time: 2.578250 seconds (0d 0h 0m 2s)

---------------  T H R E A D  ---------------

Current thread (0x0000021ef0845e70):  JavaThread "C2 CompilerThread0" daemon [_thread_in_native, id=5036, stack(0x00000056e9400000,0x00000056e9500000) (1024K)]


Current CompileTask:
C2:   2578 1755       4       java.lang.invoke.MethodType::methodType (69 bytes)

Stack: [0x00000056e9400000,0x00000056e9500000],  sp=0x00000056e94fc7f0,  free space=1009k
Native frames: (J=compiled Java code, j=interpreted, Vv=VM code, C=native code)
V  [jvm.dll+0x1e4374]
V  [jvm.dll+0x1e1ecd]
V  [jvm.dll+0x249c22]
V  [jvm.dll+0x2490b1]
V  [jvm.dll+0x1c9ca1]
V  [jvm.dll+0x2586b9]
V  [jvm.dll+0x256c9a]
V  [jvm.dll+0x3ef1b6]
V  [jvm.dll+0x7fd728]
V  [jvm.dll+0x6c777d]
C  [ucrtbase.dll+0x29333]
C  [KERNEL32.DLL+0x1257d]
C  [ntdll.dll+0x5af08]


siginfo: EXCEPTION_ACCESS_VIOLATION (0xc0000005), reading address 0xffffffffffffffff


Registers:
RAX=0x0000021ef5a9f9d0, RBX=0x0000000000000001, RCX=0x0000000000000005, RDX=0x0000000000000000
RSP=0x00000056e94fc7f0, RBP=0x0000021ef0b25430, RSI=0x00000056e94fcd00, RDI=0xffffffffffffffff
R8 =0x00000000ffffffff, R9 =0x0000000000000001, R10=0x0000000000000008, R11=0x3333333333333333
R12=0x0000000000000001, R13=0x0000000000000001, R14=0x0020021ef0a31fd8, R15=0x00007ff8297b7790
RIP=0x00007ff828de4374, EFLAGS=0x0000000000010293


Register to memory mapping:

RAX=0x0000021ef5a9f9d0 points into unknown readable memory: 0x0000021ef0b253c0 | c0 53 b2 f0 1e 02 00 00
RBX=0x0000000000000001 is an unknown value
RCX=0x0000000000000005 is an unknown value
RDX=0x0 is null
RSP=0x00000056e94fc7f0 is pointing into the stack for thread: 0x0000021ef0845e70
RBP=0x0000021ef0b25430 points into unknown readable memory: 0x00007ff829594fb0 | b0 4f 59 29 f8 7f 00 00
RSI=0x00000056e94fcd00 is pointing into the stack for thread: 0x0000021ef0845e70
RDI=0xffffffffffffffff is an unknown value
R8 =0x00000000ffffffff is an unallocated location in the heap
R9 =0x0000000000000001 is an unknown value
R10=0x0000000000000008 is an unknown value
R11=0x3333333333333333 is an unknown value
R12=0x0000000000000001 is an unknown value
R13=0x0000000000000001 is an unknown value
R14=0x0020021ef0a31fd8 is an unknown value
R15=0x00007ff8297b7790 jvm.dll

Top of Stack: (sp=0x00000056e94fc7f0)
0x00000056e94fc7f0:   000000000000000f 0000021ef57d3e08
0x00000056e94fc800:   000000000000014e 0000021ef0b25430
0x00000056e94fc810:   000000e200000005 00007ff800000001
0x00000056e94fc820:   0000021ef0b25430 0000000000000000
0x00000056e94fc830:   0000000000000000 0000000000000000
0x00000056e94fc840:   00000000000d8dd0 0000021ef0a8ecc0
0x00000056e94fc850:   00000056e94fcde0 0000000000000001
0x00000056e94fc860:   0000021ef0a8ecd0 0000000000000000
0x00000056e94fc870:   0000021ef0a8f0a8 00000056e94fc990
0x00000056e94fc880:   00000056e94fcd00 00007ff828de1ecd
0x00000056e94fc890:   00000056e94fcd00 00000056e94fcd01
0x00000056e94fc8a0:   00000056e94fc900 00000000ffffffff
0x00000056e94fc8b0:   0000000000008d00 000000000000000e
0x00000056e94fc8c0:   0000000000000007 0000021ef0a8ecc0
0x00000056e94fc8d0:   0000021ef67c32e0 0000021ef67c91f0
0x00000056e94fc8e0:   0000021ef67cb2c8 0000000000266170
0x00000056e94fc8f0:   0000021ef0a8ecd0 00007ff8b0651966
0x00000056e94fc900:   0000000000000000 0000000000000000
0x00000056e94fc910:   0000021ef083abc0 0000021e00000000
0x00000056e94fc920:   00000000000085c8 00007ff8295a9680
0x00000056e94fc930:   0000000000000000 0000000000000000
0x00000056e94fc940:   0000000000000000 00007ff8295a9680
0x00000056e94fc950:   0000021ef083ab00 00007ff828cc3e7e
0x00000056e94fc960:   000000000000000c 00000056e94fe1c0
0x00000056e94fc970:   0000021ef6a35540 0000021ef083ab00
0x00000056e94fc980:   0000021ef6afa860 0000021e000013b8
0x00000056e94fc990:   00000056e94fc8c0 0000021ef0a8ecd0
0x00000056e94fc9a0:   00007ff8295a9650 000000000000000d
0x00000056e94fc9b0:   00000056e94fe1c0 00000056e94fcd00
0x00000056e94fc9c0:   0000021e00002346 0000021ef083abc0
0x00000056e94fc9d0:   000000000000000a 00000056e94fe1c0
0x00000056e94fc9e0:   0000021ef6352a80 0000000000000000 

Instructions: (pc=0x00007ff828de4374)
0x00007ff828de4274:   8b ac 24 b8 00 00 00 48 8b 9c 24 c0 00 00 00 4c
0x00007ff828de4284:   8b bc 24 98 00 00 00 48 8d 4c 24 30 e8 3b 55 06
0x00007ff828de4294:   00 48 81 c4 c8 00 00 00 41 5e 41 5d c3 cc cc cc
0x00007ff828de42a4:   cc cc cc cc cc cc cc cc cc cc cc cc 88 54 24 10
0x00007ff828de42b4:   48 89 4c 24 08 53 55 56 57 41 54 41 55 41 56 41
0x00007ff828de42c4:   57 48 83 ec 58 48 8b 41 48 48 8b f1 0f 29 74 24
0x00007ff828de42d4:   40 4c 8b 40 10 49 8b 40 08 4c 8b 40 08 49 8b 40
0x00007ff828de42e4:   08 4c 8b 40 18 48 8b 81 08 01 00 00 49 63 50 28
0x00007ff828de42f4:   8b 0c 90 48 8b 46 70 48 69 d1 b0 00 00 00 48 8b
0x00007ff828de4304:   48 20 f2 0f 10 04 0a f2 0f 58 05 55 55 7c 00 f2
0x00007ff828de4314:   0f 11 04 0a 33 c9 48 8b 46 48 89 4c 24 24 39 48
0x00007ff828de4324:   40 0f 86 c9 05 00 00 f2 0f 10 35 9d 71 7a 00 48
0x00007ff828de4334:   8d 79 ff 44 8d 69 01 0f 1f 44 00 00 48 8b 40 30
0x00007ff828de4344:   48 8b 2c c8 41 8b c5 48 89 6c 24 30 89 44 24 20
0x00007ff828de4354:   83 7d 28 01 0f 86 7f 05 00 00 66 90 3b 45 18 73
0x00007ff828de4364:   0c 8b c8 48 8b 45 20 4c 8b 34 c8 eb 03 45 33 f6
0x00007ff828de4374:   41 8b 46 2c 45 8b e5 24 03 c6 84 24 b0 00 00 00
0x00007ff828de4384:   00 3c 02 75 17 49 8b 06 49 8b ce c6 84 24 b0 00
0x00007ff828de4394:   00 00 01 ff 90 c0 00 00 00 44 8b e0 48 8b 86 08
0x00007ff828de43a4:   01 00 00 49 63 4e 28 8b 14 88 48 8b 46 70 48 69
0x00007ff828de43b4:   da b0 00 00 00 48 03 58 20 85 d2 0f 84 7a 02 00
0x00007ff828de43c4:   00 49 8b 06 49 8b ce ff 50 28 48 8b e8 8b 48 10
0x00007ff828de43d4:   83 f9 21 74 11 83 f9 1e 7e 0c 83 f9 24 7d 07 83
0x00007ff828de43e4:   8b a8 00 00 00 02 41 8b 4e 28 8b c1 c1 e8 05 3b
0x00007ff828de43f4:   46 78 73 56 8b d0 83 e1 1f 48 8b 86 80 00 00 00
0x00007ff828de4404:   8b 04 90 0f a3 c8 73 42 44 8b 83 a8 00 00 00 41
0x00007ff828de4414:   83 c8 20 44 89 83 a8 00 00 00 41 8b 4e 28 8b c1
0x00007ff828de4424:   c1 e8 05 3b 86 98 00 00 00 73 1f 8b d0 83 e1 1f
0x00007ff828de4434:   48 8b 86 a0 00 00 00 8b 04 90 0f a3 c8 73 0b 41
0x00007ff828de4444:   83 c8 40 44 89 83 a8 00 00 00 48 83 7b 18 00 49
0x00007ff828de4454:   8b c6 49 8b ce 48 0f 45 c7 48 89 43 18 49 8b 06
0x00007ff828de4464:   ff 50 78 8b 93 90 00 00 00 4c 8b f8 8b 8b 94 00 


Stack slot to memory mapping:

stack at sp + 0 slots: 0x000000000000000f is an unknown value
stack at sp + 1 slots: 0x0000021ef57d3e08 points into unknown readable memory: 0x00007ff82954e538 | 38 e5 54 29 f8 7f 00 00
stack at sp + 2 slots: 0x000000000000014e is an unknown value
stack at sp + 3 slots: 0x0000021ef0b25430 points into unknown readable memory: 0x00007ff829594fb0 | b0 4f 59 29 f8 7f 00 00
stack at sp + 4 slots: 0x000000e200000005 is an unknown value
stack at sp + 5 slots: 0x00007ff800000001 is an unknown value
stack at sp + 6 slots: 0x0000021ef0b25430 points into unknown readable memory: 0x00007ff829594fb0 | b0 4f 59 29 f8 7f 00 00
stack at sp + 7 slots: 0x0 is null


---------------  P R O C E S S  ---------------

Threads class SMR info:
_java_thread_list=0x0000021ef5ed5570, length=13, elements={
0x0000021ed4778f50, 0x0000021ef08387d0, 0x0000021ef08396f0, 0x0000021ef083dc80,
0x0000021ef08411f0, 0x0000021ef0841ed0, 0x0000021ef0842930, 0x0000021ef0845e70,
0x0000021ef0857e70, 0x0000021ef08069e0, 0x0000021ef0c34320, 0x0000021ef0c34990,
0x0000021ef5f9a1a0
}

Java Threads: ( => current thread )
  0x0000021ed4778f50 JavaThread "main"                              [_thread_in_vm, id=14672, stack(0x00000056e8600000,0x00000056e8700000) (1024K)]
  0x0000021ef08387d0 JavaThread "Reference Handler"          daemon [_thread_blocked, id=2768, stack(0x00000056e8e00000,0x00000056e8f00000) (1024K)]
  0x0000021ef08396f0 JavaThread "Finalizer"                  daemon [_thread_blocked, id=15580, stack(0x00000056e8f00000,0x00000056e9000000) (1024K)]
  0x0000021ef083dc80 JavaThread "Signal Dispatcher"          daemon [_thread_blocked, id=14304, stack(0x00000056e9000000,0x00000056e9100000) (1024K)]
  0x0000021ef08411f0 JavaThread "Attach Listener"            daemon [_thread_blocked, id=3872, stack(0x00000056e9100000,0x00000056e9200000) (1024K)]
  0x0000021ef0841ed0 JavaThread "Service Thread"             daemon [_thread_blocked, id=2972, stack(0x00000056e9200000,0x00000056e9300000) (1024K)]
  0x0000021ef0842930 JavaThread "Monitor Deflation Thread"   daemon [_thread_blocked, id=18004, stack(0x00000056e9300000,0x00000056e9400000) (1024K)]
=>0x0000021ef0845e70 JavaThread "C2 CompilerThread0"         daemon [_thread_in_native, id=5036, stack(0x00000056e9400000,0x00000056e9500000) (1024K)]
  0x0000021ef0857e70 JavaThread "C1 CompilerThread0"         daemon [_thread_blocked, id=17000, stack(0x00000056e9500000,0x00000056e9600000) (1024K)]
  0x0000021ef08069e0 JavaThread "Common-Cleaner"             daemon [_thread_blocked, id=16156, stack(0x00000056e9600000,0x00000056e9700000) (1024K)]
  0x0000021ef0c34320 JavaThread "Monitor Ctrl-Break"         daemon [_thread_in_native, id=15676, stack(0x00000056e9700000,0x00000056e9800000) (1024K)]
  0x0000021ef0c34990 JavaThread "Notification Thread"        daemon [_thread_blocked, id=15612, stack(0x00000056e9800000,0x00000056e9900000) (1024K)]
  0x0000021ef5f9a1a0 JavaThread "C2 CompilerThread1"         daemon [_thread_in_native, id=8224, stack(0x00000056e9900000,0x00000056e9a00000) (1024K)]
Total: 13

Other Threads:
  0x0000021ef081e0d0 VMThread "VM Thread"                           [id=5028, stack(0x00000056e8d00000,0x00000056e8e00000) (1024K)]
  0x0000021ef0805e00 WatcherThread "VM Periodic Task Thread"        [id=12420, stack(0x00000056e8c00000,0x00000056e8d00000) (1024K)]
  0x0000021ed47cd000 WorkerThread "GC Thread#0"                     [id=8756, stack(0x00000056e8700000,0x00000056e8800000) (1024K)]
  0x0000021ef0d173e0 WorkerThread "GC Thread#1"                     [id=15436, stack(0x00000056e9a00000,0x00000056e9b00000) (1024K)]
  0x0000021ef0d17b80 WorkerThread "GC Thread#2"                     [id=17608, stack(0x00000056e9b00000,0x00000056e9c00000) (1024K)]
  0x0000021ef5a31a50 WorkerThread "GC Thread#3"                     [id=18136, stack(0x00000056e9c00000,0x00000056e9d00000) (1024K)]
  0x0000021ed47dfa70 ConcurrentGCThread "G1 Main Marker"            [id=6624, stack(0x00000056e8800000,0x00000056e8900000) (1024K)]
  0x0000021ed47e0d10 WorkerThread "G1 Conc#0"                       [id=18256, stack(0x00000056e8900000,0x00000056e8a00000) (1024K)]
  0x0000021ef06c5390 ConcurrentGCThread "G1 Refine#0"               [id=13680, stack(0x00000056e8a00000,0x00000056e8b00000) (1024K)]
  0x0000021ef06c5f00 ConcurrentGCThread "G1 Service"                [id=6316, stack(0x00000056e8b00000,0x00000056e8c00000) (1024K)]
Total: 10

Threads with active compile tasks:
C2 CompilerThread0     2746 1755       4       java.lang.invoke.MethodType::methodType (69 bytes)
C2 CompilerThread1     2746 1772       4       java.lang.invoke.MethodType::makeImpl (109 bytes)
Total: 2

VM state: not at safepoint (normal execution)

VM Mutex/Monitor currently owned by a thread: None

Heap address: 0x0000000081a00000, size: 2022 MB, Compressed Oops mode: 32-bit

CDS archive(s) mapped at: [0x0000021e80000000-0x0000021e80c90000-0x0000021e80c90000), size 13172736, SharedBaseAddress: 0x0000021e80000000, ArchiveRelocationMode: 1.
Compressed class space mapped at: 0x0000021e81000000-0x0000021ec1000000, reserved size: 1073741824
Narrow klass base: 0x0000021e80000000, Narrow klass shift: 0, Narrow klass range: 0x100000000

GC Precious Log:
 CardTable entry size: 512
 Card Set container configuration: InlinePtr #cards 5 size 8 Array Of Cards #cards 12 size 40 Howl #buckets 4 coarsen threshold 1843 Howl Bitmap #cards 512 size 80 coarsen threshold 460 Card regions per heap region 1 cards per card region 2048
 CPUs: 4 total, 4 available
 Memory: 8083M
 Large Page Support: Disabled
 NUMA Support: Disabled
 Compressed Oops: Enabled (32-bit)
 Heap Region Size: 1M
 Heap Min Capacity: 8M
 Heap Initial Capacity: 128M
 Heap Max Capacity: 2022M
 Pre-touch: Disabled
 Parallel Workers: 4
 Concurrent Workers: 1
 Concurrent Refinement Workers: 4
 Periodic GC: Disabled

Heap:
 garbage-first heap   total 131072K, used 11193K [0x0000000081a00000, 0x0000000100000000)
  region size 1024K, 5 young (5120K), 4 survivors (4096K)
 Metaspace       used 12678K, committed 12992K, reserved 1114112K
  class space    used 1622K, committed 1792K, reserved 1048576K

Heap Regions: E=young(eden), S=young(survivor), O=old, HS=humongous(starts), HC=humongous(continues), CS=collection set, F=free, TAMS=top-at-mark-start, PB=parsable bottom
|   0|0x0000000081a00000, 0x0000000081b00000, 0x0000000081b00000|100%|HS|  |TAMS 0x0000000081a00000| PB 0x0000000081a00000| Complete 
|   1|0x0000000081b00000, 0x0000000081c00000, 0x0000000081c00000|100%| O|  |TAMS 0x0000000081b00000| PB 0x0000000081b00000| Untracked 
|   2|0x0000000081c00000, 0x0000000081d00000, 0x0000000081d00000|100%| O|  |TAMS 0x0000000081c00000| PB 0x0000000081c00000| Untracked 
|   3|0x0000000081d00000, 0x0000000081e00000, 0x0000000081e00000|100%| O|  |TAMS 0x0000000081d00000| PB 0x0000000081d00000| Untracked 
|   4|0x0000000081e00000, 0x0000000081f00000, 0x0000000081f00000|100%| O|  |TAMS 0x0000000081e00000| PB 0x0000000081e00000| Untracked 
|   5|0x0000000081f00000, 0x0000000082000000, 0x0000000082000000|100%| O|  |TAMS 0x0000000081f00000| PB 0x0000000081f00000| Untracked 
|   6|0x0000000082000000, 0x0000000082100000, 0x0000000082100000|100%| O|  |TAMS 0x0000000082000000| PB 0x0000000082000000| Untracked 
|   7|0x0000000082100000, 0x0000000082177940, 0x0000000082200000| 46%| O|  |TAMS 0x0000000082100000| PB 0x0000000082100000| Untracked 
|   8|0x0000000082200000, 0x0000000082200000, 0x0000000082300000|  0%| F|  |TAMS 0x0000000082200000| PB 0x0000000082200000| Untracked 
|   9|0x0000000082300000, 0x0000000082300000, 0x0000000082400000|  0%| F|  |TAMS 0x0000000082300000| PB 0x0000000082300000| Untracked 
|  10|0x0000000082400000, 0x0000000082400000, 0x0000000082500000|  0%| F|  |TAMS 0x0000000082400000| PB 0x0000000082400000| Untracked 
|  11|0x0000000082500000, 0x0000000082500000, 0x0000000082600000|  0%| F|  |TAMS 0x0000000082500000| PB 0x0000000082500000| Untracked 
|  12|0x0000000082600000, 0x0000000082600000, 0x0000000082700000|  0%| F|  |TAMS 0x0000000082600000| PB 0x0000000082600000| Untracked 
|  13|0x0000000082700000, 0x0000000082700000, 0x0000000082800000|  0%| F|  |TAMS 0x0000000082700000| PB 0x0000000082700000| Untracked 
|  14|0x0000000082800000, 0x0000000082800000, 0x0000000082900000|  0%| F|  |TAMS 0x0000000082800000| PB 0x0000000082800000| Untracked 
|  15|0x0000000082900000, 0x0000000082900000, 0x0000000082a00000|  0%| F|  |TAMS 0x0000000082900000| PB 0x0000000082900000| Untracked 
|  16|0x0000000082a00000, 0x0000000082a00000, 0x0000000082b00000|  0%| F|  |TAMS 0x0000000082a00000| PB 0x0000000082a00000| Untracked 
|  17|0x0000000082b00000, 0x0000000082b00000, 0x0000000082c00000|  0%| F|  |TAMS 0x0000000082b00000| PB 0x0000000082b00000| Untracked 
|  18|0x0000000082c00000, 0x0000000082c00000, 0x0000000082d00000|  0%| F|  |TAMS 0x0000000082c00000| PB 0x0000000082c00000| Untracked 
|  19|0x0000000082d00000, 0x0000000082d00000, 0x0000000082e00000|  0%| F|  |TAMS 0x0000000082d00000| PB 0x0000000082d00000| Untracked 
|  20|0x0000000082e00000, 0x0000000082e00000, 0x0000000082f00000|  0%| F|  |TAMS 0x0000000082e00000| PB 0x0000000082e00000| Untracked 
|  21|0x0000000082f00000, 0x0000000082f00000, 0x0000000083000000|  0%| F|  |TAMS 0x0000000082f00000| PB 0x0000000082f00000| Untracked 
|  22|0x0000000083000000, 0x0000000083000000, 0x0000000083100000|  0%| F|  |TAMS 0x0000000083000000| PB 0x0000000083000000| Untracked 
|  23|0x0000000083100000, 0x0000000083100000, 0x0000000083200000|  0%| F|  |TAMS 0x0000000083100000| PB 0x0000000083100000| Untracked 
|  24|0x0000000083200000, 0x0000000083200000, 0x0000000083300000|  0%| F|  |TAMS 0x0000000083200000| PB 0x0000000083200000| Untracked 
|  25|0x0000000083300000, 0x0000000083300000, 0x0000000083400000|  0%| F|  |TAMS 0x0000000083300000| PB 0x0000000083300000| Untracked 
|  26|0x0000000083400000, 0x0000000083400000, 0x0000000083500000|  0%| F|  |TAMS 0x0000000083400000| PB 0x0000000083400000| Untracked 
|  27|0x0000000083500000, 0x0000000083500000, 0x0000000083600000|  0%| F|  |TAMS 0x0000000083500000| PB 0x0000000083500000| Untracked 
|  28|0x0000000083600000, 0x0000000083600000, 0x0000000083700000|  0%| F|  |TAMS 0x0000000083600000| PB 0x0000000083600000| Untracked 
|  29|0x0000000083700000, 0x0000000083700000, 0x0000000083800000|  0%| F|  |TAMS 0x0000000083700000| PB 0x0000000083700000| Untracked 
|  30|0x0000000083800000, 0x0000000083800000, 0x0000000083900000|  0%| F|  |TAMS 0x0000000083800000| PB 0x0000000083800000| Untracked 
|  31|0x0000000083900000, 0x0000000083900000, 0x0000000083a00000|  0%| F|  |TAMS 0x0000000083900000| PB 0x0000000083900000| Untracked 
|  32|0x0000000083a00000, 0x0000000083a00000, 0x0000000083b00000|  0%| F|  |TAMS 0x0000000083a00000| PB 0x0000000083a00000| Untracked 
|  33|0x0000000083b00000, 0x0000000083b00000, 0x0000000083c00000|  0%| F|  |TAMS 0x0000000083b00000| PB 0x0000000083b00000| Untracked 
|  34|0x0000000083c00000, 0x0000000083c00000, 0x0000000083d00000|  0%| F|  |TAMS 0x0000000083c00000| PB 0x0000000083c00000| Untracked 
|  35|0x0000000083d00000, 0x0000000083d00000, 0x0000000083e00000|  0%| F|  |TAMS 0x0000000083d00000| PB 0x0000000083d00000| Untracked 
|  36|0x0000000083e00000, 0x0000000083e00000, 0x0000000083f00000|  0%| F|  |TAMS 0x0000000083e00000| PB 0x0000000083e00000| Untracked 
|  37|0x0000000083f00000, 0x0000000083f00000, 0x0000000084000000|  0%| F|  |TAMS 0x0000000083f00000| PB 0x0000000083f00000| Untracked 
|  38|0x0000000084000000, 0x0000000084000000, 0x0000000084100000|  0%| F|  |TAMS 0x0000000084000000| PB 0x0000000084000000| Untracked 
|  39|0x0000000084100000, 0x0000000084100000, 0x0000000084200000|  0%| F|  |TAMS 0x0000000084100000| PB 0x0000000084100000| Untracked 
|  40|0x0000000084200000, 0x0000000084200000, 0x0000000084300000|  0%| F|  |TAMS 0x0000000084200000| PB 0x0000000084200000| Untracked 
|  41|0x0000000084300000, 0x0000000084300000, 0x0000000084400000|  0%| F|  |TAMS 0x0000000084300000| PB 0x0000000084300000| Untracked 
|  42|0x0000000084400000, 0x0000000084400000, 0x0000000084500000|  0%| F|  |TAMS 0x0000000084400000| PB 0x0000000084400000| Untracked 
|  43|0x0000000084500000, 0x0000000084500000, 0x0000000084600000|  0%| F|  |TAMS 0x0000000084500000| PB 0x0000000084500000| Untracked 
|  44|0x0000000084600000, 0x0000000084600000, 0x0000000084700000|  0%| F|  |TAMS 0x0000000084600000| PB 0x0000000084600000| Untracked 
|  45|0x0000000084700000, 0x0000000084700000, 0x0000000084800000|  0%| F|  |TAMS 0x0000000084700000| PB 0x0000000084700000| Untracked 
|  46|0x0000000084800000, 0x0000000084800000, 0x0000000084900000|  0%| F|  |TAMS 0x0000000084800000| PB 0x0000000084800000| Untracked 
|  47|0x0000000084900000, 0x0000000084900000, 0x0000000084a00000|  0%| F|  |TAMS 0x0000000084900000| PB 0x0000000084900000| Untracked 
|  48|0x0000000084a00000, 0x0000000084a00000, 0x0000000084b00000|  0%| F|  |TAMS 0x0000000084a00000| PB 0x0000000084a00000| Untracked 
|  49|0x0000000084b00000, 0x0000000084b00000, 0x0000000084c00000|  0%| F|  |TAMS 0x0000000084b00000| PB 0x0000000084b00000| Untracked 
|  50|0x0000000084c00000, 0x0000000084c00000, 0x0000000084d00000|  0%| F|  |TAMS 0x0000000084c00000| PB 0x0000000084c00000| Untracked 
|  51|0x0000000084d00000, 0x0000000084d00000, 0x0000000084e00000|  0%| F|  |TAMS 0x0000000084d00000| PB 0x0000000084d00000| Untracked 
|  52|0x0000000084e00000, 0x0000000084e00000, 0x0000000084f00000|  0%| F|  |TAMS 0x0000000084e00000| PB 0x0000000084e00000| Untracked 
|  53|0x0000000084f00000, 0x0000000084f00000, 0x0000000085000000|  0%| F|  |TAMS 0x0000000084f00000| PB 0x0000000084f00000| Untracked 
|  54|0x0000000085000000, 0x0000000085000000, 0x0000000085100000|  0%| F|  |TAMS 0x0000000085000000| PB 0x0000000085000000| Untracked 
|  55|0x0000000085100000, 0x0000000085100000, 0x0000000085200000|  0%| F|  |TAMS 0x0000000085100000| PB 0x0000000085100000| Untracked 
|  56|0x0000000085200000, 0x0000000085200000, 0x0000000085300000|  0%| F|  |TAMS 0x0000000085200000| PB 0x0000000085200000| Untracked 
|  57|0x0000000085300000, 0x0000000085300000, 0x0000000085400000|  0%| F|  |TAMS 0x0000000085300000| PB 0x0000000085300000| Untracked 
|  58|0x0000000085400000, 0x0000000085400000, 0x0000000085500000|  0%| F|  |TAMS 0x0000000085400000| PB 0x0000000085400000| Untracked 
|  59|0x0000000085500000, 0x0000000085500000, 0x0000000085600000|  0%| F|  |TAMS 0x0000000085500000| PB 0x0000000085500000| Untracked 
|  60|0x0000000085600000, 0x0000000085600000, 0x0000000085700000|  0%| F|  |TAMS 0x0000000085600000| PB 0x0000000085600000| Untracked 
|  61|0x0000000085700000, 0x0000000085700000, 0x0000000085800000|  0%| F|  |TAMS 0x0000000085700000| PB 0x0000000085700000| Untracked 
|  62|0x0000000085800000, 0x0000000085800000, 0x0000000085900000|  0%| F|  |TAMS 0x0000000085800000| PB 0x0000000085800000| Untracked 
|  63|0x0000000085900000, 0x0000000085900000, 0x0000000085a00000|  0%| F|  |TAMS 0x0000000085900000| PB 0x0000000085900000| Untracked 
|  64|0x0000000085a00000, 0x0000000085a00000, 0x0000000085b00000|  0%| F|  |TAMS 0x0000000085a00000| PB 0x0000000085a00000| Untracked 
|  65|0x0000000085b00000, 0x0000000085b00000, 0x0000000085c00000|  0%| F|  |TAMS 0x0000000085b00000| PB 0x0000000085b00000| Untracked 
|  66|0x0000000085c00000, 0x0000000085c00000, 0x0000000085d00000|  0%| F|  |TAMS 0x0000000085c00000| PB 0x0000000085c00000| Untracked 
|  67|0x0000000085d00000, 0x0000000085d00000, 0x0000000085e00000|  0%| F|  |TAMS 0x0000000085d00000| PB 0x0000000085d00000| Untracked 
|  68|0x0000000085e00000, 0x0000000085e00000, 0x0000000085f00000|  0%| F|  |TAMS 0x0000000085e00000| PB 0x0000000085e00000| Untracked 
|  69|0x0000000085f00000, 0x0000000085f00000, 0x0000000086000000|  0%| F|  |TAMS 0x0000000085f00000| PB 0x0000000085f00000| Untracked 
|  70|0x0000000086000000, 0x0000000086000000, 0x0000000086100000|  0%| F|  |TAMS 0x0000000086000000| PB 0x0000000086000000| Untracked 
|  71|0x0000000086100000, 0x0000000086100000, 0x0000000086200000|  0%| F|  |TAMS 0x0000000086100000| PB 0x0000000086100000| Untracked 
|  72|0x0000000086200000, 0x0000000086200000, 0x0000000086300000|  0%| F|  |TAMS 0x0000000086200000| PB 0x0000000086200000| Untracked 
|  73|0x0000000086300000, 0x0000000086300000, 0x0000000086400000|  0%| F|  |TAMS 0x0000000086300000| PB 0x0000000086300000| Untracked 
|  74|0x0000000086400000, 0x0000000086400000, 0x0000000086500000|  0%| F|  |TAMS 0x0000000086400000| PB 0x0000000086400000| Untracked 
|  75|0x0000000086500000, 0x0000000086500000, 0x0000000086600000|  0%| F|  |TAMS 0x0000000086500000| PB 0x0000000086500000| Untracked 
|  76|0x0000000086600000, 0x0000000086600000, 0x0000000086700000|  0%| F|  |TAMS 0x0000000086600000| PB 0x0000000086600000| Untracked 
|  77|0x0000000086700000, 0x0000000086700000, 0x0000000086800000|  0%| F|  |TAMS 0x0000000086700000| PB 0x0000000086700000| Untracked 
|  78|0x0000000086800000, 0x0000000086800000, 0x0000000086900000|  0%| F|  |TAMS 0x0000000086800000| PB 0x0000000086800000| Untracked 
|  79|0x0000000086900000, 0x0000000086900000, 0x0000000086a00000|  0%| F|  |TAMS 0x0000000086900000| PB 0x0000000086900000| Untracked 
|  80|0x0000000086a00000, 0x0000000086a00000, 0x0000000086b00000|  0%| F|  |TAMS 0x0000000086a00000| PB 0x0000000086a00000| Untracked 
|  81|0x0000000086b00000, 0x0000000086b00000, 0x0000000086c00000|  0%| F|  |TAMS 0x0000000086b00000| PB 0x0000000086b00000| Untracked 
|  82|0x0000000086c00000, 0x0000000086c00000, 0x0000000086d00000|  0%| F|  |TAMS 0x0000000086c00000| PB 0x0000000086c00000| Untracked 
|  83|0x0000000086d00000, 0x0000000086d00000, 0x0000000086e00000|  0%| F|  |TAMS 0x0000000086d00000| PB 0x0000000086d00000| Untracked 
|  84|0x0000000086e00000, 0x0000000086e00000, 0x0000000086f00000|  0%| F|  |TAMS 0x0000000086e00000| PB 0x0000000086e00000| Untracked 
|  85|0x0000000086f00000, 0x0000000086f00000, 0x0000000087000000|  0%| F|  |TAMS 0x0000000086f00000| PB 0x0000000086f00000| Untracked 
|  86|0x0000000087000000, 0x0000000087000000, 0x0000000087100000|  0%| F|  |TAMS 0x0000000087000000| PB 0x0000000087000000| Untracked 
|  87|0x0000000087100000, 0x0000000087100000, 0x0000000087200000|  0%| F|  |TAMS 0x0000000087100000| PB 0x0000000087100000| Untracked 
|  88|0x0000000087200000, 0x0000000087200000, 0x0000000087300000|  0%| F|  |TAMS 0x0000000087200000| PB 0x0000000087200000| Untracked 
|  89|0x0000000087300000, 0x0000000087300000, 0x0000000087400000|  0%| F|  |TAMS 0x0000000087300000| PB 0x0000000087300000| Untracked 
|  90|0x0000000087400000, 0x0000000087400000, 0x0000000087500000|  0%| F|  |TAMS 0x0000000087400000| PB 0x0000000087400000| Untracked 
|  91|0x0000000087500000, 0x0000000087500000, 0x0000000087600000|  0%| F|  |TAMS 0x0000000087500000| PB 0x0000000087500000| Untracked 
|  92|0x0000000087600000, 0x0000000087600000, 0x0000000087700000|  0%| F|  |TAMS 0x0000000087600000| PB 0x0000000087600000| Untracked 
|  93|0x0000000087700000, 0x0000000087700000, 0x0000000087800000|  0%| F|  |TAMS 0x0000000087700000| PB 0x0000000087700000| Untracked 
|  94|0x0000000087800000, 0x0000000087876c20, 0x0000000087900000| 46%| S|CS|TAMS 0x0000000087800000| PB 0x0000000087800000| Complete 
|  95|0x0000000087900000, 0x0000000087a00000, 0x0000000087a00000|100%| S|CS|TAMS 0x0000000087900000| PB 0x0000000087900000| Complete 
|  96|0x0000000087a00000, 0x0000000087b00000, 0x0000000087b00000|100%| S|CS|TAMS 0x0000000087a00000| PB 0x0000000087a00000| Complete 
|  97|0x0000000087b00000, 0x0000000087c00000, 0x0000000087c00000|100%| S|CS|TAMS 0x0000000087b00000| PB 0x0000000087b00000| Complete 
|  98|0x0000000087c00000, 0x0000000087c00000, 0x0000000087d00000|  0%| F|  |TAMS 0x0000000087c00000| PB 0x0000000087c00000| Untracked 
|  99|0x0000000087d00000, 0x0000000087d00000, 0x0000000087e00000|  0%| F|  |TAMS 0x0000000087d00000| PB 0x0000000087d00000| Untracked 
| 100|0x0000000087e00000, 0x0000000087e00000, 0x0000000087f00000|  0%| F|  |TAMS 0x0000000087e00000| PB 0x0000000087e00000| Untracked 
| 101|0x0000000087f00000, 0x0000000087f00000, 0x0000000088000000|  0%| F|  |TAMS 0x0000000087f00000| PB 0x0000000087f00000| Untracked 
| 102|0x0000000088000000, 0x0000000088000000, 0x0000000088100000|  0%| F|  |TAMS 0x0000000088000000| PB 0x0000000088000000| Untracked 
| 103|0x0000000088100000, 0x0000000088100000, 0x0000000088200000|  0%| F|  |TAMS 0x0000000088100000| PB 0x0000000088100000| Untracked 
| 104|0x0000000088200000, 0x0000000088200000, 0x0000000088300000|  0%| F|  |TAMS 0x0000000088200000| PB 0x0000000088200000| Untracked 
| 105|0x0000000088300000, 0x0000000088300000, 0x0000000088400000|  0%| F|  |TAMS 0x0000000088300000| PB 0x0000000088300000| Untracked 
| 106|0x0000000088400000, 0x0000000088400000, 0x0000000088500000|  0%| F|  |TAMS 0x0000000088400000| PB 0x0000000088400000| Untracked 
| 107|0x0000000088500000, 0x0000000088500000, 0x0000000088600000|  0%| F|  |TAMS 0x0000000088500000| PB 0x0000000088500000| Untracked 
| 108|0x0000000088600000, 0x0000000088600000, 0x0000000088700000|  0%| F|  |TAMS 0x0000000088600000| PB 0x0000000088600000| Untracked 
| 109|0x0000000088700000, 0x0000000088700000, 0x0000000088800000|  0%| F|  |TAMS 0x0000000088700000| PB 0x0000000088700000| Untracked 
| 110|0x0000000088800000, 0x0000000088800000, 0x0000000088900000|  0%| F|  |TAMS 0x0000000088800000| PB 0x0000000088800000| Untracked 
| 111|0x0000000088900000, 0x0000000088900000, 0x0000000088a00000|  0%| F|  |TAMS 0x0000000088900000| PB 0x0000000088900000| Untracked 
| 112|0x0000000088a00000, 0x0000000088a00000, 0x0000000088b00000|  0%| F|  |TAMS 0x0000000088a00000| PB 0x0000000088a00000| Untracked 
| 113|0x0000000088b00000, 0x0000000088b00000, 0x0000000088c00000|  0%| F|  |TAMS 0x0000000088b00000| PB 0x0000000088b00000| Untracked 
| 114|0x0000000088c00000, 0x0000000088c00000, 0x0000000088d00000|  0%| F|  |TAMS 0x0000000088c00000| PB 0x0000000088c00000| Untracked 
| 115|0x0000000088d00000, 0x0000000088d00000, 0x0000000088e00000|  0%| F|  |TAMS 0x0000000088d00000| PB 0x0000000088d00000| Untracked 
| 116|0x0000000088e00000, 0x0000000088e00000, 0x0000000088f00000|  0%| F|  |TAMS 0x0000000088e00000| PB 0x0000000088e00000| Untracked 
| 117|0x0000000088f00000, 0x0000000088f00000, 0x0000000089000000|  0%| F|  |TAMS 0x0000000088f00000| PB 0x0000000088f00000| Untracked 
| 118|0x0000000089000000, 0x0000000089000000, 0x0000000089100000|  0%| F|  |TAMS 0x0000000089000000| PB 0x0000000089000000| Untracked 
| 119|0x0000000089100000, 0x0000000089100000, 0x0000000089200000|  0%| F|  |TAMS 0x0000000089100000| PB 0x0000000089100000| Untracked 
| 120|0x0000000089200000, 0x0000000089200000, 0x0000000089300000|  0%| F|  |TAMS 0x0000000089200000| PB 0x0000000089200000| Untracked 
| 121|0x0000000089300000, 0x0000000089300000, 0x0000000089400000|  0%| F|  |TAMS 0x0000000089300000| PB 0x0000000089300000| Untracked 
| 122|0x0000000089400000, 0x0000000089400000, 0x0000000089500000|  0%| F|  |TAMS 0x0000000089400000| PB 0x0000000089400000| Untracked 
| 123|0x0000000089500000, 0x0000000089500000, 0x0000000089600000|  0%| F|  |TAMS 0x0000000089500000| PB 0x0000000089500000| Untracked 
| 124|0x0000000089600000, 0x0000000089600000, 0x0000000089700000|  0%| F|  |TAMS 0x0000000089600000| PB 0x0000000089600000| Untracked 
| 125|0x0000000089700000, 0x0000000089700000, 0x0000000089800000|  0%| F|  |TAMS 0x0000000089700000| PB 0x0000000089700000| Untracked 
| 126|0x0000000089800000, 0x0000000089880800, 0x0000000089900000| 50%| E|  |TAMS 0x0000000089800000| PB 0x0000000089800000| Complete 
| 127|0x0000000089900000, 0x0000000089a00000, 0x0000000089a00000|100%| E|CS|TAMS 0x0000000089900000| PB 0x0000000089900000| Complete 

Card table byte_map: [0x0000021eebf90000,0x0000021eec390000] _byte_map_base: 0x0000021eebb83000

Marking Bits: (CMBitMap*) 0x0000021ed47ce310
 Bits: [0x0000021eec390000, 0x0000021eee328000)

Polling page: 0x0000021ed26a0000

Metaspace:

Usage:
  Non-class:     10.83 MB used.
      Class:      1.59 MB used.
       Both:     12.42 MB used.

Virtual space:
  Non-class space:       64.00 MB reserved,      10.94 MB ( 17%) committed,  1 nodes.
      Class space:        1.00 GB reserved,       1.75 MB ( <1%) committed,  1 nodes.
             Both:        1.06 GB reserved,      12.69 MB (  1%) committed. 

Chunk freelists:
   Non-Class:  4.25 MB
       Class:  14.22 MB
        Both:  18.47 MB

MaxMetaspaceSize: unlimited
CompressedClassSpaceSize: 1.00 GB
Initial GC threshold: 21.00 MB
Current GC threshold: 21.00 MB
CDS: on
 - commit_granule_bytes: 65536.
 - commit_granule_words: 8192.
 - virtual_space_node_default_size: 8388608.
 - enlarge_chunks_in_place: 1.
 - use_allocation_guard: 0.


Internal statistics:

num_allocs_failed_limit: 0.
num_arena_births: 266.
num_arena_deaths: 0.
num_vsnodes_births: 2.
num_vsnodes_deaths: 0.
num_space_committed: 203.
num_space_uncommitted: 0.
num_chunks_returned_to_freelist: 0.
num_chunks_taken_from_freelist: 734.
num_chunk_merges: 0.
num_chunk_splits: 429.
num_chunks_enlarged: 269.
num_inconsistent_stats: 0.

CodeHeap 'non-profiled nmethods': size=120000Kb used=716Kb max_used=716Kb free=119283Kb
 bounds [0x0000021ee4660000, 0x0000021ee48d0000, 0x0000021eebb90000]
CodeHeap 'profiled nmethods': size=120000Kb used=3850Kb max_used=3850Kb free=116149Kb
 bounds [0x0000021edcb90000, 0x0000021edcf60000, 0x0000021ee40c0000]
CodeHeap 'non-nmethods': size=5760Kb used=1399Kb max_used=1415Kb free=4360Kb
 bounds [0x0000021ee40c0000, 0x0000021ee4330000, 0x0000021ee4660000]
 total_blobs=2466 nmethods=1973 adapters=397
 compilation: enabled
              stopped_count=0, restarted_count=0
 full_count=0

Compilation events (20 events):
Event: 2.553 Thread 0x0000021ef0857e70 nmethod 1848 0x0000021edcf10310 code [0x0000021edcf104c0, 0x0000021edcf10820]
Event: 2.553 Thread 0x0000021ef0857e70 1846       1       org.springframework.boot.context.properties.source.ConfigurationPropertyName$Elements::getSize (5 bytes)
Event: 2.553 Thread 0x0000021ef0857e70 nmethod 1846 0x0000021ee470f610 code [0x0000021ee470f7a0, 0x0000021ee470f868]
Event: 2.553 Thread 0x0000021ef0857e70 1849       1       org.springframework.core.env.PropertySource::getName (5 bytes)
Event: 2.553 Thread 0x0000021ef0857e70 nmethod 1849 0x0000021ee470f910 code [0x0000021ee470faa0, 0x0000021ee470fb68]
Event: 2.553 Thread 0x0000021ef0857e70 1850       3       org.springframework.boot.context.properties.source.ConfigurationPropertyName$ElementsParser::isValidChar (30 bytes)
Event: 2.553 Thread 0x0000021ef0857e70 nmethod 1850 0x0000021edcf10910 code [0x0000021edcf10ac0, 0x0000021edcf10e98]
Event: 2.553 Thread 0x0000021ef0857e70 1852       3       java.util.HashMap::computeIfAbsent (330 bytes)
Event: 2.555 Thread 0x0000021ef0857e70 nmethod 1852 0x0000021edcf10f90 code [0x0000021edcf112c0, 0x0000021edcf12998]
Event: 2.555 Thread 0x0000021ef0857e70 1851       3       org.springframework.boot.context.properties.source.ConfigurationPropertyName$ElementsParser::updateType (109 bytes)
Event: 2.557 Thread 0x0000021ef0857e70 nmethod 1851 0x0000021edcf12f90 code [0x0000021edcf13260, 0x0000021edcf14430]
Event: 2.557 Thread 0x0000021ef0857e70 1854       3       org.springframework.boot.context.properties.source.ConfigurationPropertyName$Elements::getLength (46 bytes)
Event: 2.558 Thread 0x0000021ef0857e70 nmethod 1854 0x0000021edcf14710 code [0x0000021edcf148e0, 0x0000021edcf14bd8]
Event: 2.558 Thread 0x0000021ef0857e70 1853       3       org.springframework.boot.context.properties.source.ConfigurationPropertyName$Elements::getType (7 bytes)
Event: 2.558 Thread 0x0000021ef0857e70 nmethod 1853 0x0000021edcf14d90 code [0x0000021edcf14f40, 0x0000021edcf15078]
Event: 2.558 Thread 0x0000021ef0857e70 1855       3       java.util.LinkedHashMap::afterNodeAccess (266 bytes)
Event: 2.559 Thread 0x0000021ef0857e70 nmethod 1855 0x0000021edcf15190 code [0x0000021edcf153c0, 0x0000021edcf16008]
Event: 2.559 Thread 0x0000021ef0857e70 1856       3       org.springframework.boot.context.properties.source.ConfigurationPropertyName::hashCode (127 bytes)
Event: 2.560 Thread 0x0000021ef0857e70 nmethod 1856 0x0000021edcf16290 code [0x0000021edcf164e0, 0x0000021edcf16f00]
Event: 2.560 Thread 0x0000021ef0857e70 1857       3       org.springframework.boot.context.properties.source.ConfigurationPropertyName::getNumberOfElements (8 bytes)

GC Heap History (4 events):
Event: 0.876 GC heap before
{Heap before GC invocations=0 (full 0):
 garbage-first heap   total 131072K, used 13312K [0x0000000081a00000, 0x0000000100000000)
  region size 1024K, 13 young (13312K), 0 survivors (0K)
 Metaspace       used 2911K, committed 3008K, reserved 1114112K
  class space    used 263K, committed 320K, reserved 1048576K
}
Event: 0.883 GC heap after
{Heap after GC invocations=1 (full 0):
 garbage-first heap   total 131072K, used 7620K [0x0000000081a00000, 0x0000000100000000)
  region size 1024K, 2 young (2048K), 2 survivors (2048K)
 Metaspace       used 2911K, committed 3008K, reserved 1114112K
  class space    used 263K, committed 320K, reserved 1048576K
}
Event: 1.355 GC heap before
{Heap before GC invocations=1 (full 0):
 garbage-first heap   total 131072K, used 17860K [0x0000000081a00000, 0x0000000100000000)
  region size 1024K, 12 young (12288K), 2 survivors (2048K)
 Metaspace       used 5293K, committed 5568K, reserved 1114112K
  class space    used 608K, committed 768K, reserved 1048576K
}
Event: 1.360 GC heap after
{Heap after GC invocations=2 (full 0):
 garbage-first heap   total 131072K, used 9119K [0x0000000081a00000, 0x0000000100000000)
  region size 1024K, 2 young (2048K), 2 survivors (2048K)
 Metaspace       used 5293K, committed 5568K, reserved 1114112K
  class space    used 608K, committed 768K, reserved 1048576K
}

Dll operation events (10 events):
Event: 0.025 Loaded shared library C:\Program Files\Java\jdk-21\bin\java.dll
Event: 0.095 Loaded shared library C:\Program Files\Java\jdk-21\bin\jsvml.dll
Event: 0.371 Loaded shared library C:\Program Files\Java\jdk-21\bin\zip.dll
Event: 0.376 Loaded shared library C:\Program Files\Java\jdk-21\bin\instrument.dll
Event: 0.382 Loaded shared library C:\Program Files\Java\jdk-21\bin\net.dll
Event: 0.385 Loaded shared library C:\Program Files\Java\jdk-21\bin\nio.dll
Event: 0.391 Loaded shared library C:\Program Files\Java\jdk-21\bin\zip.dll
Event: 0.410 Loaded shared library C:\Users\DELL\Desktop\IntelliJ IDEA 2024.2\bin\breakgen64.dll
Event: 0.425 Loaded shared library C:\Program Files\Java\jdk-21\bin\extnet.dll
Event: 0.675 Loaded shared library C:\Program Files\Java\jdk-21\bin\jimage.dll

Deoptimization events (20 events):
Event: 1.908 Thread 0x0000021ed4778f50 DEOPT PACKING pc=0x0000021ee46929e8 sp=0x00000056e86fc720
Event: 1.908 Thread 0x0000021ed4778f50 DEOPT UNPACKING pc=0x0000021ee41146a2 sp=0x00000056e86fc6a8 mode 2
Event: 1.909 Thread 0x0000021ed4778f50 Uncommon trap: trap_request=0xffffff45 fr.pc=0x0000021ee46db96c relative=0x000000000000158c
Event: 1.909 Thread 0x0000021ed4778f50 Uncommon trap: reason=unstable_if action=reinterpret pc=0x0000021ee46db96c method=java.util.zip.ZipCoder.hash(Ljava/lang/String;)I @ 23 c2
Event: 1.909 Thread 0x0000021ed4778f50 DEOPT PACKING pc=0x0000021ee46db96c sp=0x00000056e86fc7b0
Event: 1.909 Thread 0x0000021ed4778f50 DEOPT UNPACKING pc=0x0000021ee41146a2 sp=0x00000056e86fc618 mode 2
Event: 1.913 Thread 0x0000021ed4778f50 Uncommon trap: trap_request=0xffffff45 fr.pc=0x0000021ee4680674 relative=0x0000000000000054
Event: 1.913 Thread 0x0000021ed4778f50 Uncommon trap: reason=unstable_if action=reinterpret pc=0x0000021ee4680674 method=sun.nio.fs.WindowsPathParser.isSlash(C)Z @ 9 c2
Event: 1.913 Thread 0x0000021ed4778f50 DEOPT PACKING pc=0x0000021ee4680674 sp=0x00000056e86fca20
Event: 1.913 Thread 0x0000021ed4778f50 DEOPT UNPACKING pc=0x0000021ee41146a2 sp=0x00000056e86fc9a8 mode 2
Event: 2.123 Thread 0x0000021ed4778f50 Uncommon trap: trap_request=0xffffff45 fr.pc=0x0000021ee46d13a8 relative=0x00000000000000e8
Event: 2.123 Thread 0x0000021ed4778f50 Uncommon trap: reason=unstable_if action=reinterpret pc=0x0000021ee46d13a8 method=sun.reflect.generics.parser.SignatureParser.current()C @ 39 c2
Event: 2.123 Thread 0x0000021ed4778f50 DEOPT PACKING pc=0x0000021ee46d13a8 sp=0x00000056e86fb820
Event: 2.123 Thread 0x0000021ed4778f50 DEOPT UNPACKING pc=0x0000021ee41146a2 sp=0x00000056e86fb7b8 mode 2
Event: 2.371 Thread 0x0000021ed4778f50 DEOPT PACKING pc=0x0000021edce72297 sp=0x00000056e86fb700
Event: 2.371 Thread 0x0000021ed4778f50 DEOPT UNPACKING pc=0x0000021ee4114e42 sp=0x00000056e86fabd8 mode 0
Event: 2.434 Thread 0x0000021ed4778f50 DEOPT PACKING pc=0x0000021edce72297 sp=0x00000056e86fb930
Event: 2.434 Thread 0x0000021ed4778f50 DEOPT UNPACKING pc=0x0000021ee4114e42 sp=0x00000056e86fae08 mode 0
Event: 2.504 Thread 0x0000021ed4778f50 DEOPT PACKING pc=0x0000021edce72297 sp=0x00000056e86fb740
Event: 2.504 Thread 0x0000021ed4778f50 DEOPT UNPACKING pc=0x0000021ee4114e42 sp=0x00000056e86fac18 mode 0

Classes loaded (20 events):
Event: 2.512 Loading class javax/naming/NamingException
Event: 2.512 Loading class javax/naming/NamingException done
Event: 2.513 Loading class com/sun/naming/internal/ResourceManager
Event: 2.513 Loading class com/sun/naming/internal/ResourceManager done
Event: 2.513 Loading class com/sun/naming/internal/VersionHelper
Event: 2.513 Loading class com/sun/naming/internal/VersionHelper done
Event: 2.515 Loading class com/sun/naming/internal/VersionHelper$InputStreamEnumeration
Event: 2.515 Loading class javax/naming/NamingEnumeration
Event: 2.515 Loading class javax/naming/NamingEnumeration done
Event: 2.515 Loading class com/sun/naming/internal/VersionHelper$InputStreamEnumeration done
Event: 2.517 Loading class sun/nio/fs/WindowsException
Event: 2.517 Loading class sun/nio/fs/WindowsException done
Event: 2.517 Loading class java/util/Hashtable$KeySet
Event: 2.517 Loading class java/util/Hashtable$KeySet done
Event: 2.517 Loading class javax/naming/spi/NamingManager
Event: 2.518 Loading class javax/naming/spi/NamingManager done
Event: 2.518 Loading class javax/naming/NoInitialContextException
Event: 2.518 Loading class javax/naming/NoInitialContextException done
Event: 2.552 Loading class java/util/concurrent/ConcurrentHashMap$KeySpliterator
Event: 2.552 Loading class java/util/concurrent/ConcurrentHashMap$KeySpliterator done

Classes unloaded (0 events):
No events

Classes redefined (0 events):
No events

Internal exceptions (20 events):
Event: 1.442 Thread 0x0000021ed4778f50 Exception <a 'java/lang/NoSuchMethodError'{0x00000000897151b0}: 'void java.lang.invoke.DirectMethodHandle$Holder.invokeStaticInit(java.lang.Object, java.lang.Object, java.lang.Object, java.lang.Object)'> (0x00000000897151b0) 
thrown [s\open\src\hotspot\share\interpreter\linkResolver.cpp, line 773]
Event: 1.460 Thread 0x0000021ed4778f50 Exception <a 'java/lang/NoSuchMethodError'{0x0000000089774710}: 'int java.lang.invoke.DirectMethodHandle$Holder.invokeStaticInit(java.lang.Object, java.lang.Object)'> (0x0000000089774710) 
thrown [s\open\src\hotspot\share\interpreter\linkResolver.cpp, line 773]
Event: 1.682 Thread 0x0000021ed4778f50 Exception <a 'java/lang/NoSuchMethodError'{0x0000000089202d48}: 'int java.lang.invoke.DirectMethodHandle$Holder.invokeStaticInit(java.lang.Object, java.lang.Object, java.lang.Object)'> (0x0000000089202d48) 
thrown [s\open\src\hotspot\share\interpreter\linkResolver.cpp, line 773]
Event: 1.724 Thread 0x0000021ed4778f50 Exception <a 'java/lang/NoSuchMethodError'{0x00000000892f5ec0}: 'int java.lang.invoke.DirectMethodHandle$Holder.invokeInterface(java.lang.Object, java.lang.Object)'> (0x00000000892f5ec0) 
thrown [s\open\src\hotspot\share\interpreter\linkResolver.cpp, line 773]
Event: 1.756 Thread 0x0000021ed4778f50 Exception <a 'java/lang/NoSuchMethodError'{0x00000000891c9cc8}: 'void java.lang.invoke.DirectMethodHandle$Holder.invokeStaticInit(java.lang.Object, java.lang.Object)'> (0x00000000891c9cc8) 
thrown [s\open\src\hotspot\share\interpreter\linkResolver.cpp, line 773]
Event: 1.788 Thread 0x0000021ed4778f50 Exception <a 'java/lang/NoSuchMethodError'{0x0000000089060c90}: 'int java.lang.invoke.DirectMethodHandle$Holder.invokeVirtual(java.lang.Object, java.lang.Object, java.lang.Object)'> (0x0000000089060c90) 
thrown [s\open\src\hotspot\share\interpreter\linkResolver.cpp, line 773]
Event: 1.855 Thread 0x0000021ed4778f50 Exception <a 'java/lang/IncompatibleClassChangeError'{0x0000000088d87cb0}: Found class java.lang.Object, but interface was expected> (0x0000000088d87cb0) 
thrown [s\open\src\hotspot\share\interpreter\linkResolver.cpp, line 840]
Event: 1.906 Thread 0x0000021ed4778f50 Exception <a 'java/lang/NoSuchMethodError'{0x0000000088c896a0}: 'int java.lang.invoke.DirectMethodHandle$Holder.invokeSpecial(java.lang.Object, java.lang.Object, java.lang.Object, java.lang.Object)'> (0x0000000088c896a0) 
thrown [s\open\src\hotspot\share\interpreter\linkResolver.cpp, line 773]
Event: 1.913 Thread 0x0000021ed4778f50 Exception <a 'java/lang/NoSuchMethodError'{0x0000000088ca4c60}: 'int java.lang.invoke.DirectMethodHandle$Holder.invokeSpecial(java.lang.Object, java.lang.Object, java.lang.Object, java.lang.Object, java.lang.Object)'> (0x0000000088ca4c60) 
thrown [s\open\src\hotspot\share\interpreter\linkResolver.cpp, line 773]
Event: 1.917 Thread 0x0000021ed4778f50 Exception <a 'java/lang/NoSuchMethodError'{0x0000000088cad1b0}: 'void java.lang.invoke.DirectMethodHandle$Holder.invokeVirtual(java.lang.Object, java.lang.Object)'> (0x0000000088cad1b0) 
thrown [s\open\src\hotspot\share\interpreter\linkResolver.cpp, line 773]
Event: 2.076 Thread 0x0000021ed4778f50 Exception <a 'java/lang/NoSuchMethodError'{0x00000000889b68e0}: 'void java.lang.invoke.DirectMethodHandle$Holder.invokeVirtual(java.lang.Object, java.lang.Object, java.lang.Object, java.lang.Object)'> (0x00000000889b68e0) 
thrown [s\open\src\hotspot\share\interpreter\linkResolver.cpp, line 773]
Event: 2.252 Thread 0x0000021ed4778f50 Exception <a 'java/lang/NoSuchMethodError'{0x0000000088563210}: 'java.lang.Object java.lang.invoke.DirectMethodHandle$Holder.newInvokeSpecial(java.lang.Object, java.lang.Object, java.lang.Object, java.lang.Object, java.lang.Object, java.lang.Object, java.lang.Object)'> (0x0000000088563210) 
thrown [s\open\src\hotspot\share\interpreter\linkResolver.cpp, line 773]
Event: 2.319 Thread 0x0000021ed4778f50 Exception <a 'java/lang/NoSuchMethodError'{0x00000000884f1e78}: 'java.lang.Object java.lang.invoke.DirectMethodHandle$Holder.invokeInterface(java.lang.Object, java.lang.Object, java.lang.Object, java.lang.Object)'> (0x00000000884f1e78) 
thrown [s\open\src\hotspot\share\interpreter\linkResolver.cpp, line 773]
Event: 2.323 Thread 0x0000021ed4778f50 Exception <a 'java/lang/NoSuchMethodError'{0x0000000088308a98}: 'java.lang.Object java.lang.invoke.DirectMethodHandle$Holder.newInvokeSpecial(java.lang.Object, java.lang.Object, java.lang.Object, java.lang.Object, int)'> (0x0000000088308a98) 
thrown [s\open\src\hotspot\share\interpreter\linkResolver.cpp, line 773]
Event: 2.324 Thread 0x0000021ed4778f50 Exception <a 'java/lang/NoSuchMethodError'{0x000000008830cfe0}: 'java.lang.Object java.lang.invoke.DirectMethodHandle$Holder.invokeSpecial(java.lang.Object, java.lang.Object, java.lang.Object, java.lang.Object, java.lang.Object, int)'> (0x000000008830cfe0) 
thrown [s\open\src\hotspot\share\interpreter\linkResolver.cpp, line 773]
Event: 2.324 Thread 0x0000021ed4778f50 Exception <a 'java/lang/NoSuchMethodError'{0x0000000088310d00}: 'java.lang.Object java.lang.invoke.Invokers$Holder.linkToTargetMethod(java.lang.Object, java.lang.Object, java.lang.Object, int, java.lang.Object)'> (0x0000000088310d00) 
thrown [s\open\src\hotspot\share\interpreter\linkResolver.cpp, line 773]
Event: 2.333 Thread 0x0000021ed4778f50 Exception <a 'java/lang/NoSuchMethodError'{0x0000000088341828}: 'java.lang.Object java.lang.invoke.DirectMethodHandle$Holder.invokeInterface(java.lang.Object, java.lang.Object, java.lang.Object, java.lang.Object, java.lang.Object)'> (0x0000000088341828) 
thrown [s\open\src\hotspot\share\interpreter\linkResolver.cpp, line 773]
Event: 2.333 Thread 0x0000021ed4778f50 Exception <a 'java/lang/IncompatibleClassChangeError'{0x0000000088345350}: Found class java.lang.Object, but interface was expected> (0x0000000088345350) 
thrown [s\open\src\hotspot\share\interpreter\linkResolver.cpp, line 840]
Event: 2.500 Thread 0x0000021ed4778f50 Exception <a 'java/lang/IncompatibleClassChangeError'{0x00000000880c8a70}: Found class java.lang.Object, but interface was expected> (0x00000000880c8a70) 
thrown [s\open\src\hotspot\share\interpreter\linkResolver.cpp, line 840]
Event: 2.517 Thread 0x0000021ed4778f50 Exception <a 'sun/nio/fs/WindowsException'{0x0000000087f144c0}> (0x0000000087f144c0) 
thrown [s\open\src\hotspot\share\prims\jni.cpp, line 520]

ZGC Phase Switch (0 events):
No events

VM Operations (20 events):
Event: 0.876 Executing VM operation: G1CollectForAllocation (G1 Evacuation Pause)
Event: 0.883 Executing VM operation: G1CollectForAllocation (G1 Evacuation Pause) done
Event: 1.355 Executing VM operation: G1CollectForAllocation (G1 Evacuation Pause)
Event: 1.361 Executing VM operation: G1CollectForAllocation (G1 Evacuation Pause) done
Event: 1.400 Executing VM operation: HandshakeAllThreads (Deoptimize)
Event: 1.400 Executing VM operation: HandshakeAllThreads (Deoptimize) done
Event: 1.400 Executing VM operation: HandshakeAllThreads (Deoptimize)
Event: 1.400 Executing VM operation: HandshakeAllThreads (Deoptimize) done
Event: 1.606 Executing VM operation: HandshakeAllThreads (Deoptimize)
Event: 1.606 Executing VM operation: HandshakeAllThreads (Deoptimize) done
Event: 1.606 Executing VM operation: HandshakeAllThreads (Deoptimize)
Event: 1.606 Executing VM operation: HandshakeAllThreads (Deoptimize) done
Event: 1.874 Executing VM operation: HandshakeAllThreads (Deoptimize)
Event: 1.874 Executing VM operation: HandshakeAllThreads (Deoptimize) done
Event: 2.068 Executing VM operation: HandshakeAllThreads (Deoptimize)
Event: 2.068 Executing VM operation: HandshakeAllThreads (Deoptimize) done
Event: 2.340 Executing VM operation: HandshakeAllThreads (Deoptimize)
Event: 2.340 Executing VM operation: HandshakeAllThreads (Deoptimize) done
Event: 2.491 Executing VM operation: ICBufferFull
Event: 2.491 Executing VM operation: ICBufferFull done

Events (15 events):
Event: 0.055 Thread 0x0000021ed4778f50 Thread added: 0x0000021ed4778f50
Event: 0.088 Thread 0x0000021ef08387d0 Thread added: 0x0000021ef08387d0
Event: 0.088 Thread 0x0000021ef08396f0 Thread added: 0x0000021ef08396f0
Event: 0.089 Thread 0x0000021ef083dc80 Thread added: 0x0000021ef083dc80
Event: 0.089 Thread 0x0000021ef08411f0 Thread added: 0x0000021ef08411f0
Event: 0.089 Thread 0x0000021ef0841ed0 Thread added: 0x0000021ef0841ed0
Event: 0.090 Thread 0x0000021ef0842930 Thread added: 0x0000021ef0842930
Event: 0.090 Thread 0x0000021ef0845e70 Thread added: 0x0000021ef0845e70
Event: 0.094 Thread 0x0000021ef0857e70 Thread added: 0x0000021ef0857e70
Event: 0.331 Thread 0x0000021ef08069e0 Thread added: 0x0000021ef08069e0
Event: 0.411 Thread 0x0000021ef0c34320 Thread added: 0x0000021ef0c34320
Event: 0.412 Thread 0x0000021ef0c34990 Thread added: 0x0000021ef0c34990
Event: 0.453 Thread 0x0000021ef0c10f80 Thread added: 0x0000021ef0c10f80
Event: 1.829 Thread 0x0000021ef0c10f80 Thread exited: 0x0000021ef0c10f80
Event: 2.501 Thread 0x0000021ef5f9a1a0 Thread added: 0x0000021ef5f9a1a0


Dynamic libraries:
0x00007ff7241a0000 - 0x00007ff7241b0000 	C:\Program Files\Java\jdk-21\bin\java.exe
0x00007ff8b2ad0000 - 0x00007ff8b2ce7000 	C:\Windows\SYSTEM32\ntdll.dll
0x00007ff8b1d00000 - 0x00007ff8b1dc4000 	C:\Windows\System32\KERNEL32.DLL
0x00007ff8b00e0000 - 0x00007ff8b0497000 	C:\Windows\System32\KERNELBASE.dll
0x00007ff8b0640000 - 0x00007ff8b0751000 	C:\Windows\System32\ucrtbase.dll
0x00007ff89eca0000 - 0x00007ff89ecbb000 	C:\Program Files\Java\jdk-21\bin\VCRUNTIME140.dll
0x00007ff89ecc0000 - 0x00007ff89ecd9000 	C:\Program Files\Java\jdk-21\bin\jli.dll
0x00007ff8b27a0000 - 0x00007ff8b2852000 	C:\Windows\System32\ADVAPI32.dll
0x00007ff8b0be0000 - 0x00007ff8b0c87000 	C:\Windows\System32\msvcrt.dll
0x00007ff8b1c50000 - 0x00007ff8b1cf8000 	C:\Windows\System32\sechost.dll
0x00007ff8b0010000 - 0x00007ff8b0038000 	C:\Windows\System32\bcrypt.dll
0x00007ff8b1f60000 - 0x00007ff8b2074000 	C:\Windows\System32\RPCRT4.dll
0x00007ff8b0c90000 - 0x00007ff8b0e3f000 	C:\Windows\System32\USER32.dll
0x00007ff8b00b0000 - 0x00007ff8b00d6000 	C:\Windows\System32\win32u.dll
0x00007ff8b1dd0000 - 0x00007ff8b1df9000 	C:\Windows\System32\GDI32.dll
0x00007ff8b0520000 - 0x00007ff8b0638000 	C:\Windows\System32\gdi32full.dll
0x00007ff8b0760000 - 0x00007ff8b07fa000 	C:\Windows\System32\msvcp_win.dll
0x00007ff8aef60000 - 0x00007ff8af1f3000 	C:\Windows\WinSxS\amd64_microsoft.windows.common-controls_6595b64144ccf1df_6.0.22621.3672_none_2713b9d173822955\COMCTL32.dll
0x00007ff8af950000 - 0x00007ff8af95a000 	C:\Windows\SYSTEM32\VERSION.dll
0x00007ff8b2860000 - 0x00007ff8b2891000 	C:\Windows\System32\IMM32.DLL
0x0000000053480000 - 0x000000005348c000 	C:\Program Files (x86)\360\Total Security\safemon\SafeWrapper.dll
0x00007ff84fb50000 - 0x00007ff84fbfc000 	C:\Program Files (x86)\360\Total Security\safemon\libzdtp64.dll
0x00007ff8b1370000 - 0x00007ff8b1bd9000 	C:\Windows\System32\SHELL32.dll
0x00007ff8b29a0000 - 0x00007ff8b29fe000 	C:\Windows\System32\SHLWAPI.dll
0x00007ff89fb50000 - 0x00007ff89fb5c000 	C:\Program Files\Java\jdk-21\bin\vcruntime140_1.dll
0x00007ff892120000 - 0x00007ff8921ae000 	C:\Program Files\Java\jdk-21\bin\msvcp140.dll
0x00007ff828c00000 - 0x00007ff829915000 	C:\Program Files\Java\jdk-21\bin\server\jvm.dll
0x00007ff8b0970000 - 0x00007ff8b09e1000 	C:\Windows\System32\WS2_32.dll
0x00007ff8afbb0000 - 0x00007ff8afbfd000 	C:\Windows\SYSTEM32\POWRPROF.dll
0x00007ff8a5eb0000 - 0x00007ff8a5ee4000 	C:\Windows\SYSTEM32\WINMM.dll
0x00007ff8afa90000 - 0x00007ff8afaa3000 	C:\Windows\SYSTEM32\UMPDC.dll
0x00007ff8ade50000 - 0x00007ff8ade68000 	C:\Windows\SYSTEM32\kernel.appcore.dll
0x00007ff89abd0000 - 0x00007ff89abda000 	C:\Program Files\Java\jdk-21\bin\jimage.dll
0x00007ff8af5f0000 - 0x00007ff8af822000 	C:\Windows\SYSTEM32\DBGHELP.DLL
0x00007ff8b21e0000 - 0x00007ff8b256e000 	C:\Windows\System32\combase.dll
0x00007ff8b28a0000 - 0x00007ff8b2977000 	C:\Windows\System32\OLEAUT32.dll
0x00007ff8af4d0000 - 0x00007ff8af502000 	C:\Windows\SYSTEM32\dbgcore.DLL
0x00007ff8b04a0000 - 0x00007ff8b051b000 	C:\Windows\System32\bcryptPrimitives.dll
0x00007ff89ac70000 - 0x00007ff89ac7f000 	C:\Program Files\Java\jdk-21\bin\instrument.dll
0x00007ff89ac50000 - 0x00007ff89ac6f000 	C:\Program Files\Java\jdk-21\bin\java.dll
0x00007ff8acd70000 - 0x00007ff8ad66f000 	C:\Windows\SYSTEM32\windows.storage.dll
0x00007ff8acc30000 - 0x00007ff8acd6f000 	C:\Windows\SYSTEM32\wintypes.dll
0x00007ff8b1e00000 - 0x00007ff8b1ef9000 	C:\Windows\System32\SHCORE.dll
0x00007ff8afd10000 - 0x00007ff8afd37000 	C:\Windows\SYSTEM32\profapi.dll
0x00007ff882630000 - 0x00007ff882707000 	C:\Program Files\Java\jdk-21\bin\jsvml.dll
0x00007ff8920d0000 - 0x00007ff8920e8000 	C:\Program Files\Java\jdk-21\bin\zip.dll
0x00007ff89a640000 - 0x00007ff89a650000 	C:\Program Files\Java\jdk-21\bin\net.dll
0x00007ff8a5cc0000 - 0x00007ff8a5df6000 	C:\Windows\SYSTEM32\WINHTTP.dll
0x00007ff8ae220000 - 0x00007ff8ae289000 	C:\Windows\system32\mswsock.dll
0x00007ff892100000 - 0x00007ff892116000 	C:\Program Files\Java\jdk-21\bin\nio.dll
0x00007ff892090000 - 0x00007ff8920aa000 	C:\Users\DELL\Desktop\IntelliJ IDEA 2024.2\bin\breakgen64.dll
0x00007ff8920c0000 - 0x00007ff8920c7000 	C:\Program Files\Java\jdk-21\bin\extnet.dll

dbghelp: loaded successfully - version: 4.0.5 - missing functions: none
symbol engine: initialized successfully - sym options: 0x614 - pdb path: .;C:\Program Files\Java\jdk-21\bin;C:\Windows\SYSTEM32;C:\Windows\WinSxS\amd64_microsoft.windows.common-controls_6595b64144ccf1df_6.0.22621.3672_none_2713b9d173822955;C:\Program Files (x86)\360\Total Security\safemon;C:\Program Files\Java\jdk-21\bin\server;C:\Users\DELL\Desktop\IntelliJ IDEA 2024.2\bin

VM Arguments:
jvm_args: -ea -Didea.test.cyclic.buffer.size=1048576 -javaagent:C:\Users\DELL\Desktop\IntelliJ IDEA 2024.2\lib\idea_rt.jar=65039:C:\Users\DELL\Desktop\IntelliJ IDEA 2024.2\bin -Dfile.encoding=UTF-8 -Dsun.stdout.encoding=UTF-8 -Dsun.stderr.encoding=UTF-8 
java_command: com.intellij.rt.junit.JUnitStarter -ideVersion5 -junit5 africa.semicolon.wallet.userService.UserServiceTest,testThatUserCanBeCreated
java_class_path (initial): C:\Users\DELL\.m2\repository\org\junit\platform\junit-platform-launcher\1.10.3\junit-platform-launcher-1.10.3.jar;C:\Users\DELL\Desktop\IntelliJ IDEA 2024.2\lib\idea_rt.jar;C:\Users\DELL\Desktop\IntelliJ IDEA 2024.2\plugins\junit\lib\junit5-rt.jar;C:\Users\DELL\Desktop\IntelliJ IDEA 2024.2\plugins\junit\lib\junit-rt.jar;C:\Users\DELL\Documents\Wallet\target\test-classes;C:\Users\DELL\Documents\Wallet\target\classes;C:\Users\DELL\.m2\repository\org\springframework\boot\spring-boot-starter-data-jdbc\3.3.4\spring-boot-starter-data-jdbc-3.3.4.jar;C:\Users\DELL\.m2\repository\org\springframework\boot\spring-boot-starter-jdbc\3.3.4\spring-boot-starter-jdbc-3.3.4.jar;C:\Users\DELL\.m2\repository\com\zaxxer\HikariCP\5.1.0\HikariCP-5.1.0.jar;C:\Users\DELL\.m2\repository\org\springframework\spring-jdbc\6.1.13\spring-jdbc-6.1.13.jar;C:\Users\DELL\.m2\repository\org\springframework\data\spring-data-jdbc\3.3.4\spring-data-jdbc-3.3.4.jar;C:\Users\DELL\.m2\repository\org\springframework\data\spring-data-relational\3.3.4\spring-data-relational-3.3.4.jar;C:\Users\DELL\.m2\repository\org\springframework\data\spring-data-commons\3.3.4\spring-data-commons-3.3.4.jar;C:\Users\DELL\.m2\repository\org\springframework\spring-tx\6.1.13\spring-tx-6.1.13.jar;C:\Users\DELL\.m2\repository\org\springframework\spring-context\6.1.13\spring-context-6.1.13.jar;C:\Users\DELL\.m2\repository\org\springframework\spring-beans\6.1.13\spring-beans-6.1.13.jar;C:\Users\DELL\.m2\repository\org\slf4j\slf4j-api\2.0.16\slf4j-api-2.0.16.jar;C:\Users\DELL\.m2\repository\org\springframework\boot\spring-boot-starter-data-jpa\3.3.4\spring-boot-starter-data-jpa-3.3.4.jar;C:\Users\DELL\.m2\repository\org\springframework\boot\spring-boot-starter-aop\3.3.4\spring-boot-starter-aop-3.3.4.jar;C:\Users\DELL\.m2\repository\org\springframework\spring-aop\6.1.13\spring-aop-6.1.13.jar;C:\Users\DELL\.m2\repository\org\aspectj\aspectjweaver\1.9.22.1\aspectjweaver-1.9.22.1.jar;C:\Users\DELL\.m2\repository\org\hibernate\orm\hibernate-core\6.5.3.Final\hibernate-core-6.5.3.Final.jar;C:\Users\DELL\.m2\repository\jakarta\persistence\jakarta.persistence-api\3.1.0\jakarta.persistence-api-3.1.0.jar;C:\Users\DELL\.m2\repository\jakarta\transaction\jakarta.transaction-api\2.0.1\jakarta.transaction-api-2.0.1.jar;C:\Users\DELL\.m2\repository\org\hibernate\common\hibernate-commons-annotations\6.0.6.Final\hibernate-commons-annotations-6.0.6.Final.jar;C:\Users\DELL\.m2\repository\io\smallrye\jandex\3.1.2\jandex-3.1.2.jar;C:\Users\DELL\.m2\repository\net\bytebuddy\byte-buddy\1.14.19\byte-buddy-1.14.19.jar;C:\Users\DELL\.m2\repository\org\glassfish\jaxb\jaxb-runtime\4.0.5\jaxb-runtime-4.0.5.jar;C:\Users\DELL\.m2\repository\jakarta\inject\jakarta.inject-api\2.0.1\jakarta.inject-api-2.0.1.jar;C:\Users\DELL\.m2\repository\org\antlr\antlr4-runtime\4.13.0\antlr4-runtime-4.13.0.jar;C:\Users\DELL\.m2\repository\org\springframework\data\spring-data-jpa\3.3.4\spring-data-jpa-3.3.4.jar;C:\Users\DELL\.m2\repository\org\springframework\spring-orm\6.1.13\spring-orm-6.1.13.jar;C:\Users\DELL\.m2\repository\jakarta\annotation\jakarta.annotation-api\2.1.1\jakarta.annotation-api-2.1.1.jar;C:\Users\DELL\.m2\repository\org\springframework\spring-aspects\6.1.13\spring-aspects-6.1.13.jar;C:\Users\DELL\.m2\repository\org\springframework\security\spring-security-oauth2-authorization-server\1.3.2\spring-security-oauth2-authorization-server-1.3.2.jar;C:\Users\DELL\.m2\repository\org\springframework\security\spring-security-config\6.3.3\spring-security-config-6.3.3.jar;C:\Users\DELL\.m2\repository\org\springframework\security\spring-security-core\6.3.3\spring-security-core-6.3.3.jar;C:\Users\DELL\.m2\repository\org\springframework\security\spring-security-web\6.3.3\spring-security-web-6.3.3.jar;C:\Users\DELL\.m2\repository\org\springframework\spring-expression\6.1.13\spring-expression-6.1.13.jar;C:\Users\DELL\.m2\repository\org\springframework\security\spring-security-oauth2-core\6.3.3\spring-security-oauth2-core-6.3.3.jar;C:\Users\DELL\.m2\repository\org\springframework\security\spring-security-oauth2-jose\6.3.3\spring-security-oauth2-jose-6.3.3.jar;C:\Users\DELL\.m2\repository\org\springframework\security\spring-security-oauth2-resource-server\6.3.3\spring-security-oauth2-resource-server-6.3.3.jar;C:\Users\DELL\.m2\repository\org\springframework\spring-core\6.1.13\spring-core-6.1.13.jar;C:\Users\DELL\.m2\repository\org\springframework\spring-jcl\6.1.13\spring-jcl-6.1.13.jar;C:\Users\DELL\.m2\repository\com\nimbusds\nimbus-jose-jwt\9.39.3\nimbus-jose-jwt-9.39.3.jar;C:\Users\DELL\.m2\repository\com\fasterxml\jackson\core\jackson-databind\2.17.2\jackson-databind-2.17.2.jar;C:\Users\DELL\.m2\repository\com\paypal\sdk\paypal-core\1.7.2\paypal-core-1.7.2.jar;C:\Users\DELL\.m2\repository\com\google\code\gson\gson\2.10.1\gson-2.10.1.jar;C:\Users\DELL\.m2\repository\org\keycloak\keycloak-admin-client\26.0.1\keycloak-admin-client-26.0.1.jar;C:\Users\DELL\.m2\repository\org\keycloak\keycloak-client-common-synced\26.0.1\keycloak-client-common-synced-26.0.1.jar;C:\Users\DELL\.m2\repository\org\jboss\logging\commons-logging-jboss-logging\1.0.0.Final\commons-logging-jboss-logging-1.0.0.Final.jar;C:\Users\DELL\.m2\repository\jakarta\activation\jakarta.activation-api\2.1.3\jakarta.activation-api-2.1.3.jar;C:\Users\DELL\.m2\repository\com\fasterxml\jackson\core\jackson-core\2.17.2\jackson-core-2.17.2.jar;C:\Users\DELL\.m2\repository\com\fasterxml\jackson\core\jackson-annotations\2.17.2\jackson-annotations-2.17.2.jar;C:\Users\DELL\.m2\repository\com\fasterxml\jackson\datatype\jackson-datatype-jdk8\2.17.2\jackson-datatype-jdk8-2.17.2.jar;C:\Users\DELL\.m2\repository\com\fasterxml\jackson\datatype\jackson-datatype-jsr310\2.17.2\jackson-datatype-jsr310-2.17.2.jar;C:\Users\DELL\.m2\repository\org\eclipse\microprofile\openapi\microprofile-openapi-api\3.1.1\microprofile-openapi-api-3.1.1.jar;C:\Users\DELL\.m2\repository\org\jboss\resteasy\resteasy-client\6.2.9.Final\resteasy-client-6.2.9.Final.jar;C:\Users\DELL\.m2\repository\org\jboss\resteasy\resteasy-client-api\6.2.9.Final\resteasy-client-api-6.2.9.Final.jar;C:\Users\DELL\.m2\repository\org\jboss\resteasy\resteasy-core-spi\6.2.9.Final\resteasy-core-spi-6.2.9.Final.jar;C:\Users\DELL\.m2\repository\org\jboss\resteasy\resteasy-core\6.2.9.Final\resteasy-core-6.2.9.Final.jar;C:\Users\DELL\.m2\repository\org\jboss\jandex\2.4.5.Final\jandex-2.4.5.Final.jar;C:\Users\DELL\.m2\repository\org\eclipse\angus\angus-activation\2.0.2\angus-activation-2.0.2.jar;C:\Users\DELL\.m2\repository\com\ibm\async\asyncutil\0.1.0\asyncutil-0.1.0.jar;C:\Users\DELL\.m2\repository\jakarta\ws\rs\jakarta.ws.rs-api\3.1.0\jakarta.ws.rs-api-3.1.0.jar;C:\Users\DELL\.m2\repository\org\reactivestreams\reactive-streams\1.0.4\reactive-streams-1.0.4.jar;C:\Users\DELL\.m2\repository\org\jboss\resteasy\resteasy-multipart-provider\6.2.9.Final\resteasy-multipart-provider-6.2.9.Final.jar;C:\Users\DELL\.m2\repository\jakarta\mail\jakarta.mail-api\2.1.3\jakarta.mail-api-2.1.3.jar;C:\Users\DELL\.m2\repository\org\eclipse\angus\angus-mail\2.0.3\angus-mail-2.0.3.jar;C:\Users\DELL\.m2\repository\org\apache\james\apache-mime4j-dom\0.8.11\apache-mime4j-dom-0.8.11.jar;C:\Users\DELL\.m2\repository\org\apache\james\apache-mime4j-core\0.8.11\apache-mime4j-core-0.8.11.jar;C:\Users\DELL\.m2\repository\org\apache\james\apache-mime4j-storage\0.8.11\apache-mime4j-storage-0.8.11.jar;C:\Users\DELL\.m2\repository\commons-io\commons-io\2.11.0\commons-io-2.11.0.jar;C:\Users\DELL\.m2\repository\org\jboss\resteasy\resteasy-jackson2-provider\6.2.9.Final\resteasy-jackson2-provider-6.2.9.Final.jar;C:\Users\DELL\.m2\repository\com\fasterxml\jackson\jakarta\rs\jackson-jakarta-rs-base\2.17.2\jackson-jakarta-rs-base-2.17.2.jar;C:\Users\DELL\.m2\repository\com\fasterxml\jackson\jakarta\rs\jackson-jakarta-rs-json-provider\2.17.2\jackson-jakarta-rs-json-provider-2.17.2.jar;C:\Users\DELL\.m2\repository\com\fasterxml\jackson\module\jackson-module-jakarta-xmlbind-annotations\2.17.2\jackson-module-jakarta-xmlbind-annotations-2.17.2.jar;C:\Users\DELL\.m2\repository\com\github\java-json-tools\json-patch\1.13\json-patch-1.13.jar;C:\Users\DELL\.m2\repository\com\github\java-json-tools\msg-simple\1.2\msg-simple-1.2.jar;C:\Users\DELL\.m2\repository\com\github\java-json-tools\btf\1.3\btf-1.3.jar;C:\Users\DELL\.m2\repository\com\github\java-json-tools\jackson-coreutils\2.0\jackson-coreutils-2.0.jar;C:\Users\DELL\.m2\repository\org\jboss\resteasy\resteasy-jaxb-provider\6.2.9.Final\resteasy-jaxb-provider-6.2.9.Final.jar;C:\Users\DELL\.m2\repository\org\glassfish\jaxb\codemodel\4.0.5\codemodel-4.0.5.jar;C:\Users\DELL\.m2\repository\org\glassfish\jaxb\jaxb-core\4.0.5\jaxb-core-4.0.5.jar;C:\Users\DELL\.m2\repository\org\glassfish\jaxb\jaxb-jxc\4.0.5\jaxb-jxc-4.0.5.jar;C:\Users\DELL\.m2\repository\org\glassfish\jaxb\txw2\4.0.5\txw2-4.0.5.jar;C:\Users\DELL\.m2\repository\org\glassfish\jaxb\jaxb-xjc\4.0.5\jaxb-xjc-4.0.5.jar;C:\Users\DELL\.m2\repository\org\glassfish\jaxb\xsom\4.0.5\xsom-4.0.5.jar;C:\Users\DELL\.m2\repository\com\sun\istack\istack-commons-runtime\4.1.2\istack-commons-runtime-4.1.2.jar;C:\Users\DELL\.m2\repository\com\sun\istack\istack-commons-tools\4.1.2\istack-commons-tools-4.1.2.jar;C:\Users\DELL\.m2\repository\com\sun\xml\bind\external\relaxng-datatype\4.0.3\relaxng-datatype-4.0.3.jar;C:\Users\DELL\.m2\repository\com\sun\xml\bind\external\rngom\4.0.3\rngom-4.0.3.jar;C:\Users\DELL\.m2\repository\org\springframework\boot\spring-boot-starter-web\3.3.4\spring-boot-starter-web-3.3.4.jar;C:\Users\DELL\.m2\repository\org\springframework\boot\spring-boot-starter\3.3.4\spring-boot-starter-3.3.4.jar;C:\Users\DELL\.m2\repository\org\springframework\boot\spring-boot\3.3.4\spring-boot-3.3.4.jar;C:\Users\DELL\.m2\repository\org\springframework\boot\spring-boot-autoconfigure\3.3.4\spring-boot-autoconfigure-3.3.4.jar;C:\Users\DELL\.m2\repository\org\springframework\boot\spring-boot-starter-logging\3.3.4\spring-boot-starter-logging-3.3.4.jar;C:\Users\DELL\.m2\repository\ch\qos\logback\logback-classic\1.5.8\logback-classic-1.5.8.jar;C:\Users\DELL\.m2\repository\ch\qos\logback\logback-core\1.5.8\logback-core-1.5.8.jar;C:\Users\DELL\.m2\repository\org\apache\logging\log4j\log4j-to-slf4j\2.23.1\log4j-to-slf4j-2.23.1.jar;C:\Users\DELL\.m2\repository\org\apache\logging\log4j\log4j-api\2.23.1\log4j-api-2.23.1.jar;C:\Users\DELL\.m2\repository\org\slf4j\jul-to-slf4j\2.0.16\jul-to-slf4j-2.0.16.jar;C:\Users\DELL\.m2\repository\org\yaml\snakeyaml\2.2\snakeyaml-2.2.jar;C:\Users\DELL\.m2\repository\org\springframework\boot\spring-boot-starter-json\3.3.4\spring-boot-starter-json-3.3.4.jar;C:\Users\DELL\.m2\repository\com\fasterxml\jackson\module\jackson-module-parameter-names\2.17.2\jackson-module-parameter-names-2.17.2.jar;C:\Users\DELL\.m2\repository\org\springframework\boot\spring-boot-starter-tomcat\3.3.4\spring-boot-starter-tomcat-3.3.4.jar;C:\Users\DELL\.m2\repository\org\apache\tomcat\embed\tomcat-embed-core\10.1.30\tomcat-embed-core-10.1.30.jar;C:\Users\DELL\.m2\repository\org\apache\tomcat\embed\tomcat-embed-websocket\10.1.30\tomcat-embed-websocket-10.1.30.jar;C:\Users\DELL\.m2\repository\org\springframework\spring-web\6.1.13\spring-web-6.1.13.jar;C:\Users\DELL\.m2\repository\io\micrometer\micrometer-observation\1.13.4\micrometer-observation-1.13.4.jar;C:\Users\DELL\.m2\repository\io\micrometer\micrometer-commons\1.13.4\micrometer-commons-1.13.4.jar;C:\Users\DELL\.m2\repository\org\springframework\spring-webmvc\6.1.13\spring-webmvc-6.1.13.jar;C:\Users\DELL\.m2\repository\com\mysql\mysql-connector-j\8.3.0\mysql-connector-j-8.3.0.jar;C:\Users\DELL\.m2\repository\org\projectlombok\lombok\1.18.34\lombok-1.18.34.jar;C:\Users\DELL\.m2\repository\org\springframework\security\spring-security-crypto\6.3.1\spring-security-crypto-6.3.1.jar;C:\Users\DELL\.m2\repository\org\springframework\boot\spring-boot-starter-validation\3.3.4\spring-boot-starter-validation-3.3.4.jar;C:\Users\DELL\.m2\repository\org\apache\tomcat\embed\tomcat-embed-el\10.1.30\tomcat-embed-el-10.1.30.jar;C:\Users\DELL\.m2\repository\org\mapstruct\mapstruct\1.5.5.Final\mapstruct-1.5.5.Final.jar;C:\Users\DELL\.m2\repository\org\apache\httpcomponents\httpclient\4.5.14\httpclient-4.5.14.jar;C:\Users\DELL\.m2\repository\org\apache\httpcomponents\httpcore\4.4.16\httpcore-4.4.16.jar;C:\Users\DELL\.m2\repository\commons-logging\commons-logging\1.2\commons-logging-1.2.jar;C:\Users\DELL\.m2\repository\commons-codec\commons-codec\1.16.1\commons-codec-1.16.1.jar;C:\Users\DELL\.m2\repository\org\hibernate\validator\hibernate-validator\8.0.1.Final\hibernate-validator-8.0.1.Final.jar;C:\Users\DELL\.m2\repository\jakarta\validation\jakarta.validation-api\3.0.2\jakarta.validation-api-3.0.2.jar;C:\Users\DELL\.m2\repository\org\jboss\logging\jboss-logging\3.5.3.Final\jboss-logging-3.5.3.Final.jar;C:\Users\DELL\.m2\repository\com\fasterxml\classmate\1.7.0\classmate-1.7.0.jar;C:\Users\DELL\.m2\repository\org\glassfish\jakarta.el\4.0.2\jakarta.el-4.0.2.jar;C:\Users\DELL\.m2\repository\jakarta\el\jakarta.el-api\4.0.0\jakarta.el-api-4.0.0.jar;C:\Users\DELL\.m2\repository\org\springframework\boot\spring-boot-starter-test\3.3.4\spring-boot-starter-test-3.3.4.jar;C:\Users\DELL\.m2\repository\org\springframework\boot\spring-boot-test\3.3.4\spring-boot-test-3.3.4.jar;C:\Users\DELL\.m2\repository\org\springframework\boot\spring-boot-test-autoconfigure\3.3.4\spring-boot-test-autoconfigure-3.3.4.jar;C:\Users\DELL\.m2\repository\com\jayway\jsonpath\json-path\2.9.0\json-path-2.9.0.jar;C:\Users\DELL\.m2\repository\jakarta\xml\bind\jakarta.xml.bind-api\4.0.2\jakarta.xml.bind-api-4.0.2.jar;C:\Users\DELL\.m2\repository\net\minidev\json-smart\2.5.1\json-smart-2.5.1.jar;C:\Users\DELL\.m2\repository\net\minidev\accessors-smart\2.5.1\accessors-smart-2.5.1.jar;C:\Users\DELL\.m2\repository\org\ow2\asm\asm\9.6\asm-9.6.jar;C:\Users\DELL\.m2\repository\org\assertj\assertj-core\3.25.3\assertj-core-3.25.3.jar;C:\Users\DELL\.m2\repository\org\awaitility\awaitility\4.2.2\awaitility-4.2.2.jar;C:\Users\DELL\.m2\repository\org\hamcrest\hamcrest\2.2\hamcrest-2.2.jar;C:\Users\DELL\.m2\repository\org\junit\jupiter\junit-jupiter\5.10.3\junit-jupiter-5.10.3.jar;C:\Users\DELL\.m2\repository\org\junit\jupiter\junit-jupiter-api\5.10.3\junit-jupiter-api-5.10.3.jar;C:\Users\DELL\.m2\repository\org\opentest4j\opentest4j\1.3.0\opentest4j-1.3.0.jar;C:\Users\DELL\.m2\repository\org\junit\platform\junit-platform-commons\1.10.3\junit-platform-commons-1.10.3.jar;C:\Users\DELL\.m2\repository\org\apiguardian\apiguardian-api\1.1.2\apiguardian-api-1.1.2.jar;C:\Users\DELL\.m2\repository\org\junit\jupiter\junit-jupiter-params\5.10.3\junit-jupiter-params-5.10.3.jar;C:\Users\DELL\.m2\repository\org\junit\jupiter\junit-jupiter-engine\5.10.3\junit-jupiter-engine-5.10.3.jar;C:\Users\DELL\.m2\repository\org\junit\platform\junit-platform-engine\1.10.3\junit-platform-engine-1.10.3.jar;C:\Users\DELL\.m2\repository\org\mockito\mockito-core\5.11.0\mockito-core-5.11.0.jar;C:\Users\DELL\.m2\repository\net\bytebuddy\byte-buddy-agent\1.14.19\byte-buddy-agent-1.14.19.jar;C:\Users\DELL\.m2\repository\org\objenesis\objenesis\3.3\objenesis-3.3.jar;C:\Users\DELL\.m2\repository\org\mockito\mockito-junit-jupiter\5.11.0\mockito-junit-jupiter-5.11.0.jar;C:\Users\DELL\.m2\repository\org\skyscreamer\jsonassert\1.5.3\jsonassert-1.5.3.jar;C:\Users\DELL\.m2\repository\com\vaadin\external\google\android-json\0.0.20131108.vaadin1\android-json-0.0.20131108.vaadin1.jar;C:\Users\DELL\.m2\repository\org\springframework\spring-test\6.1.13\spring-test-6.1.13.jar;C:\Users\DELL\.m2\repository\org\xmlunit\xmlunit-core\2.9.1\xmlunit-core-2.9.1.jar
Launcher Type: SUN_STANDARD

[Global flags]
     intx CICompilerCount                          = 3                                         {product} {ergonomic}
     uint ConcGCThreads                            = 1                                         {product} {ergonomic}
     uint G1ConcRefinementThreads                  = 4                                         {product} {ergonomic}
   size_t G1HeapRegionSize                         = 1048576                                   {product} {ergonomic}
    uintx GCDrainStackTargetSize                   = 64                                        {product} {ergonomic}
   size_t InitialHeapSize                          = 134217728                                 {product} {ergonomic}
   size_t MarkStackSize                            = 4194304                                   {product} {ergonomic}
   size_t MaxHeapSize                              = 2120220672                                {product} {ergonomic}
   size_t MaxNewSize                               = 1271922688                                {product} {ergonomic}
   size_t MinHeapDeltaBytes                        = 1048576                                   {product} {ergonomic}
   size_t MinHeapSize                              = 8388608                                   {product} {ergonomic}
    uintx NonNMethodCodeHeapSize                   = 5832780                                {pd product} {ergonomic}
    uintx NonProfiledCodeHeapSize                  = 122912730                              {pd product} {ergonomic}
    uintx ProfiledCodeHeapSize                     = 122912730                              {pd product} {ergonomic}
    uintx ReservedCodeCacheSize                    = 251658240                              {pd product} {ergonomic}
     bool SegmentedCodeCache                       = true                                      {product} {ergonomic}
   size_t SoftMaxHeapSize                          = 2120220672                             {manageable} {ergonomic}
     bool UseCompressedOops                        = true                           {product lp64_product} {ergonomic}
     bool UseG1GC                                  = true                                      {product} {ergonomic}
     bool UseLargePagesIndividualAllocation        = false                                  {pd product} {ergonomic}

Logging:
Log output configuration:
 #0: stdout all=warning uptime,level,tags foldmultilines=false
 #1: stderr all=off uptime,level,tags foldmultilines=false

Environment Variables:
JAVA_HOME=C:\Program Files\Java\jdk-21
PATH=C:\Program Files (x86)\Common Files\Oracle\Java\javapath;C:\Program Files\Common Files\Oracle\Java\javapath;C:\Windows\system32;C:\Windows;C:\Windows\System32\Wbem;C:\Windows\System32\WindowsPowerShell\v1.0\;C:\Windows\System32\OpenSSH\;C:\Program Files\Git\cmd;C:\Program Files (x86)\Microsoft SQL Server\150\DTS\Binn\;C:\Program Files\Microsoft SQL Server\Client SDK\ODBC\130\Tools\Binn\;C:\Program Files (x86)\Microsoft SQL Server\140\Tools\Binn\;C:\Program Files\Microsoft SQL Server\140\Tools\Binn\;C:\Program Files\Microsoft SQL Server\140\DTS\Binn\;C:\Program Files\nodejs\;C:\Program Files\Go\bin;C:\Program Files\Docker\Docker\resources\bin;C:\Program Files\PuTTY\;C:\Program Files\Java\jdk-21\bin;C:\Users\DELL\.cargo\bin;C:\Program Files\MySQL\MySQL Shell 8.0\bin\;C:\Users\DELL\AppData\Local\Programs\Python\Python312\Scripts\;C:\Users\DELL\AppData\Local\Programs\Python\Python312\;C:\Users\DELL\AppData\Local\Microsoft\WindowsApps;C:\Program Files\JetBrains\IntelliJ IDEA 2023.3.2\bin;;C:\Users\DELL\AppData\Local\Programs\Microsoft VS Code\bin;C:\Users\DELL\AppData\Roaming\npm;C:\Users\DELL\go\bin;C:\Program Files\Java\jdk-21\bin;C:\Program Files\Java\jdk-21\bin;
USERNAME=DELL
OS=Windows_NT
PROCESSOR_IDENTIFIER=Intel64 Family 6 Model 78 Stepping 3, GenuineIntel
TMP=C:\Users\DELL\AppData\Local\Temp
TEMP=C:\Users\DELL\AppData\Local\Temp




Periodic native trim disabled

---------------  S Y S T E M  ---------------

OS:
 Windows 11 , 64 bit Build 22621 (10.0.22621.3958)
OS uptime: 0 days 2:00 hours
Hyper-V role detected

CPU: total 4 (initial active 4) (2 cores per cpu, 2 threads per core) family 6 model 78 stepping 3 microcode 0xf0, cx8, cmov, fxsr, ht, mmx, 3dnowpref, sse, sse2, sse3, ssse3, sse4.1, sse4.2, popcnt, lzcnt, tsc, tscinvbit, avx, avx2, aes, erms, clmul, bmi1, bmi2, rtm, adx, fma, vzeroupper, clflush, clflushopt, hv, rdtscp, f16c
Processor Information for all 4 processors :
  Max Mhz: 2501, Current Mhz: 2501, Mhz Limit: 2501

Memory: 4k page, system-wide physical 8083M (630M free)
TotalPageFile size 16167M (AvailPageFile size 4628M)
current process WorkingSet (physical memory assigned to process): 131M, peak: 131M
current process commit charge ("private bytes"): 253M, peak: 253M

vm_info: Java HotSpot(TM) 64-Bit Server VM (21.0.1+12-LTS-29) for windows-amd64 JRE (21.0.1+12-LTS-29), built on 2023-10-05T13:27:09Z by "mach5one" with MS VC++ 17.1 (VS2022)

END.
