#
# A fatal error has been detected by the Java Runtime Environment:
#
#  EXCEPTION_ACCESS_VIOLATION (0xc0000005) at pc=0x00007ff8c8dc862f, pid=5100, tid=19468
#
# JRE version: Java(TM) SE Runtime Environment (21.0.1+12) (build 21.0.1+12-LTS-29)
# Java VM: Java HotSpot(TM) 64-Bit Server VM (21.0.1+12-LTS-29, mixed mode, emulated-client, sharing, tiered, compressed oops, compressed class ptrs, g1 gc, windows-amd64)
# Problematic frame:
# V  [jvm.dll+0x35862f]
#
# No core dump will be written. Minidumps are not enabled by default on client versions of Windows
#
# If you would like to submit a bug report, please visit:
#   https://bugreport.java.com/bugreport/crash.jsp
#

---------------  S U M M A R Y ------------

Command Line: -XX:TieredStopAtLevel=1 -Dspring.output.ansi.enabled=always -Dcom.sun.management.jmxremote -Dspring.jmx.enabled=true -Dspring.liveBeansView.mbeanDomain -Dspring.application.admin.enabled=true -Dmanagement.endpoints.jmx.exposure.include=* -javaagent:C:\Users\DELL\Desktop\IntelliJ IDEA 2024.2\lib\idea_rt.jar=60691:C:\Users\DELL\Desktop\IntelliJ IDEA 2024.2\bin -Dfile.encoding=UTF-8 -Dsun.stdout.encoding=UTF-8 -Dsun.stderr.encoding=UTF-8 africa.semicolon.wallet.WalletApplication

Host: Intel(R) Core(TM) i5-6300U CPU @ 2.40GHz, 4 cores, 7G,  Windows 11 , 64 bit Build 22621 (10.0.22621.3958)
Time: Tue Nov  5 11:30:37 2024 W. Central Africa Standard Time elapsed time: 15.606296 seconds (0d 0h 0m 15s)

---------------  T H R E A D  ---------------

Current thread (0x000001f0504f6d90):  WorkerThread "GC Thread#3"    [id=19468, stack(0x0000008abfd00000,0x0000008abfe00000) (1024K)]

Stack: [0x0000008abfd00000,0x0000008abfe00000],  sp=0x0000008abfdff600,  free space=1021k
Native frames: (J=compiled Java code, j=interpreted, Vv=VM code, C=native code)
V  [jvm.dll+0x35862f]
V  [jvm.dll+0x36cac9]
V  [jvm.dll+0x36d19a]
V  [jvm.dll+0x36d297]
V  [jvm.dll+0x36e17b]
V  [jvm.dll+0x881f77]
V  [jvm.dll+0x7fd728]
V  [jvm.dll+0x6c777d]
C  [ucrtbase.dll+0x29333]
C  [KERNEL32.DLL+0x1257d]
C  [ntdll.dll+0x5af08]


siginfo: EXCEPTION_ACCESS_VIOLATION (0xc0000005), reading address 0x0000000000000001


Registers:
RAX=0x0000000000000000, RBX=0x000001f052a15e90, RCX=0x0000000000000014, RDX=0x0000000000000000
RSP=0x0000008abfdff600, RBP=0x0000008abfdff690, RSI=0x000001f0788f1e60, RDI=0x00000000866e8a30
R8 =0x0000033c000002f1, R9 =0x0000008abfdff630, R10=0x0000000000000001, R11=0x0000000000000001
R12=0x0000000000000004, R13=0x000001f052a15e90, R14=0x000001f0504d3c50, R15=0x000001f00a50db70
RIP=0x00007ff8c8dc862f, EFLAGS=0x0000000000010246


Register to memory mapping:

RAX=0x0 is null
RBX=0x000001f052a15e90 points into unknown readable memory: 0x00007ff8c94463e8 | e8 63 44 c9 f8 7f 00 00
RCX=0x0000000000000014 is an unknown value
RDX=0x0 is null
RSP=0x0000008abfdff600 points into unknown readable memory: 0x000001f052a15e90 | 90 5e a1 52 f0 01 00 00
RBP=0x0000008abfdff690 points into unknown readable memory: 0x000001f00a50db70 | 70 db 50 0a f0 01 00 00
RSI=0x000001f0788f1e60 points into unknown readable memory: 0x00007ff8c943f2c8 | c8 f2 43 c9 f8 7f 00 00
RDI=0x00000000866e8a30 is an oop: [Ljava.lang.Class; 
{0x00000000866e8a30} - klass: 'java/lang/Class'[]
 - length: 2
R8 =0x0000033c000002f1 is an unknown value
R9 =0x0000008abfdff630 points into unknown readable memory: 0x00000000866e8a31 | 31 8a 6e 86 00 00 00 00
R10=0x0000000000000001 is an unknown value
R11=0x0000000000000001 is an unknown value
R12=0x0000000000000004 is an unknown value
R13=0x000001f052a15e90 points into unknown readable memory: 0x00007ff8c94463e8 | e8 63 44 c9 f8 7f 00 00
R14=0x000001f0504d3c50 points into unknown readable memory: 0x000001f000000004 | 04 00 00 00 f0 01 00 00
R15=0x000001f00a50db70 points into unknown readable memory: 0x0000000000000000 | 00 00 00 00 00 00 00 00

Top of Stack: (sp=0x0000008abfdff600)
0x0000008abfdff600:   000001f052a15e90 0000008abfdff690
0x0000008abfdff610:   000001f0788f1e60 0000000000000030
0x0000008abfdff620:   0000000000000014 00007ff8c8ddcac9
0x0000008abfdff630:   00000000866e8a31 0000008abfdff700
0x0000008abfdff640:   0000000000000000 0000000000000014
0x0000008abfdff650:   0000008abeefe9a0 00007ff8c9131c7f
0x0000008abfdff660:   0000000000000000 0000000000000000
0x0000008abfdff670:   0000000000000000 0000000000000000
0x0000008abfdff680:   000001f0504d3c50 00007ff8c92785b7
0x0000008abfdff690:   000001f00a50db70 000001f0504d3c50
0x0000008abfdff6a0:   00000000000003d8 000001f00a50df58
0x0000008abfdff6b0:   0000000000000001 00007ff8c8ddd19a
0x0000008abfdff6c0:   000001f052a15e90 0000000000000014
0x0000008abfdff6d0:   0000008abeefe9a0 0000000000000801
0x0000008abfdff6e0:   000001f052a15e90 000001f0767731f0
0x0000008abfdff6f0:   000000000948d7c1 0000000901216065
0x0000008abfdff700:   00007ff8c9448ca8 0000000000000000
0x0000008abfdff710:   0000000000000000 0000000000000000
0x0000008abfdff720:   000001f07890ca60 000001f052a15e90
0x0000008abfdff730:   000001f0788f1e60 0000008abeefe9d0
0x0000008abfdff740:   0000000000000014 0000000000000000
0x0000008abfdff750:   0000000000000000 0000000000000000
0x0000008abfdff760:   000001f00a50db80 00007ff8c8ddd297
0x0000008abfdff770:   000001f052a15e90 0000000000000001
0x0000008abfdff780:   000001f00a605680 0000008abeefe9a0
0x0000008abfdff790:   000001f000000016 0000008a00000014
0x0000008abfdff7a0:   0000008abeefe9a0 00007ff8c8dde17b
0x0000008abfdff7b0:   000001f052a15e90 000001f00a605680
0x0000008abfdff7c0:   0000000000000000 0000000000000000
0x0000008abfdff7d0:   0000000000000070 000001f0503f3d10
0x0000008abfdff7e0:   0000000000000000 0000000000000030
0x0000008abfdff7f0:   000001f07e539c50 00007ff8c92f1f77 

Instructions: (pc=0x00007ff8c8dc862f)
0x00007ff8c8dc852f:   cd 64 d6 ff 48 8b c8 48 85 c0 74 3d 48 8b 83 d0
0x00007ff8c8dc853f:   01 00 00 4c 8d 43 10 48 8b 13 48 89 44 24 38 48
0x00007ff8c8dc854f:   8b 43 08 48 89 44 24 30 8b 83 c8 01 00 00 4c 69
0x00007ff8c8dc855f:   ce 48 01 00 00 89 44 24 28 4c 03 8b b0 01 00 00
0x00007ff8c8dc856f:   89 7c 24 20 e8 68 ea ff ff 48 8b 8b b8 01 00 00
0x00007ff8c8dc857f:   48 89 04 f9 48 8b 83 b8 01 00 00 48 8b 04 f8 48
0x00007ff8c8dc858f:   8b 5c 24 50 48 8b 74 24 58 48 83 c4 40 5f c3 cc
0x00007ff8c8dc859f:   cc 48 89 5c 24 18 56 48 83 ec 20 48 8b f2 48 c7
0x00007ff8c8dc85af:   44 24 30 00 00 00 00 8b 91 b0 01 00 00 4c 8d 44
0x00007ff8c8dc85bf:   24 30 48 8b d9 48 8b ce e8 e4 da fd ff 84 c0 0f
0x00007ff8c8dc85cf:   84 e0 01 00 00 48 89 7c 24 38 0f 1f 80 00 00 00
0x00007ff8c8dc85df:   00 48 8b 54 24 30 f6 c2 01 0f 84 a8 00 00 00 8b
0x00007ff8c8dc85ef:   0d 74 19 86 00 48 8d 7a ff 48 8b 43 08 44 8b 17
0x00007ff8c8dc85ff:   49 d3 e2 4c 03 15 57 19 86 00 8b 88 b0 05 00 00
0x00007ff8c8dc860f:   49 8b d2 48 8b 80 a0 05 00 00 48 d3 ea 0f b7 14
0x00007ff8c8dc861f:   50 0f b7 c2 66 c1 e8 08 84 c0 0f 88 5b 01 00 00
0x00007ff8c8dc862f:   4d 8b 02 41 0f b6 c0 24 03 3c 03 75 06 49 83 e0
0x00007ff8c8dc863f:   fc eb 11 4d 8b c8 48 8b cb 4d 8b c2 e8 f0 f1 ff
0x00007ff8c8dc864f:   ff 4c 8b c0 8b 0d 0f 19 86 00 49 8b d0 48 2b 15
0x00007ff8c8dc865f:   fd 18 86 00 48 d3 ea 89 17 48 8b d7 8b 0d 6f a7
0x00007ff8c8dc866f:   8c 00 49 33 d0 48 d3 ea 48 85 d2 0f 84 0a 01 00
0x00007ff8c8dc867f:   00 48 8b 43 08 8b 88 b0 05 00 00 4c 8b 88 a0 05
0x00007ff8c8dc868f:   00 00 e9 87 00 00 00 f6 c2 03 0f 85 df 00 00 00
0x00007ff8c8dc869f:   4c 8b 12 48 8b 43 08 49 8b d2 8b 88 b0 05 00 00
0x00007ff8c8dc86af:   48 8b 80 a0 05 00 00 48 d3 ea 0f b7 14 50 0f b7
0x00007ff8c8dc86bf:   c2 66 c1 e8 08 84 c0 0f 88 be 00 00 00 4d 8b 02
0x00007ff8c8dc86cf:   41 0f b6 c0 24 03 3c 03 75 06 49 83 e0 fc eb 11
0x00007ff8c8dc86df:   4d 8b c8 48 8b cb 4d 8b c2 e8 53 f1 ff ff 4c 8b
0x00007ff8c8dc86ef:   c0 48 8b 7c 24 30 49 8b d0 48 33 d7 4c 89 07 8b
0x00007ff8c8dc86ff:   0d dc a6 8c 00 48 d3 ea 48 85 d2 74 7e 48 8b 53
0x00007ff8c8dc870f:   08 8b 8a b0 05 00 00 4c 8b 8a a0 05 00 00 48 8b
0x00007ff8c8dc871f:   c7 48 d3 e8 41 0f b7 14 41 66 c1 ea 08 80 fa fe 


Stack slot to memory mapping:

stack at sp + 0 slots: 0x000001f052a15e90 points into unknown readable memory: 0x00007ff8c94463e8 | e8 63 44 c9 f8 7f 00 00
stack at sp + 1 slots: 0x0000008abfdff690 points into unknown readable memory: 0x000001f00a50db70 | 70 db 50 0a f0 01 00 00
stack at sp + 2 slots: 0x000001f0788f1e60 points into unknown readable memory: 0x00007ff8c943f2c8 | c8 f2 43 c9 f8 7f 00 00
stack at sp + 3 slots: 0x0000000000000030 is an unknown value
stack at sp + 4 slots: 0x0000000000000014 is an unknown value
stack at sp + 5 slots: 0x00007ff8c8ddcac9 jvm.dll
stack at sp + 6 slots: 
[error occurred during error reporting (inspecting top of stack), id 0xc0000005, EXCEPTION_ACCESS_VIOLATION (0xc0000005) at pc=0x00007ff8c8bae186]
stack at sp + 7 slots: 0x0000008abfdff700 points into unknown readable memory: 0x00007ff8c9448ca8 | a8 8c 44 c9 f8 7f 00 00


---------------  P R O C E S S  ---------------

Threads class SMR info:
_java_thread_list=0x000001f051dcddb0, length=20, elements={
0x000001f0788fbde0, 0x000001f07e529f10, 0x000001f07e52b340, 0x000001f07e52f310,
0x000001f07e5304c0, 0x000001f07e534350, 0x000001f07e534ee0, 0x000001f07e539540,
0x000001f00a5d7610, 0x000001f07e4f3210, 0x000001f07e4f38c0, 0x000001f00a5d6260,
0x000001f00a5d68f0, 0x000001f00a5d6f80, 0x000001f00a5d7ca0, 0x000001f00a5d5bd0,
0x000001f00a5d8330, 0x000001f00a5d4eb0, 0x000001f00a5d5540, 0x000001f051e3b890
}

Java Threads: ( => current thread )
  0x000001f0788fbde0 JavaThread "main"                              [_thread_blocked, id=1540, stack(0x0000008abe700000,0x0000008abe800000) (1024K)]
  0x000001f07e529f10 JavaThread "Reference Handler"          daemon [_thread_blocked, id=22508, stack(0x0000008abef00000,0x0000008abf000000) (1024K)]
  0x000001f07e52b340 JavaThread "Finalizer"                  daemon [_thread_blocked, id=11284, stack(0x0000008abf000000,0x0000008abf100000) (1024K)]
  0x000001f07e52f310 JavaThread "Signal Dispatcher"          daemon [_thread_blocked, id=12448, stack(0x0000008abf100000,0x0000008abf200000) (1024K)]
  0x000001f07e5304c0 JavaThread "Attach Listener"            daemon [_thread_blocked, id=19996, stack(0x0000008abf200000,0x0000008abf300000) (1024K)]
  0x000001f07e534350 JavaThread "Service Thread"             daemon [_thread_blocked, id=8540, stack(0x0000008abf300000,0x0000008abf400000) (1024K)]
  0x000001f07e534ee0 JavaThread "Monitor Deflation Thread"   daemon [_thread_blocked, id=20680, stack(0x0000008abf400000,0x0000008abf500000) (1024K)]
  0x000001f07e539540 JavaThread "C1 CompilerThread0"         daemon [_thread_blocked, id=19452, stack(0x0000008abf500000,0x0000008abf600000) (1024K)]
  0x000001f00a5d7610 JavaThread "Common-Cleaner"             daemon [_thread_blocked, id=21608, stack(0x0000008abf600000,0x0000008abf700000) (1024K)]
  0x000001f07e4f3210 JavaThread "C1 CompilerThread1"         daemon [_thread_blocked, id=14428, stack(0x0000008abf700000,0x0000008abf800000) (1024K)]
  0x000001f07e4f38c0 JavaThread "C1 CompilerThread2"         daemon [_thread_blocked, id=22040, stack(0x0000008abf800000,0x0000008abf900000) (1024K)]
  0x000001f00a5d6260 JavaThread "Monitor Ctrl-Break"         daemon [_thread_in_native, id=6196, stack(0x0000008abf900000,0x0000008abfa00000) (1024K)]
  0x000001f00a5d68f0 JavaThread "Notification Thread"        daemon [_thread_blocked, id=16260, stack(0x0000008abfa00000,0x0000008abfb00000) (1024K)]
  0x000001f00a5d6f80 JavaThread "RMI TCP Accept-0"           daemon [_thread_in_native, id=17156, stack(0x0000008abfe00000,0x0000008abff00000) (1024K)]
  0x000001f00a5d7ca0 JavaThread "Catalina-utility-1"                [_thread_blocked, id=8072, stack(0x0000008abff00000,0x0000008ac0000000) (1024K)]
  0x000001f00a5d5bd0 JavaThread "Catalina-utility-2"                [_thread_blocked, id=20724, stack(0x0000008ac0000000,0x0000008ac0100000) (1024K)]
  0x000001f00a5d8330 JavaThread "container-0"                       [_thread_blocked, id=8764, stack(0x0000008ac0100000,0x0000008ac0200000) (1024K)]
  0x000001f00a5d4eb0 JavaThread "PostgreSQL-JDBC-Cleaner"    daemon [_thread_blocked, id=20804, stack(0x0000008ac0300000,0x0000008ac0400000) (1024K)]
  0x000001f00a5d5540 JavaThread "HikariPool-1 housekeeper"   daemon [_thread_blocked, id=8412, stack(0x0000008ac0400000,0x0000008ac0500000) (1024K)]
  0x000001f051e3b890 JavaThread "HikariPool-1 connection adder" daemon [_thread_blocked, id=21436, stack(0x0000008ac0500000,0x0000008ac0600000) (1024K)]
Total: 20

Other Threads:
  0x000001f07e50d7e0 VMThread "VM Thread"                           [id=19132, stack(0x0000008abee00000,0x0000008abef00000) (1024K)]
  0x000001f07e4f2720 WatcherThread "VM Periodic Task Thread"        [id=20436, stack(0x0000008abed00000,0x0000008abee00000) (1024K)]
  0x000001f078951c00 WorkerThread "GC Thread#0"                     [id=17092, stack(0x0000008abe800000,0x0000008abe900000) (1024K)]
  0x000001f0504d9810 WorkerThread "GC Thread#1"                     [id=18480, stack(0x0000008abfb00000,0x0000008abfc00000) (1024K)]
  0x000001f0504d9bb0 WorkerThread "GC Thread#2"                     [id=19732, stack(0x0000008abfc00000,0x0000008abfd00000) (1024K)]
=>0x000001f0504f6d90 WorkerThread "GC Thread#3"                     [id=19468, stack(0x0000008abfd00000,0x0000008abfe00000) (1024K)]
  0x000001f07682dec0 ConcurrentGCThread "G1 Main Marker"            [id=6060, stack(0x0000008abe900000,0x0000008abea00000) (1024K)]
  0x000001f07682e8d0 WorkerThread "G1 Conc#0"                       [id=1468, stack(0x0000008abea00000,0x0000008abeb00000) (1024K)]
  0x000001f07e3b5390 ConcurrentGCThread "G1 Refine#0"               [id=11016, stack(0x0000008abeb00000,0x0000008abec00000) (1024K)]
  0x000001f07e3b6e20 ConcurrentGCThread "G1 Service"                [id=14960, stack(0x0000008abec00000,0x0000008abed00000) (1024K)]
Total: 10

Threads with active compile tasks:
Total: 0

VM state: at safepoint (normal execution)

VM Mutex/Monitor currently owned by a thread:  ([mutex/lock_event])
[0x00007ff8c96aa5f8] Threads_lock - owner thread: 0x000001f07e50d7e0
[0x00007ff8c96aa6f8] Heap_lock - owner thread: 0x000001f0788fbde0

Heap address: 0x0000000081a00000, size: 2022 MB, Compressed Oops mode: 32-bit

CDS archive(s) mapped at: [0x000001f00b000000-0x000001f00bc90000-0x000001f00bc90000), size 13172736, SharedBaseAddress: 0x000001f00b000000, ArchiveRelocationMode: 1.
Compressed class space mapped at: 0x000001f00c000000-0x000001f04c000000, reserved size: 1073741824
Narrow klass base: 0x000001f00b000000, Narrow klass shift: 0, Narrow klass range: 0x100000000

GC Precious Log:
 CardTable entry size: 512
 Card Set container configuration: InlinePtr #cards 5 size 8 Array Of Cards #cards 12 size 40 Howl #buckets 4 coarsen threshold 1843 Howl Bitmap #cards 512 size 80 coarsen threshold 460 Card regions per heap region 1 cards per card region 2048
 CPUs: 4 total, 4 available
 Memory: 8083M
 Large Page Support: Disabled
 NUMA Support: Disabled
 Compressed Oops: Enabled (32-bit)
 Heap Region Size: 1M
 Heap Min Capacity: 8M
 Heap Initial Capacity: 128M
 Heap Max Capacity: 2022M
 Pre-touch: Disabled
 Parallel Workers: 4
 Concurrent Workers: 1
 Concurrent Refinement Workers: 4
 Periodic GC: Disabled

Heap:
 garbage-first heap   total 73728K, used 65159K [0x0000000081a00000, 0x0000000100000000)
  region size 1024K, 39 young (39936K), 4 survivors (4096K)
 Metaspace       used 65858K, committed 66560K, reserved 1114112K
  class space    used 9763K, committed 10048K, reserved 1048576K

Heap Regions: E=young(eden), S=young(survivor), O=old, HS=humongous(starts), HC=humongous(continues), CS=collection set, F=free, TAMS=top-at-mark-start, PB=parsable bottom
|   0|0x0000000081a00000, 0x0000000081b00000, 0x0000000081b00000|100%|HS|  |TAMS 0x0000000081a00000| PB 0x0000000081a00000| Complete 
|   1|0x0000000081b00000, 0x0000000081c00000, 0x0000000081c00000|100%| O|  |TAMS 0x0000000081b00000| PB 0x0000000081b00000| Untracked 
|   2|0x0000000081c00000, 0x0000000081d00000, 0x0000000081d00000|100%| O|  |TAMS 0x0000000081c00000| PB 0x0000000081c00000| Untracked 
|   3|0x0000000081d00000, 0x0000000081e00000, 0x0000000081e00000|100%| O|  |TAMS 0x0000000081d00000| PB 0x0000000081d00000| Untracked 
|   4|0x0000000081e00000, 0x0000000081f00000, 0x0000000081f00000|100%| O|  |TAMS 0x0000000081e00000| PB 0x0000000081e00000| Untracked 
|   5|0x0000000081f00000, 0x0000000082000000, 0x0000000082000000|100%| O|  |TAMS 0x0000000081f00000| PB 0x0000000081f00000| Untracked 
|   6|0x0000000082000000, 0x0000000082100000, 0x0000000082100000|100%| O|  |TAMS 0x0000000082000000| PB 0x0000000082000000| Untracked 
|   7|0x0000000082100000, 0x0000000082200000, 0x0000000082200000|100%| O|  |TAMS 0x0000000082100000| PB 0x0000000082100000| Untracked 
|   8|0x0000000082200000, 0x0000000082300000, 0x0000000082300000|100%| O|Cm|TAMS 0x0000000082200000| PB 0x0000000082200000| Complete 
|   9|0x0000000082300000, 0x0000000082400000, 0x0000000082400000|100%| O|  |TAMS 0x0000000082300000| PB 0x0000000082300000| Untracked 
|  10|0x0000000082400000, 0x0000000082500000, 0x0000000082500000|100%| O|  |TAMS 0x0000000082400000| PB 0x0000000082400000| Untracked 
|  11|0x0000000082500000, 0x0000000082600000, 0x0000000082600000|100%| O|  |TAMS 0x0000000082500000| PB 0x0000000082500000| Untracked 
|  12|0x0000000082600000, 0x0000000082700000, 0x0000000082700000|100%| O|  |TAMS 0x0000000082600000| PB 0x0000000082600000| Untracked 
|  13|0x0000000082700000, 0x0000000082800000, 0x0000000082800000|100%| O|  |TAMS 0x0000000082700000| PB 0x0000000082700000| Untracked 
|  14|0x0000000082800000, 0x0000000082900000, 0x0000000082900000|100%| O|  |TAMS 0x0000000082800000| PB 0x0000000082800000| Untracked 
|  15|0x0000000082900000, 0x0000000082a00000, 0x0000000082a00000|100%| O|  |TAMS 0x0000000082900000| PB 0x0000000082900000| Untracked 
|  16|0x0000000082a00000, 0x0000000082b00000, 0x0000000082b00000|100%| O|  |TAMS 0x0000000082a00000| PB 0x0000000082a00000| Untracked 
|  17|0x0000000082b00000, 0x0000000082c00000, 0x0000000082c00000|100%| O|  |TAMS 0x0000000082b00000| PB 0x0000000082b00000| Untracked 
|  18|0x0000000082c00000, 0x0000000082d00000, 0x0000000082d00000|100%| O|  |TAMS 0x0000000082c00000| PB 0x0000000082c00000| Untracked 
|  19|0x0000000082d00000, 0x0000000082e00000, 0x0000000082e00000|100%| O|  |TAMS 0x0000000082d00000| PB 0x0000000082d00000| Untracked 
|  20|0x0000000082e00000, 0x0000000082f00000, 0x0000000082f00000|100%| O|  |TAMS 0x0000000082e00000| PB 0x0000000082e00000| Untracked 
|  21|0x0000000082f00000, 0x0000000083000000, 0x0000000083000000|100%| O|  |TAMS 0x0000000082f00000| PB 0x0000000082f00000| Untracked 
|  22|0x0000000083000000, 0x0000000083100000, 0x0000000083100000|100%| O|  |TAMS 0x0000000083000000| PB 0x0000000083000000| Untracked 
|  23|0x0000000083100000, 0x0000000083200000, 0x0000000083200000|100%| O|  |TAMS 0x0000000083100000| PB 0x0000000083100000| Untracked 
|  24|0x0000000083200000, 0x0000000083300000, 0x0000000083300000|100%| O|  |TAMS 0x0000000083200000| PB 0x0000000083200000| Untracked 
|  25|0x0000000083300000, 0x0000000083400000, 0x0000000083400000|100%| O|  |TAMS 0x0000000083300000| PB 0x0000000083300000| Untracked 
|  26|0x0000000083400000, 0x0000000083500000, 0x0000000083500000|100%| O|  |TAMS 0x0000000083400000| PB 0x0000000083400000| Untracked 
|  27|0x0000000083500000, 0x0000000083500000, 0x0000000083600000|  0%| F|  |TAMS 0x0000000083500000| PB 0x0000000083500000| Untracked 
|  28|0x0000000083600000, 0x0000000083600000, 0x0000000083700000|  0%| F|  |TAMS 0x0000000083600000| PB 0x0000000083600000| Untracked 
|  29|0x0000000083700000, 0x0000000083700000, 0x0000000083800000|  0%| F|  |TAMS 0x0000000083700000| PB 0x0000000083700000| Untracked 
|  30|0x0000000083800000, 0x0000000083900000, 0x0000000083900000|100%| S|  |TAMS 0x0000000083800000| PB 0x0000000083800000| Complete 
|  31|0x0000000083900000, 0x0000000083a00000, 0x0000000083a00000|100%| S|  |TAMS 0x0000000083900000| PB 0x0000000083900000| Complete 
|  32|0x0000000083a00000, 0x0000000083b00000, 0x0000000083b00000|100%| S|  |TAMS 0x0000000083a00000| PB 0x0000000083a00000| Complete 
|  33|0x0000000083b00000, 0x0000000083c00000, 0x0000000083c00000|100%| S|  |TAMS 0x0000000083b00000| PB 0x0000000083b00000| Complete 
|  34|0x0000000083c00000, 0x0000000083cfdda0, 0x0000000083d00000| 99%| E|CS|TAMS 0x0000000083c00000| PB 0x0000000083c00000| Complete 
|  35|0x0000000083d00000, 0x0000000083e00000, 0x0000000083e00000|100%| E|CS|TAMS 0x0000000083d00000| PB 0x0000000083d00000| Complete 
|  36|0x0000000083e00000, 0x0000000083f00000, 0x0000000083f00000|100%| E|CS|TAMS 0x0000000083e00000| PB 0x0000000083e00000| Complete 
|  37|0x0000000083f00000, 0x0000000084000000, 0x0000000084000000|100%| E|CS|TAMS 0x0000000083f00000| PB 0x0000000083f00000| Complete 
|  38|0x0000000084000000, 0x0000000084100000, 0x0000000084100000|100%| E|CS|TAMS 0x0000000084000000| PB 0x0000000084000000| Complete 
|  39|0x0000000084100000, 0x0000000084200000, 0x0000000084200000|100%| E|CS|TAMS 0x0000000084100000| PB 0x0000000084100000| Complete 
|  40|0x0000000084200000, 0x0000000084300000, 0x0000000084300000|100%| E|CS|TAMS 0x0000000084200000| PB 0x0000000084200000| Complete 
|  41|0x0000000084300000, 0x00000000843d75b0, 0x0000000084400000| 84%| E|CS|TAMS 0x0000000084300000| PB 0x0000000084300000| Complete 
|  42|0x0000000084400000, 0x0000000084500000, 0x0000000084500000|100%| E|CS|TAMS 0x0000000084400000| PB 0x0000000084400000| Complete 
|  43|0x0000000084500000, 0x0000000084600000, 0x0000000084600000|100%| E|CS|TAMS 0x0000000084500000| PB 0x0000000084500000| Complete 
|  44|0x0000000084600000, 0x0000000084700000, 0x0000000084700000|100%| E|CS|TAMS 0x0000000084600000| PB 0x0000000084600000| Complete 
|  45|0x0000000084700000, 0x0000000084800000, 0x0000000084800000|100%| E|CS|TAMS 0x0000000084700000| PB 0x0000000084700000| Complete 
|  46|0x0000000084800000, 0x0000000084900000, 0x0000000084900000|100%| E|CS|TAMS 0x0000000084800000| PB 0x0000000084800000| Complete 
|  47|0x0000000084900000, 0x0000000084a00000, 0x0000000084a00000|100%| E|CS|TAMS 0x0000000084900000| PB 0x0000000084900000| Complete 
|  48|0x0000000084a00000, 0x0000000084b00000, 0x0000000084b00000|100%| E|CS|TAMS 0x0000000084a00000| PB 0x0000000084a00000| Complete 
|  49|0x0000000084b00000, 0x0000000084c00000, 0x0000000084c00000|100%| E|CS|TAMS 0x0000000084b00000| PB 0x0000000084b00000| Complete 
|  50|0x0000000084c00000, 0x0000000084d00000, 0x0000000084d00000|100%| E|CS|TAMS 0x0000000084c00000| PB 0x0000000084c00000| Complete 
|  51|0x0000000084d00000, 0x0000000084e00000, 0x0000000084e00000|100%| E|CS|TAMS 0x0000000084d00000| PB 0x0000000084d00000| Complete 
|  52|0x0000000084e00000, 0x0000000084f00000, 0x0000000084f00000|100%| E|CS|TAMS 0x0000000084e00000| PB 0x0000000084e00000| Complete 
|  53|0x0000000084f00000, 0x0000000085000000, 0x0000000085000000|100%| E|CS|TAMS 0x0000000084f00000| PB 0x0000000084f00000| Complete 
|  54|0x0000000085000000, 0x0000000085100000, 0x0000000085100000|100%| E|CS|TAMS 0x0000000085000000| PB 0x0000000085000000| Complete 
|  55|0x0000000085100000, 0x0000000085200000, 0x0000000085200000|100%| E|CS|TAMS 0x0000000085100000| PB 0x0000000085100000| Complete 
|  56|0x0000000085200000, 0x0000000085300000, 0x0000000085300000|100%| E|CS|TAMS 0x0000000085200000| PB 0x0000000085200000| Complete 
|  57|0x0000000085300000, 0x0000000085400000, 0x0000000085400000|100%| E|CS|TAMS 0x0000000085300000| PB 0x0000000085300000| Complete 
|  58|0x0000000085400000, 0x0000000085500000, 0x0000000085500000|100%| E|CS|TAMS 0x0000000085400000| PB 0x0000000085400000| Complete 
|  59|0x0000000085500000, 0x0000000085600000, 0x0000000085600000|100%| E|CS|TAMS 0x0000000085500000| PB 0x0000000085500000| Complete 
|  60|0x0000000085600000, 0x0000000085700000, 0x0000000085700000|100%| E|CS|TAMS 0x0000000085600000| PB 0x0000000085600000| Complete 
|  61|0x0000000085700000, 0x0000000085800000, 0x0000000085800000|100%| E|CS|TAMS 0x0000000085700000| PB 0x0000000085700000| Complete 
|  62|0x0000000085800000, 0x0000000085900000, 0x0000000085900000|100%| E|CS|TAMS 0x0000000085800000| PB 0x0000000085800000| Complete 
|  73|0x0000000086300000, 0x0000000086400000, 0x0000000086400000|100%| E|CS|TAMS 0x0000000086300000| PB 0x0000000086300000| Complete 
|  74|0x0000000086400000, 0x0000000086500000, 0x0000000086500000|100%| E|CS|TAMS 0x0000000086400000| PB 0x0000000086400000| Complete 
|  75|0x0000000086500000, 0x0000000086600000, 0x0000000086600000|100%| E|CS|TAMS 0x0000000086500000| PB 0x0000000086500000| Complete 
|  76|0x0000000086600000, 0x0000000086700000, 0x0000000086700000|100%| E|CS|TAMS 0x0000000086600000| PB 0x0000000086600000| Complete 
|  77|0x0000000086700000, 0x0000000086800000, 0x0000000086800000|100%| E|CS|TAMS 0x0000000086700000| PB 0x0000000086700000| Complete 
|  78|0x0000000086800000, 0x0000000086900000, 0x0000000086900000|100%| E|CS|TAMS 0x0000000086800000| PB 0x0000000086800000| Complete 
|  79|0x0000000086900000, 0x0000000086a00000, 0x0000000086a00000|100%| E|CS|TAMS 0x0000000086900000| PB 0x0000000086900000| Complete 
| 126|0x0000000089800000, 0x0000000089900000, 0x0000000089900000|100%| E|CS|TAMS 0x0000000089800000| PB 0x0000000089800000| Complete 
| 127|0x0000000089900000, 0x0000000089a00000, 0x0000000089a00000|100%| E|CS|TAMS 0x0000000089900000| PB 0x0000000089900000| Complete 

Card table byte_map: [0x000001f07bd80000,0x000001f07c180000] _byte_map_base: 0x000001f07b973000

Marking Bits: (CMBitMap*) 0x000001f078952210
 Bits: [0x000001f07c180000, 0x000001f07e118000)

Polling page: 0x000001f076850000

Metaspace:

Usage:
  Non-class:     54.78 MB used.
      Class:      9.53 MB used.
       Both:     64.32 MB used.

Virtual space:
  Non-class space:       64.00 MB reserved,      55.19 MB ( 86%) committed,  1 nodes.
      Class space:        1.00 GB reserved,       9.81 MB ( <1%) committed,  1 nodes.
             Both:        1.06 GB reserved,      65.00 MB (  6%) committed. 

Chunk freelists:
   Non-Class:  8.17 MB
       Class:  6.09 MB
        Both:  14.27 MB

MaxMetaspaceSize: unlimited
CompressedClassSpaceSize: 1.00 GB
Initial GC threshold: 21.00 MB
Current GC threshold: 99.81 MB
CDS: on
 - commit_granule_bytes: 65536.
 - commit_granule_words: 8192.
 - virtual_space_node_default_size: 8388608.
 - enlarge_chunks_in_place: 1.
 - use_allocation_guard: 0.


Internal statistics:

num_allocs_failed_limit: 14.
num_arena_births: 886.
num_arena_deaths: 0.
num_vsnodes_births: 2.
num_vsnodes_deaths: 0.
num_space_committed: 1040.
num_space_uncommitted: 0.
num_chunks_returned_to_freelist: 14.
num_chunks_taken_from_freelist: 3185.
num_chunk_merges: 14.
num_chunk_splits: 2389.
num_chunks_enlarged: 1920.
num_inconsistent_stats: 0.

CodeCache: size=49152Kb used=11280Kb max_used=11280Kb free=37871Kb
 bounds [0x000001f078980000, 0x000001f079490000, 0x000001f07b980000]
 total_blobs=6402 nmethods=5718 adapters=606
 compilation: enabled
              stopped_count=0, restarted_count=0
 full_count=0

Compilation events (20 events):
Event: 15.534 Thread 0x000001f07e539540 5792       1       org.antlr.v4.runtime.atn.ActionTransition::getSerializationType (3 bytes)
Event: 15.534 Thread 0x000001f07e539540 nmethod 5792 0x000001f07947fb90 code [0x000001f07947fd20, 0x000001f07947fde8]
Event: 15.537 Thread 0x000001f07e4f38c0 5793       1       org.antlr.v4.runtime.atn.ParserATNSimulator::precedenceTransition (266 bytes)
Event: 15.540 Thread 0x000001f07e4f38c0 nmethod 5793 0x000001f07947fe90 code [0x000001f079480240, 0x000001f0794810e0]
Event: 15.540 Thread 0x000001f07e4f3210 5794       1       org.antlr.v4.runtime.misc.FlexibleHashMap::size (5 bytes)
Event: 15.540 Thread 0x000001f07e4f3210 nmethod 5794 0x000001f079481b10 code [0x000001f079481ca0, 0x000001f079481d68]
Event: 15.543 Thread 0x000001f07e4f38c0 5795       1       org.antlr.v4.runtime.atn.ATNConfigSet::<init> (6 bytes)
Event: 15.543 Thread 0x000001f07e4f38c0 nmethod 5795 0x000001f079481e10 code [0x000001f079481fc0, 0x000001f0794820a8]
Event: 15.544 Thread 0x000001f07e4f38c0 5796       1       org.antlr.v4.runtime.dfa.DFAState::hashCode (26 bytes)
Event: 15.544 Thread 0x000001f07e4f3210 5797       1       org.antlr.v4.runtime.atn.ATNConfigSet::hashCode (39 bytes)
Event: 15.544 Thread 0x000001f07e4f38c0 nmethod 5796 0x000001f079482110 code [0x000001f0794822e0, 0x000001f079482428]
Event: 15.544 Thread 0x000001f07e4f3210 nmethod 5797 0x000001f079482510 code [0x000001f079482700, 0x000001f079482a40]
Event: 15.548 Thread 0x000001f07e4f38c0 5798       1       org.antlr.v4.runtime.atn.PlusBlockStartState::getStateType (2 bytes)
Event: 15.548 Thread 0x000001f07e4f38c0 nmethod 5798 0x000001f079482c10 code [0x000001f079482da0, 0x000001f079482e68]
Event: 15.548 Thread 0x000001f07e4f3210 5799       1       org.antlr.v4.runtime.misc.FlexibleHashMap::expand (151 bytes)
Event: 15.549 Thread 0x000001f07e4f3210 nmethod 5799 0x000001f079482f10 code [0x000001f079483140, 0x000001f079483698]
Event: 15.551 Thread 0x000001f07e4f38c0 5800       1       org.antlr.v4.runtime.BufferedTokenStream::LA (11 bytes)
Event: 15.551 Thread 0x000001f07e4f38c0 nmethod 5800 0x000001f079483990 code [0x000001f079483b40, 0x000001f079483c70]
Event: 15.560 Thread 0x000001f07e539540 5801       1       org.antlr.v4.runtime.BufferedTokenStream::size (10 bytes)
Event: 15.560 Thread 0x000001f07e539540 nmethod 5801 0x000001f079483d90 code [0x000001f079483f40, 0x000001f079484038]

GC Heap History (20 events):
Event: 3.519 GC heap after
{Heap after GC invocations=3 (full 0):
 garbage-first heap   total 131072K, used 11559K [0x0000000081a00000, 0x0000000100000000)
  region size 1024K, 3 young (3072K), 3 survivors (3072K)
 Metaspace       used 12647K, committed 12992K, reserved 1114112K
  class space    used 1712K, committed 1856K, reserved 1048576K
}
Event: 4.538 GC heap before
{Heap before GC invocations=3 (full 0):
 garbage-first heap   total 131072K, used 55591K [0x0000000081a00000, 0x0000000100000000)
  region size 1024K, 48 young (49152K), 3 survivors (3072K)
 Metaspace       used 21201K, committed 21504K, reserved 1114112K
  class space    used 2804K, committed 2944K, reserved 1048576K
}
Event: 4.550 GC heap after
{Heap after GC invocations=4 (full 0):
 garbage-first heap   total 131072K, used 15569K [0x0000000081a00000, 0x0000000100000000)
  region size 1024K, 7 young (7168K), 7 survivors (7168K)
 Metaspace       used 21201K, committed 21504K, reserved 1114112K
  class space    used 2804K, committed 2944K, reserved 1048576K
}
Event: 5.349 GC heap before
{Heap before GC invocations=5 (full 0):
 garbage-first heap   total 61440K, used 44241K [0x0000000081a00000, 0x0000000100000000)
  region size 1024K, 36 young (36864K), 7 survivors (7168K)
 Metaspace       used 24171K, committed 24512K, reserved 1114112K
  class space    used 3267K, committed 3456K, reserved 1048576K
}
Event: 5.367 GC heap after
{Heap after GC invocations=6 (full 0):
 garbage-first heap   total 61440K, used 17481K [0x0000000081a00000, 0x0000000100000000)
  region size 1024K, 3 young (3072K), 3 survivors (3072K)
 Metaspace       used 24171K, committed 24512K, reserved 1114112K
  class space    used 3267K, committed 3456K, reserved 1048576K
}
Event: 6.677 GC heap before
{Heap before GC invocations=6 (full 0):
 garbage-first heap   total 61440K, used 45129K [0x0000000081a00000, 0x0000000100000000)
  region size 1024K, 31 young (31744K), 3 survivors (3072K)
 Metaspace       used 27911K, committed 28352K, reserved 1114112K
  class space    used 3901K, committed 4096K, reserved 1048576K
}
Event: 6.689 GC heap after
{Heap after GC invocations=7 (full 0):
 garbage-first heap   total 61440K, used 18906K [0x0000000081a00000, 0x0000000100000000)
  region size 1024K, 2 young (2048K), 2 survivors (2048K)
 Metaspace       used 27911K, committed 28352K, reserved 1114112K
  class space    used 3901K, committed 4096K, reserved 1048576K
}
Event: 7.979 GC heap before
{Heap before GC invocations=7 (full 0):
 garbage-first heap   total 61440K, used 48602K [0x0000000081a00000, 0x0000000100000000)
  region size 1024K, 32 young (32768K), 2 survivors (2048K)
 Metaspace       used 32353K, committed 32832K, reserved 1114112K
  class space    used 4592K, committed 4800K, reserved 1048576K
}
Event: 7.998 GC heap after
{Heap after GC invocations=8 (full 0):
 garbage-first heap   total 61440K, used 22120K [0x0000000081a00000, 0x0000000100000000)
  region size 1024K, 4 young (4096K), 4 survivors (4096K)
 Metaspace       used 32353K, committed 32832K, reserved 1114112K
  class space    used 4592K, committed 4800K, reserved 1048576K
}
Event: 8.915 GC heap before
{Heap before GC invocations=8 (full 0):
 garbage-first heap   total 61440K, used 42600K [0x0000000081a00000, 0x0000000100000000)
  region size 1024K, 26 young (26624K), 4 survivors (4096K)
 Metaspace       used 35637K, committed 36160K, reserved 1114112K
  class space    used 4991K, committed 5248K, reserved 1048576K
}
Event: 8.928 GC heap after
{Heap after GC invocations=9 (full 0):
 garbage-first heap   total 61440K, used 23934K [0x0000000081a00000, 0x0000000100000000)
  region size 1024K, 2 young (2048K), 2 survivors (2048K)
 Metaspace       used 35637K, committed 36160K, reserved 1114112K
  class space    used 4991K, committed 5248K, reserved 1048576K
}
Event: 10.474 GC heap before
{Heap before GC invocations=10 (full 0):
 garbage-first heap   total 61440K, used 51582K [0x0000000081a00000, 0x0000000100000000)
  region size 1024K, 29 young (29696K), 2 survivors (2048K)
 Metaspace       used 43089K, committed 43648K, reserved 1114112K
  class space    used 6172K, committed 6464K, reserved 1048576K
}
Event: 10.482 GC heap after
{Heap after GC invocations=11 (full 0):
 garbage-first heap   total 61440K, used 25366K [0x0000000081a00000, 0x0000000100000000)
  region size 1024K, 4 young (4096K), 4 survivors (4096K)
 Metaspace       used 43089K, committed 43648K, reserved 1114112K
  class space    used 6172K, committed 6464K, reserved 1048576K
}
Event: 11.678 GC heap before
{Heap before GC invocations=11 (full 0):
 garbage-first heap   total 61440K, used 50966K [0x0000000081a00000, 0x0000000100000000)
  region size 1024K, 30 young (30720K), 4 survivors (4096K)
 Metaspace       used 49535K, committed 50176K, reserved 1114112K
  class space    used 7001K, committed 7296K, reserved 1048576K
}
Event: 11.687 GC heap after
{Heap after GC invocations=12 (full 0):
 garbage-first heap   total 61440K, used 26952K [0x0000000081a00000, 0x0000000100000000)
  region size 1024K, 4 young (4096K), 4 survivors (4096K)
 Metaspace       used 49535K, committed 50176K, reserved 1114112K
  class space    used 7001K, committed 7296K, reserved 1048576K
}
Event: 13.003 GC heap before
{Heap before GC invocations=12 (full 0):
 garbage-first heap   total 61440K, used 52552K [0x0000000081a00000, 0x0000000100000000)
  region size 1024K, 30 young (30720K), 4 survivors (4096K)
 Metaspace       used 56566K, committed 57216K, reserved 1114112K
  class space    used 8151K, committed 8448K, reserved 1048576K
}
Event: 13.010 GC heap after
{Heap after GC invocations=13 (full 0):
 garbage-first heap   total 61440K, used 27878K [0x0000000081a00000, 0x0000000100000000)
  region size 1024K, 3 young (3072K), 3 survivors (3072K)
 Metaspace       used 56566K, committed 57216K, reserved 1114112K
  class space    used 8151K, committed 8448K, reserved 1048576K
}
Event: 14.080 GC heap before
{Heap before GC invocations=13 (full 0):
 garbage-first heap   total 61440K, used 43238K [0x0000000081a00000, 0x0000000100000000)
  region size 1024K, 19 young (19456K), 3 survivors (3072K)
 Metaspace       used 60128K, committed 60736K, reserved 1114112K
  class space    used 8667K, committed 8960K, reserved 1048576K
}
Event: 14.110 GC heap after
{Heap after GC invocations=14 (full 0):
 garbage-first heap   total 73728K, used 29327K [0x0000000081a00000, 0x0000000100000000)
  region size 1024K, 3 young (3072K), 3 survivors (3072K)
 Metaspace       used 60128K, committed 60736K, reserved 1114112K
  class space    used 8667K, committed 8960K, reserved 1048576K
}
Event: 15.564 GC heap before
{Heap before GC invocations=15 (full 0):
 garbage-first heap   total 73728K, used 64143K [0x0000000081a00000, 0x0000000100000000)
  region size 1024K, 38 young (38912K), 3 survivors (3072K)
 Metaspace       used 65858K, committed 66560K, reserved 1114112K
  class space    used 9763K, committed 10048K, reserved 1048576K
}

Dll operation events (13 events):
Event: 0.072 Loaded shared library C:\Program Files\Java\jdk-21\bin\java.dll
Event: 0.547 Loaded shared library C:\Program Files\Java\jdk-21\bin\zip.dll
Event: 0.555 Loaded shared library C:\Program Files\Java\jdk-21\bin\instrument.dll
Event: 0.564 Loaded shared library C:\Program Files\Java\jdk-21\bin\net.dll
Event: 0.569 Loaded shared library C:\Program Files\Java\jdk-21\bin\nio.dll
Event: 0.575 Loaded shared library C:\Program Files\Java\jdk-21\bin\zip.dll
Event: 0.846 Loaded shared library C:\Users\DELL\Desktop\IntelliJ IDEA 2024.2\bin\breakgen64.dll
Event: 0.857 Loaded shared library C:\Program Files\Java\jdk-21\bin\jimage.dll
Event: 0.867 Loaded shared library C:\Program Files\Java\jdk-21\bin\extnet.dll
Event: 0.899 Loaded shared library C:\Program Files\Java\jdk-21\bin\management.dll
Event: 0.955 Loaded shared library C:\Program Files\Java\jdk-21\bin\management_ext.dll
Event: 4.817 Loaded shared library C:\Program Files\Java\jdk-21\bin\sunmscapi.dll
Event: 9.524 Loaded shared library C:\Program Files\Java\jdk-21\bin\verify.dll

Deoptimization events (20 events):
Event: 1.438 Thread 0x000001f0788fbde0 DEOPT PACKING pc=0x000001f078d1665d sp=0x0000008abe7fd550
Event: 1.438 Thread 0x000001f0788fbde0 DEOPT UNPACKING pc=0x000001f0789d4e42 sp=0x0000008abe7fca00 mode 3
Event: 1.453 Thread 0x000001f0788fbde0 DEOPT PACKING pc=0x000001f078d2a0e0 sp=0x0000008abe7fd450
Event: 1.453 Thread 0x000001f0788fbde0 DEOPT UNPACKING pc=0x000001f0789d4e42 sp=0x0000008abe7fc908 mode 3
Event: 3.713 Thread 0x000001f0788fbde0 DEOPT PACKING pc=0x000001f078f33ef9 sp=0x0000008abe7fd7e0
Event: 3.713 Thread 0x000001f0788fbde0 DEOPT UNPACKING pc=0x000001f0789d4e42 sp=0x0000008abe7fccc0 mode 3
Event: 4.153 Thread 0x000001f0788fbde0 DEOPT PACKING pc=0x000001f078f972e4 sp=0x0000008abe7fe5f0
Event: 4.153 Thread 0x000001f0788fbde0 DEOPT UNPACKING pc=0x000001f0789d4e42 sp=0x0000008abe7fdad8 mode 0
Event: 4.172 Thread 0x000001f0788fbde0 DEOPT PACKING pc=0x000001f078f8de3c sp=0x0000008abe7fe6b0
Event: 4.172 Thread 0x000001f0788fbde0 DEOPT UNPACKING pc=0x000001f0789d4e42 sp=0x0000008abe7fdce0 mode 0
Event: 7.127 Thread 0x000001f0788fbde0 DEOPT PACKING pc=0x000001f0791f7679 sp=0x0000008abe7fd130
Event: 7.127 Thread 0x000001f0788fbde0 DEOPT UNPACKING pc=0x000001f0789d4e42 sp=0x0000008abe7fc610 mode 3
Event: 8.507 Thread 0x000001f0788fbde0 DEOPT PACKING pc=0x000001f079281c1d sp=0x0000008abe7fca90
Event: 8.507 Thread 0x000001f0788fbde0 DEOPT UNPACKING pc=0x000001f0789d4e42 sp=0x0000008abe7fbff8 mode 3
Event: 13.999 Thread 0x000001f0788fbde0 DEOPT PACKING pc=0x000001f078f82b09 sp=0x0000008abe7fb580
Event: 13.999 Thread 0x000001f0788fbde0 DEOPT UNPACKING pc=0x000001f0789d4e42 sp=0x0000008abe7faa88 mode 3
Event: 14.003 Thread 0x000001f0788fbde0 DEOPT PACKING pc=0x000001f078f7d0da sp=0x0000008abe7fb540
Event: 14.003 Thread 0x000001f0788fbde0 DEOPT UNPACKING pc=0x000001f0789d4e42 sp=0x0000008abe7faa88 mode 3
Event: 14.359 Thread 0x000001f0788fbde0 DEOPT PACKING pc=0x000001f078f39524 sp=0x0000008abe7fbbf0
Event: 14.359 Thread 0x000001f0788fbde0 DEOPT UNPACKING pc=0x000001f0789d4e42 sp=0x0000008abe7fb148 mode 0

Classes loaded (20 events):
Event: 14.517 Loading class java/lang/invoke/WrongMethodTypeException
Event: 14.517 Loading class java/lang/invoke/WrongMethodTypeException done
Event: 14.530 Loading class java/lang/Character$UnicodeBlock
Event: 14.531 Loading class java/lang/Character$Subset
Event: 14.531 Loading class java/lang/Character$Subset done
Event: 14.533 Loading class java/lang/Character$UnicodeBlock done
Event: 14.626 Loading class java/util/regex/Pattern$Bound
Event: 14.626 Loading class java/util/regex/Pattern$Bound done
Event: 14.626 Loading class java/util/regex/Pattern$SliceI
Event: 14.626 Loading class java/util/regex/Pattern$SliceI done
Event: 14.630 Loading class java/util/regex/Pattern$LookBehindEndNode
Event: 14.630 Loading class java/util/regex/Pattern$LookBehindEndNode done
Event: 14.630 Loading class java/util/regex/Pattern$NotBehind
Event: 14.630 Loading class java/util/regex/Pattern$NotBehind done
Event: 14.630 Loading class java/util/regex/Pattern$Behind
Event: 14.630 Loading class java/util/regex/Pattern$Behind done
Event: 14.778 Loading class java/util/EmptyStackException
Event: 14.779 Loading class java/util/EmptyStackException done
Event: 14.815 Loading class java/io/InvalidClassException
Event: 14.815 Loading class java/io/InvalidClassException done

Classes unloaded (0 events):
No events

Classes redefined (0 events):
No events

Internal exceptions (20 events):
Event: 13.128 Thread 0x000001f0788fbde0 Exception <a 'java/lang/NoSuchMethodError'{0x00000000898e9130}: 'void java.lang.invoke.DirectMethodHandle$Holder.invokeSpecial(java.lang.Object, java.lang.Object, int, java.lang.Object)'> (0x00000000898e9130) 
thrown [s\open\src\hotspot\share\interpreter\linkResolver.cpp, line 773]
Event: 13.129 Thread 0x000001f0788fbde0 Exception <a 'java/lang/NoSuchMethodError'{0x00000000898ef458}: 'java.lang.Object java.lang.invoke.DirectMethodHandle$Holder.newInvokeSpecial(java.lang.Object, java.lang.Object, int)'> (0x00000000898ef458) 
thrown [s\open\src\hotspot\share\interpreter\linkResolver.cpp, line 773]
Event: 13.190 Thread 0x000001f0788fbde0 Exception <a 'java/lang/NoSuchMethodError'{0x000000008683ded8}: 'int java.lang.invoke.DirectMethodHandle$Holder.invokeStatic(java.lang.Object, int, java.lang.Object)'> (0x000000008683ded8) 
thrown [s\open\src\hotspot\share\interpreter\linkResolver.cpp, line 773]
Event: 13.195 Thread 0x000001f0788fbde0 Exception <a 'java/lang/NoSuchMethodError'{0x000000008685abc8}: 'java.lang.Object java.lang.invoke.DirectMethodHandle$Holder.newInvokeSpecial(java.lang.Object, java.lang.Object, java.lang.Object, java.lang.Object, java.lang.Object, int, java.lang.Object)'> (0x000000008685abc8) 
thrown [s\open\src\hotspot\share\interpreter\linkResolver.cpp, line 773]
Event: 13.206 Thread 0x000001f0788fbde0 Exception <a 'java/lang/NoSuchMethodError'{0x000000008688b990}: 'java.lang.Object java.lang.invoke.DirectMethodHandle$Holder.newInvokeSpecial(java.lang.Object, java.lang.Object, java.lang.Object, java.lang.Object, java.lang.Object, java.lang.Object, java.lang.Object, java.lang.Object, java.lang.Object, java.lang.Object, java.lang.Object, java.lang.Object)'> (0x000000008688b990) 
thrown [s\open\src\hotspot\share\interpreter\linkResolver.cpp, line 773]
Event: 13.207 Thread 0x000001f0788fbde0 Exception <a 'java/lang/NoSuchMethodError'{0x0000000086890228}: 'java.lang.Object java.lang.invoke.DirectMethodHandle$Holder.invokeSpecial(java.lang.Object, java.lang.Object, java.lang.Object, java.lang.Object, java.lang.Object, java.lang.Object, java.lang.Object, java.lang.Object, java.lang.Object, java.lang.Object, java.lang.Object, java.lang.Object, java.lang.Object)'> (0x0000000086890228) 
thrown [s\open\src\hotspot\share\interpreter\linkResolver.cpp, line 773]
Event: 13.207 Thread 0x000001f0788fbde0 Exception <a 'java/lang/NoSuchMethodError'{0x0000000086894700}: 'java.lang.Object java.lang.invoke.Invokers$Holder.linkToTargetMethod(java.lang.Object, java.lang.Object, java.lang.Object, java.lang.Object, java.lang.Object, java.lang.Object, java.lang.Object, java.lang.Object, java.lang.Object, java.lang.Object, java.lang.Object, java.lang.Object)'> (0x0000000086894700) 
thrown [s\open\src\hotspot\share\interpreter\linkResolver.cpp, line 773]
Event: 13.300 Thread 0x000001f0788fbde0 Exception <a 'java/lang/IncompatibleClassChangeError'{0x000000008660eab0}: Found class java.lang.Object, but interface was expected> (0x000000008660eab0) 
thrown [s\open\src\hotspot\share\interpreter\linkResolver.cpp, line 840]
Event: 13.322 Thread 0x000001f0788fbde0 Exception <a 'java/lang/NoSuchMethodError'{0x000000008667ad08}: 'java.lang.Object java.lang.invoke.DirectMethodHandle$Holder.newInvokeSpecial(java.lang.Object, java.lang.Object, java.lang.Object, java.lang.Object, java.lang.Object, java.lang.Object, java.lang.Object, int)'> (0x000000008667ad08) 
thrown [s\open\src\hotspot\share\interpreter\linkResolver.cpp, line 773]
Event: 13.322 Thread 0x000001f0788fbde0 Exception <a 'java/lang/NoSuchMethodError'{0x000000008667f268}: 'java.lang.Object java.lang.invoke.DirectMethodHandle$Holder.invokeSpecial(java.lang.Object, java.lang.Object, java.lang.Object, java.lang.Object, java.lang.Object, java.lang.Object, java.lang.Object, java.lang.Object, int)'> (0x000000008667f268) 
thrown [s\open\src\hotspot\share\interpreter\linkResolver.cpp, line 773]
Event: 13.322 Thread 0x000001f0788fbde0 Exception <a 'java/lang/NoSuchMethodError'{0x0000000086683290}: 'java.lang.Object java.lang.invoke.Invokers$Holder.linkToTargetMethod(java.lang.Object, java.lang.Object, java.lang.Object, java.lang.Object, java.lang.Object, java.lang.Object, int, java.lang.Object)'> (0x0000000086683290) 
thrown [s\open\src\hotspot\share\interpreter\linkResolver.cpp, line 773]
Event: 13.381 Thread 0x000001f0788fbde0 Exception <a 'java/lang/NoSuchMethodError'{0x0000000086577048}: 'java.lang.Object java.lang.invoke.DirectMethodHandle$Holder.newInvokeSpecial(java.lang.Object, java.lang.Object, int, java.lang.Object, int, java.lang.Object, java.lang.Object)'> (0x0000000086577048) 
thrown [s\open\src\hotspot\share\interpreter\linkResolver.cpp, line 773]
Event: 13.392 Thread 0x000001f0788fbde0 Exception <a 'java/lang/NoSuchMethodError'{0x00000000865b5cf0}: 'void java.lang.invoke.DirectMethodHandle$Holder.invokeInterface(java.lang.Object, java.lang.Object)'> (0x00000000865b5cf0) 
thrown [s\open\src\hotspot\share\interpreter\linkResolver.cpp, line 773]
Event: 13.815 Thread 0x000001f0788fbde0 Exception <a 'java/lang/NoSuchMethodError'{0x0000000084cd3f30}: 'void java.lang.invoke.Invokers$Holder.invokeExact_MT(java.lang.Object, java.lang.Object, java.lang.Object, java.lang.Object)'> (0x0000000084cd3f30) 
thrown [s\open\src\hotspot\share\interpreter\linkResolver.cpp, line 773]
Event: 13.959 Thread 0x000001f0788fbde0 Exception <a 'java/lang/IncompatibleClassChangeError'{0x00000000848e80f0}: Found class java.lang.Object, but interface was expected> (0x00000000848e80f0) 
thrown [s\open\src\hotspot\share\interpreter\linkResolver.cpp, line 840]
Event: 13.977 Thread 0x000001f0788fbde0 Exception <a 'java/lang/IncompatibleClassChangeError'{0x00000000847763b8}: Found class java.lang.Object, but interface was expected> (0x00000000847763b8) 
thrown [s\open\src\hotspot\share\interpreter\linkResolver.cpp, line 840]
Event: 14.128 Thread 0x000001f0788fbde0 Exception <a 'java/lang/IncompatibleClassChangeError'{0x0000000089920028}: Found class java.lang.Object, but interface was expected> (0x0000000089920028) 
thrown [s\open\src\hotspot\share\interpreter\linkResolver.cpp, line 840]
Event: 14.430 Thread 0x000001f0788fbde0 Exception <a 'java/lang/IncompatibleClassChangeError'{0x0000000086530008}: Found class java.lang.Object, but interface was expected> (0x0000000086530008) 
thrown [s\open\src\hotspot\share\interpreter\linkResolver.cpp, line 840]
Event: 14.567 Thread 0x000001f0788fbde0 Exception <a 'java/lang/IncompatibleClassChangeError'{0x00000000863ed248}: Found class java.lang.Object, but interface was expected> (0x00000000863ed248) 
thrown [s\open\src\hotspot\share\interpreter\linkResolver.cpp, line 840]
Event: 14.662 Thread 0x000001f0788fbde0 Exception <a 'java/lang/NoSuchMethodError'{0x000000008578eec0}: 'java.lang.Object java.lang.invoke.DirectMethodHandle$Holder.invokeStatic(java.lang.Object, int, java.lang.Object)'> (0x000000008578eec0) 
thrown [s\open\src\hotspot\share\interpreter\linkResolver.cpp, line 773]

ZGC Phase Switch (0 events):
No events

VM Operations (20 events):
Event: 14.110 Executing VM operation: CollectForMetadataAllocation (Metadata GC Threshold) done
Event: 14.170 Executing VM operation: CollectForMetadataAllocation (Metadata GC Threshold)
Event: 14.170 Executing VM operation: CollectForMetadataAllocation (Metadata GC Threshold) done
Event: 14.189 Executing VM operation: G1PauseRemark
Event: 14.195 Executing VM operation: G1PauseRemark done
Event: 14.224 Executing VM operation: G1PauseCleanup
Event: 14.224 Executing VM operation: G1PauseCleanup done
Event: 14.358 Executing VM operation: HandshakeAllThreads (Deoptimize)
Event: 14.358 Executing VM operation: HandshakeAllThreads (Deoptimize) done
Event: 14.452 Executing VM operation: HandshakeAllThreads (Deoptimize)
Event: 14.452 Executing VM operation: HandshakeAllThreads (Deoptimize) done
Event: 14.453 Executing VM operation: HandshakeAllThreads (Deoptimize)
Event: 14.453 Executing VM operation: HandshakeAllThreads (Deoptimize) done
Event: 14.832 Executing VM operation: HandshakeAllThreads (Deoptimize)
Event: 14.832 Executing VM operation: HandshakeAllThreads (Deoptimize) done
Event: 15.135 Executing VM operation: HandshakeAllThreads (Deoptimize)
Event: 15.135 Executing VM operation: HandshakeAllThreads (Deoptimize) done
Event: 15.138 Executing VM operation: ICBufferFull
Event: 15.138 Executing VM operation: ICBufferFull done
Event: 15.564 Executing VM operation: G1CollectForAllocation (G1 Evacuation Pause)

Events (20 events):
Event: 14.193 Thread 0x000001f07e50d7e0 flushing nmethod 0x000001f079058b90
Event: 14.193 Thread 0x000001f07e50d7e0 flushing nmethod 0x000001f07904f690
Event: 14.193 Thread 0x000001f07e50d7e0 flushing nmethod 0x000001f079054190
Event: 14.193 Thread 0x000001f07e50d7e0 flushing nmethod 0x000001f079058510
Event: 14.193 Thread 0x000001f07e50d7e0 flushing nmethod 0x000001f079030e90
Event: 14.193 Thread 0x000001f07e50d7e0 flushing nmethod 0x000001f079038590
Event: 14.193 Thread 0x000001f07e50d7e0 flushing nmethod 0x000001f07901ef90
Event: 14.193 Thread 0x000001f07e50d7e0 flushing nmethod 0x000001f079013910
Event: 14.193 Thread 0x000001f07e50d7e0 flushing nmethod 0x000001f078fcad10
Event: 14.193 Thread 0x000001f07e50d7e0 flushing nmethod 0x000001f078fb3190
Event: 14.193 Thread 0x000001f07e50d7e0 flushing nmethod 0x000001f078fb0590
Event: 14.193 Thread 0x000001f07e50d7e0 flushing nmethod 0x000001f078f95710
Event: 14.193 Thread 0x000001f07e50d7e0 flushing nmethod 0x000001f078f7b090
Event: 14.193 Thread 0x000001f07e50d7e0 flushing nmethod 0x000001f078ee3790
Event: 14.193 Thread 0x000001f07e50d7e0 flushing nmethod 0x000001f078ed6790
Event: 14.193 Thread 0x000001f07e50d7e0 flushing nmethod 0x000001f078dac310
Event: 14.193 Thread 0x000001f07e50d7e0 flushing nmethod 0x000001f078d03d90
Event: 14.193 Thread 0x000001f07e50d7e0 flushing nmethod 0x000001f078cfe010
Event: 14.193 Thread 0x000001f07e50d7e0 flushing nmethod 0x000001f078cfae10
Event: 14.193 Thread 0x000001f07e50d7e0 flushing nmethod 0x000001f078c13d10


Dynamic libraries:
0x00007ff67e3d0000 - 0x00007ff67e3e0000 	C:\Program Files\Java\jdk-21\bin\java.exe
0x00007ff94c1f0000 - 0x00007ff94c407000 	C:\Windows\SYSTEM32\ntdll.dll
0x00007ff949f20000 - 0x00007ff949fe4000 	C:\Windows\System32\KERNEL32.DLL
0x00007ff949860000 - 0x00007ff949c17000 	C:\Windows\System32\KERNELBASE.dll
0x00007ff949c20000 - 0x00007ff949d31000 	C:\Windows\System32\ucrtbase.dll
0x00007ff944960000 - 0x00007ff944979000 	C:\Program Files\Java\jdk-21\bin\jli.dll
0x00007ff943360000 - 0x00007ff94337b000 	C:\Program Files\Java\jdk-21\bin\VCRUNTIME140.dll
0x00007ff949ff0000 - 0x00007ff94a0a2000 	C:\Windows\System32\ADVAPI32.dll
0x00007ff94b290000 - 0x00007ff94b337000 	C:\Windows\System32\msvcrt.dll
0x00007ff94b450000 - 0x00007ff94b4f8000 	C:\Windows\System32\sechost.dll
0x00007ff949e70000 - 0x00007ff949e98000 	C:\Windows\System32\bcrypt.dll
0x00007ff94ab60000 - 0x00007ff94ac74000 	C:\Windows\System32\RPCRT4.dll
0x00007ff94ac90000 - 0x00007ff94ae3f000 	C:\Windows\System32\USER32.dll
0x00007ff949830000 - 0x00007ff949856000 	C:\Windows\System32\win32u.dll
0x00007ff94c0b0000 - 0x00007ff94c0d9000 	C:\Windows\System32\GDI32.dll
0x00007ff949670000 - 0x00007ff949788000 	C:\Windows\System32\gdi32full.dll
0x00007ff935ae0000 - 0x00007ff935d73000 	C:\Windows\WinSxS\amd64_microsoft.windows.common-controls_6595b64144ccf1df_6.0.22621.3672_none_2713b9d173822955\COMCTL32.dll
0x00007ff949790000 - 0x00007ff94982a000 	C:\Windows\System32\msvcp_win.dll
0x00007ff949070000 - 0x00007ff94907a000 	C:\Windows\SYSTEM32\VERSION.dll
0x00007ff94ae40000 - 0x00007ff94ae71000 	C:\Windows\System32\IMM32.DLL
0x00000000670e0000 - 0x00000000670ec000 	C:\Program Files (x86)\360\Total Security\safemon\SafeWrapper.dll
0x00007ff9188a0000 - 0x00007ff91894c000 	C:\Program Files (x86)\360\Total Security\safemon\libzdtp64.dll
0x00007ff94b690000 - 0x00007ff94bef9000 	C:\Windows\System32\SHELL32.dll
0x00007ff94a0b0000 - 0x00007ff94a10e000 	C:\Windows\System32\SHLWAPI.dll
0x00007ff944a00000 - 0x00007ff944a0c000 	C:\Program Files\Java\jdk-21\bin\vcruntime140_1.dll
0x00007ff9432d0000 - 0x00007ff94335e000 	C:\Program Files\Java\jdk-21\bin\msvcp140.dll
0x00007ff8c8a70000 - 0x00007ff8c9785000 	C:\Program Files\Java\jdk-21\bin\server\jvm.dll
0x00007ff94afe0000 - 0x00007ff94b051000 	C:\Windows\System32\WS2_32.dll
0x00007ff93fbe0000 - 0x00007ff93fc14000 	C:\Windows\SYSTEM32\WINMM.dll
0x00007ff949380000 - 0x00007ff9493cd000 	C:\Windows\SYSTEM32\POWRPROF.dll
0x00007ff9491b0000 - 0x00007ff9491c3000 	C:\Windows\SYSTEM32\UMPDC.dll
0x00007ff9484a0000 - 0x00007ff9484b8000 	C:\Windows\SYSTEM32\kernel.appcore.dll
0x00007ff9432c0000 - 0x00007ff9432ca000 	C:\Program Files\Java\jdk-21\bin\jimage.dll
0x00007ff946910000 - 0x00007ff946b42000 	C:\Windows\SYSTEM32\DBGHELP.DLL
0x00007ff94a7d0000 - 0x00007ff94ab5e000 	C:\Windows\System32\combase.dll
0x00007ff94a210000 - 0x00007ff94a2e7000 	C:\Windows\System32\OLEAUT32.dll
0x00007ff932020000 - 0x00007ff932052000 	C:\Windows\SYSTEM32\dbgcore.DLL
0x00007ff949ea0000 - 0x00007ff949f1b000 	C:\Windows\System32\bcryptPrimitives.dll
0x00007ff943280000 - 0x00007ff94328f000 	C:\Program Files\Java\jdk-21\bin\instrument.dll
0x00007ff943250000 - 0x00007ff94326f000 	C:\Program Files\Java\jdk-21\bin\java.dll
0x00007ff9473b0000 - 0x00007ff947caf000 	C:\Windows\SYSTEM32\windows.storage.dll
0x00007ff947270000 - 0x00007ff9473af000 	C:\Windows\SYSTEM32\wintypes.dll
0x00007ff94a110000 - 0x00007ff94a209000 	C:\Windows\System32\SHCORE.dll
0x00007ff949430000 - 0x00007ff949457000 	C:\Windows\SYSTEM32\profapi.dll
0x00007ff9432a0000 - 0x00007ff9432b8000 	C:\Program Files\Java\jdk-21\bin\zip.dll
0x00007ff943290000 - 0x00007ff9432a0000 	C:\Program Files\Java\jdk-21\bin\net.dll
0x00007ff93f840000 - 0x00007ff93f976000 	C:\Windows\SYSTEM32\WINHTTP.dll
0x00007ff948900000 - 0x00007ff948969000 	C:\Windows\system32\mswsock.dll
0x00007ff943230000 - 0x00007ff943246000 	C:\Program Files\Java\jdk-21\bin\nio.dll
0x00007ff940a70000 - 0x00007ff940a8a000 	C:\Users\DELL\Desktop\IntelliJ IDEA 2024.2\bin\breakgen64.dll
0x00007ff940a60000 - 0x00007ff940a67000 	C:\Program Files\Java\jdk-21\bin\extnet.dll
0x00007ff947fd0000 - 0x00007ff9480d2000 	C:\Windows\SYSTEM32\DNSAPI.dll
0x00007ff947fa0000 - 0x00007ff947fcd000 	C:\Windows\SYSTEM32\IPHLPAPI.DLL
0x00007ff94ac80000 - 0x00007ff94ac89000 	C:\Windows\System32\NSI.dll
0x00007ff939420000 - 0x00007ff93942a000 	C:\Windows\System32\rasadhlp.dll
0x00007ff9397e0000 - 0x00007ff939863000 	C:\Windows\System32\fwpuclnt.dll
0x00007ff940640000 - 0x00007ff94064a000 	C:\Program Files\Java\jdk-21\bin\management.dll
0x00007ff940630000 - 0x00007ff94063b000 	C:\Program Files\Java\jdk-21\bin\management_ext.dll
0x00007ff94c100000 - 0x00007ff94c108000 	C:\Windows\System32\PSAPI.DLL
0x00007ff948c50000 - 0x00007ff948c6b000 	C:\Windows\SYSTEM32\CRYPTSP.dll
0x00007ff948400000 - 0x00007ff948435000 	C:\Windows\system32\rsaenh.dll
0x00007ff9489a0000 - 0x00007ff9489c8000 	C:\Windows\SYSTEM32\USERENV.dll
0x00007ff948c30000 - 0x00007ff948c3c000 	C:\Windows\SYSTEM32\CRYPTBASE.dll
0x00007ff927cb0000 - 0x00007ff927cc7000 	C:\Windows\system32\napinsp.dll
0x00007ff91f0b0000 - 0x00007ff91f0cb000 	C:\Windows\system32\pnrpnsp.dll
0x00007ff91f090000 - 0x00007ff91f0a1000 	C:\Windows\System32\winrnr.dll
0x00007ff93f650000 - 0x00007ff93f665000 	C:\Windows\system32\wshbth.dll
0x00007ff91f060000 - 0x00007ff91f087000 	C:\Windows\system32\nlansp_c.dll
0x00007ff940600000 - 0x00007ff94060e000 	C:\Program Files\Java\jdk-21\bin\sunmscapi.dll
0x00007ff949500000 - 0x00007ff949666000 	C:\Windows\System32\CRYPT32.dll
0x00007ff948d60000 - 0x00007ff948d8d000 	C:\Windows\SYSTEM32\ncrypt.dll
0x00007ff948d20000 - 0x00007ff948d57000 	C:\Windows\SYSTEM32\NTASN1.dll
0x00007ff9405f0000 - 0x00007ff940600000 	C:\Program Files\Java\jdk-21\bin\verify.dll

dbghelp: loaded successfully - version: 4.0.5 - missing functions: none
symbol engine: initialized successfully - sym options: 0x614 - pdb path: .;C:\Program Files\Java\jdk-21\bin;C:\Windows\SYSTEM32;C:\Windows\WinSxS\amd64_microsoft.windows.common-controls_6595b64144ccf1df_6.0.22621.3672_none_2713b9d173822955;C:\Program Files (x86)\360\Total Security\safemon;C:\Program Files\Java\jdk-21\bin\server;C:\Users\DELL\Desktop\IntelliJ IDEA 2024.2\bin

VM Arguments:
jvm_args: -XX:TieredStopAtLevel=1 -Dspring.output.ansi.enabled=always -Dcom.sun.management.jmxremote -Dspring.jmx.enabled=true -Dspring.liveBeansView.mbeanDomain -Dspring.application.admin.enabled=true -Dmanagement.endpoints.jmx.exposure.include=* -javaagent:C:\Users\DELL\Desktop\IntelliJ IDEA 2024.2\lib\idea_rt.jar=60691:C:\Users\DELL\Desktop\IntelliJ IDEA 2024.2\bin -Dfile.encoding=UTF-8 -Dsun.stdout.encoding=UTF-8 -Dsun.stderr.encoding=UTF-8 
java_command: africa.semicolon.wallet.WalletApplication
java_class_path (initial): C:\Users\DELL\Documents\Wallet\target\classes;C:\Users\DELL\.m2\repository\org\springframework\boot\spring-boot-starter-data-jdbc\3.3.4\spring-boot-starter-data-jdbc-3.3.4.jar;C:\Users\DELL\.m2\repository\org\springframework\boot\spring-boot-starter-jdbc\3.3.4\spring-boot-starter-jdbc-3.3.4.jar;C:\Users\DELL\.m2\repository\com\zaxxer\HikariCP\5.1.0\HikariCP-5.1.0.jar;C:\Users\DELL\.m2\repository\org\springframework\spring-jdbc\6.1.13\spring-jdbc-6.1.13.jar;C:\Users\DELL\.m2\repository\org\springframework\data\spring-data-jdbc\3.3.4\spring-data-jdbc-3.3.4.jar;C:\Users\DELL\.m2\repository\org\springframework\data\spring-data-relational\3.3.4\spring-data-relational-3.3.4.jar;C:\Users\DELL\.m2\repository\org\springframework\data\spring-data-commons\3.3.4\spring-data-commons-3.3.4.jar;C:\Users\DELL\.m2\repository\org\springframework\spring-tx\6.1.13\spring-tx-6.1.13.jar;C:\Users\DELL\.m2\repository\org\springframework\spring-context\6.1.13\spring-context-6.1.13.jar;C:\Users\DELL\.m2\repository\org\springframework\spring-beans\6.1.13\spring-beans-6.1.13.jar;C:\Users\DELL\.m2\repository\org\slf4j\slf4j-api\2.0.16\slf4j-api-2.0.16.jar;C:\Users\DELL\.m2\repository\org\springframework\boot\spring-boot-starter-data-jpa\3.3.4\spring-boot-starter-data-jpa-3.3.4.jar;C:\Users\DELL\.m2\repository\org\springframework\boot\spring-boot-starter-aop\3.3.4\spring-boot-starter-aop-3.3.4.jar;C:\Users\DELL\.m2\repository\org\springframework\spring-aop\6.1.13\spring-aop-6.1.13.jar;C:\Users\DELL\.m2\repository\org\aspectj\aspectjweaver\1.9.22.1\aspectjweaver-1.9.22.1.jar;C:\Users\DELL\.m2\repository\org\hibernate\orm\hibernate-core\6.5.3.Final\hibernate-core-6.5.3.Final.jar;C:\Users\DELL\.m2\repository\jakarta\persistence\jakarta.persistence-api\3.1.0\jakarta.persistence-api-3.1.0.jar;C:\Users\DELL\.m2\repository\jakarta\transaction\jakarta.transaction-api\2.0.1\jakarta.transaction-api-2.0.1.jar;C:\Users\DELL\.m2\repository\org\hibernate\common\hibernate-commons-annotations\6.0.6.Final\hibernate-commons-annotations-6.0.6.Final.jar;C:\Users\DELL\.m2\repository\io\smallrye\jandex\3.1.2\jandex-3.1.2.jar;C:\Users\DELL\.m2\repository\net\bytebuddy\byte-buddy\1.14.19\byte-buddy-1.14.19.jar;C:\Users\DELL\.m2\repository\org\glassfish\jaxb\jaxb-runtime\4.0.5\jaxb-runtime-4.0.5.jar;C:\Users\DELL\.m2\repository\jakarta\inject\jakarta.inject-api\2.0.1\jakarta.inject-api-2.0.1.jar;C:\Users\DELL\.m2\repository\org\antlr\antlr4-runtime\4.13.0\antlr4-runtime-4.13.0.jar;C:\Users\DELL\.m2\repository\org\springframework\data\spring-data-jpa\3.3.4\spring-data-jpa-3.3.4.jar;C:\Users\DELL\.m2\repository\org\springframework\spring-orm\6.1.13\spring-orm-6.1.13.jar;C:\Users\DELL\.m2\repository\jakarta\annotation\jakarta.annotation-api\2.1.1\jakarta.annotation-api-2.1.1.jar;C:\Users\DELL\.m2\repository\org\springframework\spring-aspects\6.1.13\spring-aspects-6.1.13.jar;C:\Users\DELL\.m2\repository\com\google\code\gson\gson\2.10.1\gson-2.10.1.jar;C:\Users\DELL\.m2\repository\org\springframework\security\spring-security-oauth2-authorization-server\1.3.2\spring-security-oauth2-authorization-server-1.3.2.jar;C:\Users\DELL\.m2\repository\org\springframework\security\spring-security-config\6.3.3\spring-security-config-6.3.3.jar;C:\Users\DELL\.m2\repository\org\springframework\security\spring-security-core\6.3.3\spring-security-core-6.3.3.jar;C:\Users\DELL\.m2\repository\org\springframework\security\spring-security-web\6.3.3\spring-security-web-6.3.3.jar;C:\Users\DELL\.m2\repository\org\springframework\spring-expression\6.1.13\spring-expression-6.1.13.jar;C:\Users\DELL\.m2\repository\org\springframework\security\spring-security-oauth2-core\6.3.3\spring-security-oauth2-core-6.3.3.jar;C:\Users\DELL\.m2\repository\org\springframework\security\spring-security-oauth2-jose\6.3.3\spring-security-oauth2-jose-6.3.3.jar;C:\Users\DELL\.m2\repository\org\springframework\security\spring-security-oauth2-resource-server\6.3.3\spring-security-oauth2-resource-server-6.3.3.jar;C:\Users\DELL\.m2\repository\org\springframework\spring-core\6.1.13\spring-core-6.1.13.jar;C:\Users\DELL\.m2\repository\org\springframework\spring-jcl\6.1.13\spring-jcl-6.1.13.jar;C:\Users\DELL\.m2\repository\com\nimbusds\nimbus-jose-jwt\9.39.3\nimbus-jose-jwt-9.39.3.jar;C:\Users\DELL\.m2\repository\com\fasterxml\jackson\core\jackson-databind\2.17.2\jackson-databind-2.17.2.jar;C:\Users\DELL\.m2\repository\com\paypal\sdk\paypal-core\1.7.2\paypal-core-1.7.2.jar;C:\Users\DELL\.m2\repository\org\keycloak\keycloak-admin-client\26.0.1\keycloak-admin-client-26.0.1.jar;C:\Users\DELL\.m2\repository\org\keycloak\keycloak-client-common-synced\26.0.1\keycloak-client-common-synced-26.0.1.jar;C:\Users\DELL\.m2\repository\org\jboss\logging\commons-logging-jboss-logging\1.0.0.Final\commons-logging-jboss-logging-1.0.0.Final.jar;C:\Users\DELL\.m2\repository\jakarta\activation\jakarta.activation-api\2.1.3\jakarta.activation-api-2.1.3.jar;C:\Users\DELL\.m2\repository\com\fasterxml\jackson\core\jackson-core\2.17.2\jackson-core-2.17.2.jar;C:\Users\DELL\.m2\repository\com\fasterxml\jackson\core\jackson-annotations\2.17.2\jackson-annotations-2.17.2.jar;C:\Users\DELL\.m2\repository\com\fasterxml\jackson\datatype\jackson-datatype-jdk8\2.17.2\jackson-datatype-jdk8-2.17.2.jar;C:\Users\DELL\.m2\repository\com\fasterxml\jackson\datatype\jackson-datatype-jsr310\2.17.2\jackson-datatype-jsr310-2.17.2.jar;C:\Users\DELL\.m2\repository\org\eclipse\microprofile\openapi\microprofile-openapi-api\3.1.1\microprofile-openapi-api-3.1.1.jar;C:\Users\DELL\.m2\repository\org\jboss\resteasy\resteasy-client\6.2.9.Final\resteasy-client-6.2.9.Final.jar;C:\Users\DELL\.m2\repository\org\jboss\resteasy\resteasy-client-api\6.2.9.Final\resteasy-client-api-6.2.9.Final.jar;C:\Users\DELL\.m2\repository\org\jboss\resteasy\resteasy-core-spi\6.2.9.Final\resteasy-core-spi-6.2.9.Final.jar;C:\Users\DELL\.m2\repository\org\jboss\resteasy\resteasy-core\6.2.9.Final\resteasy-core-6.2.9.Final.jar;C:\Users\DELL\.m2\repository\org\jboss\jandex\2.4.5.Final\jandex-2.4.5.Final.jar;C:\Users\DELL\.m2\repository\org\eclipse\angus\angus-activation\2.0.2\angus-activation-2.0.2.jar;C:\Users\DELL\.m2\repository\com\ibm\async\asyncutil\0.1.0\asyncutil-0.1.0.jar;C:\Users\DELL\.m2\repository\jakarta\ws\rs\jakarta.ws.rs-api\3.1.0\jakarta.ws.rs-api-3.1.0.jar;C:\Users\DELL\.m2\repository\org\reactivestreams\reactive-streams\1.0.4\reactive-streams-1.0.4.jar;C:\Users\DELL\.m2\repository\org\jboss\resteasy\resteasy-multipart-provider\6.2.9.Final\resteasy-multipart-provider-6.2.9.Final.jar;C:\Users\DELL\.m2\repository\jakarta\mail\jakarta.mail-api\2.1.3\jakarta.mail-api-2.1.3.jar;C:\Users\DELL\.m2\repository\org\eclipse\angus\angus-mail\2.0.3\angus-mail-2.0.3.jar;C:\Users\DELL\.m2\repository\org\apache\james\apache-mime4j-dom\0.8.11\apache-mime4j-dom-0.8.11.jar;C:\Users\DELL\.m2\repository\org\apache\james\apache-mime4j-core\0.8.11\apache-mime4j-core-0.8.11.jar;C:\Users\DELL\.m2\repository\org\apache\james\apache-mime4j-storage\0.8.11\apache-mime4j-storage-0.8.11.jar;C:\Users\DELL\.m2\repository\commons-io\commons-io\2.11.0\commons-io-2.11.0.jar;C:\Users\DELL\.m2\repository\org\jboss\resteasy\resteasy-jackson2-provider\6.2.9.Final\resteasy-jackson2-provider-6.2.9.Final.jar;C:\Users\DELL\.m2\repository\com\fasterxml\jackson\jakarta\rs\jackson-jakarta-rs-base\2.17.2\jackson-jakarta-rs-base-2.17.2.jar;C:\Users\DELL\.m2\repository\com\fasterxml\jackson\jakarta\rs\jackson-jakarta-rs-json-provider\2.17.2\jackson-jakarta-rs-json-provider-2.17.2.jar;C:\Users\DELL\.m2\repository\com\fasterxml\jackson\module\jackson-module-jakarta-xmlbind-annotations\2.17.2\jackson-module-jakarta-xmlbind-annotations-2.17.2.jar;C:\Users\DELL\.m2\repository\com\github\java-json-tools\json-patch\1.13\json-patch-1.13.jar;C:\Users\DELL\.m2\repository\com\github\java-json-tools\msg-simple\1.2\msg-simple-1.2.jar;C:\Users\DELL\.m2\repository\com\github\java-json-tools\btf\1.3\btf-1.3.jar;C:\Users\DELL\.m2\repository\com\github\java-json-tools\jackson-coreutils\2.0\jackson-coreutils-2.0.jar;C:\Users\DELL\.m2\repository\org\jboss\resteasy\resteasy-jaxb-provider\6.2.9.Final\resteasy-jaxb-provider-6.2.9.Final.jar;C:\Users\DELL\.m2\repository\org\glassfish\jaxb\codemodel\4.0.5\codemodel-4.0.5.jar;C:\Users\DELL\.m2\repository\org\glassfish\jaxb\jaxb-core\4.0.5\jaxb-core-4.0.5.jar;C:\Users\DELL\.m2\repository\org\glassfish\jaxb\jaxb-jxc\4.0.5\jaxb-jxc-4.0.5.jar;C:\Users\DELL\.m2\repository\org\glassfish\jaxb\txw2\4.0.5\txw2-4.0.5.jar;C:\Users\DELL\.m2\repository\org\glassfish\jaxb\jaxb-xjc\4.0.5\jaxb-xjc-4.0.5.jar;C:\Users\DELL\.m2\repository\org\glassfish\jaxb\xsom\4.0.5\xsom-4.0.5.jar;C:\Users\DELL\.m2\repository\com\sun\istack\istack-commons-runtime\4.1.2\istack-commons-runtime-4.1.2.jar;C:\Users\DELL\.m2\repository\com\sun\istack\istack-commons-tools\4.1.2\istack-commons-tools-4.1.2.jar;C:\Users\DELL\.m2\repository\com\sun\xml\bind\external\relaxng-datatype\4.0.3\relaxng-datatype-4.0.3.jar;C:\Users\DELL\.m2\repository\com\sun\xml\bind\external\rngom\4.0.3\rngom-4.0.3.jar;C:\Users\DELL\.m2\repository\org\springframework\boot\spring-boot-starter-web\3.3.4\spring-boot-starter-web-3.3.4.jar;C:\Users\DELL\.m2\repository\org\springframework\boot\spring-boot-starter\3.3.4\spring-boot-starter-3.3.4.jar;C:\Users\DELL\.m2\repository\org\springframework\boot\spring-boot\3.3.4\spring-boot-3.3.4.jar;C:\Users\DELL\.m2\repository\org\springframework\boot\spring-boot-autoconfigure\3.3.4\spring-boot-autoconfigure-3.3.4.jar;C:\Users\DELL\.m2\repository\org\springframework\boot\spring-boot-starter-logging\3.3.4\spring-boot-starter-logging-3.3.4.jar;C:\Users\DELL\.m2\repository\ch\qos\logback\logback-classic\1.5.8\logback-classic-1.5.8.jar;C:\Users\DELL\.m2\repository\ch\qos\logback\logback-core\1.5.8\logback-core-1.5.8.jar;C:\Users\DELL\.m2\repository\org\apache\logging\log4j\log4j-to-slf4j\2.23.1\log4j-to-slf4j-2.23.1.jar;C:\Users\DELL\.m2\repository\org\apache\logging\log4j\log4j-api\2.23.1\log4j-api-2.23.1.jar;C:\Users\DELL\.m2\repository\org\slf4j\jul-to-slf4j\2.0.16\jul-to-slf4j-2.0.16.jar;C:\Users\DELL\.m2\repository\org\yaml\snakeyaml\2.2\snakeyaml-2.2.jar;C:\Users\DELL\.m2\repository\org\springframework\boot\spring-boot-starter-json\3.3.4\spring-boot-starter-json-3.3.4.jar;C:\Users\DELL\.m2\repository\com\fasterxml\jackson\module\jackson-module-parameter-names\2.17.2\jackson-module-parameter-names-2.17.2.jar;C:\Users\DELL\.m2\repository\org\springframework\boot\spring-boot-starter-tomcat\3.3.4\spring-boot-starter-tomcat-3.3.4.jar;C:\Users\DELL\.m2\repository\org\apache\tomcat\embed\tomcat-embed-core\10.1.30\tomcat-embed-core-10.1.30.jar;C:\Users\DELL\.m2\repository\org\apache\tomcat\embed\tomcat-embed-websocket\10.1.30\tomcat-embed-websocket-10.1.30.jar;C:\Users\DELL\.m2\repository\org\springframework\spring-web\6.1.13\spring-web-6.1.13.jar;C:\Users\DELL\.m2\repository\io\micrometer\micrometer-observation\1.13.4\micrometer-observation-1.13.4.jar;C:\Users\DELL\.m2\repository\io\micrometer\micrometer-commons\1.13.4\micrometer-commons-1.13.4.jar;C:\Users\DELL\.m2\repository\org\springframework\spring-webmvc\6.1.13\spring-webmvc-6.1.13.jar;C:\Users\DELL\.m2\repository\org\postgresql\postgresql\42.7.4\postgresql-42.7.4.jar;C:\Users\DELL\.m2\repository\org\checkerframework\checker-qual\3.42.0\checker-qual-3.42.0.jar;C:\Users\DELL\.m2\repository\org\projectlombok\lombok\1.18.34\lombok-1.18.34.jar;C:\Users\DELL\.m2\repository\org\springframework\security\spring-security-crypto\6.3.1\spring-security-crypto-6.3.1.jar;C:\Users\DELL\.m2\repository\org\springframework\boot\spring-boot-starter-validation\3.3.4\spring-boot-starter-validation-3.3.4.jar;C:\Users\DELL\.m2\repository\org\apache\tomcat\embed\tomcat-embed-el\10.1.30\tomcat-embed-el-10.1.30.jar;C:\Users\DELL\.m2\repository\org\mapstruct\mapstruct\1.5.5.Final\mapstruct-1.5.5.Final.jar;C:\Users\DELL\.m2\repository\org\apache\httpcomponents\httpclient\4.5.14\httpclient-4.5.14.jar;C:\Users\DELL\.m2\repository\org\apache\httpcomponents\httpcore\4.4.16\httpcore-4.4.16.jar;C:\Users\DELL\.m2\repository\commons-logging\commons-logging\1.2\commons-logging-1.2.jar;C:\Users\DELL\.m2\repository\commons-codec\commons-codec\1.16.1\commons-codec-1.16.1.jar;C:\Users\DELL\.m2\repository\org\hibernate\validator\hibernate-validator\8.0.1.Final\hibernate-validator-8.0.1.Final.jar;C:\Users\DELL\.m2\repository\jakarta\validation\jakarta.validation-api\3.0.2\jakarta.validation-api-3.0.2.jar;C:\Users\DELL\.m2\repository\org\jboss\logging\jboss-logging\3.5.3.Final\jboss-logging-3.5.3.Final.jar;C:\Users\DELL\.m2\repository\com\fasterxml\classmate\1.7.0\classmate-1.7.0.jar;C:\Users\DELL\.m2\repository\org\glassfish\jakarta.el\4.0.2\jakarta.el-4.0.2.jar;C:\Users\DELL\.m2\repository\jakarta\el\jakarta.el-api\4.0.0\jakarta.el-api-4.0.0.jar;C:\Users\DELL\.m2\repository\jakarta\xml\bind\jakarta.xml.bind-api\4.0.2\jakarta.xml.bind-api-4.0.2.jar;C:\Users\DELL\.m2\repository\org\springframework\boot\spring-boot-starter-webflux\3.3.4\spring-boot-starter-webflux-3.3.4.jar;C:\Users\DELL\.m2\repository\org\springframework\boot\spring-boot-starter-reactor-netty\3.3.4\spring-boot-starter-reactor-netty-3.3.4.jar;C:\Users\DELL\.m2\repository\io\projectreactor\netty\reactor-netty-http\1.1.22\reactor-netty-http-1.1.22.jar;C:\Users\DELL\.m2\repository\io\netty\netty-codec-http\4.1.113.Final\netty-codec-http-4.1.113.Final.jar;C:\Users\DELL\.m2\repository\io\netty\netty-common\4.1.113.Final\netty-common-4.1.113.Final.jar;C:\Users\DELL\.m2\repository\io\netty\netty-buffer\4.1.113.Final\netty-buffer-4.1.113.Final.jar;C:\Users\DELL\.m2\repository\io\netty\netty-transport\4.1.113.Final\netty-transport-4.1.113.Final.jar;C:\Users\DELL\.m2\repository\io\netty\netty-codec\4.1.113.Final\netty-codec-4.1.113.Final.jar;C:\Users\DELL\.m2\repository\io\netty\netty-handler\4.1.113.Final\netty-handler-4.1.113.Final.jar;C:\Users\DELL\.m2\repository\io\netty\netty-codec-http2\4.1.113.Final\netty-codec-http2-4.1.113.Final.jar;C:\Users\DELL\.m2\repository\io\netty\netty-resolver-dns\4.1.113.Final\netty-resolver-dns-4.1.113.Final.jar;C:\Users\DELL\.m2\repository\io\netty\netty-resolver\4.1.113.Final\netty-resolver-4.1.113.Final.jar;C:\Users\DELL\.m2\repository\io\netty\netty-codec-dns\4.1.113.Final\netty-codec-dns-4.1.113.Final.jar;C:\Users\DELL\.m2\repository\io\netty\netty-resolver-dns-native-macos\4.1.113.Final\netty-resolver-dns-native-macos-4.1.113.Final-osx-x86_64.jar;C:\Users\DELL\.m2\repository\io\netty\netty-resolver-dns-classes-macos\4.1.113.Final\netty-resolver-dns-classes-macos-4.1.113.Final.jar;C:\Users\DELL\.m2\repository\io\netty\netty-transport-native-epoll\4.1.113.Final\netty-transport-native-epoll-4.1.113.Final-linux-x86_64.jar;C:\Users\DELL\.m2\repository\io\netty\netty-transport-native-unix-common\4.1.113.Final\netty-transport-native-unix-common-4.1.113.Final.jar;C:\Users\DELL\.m2\repository\io\netty\netty-transport-classes-epoll\4.1.113.Final\netty-transport-classes-epoll-4.1.113.Final.jar;C:\Users\DELL\.m2\repository\io\projectreactor\netty\reactor-netty-core\1.1.22\reactor-netty-core-1.1.22.jar;C:\Users\DELL\.m2\repository\io\netty\netty-handler-proxy\4.1.113.Final\netty-handler-proxy-4.1.113.Final.jar;C:\Users\DELL\.m2\repository\io\netty\netty-codec-socks\4.1.113.Final\netty-codec-socks-4.1.113.Final.jar;C:\Users\DELL\.m2\repository\org\springframework\spring-webflux\6.1.13\spring-webflux-6.1.13.jar;C:\Users\DELL\.m2\repository\io\projectreactor\reactor-core\3.6.10\reactor-core-3.6.10.jar
Launcher Type: SUN_STANDARD

[Global flags]
     intx CICompilerCount                          = 3                                         {product} {ergonomic}
     uint ConcGCThreads                            = 1                                         {product} {ergonomic}
     uint G1ConcRefinementThreads                  = 4                                         {product} {ergonomic}
   size_t G1HeapRegionSize                         = 1048576                                   {product} {ergonomic}
    uintx GCDrainStackTargetSize                   = 64                                        {product} {ergonomic}
   size_t InitialHeapSize                          = 134217728                                 {product} {ergonomic}
     bool ManagementServer                         = true                                      {product} {command line}
   size_t MarkStackSize                            = 4194304                                   {product} {ergonomic}
   size_t MaxHeapSize                              = 2120220672                                {product} {ergonomic}
   size_t MaxNewSize                               = 1271922688                                {product} {ergonomic}
   size_t MinHeapDeltaBytes                        = 1048576                                   {product} {ergonomic}
   size_t MinHeapSize                              = 8388608                                   {product} {ergonomic}
    uintx NonNMethodCodeHeapSize                   = 4096                                   {pd product} {ergonomic}
    uintx NonProfiledCodeHeapSize                  = 0                                      {pd product} {ergonomic}
     bool ProfileInterpreter                       = false                                  {pd product} {command line}
    uintx ProfiledCodeHeapSize                     = 0                                      {pd product} {ergonomic}
   size_t SoftMaxHeapSize                          = 2120220672                             {manageable} {ergonomic}
     intx TieredStopAtLevel                        = 1                                         {product} {command line}
     bool UseCompressedOops                        = true                           {product lp64_product} {ergonomic}
     bool UseG1GC                                  = true                                      {product} {ergonomic}
     bool UseLargePagesIndividualAllocation        = false                                  {pd product} {ergonomic}

Logging:
Log output configuration:
 #0: stdout all=warning uptime,level,tags foldmultilines=false
 #1: stderr all=off uptime,level,tags foldmultilines=false

Environment Variables:
JAVA_HOME=C:\Program Files\Java\jdk-21
PATH=C:\Program Files (x86)\Common Files\Oracle\Java\javapath;C:\Program Files\Common Files\Oracle\Java\javapath;C:\Windows\system32;C:\Windows;C:\Windows\System32\Wbem;C:\Windows\System32\WindowsPowerShell\v1.0\;C:\Windows\System32\OpenSSH\;C:\Program Files\Git\cmd;C:\Program Files (x86)\Microsoft SQL Server\150\DTS\Binn\;C:\Program Files\Microsoft SQL Server\Client SDK\ODBC\130\Tools\Binn\;C:\Program Files (x86)\Microsoft SQL Server\140\Tools\Binn\;C:\Program Files\Microsoft SQL Server\140\Tools\Binn\;C:\Program Files\Microsoft SQL Server\140\DTS\Binn\;C:\Program Files\nodejs\;C:\Program Files\Go\bin;C:\Program Files\Docker\Docker\resources\bin;C:\Program Files\PuTTY\;C:\Program Files\Java\jdk-21\bin;C:\Users\DELL\.cargo\bin;C:\Program Files\MySQL\MySQL Shell 8.0\bin\;C:\Users\DELL\AppData\Local\Programs\Python\Python312\Scripts\;C:\Users\DELL\AppData\Local\Programs\Python\Python312\;C:\Users\DELL\AppData\Local\Microsoft\WindowsApps;C:\Program Files\JetBrains\IntelliJ IDEA 2023.3.2\bin;;C:\Users\DELL\AppData\Local\Programs\Microsoft VS Code\bin;C:\Users\DELL\AppData\Roaming\npm;C:\Users\DELL\go\bin;C:\Program Files\Java\jdk-21\bin;C:\Program Files\Java\jdk-21\bin;
USERNAME=DELL
OS=Windows_NT
PROCESSOR_IDENTIFIER=Intel64 Family 6 Model 78 Stepping 3, GenuineIntel
TMP=C:\Users\DELL\AppData\Local\Temp
TEMP=C:\Users\DELL\AppData\Local\Temp




Periodic native trim disabled

---------------  S Y S T E M  ---------------

OS:
 Windows 11 , 64 bit Build 22621 (10.0.22621.3958)
OS uptime: 1 days 20:23 hours
Hyper-V role detected

CPU: total 4 (initial active 4) (2 cores per cpu, 2 threads per core) family 6 model 78 stepping 3 microcode 0xf0, cx8, cmov, fxsr, ht, mmx, 3dnowpref, sse, sse2, sse3, ssse3, sse4.1, sse4.2, popcnt, lzcnt, tsc, tscinvbit, avx, avx2, aes, erms, clmul, bmi1, bmi2, rtm, adx, fma, vzeroupper, clflush, clflushopt, hv, rdtscp, f16c
Processor Information for all 4 processors :
  Max Mhz: 2501, Current Mhz: 2501, Mhz Limit: 2501

Memory: 4k page, system-wide physical 8083M (559M free)
TotalPageFile size 22393M (AvailPageFile size 5072M)
current process WorkingSet (physical memory assigned to process): 232M, peak: 232M
current process commit charge ("private bytes"): 263M, peak: 263M

vm_info: Java HotSpot(TM) 64-Bit Server VM (21.0.1+12-LTS-29) for windows-amd64 JRE (21.0.1+12-LTS-29), built on 2023-10-05T13:27:09Z by "mach5one" with MS VC++ 17.1 (VS2022)

END.
