#
# A fatal error has been detected by the Java Runtime Environment:
#
#  EXCEPTION_ACCESS_VIOLATION (0xc0000005) at pc=0x00007ffa74ce4994, pid=4532, tid=1732
#
# JRE version: Java(TM) SE Runtime Environment (21.0.1+12) (build 21.0.1+12-LTS-29)
# Java VM: Java HotSpot(TM) 64-Bit Server VM (21.0.1+12-LTS-29, mixed mode, sharing, tiered, compressed oops, compressed class ptrs, g1 gc, windows-amd64)
# Problematic frame:
# V  [jvm.dll+0x6f4994]
#
# No core dump will be written. Minidumps are not enabled by default on client versions of Windows
#
# If you would like to submit a bug report, please visit:
#   https://bugreport.java.com/bugreport/crash.jsp
#

---------------  S U M M A R Y ------------

Command Line: -ea -Didea.test.cyclic.buffer.size=1048576 -javaagent:C:\Users\DELL\Desktop\IntelliJ IDEA 2024.2\lib\idea_rt.jar=50494:C:\Users\DELL\Desktop\IntelliJ IDEA 2024.2\bin -Dfile.encoding=UTF-8 -Dsun.stdout.encoding=UTF-8 -Dsun.stderr.encoding=UTF-8 com.intellij.rt.junit.JUnitStarter -ideVersion5 -junit5 africa.semicolon.wallet.walletService.WalletServiceTest,testThatFundsCanBeDepositedToTheWallet

Host: Intel(R) Core(TM) i5-6300U CPU @ 2.40GHz, 4 cores, 7G,  Windows 11 , 64 bit Build 22621 (10.0.22621.3958)
Time: Wed Oct 30 15:06:44 2024 W. Central Africa Standard Time elapsed time: 4.814498 seconds (0d 0h 0m 4s)

---------------  T H R E A D  ---------------

Current thread (0x000002f1eb360bb0):  JavaThread "C2 CompilerThread1" daemon [_thread_in_native, id=1732, stack(0x000000f267200000,0x000000f267300000) (1024K)]


Current CompileTask:
C2:   4814 2213       4       org.springframework.boot.context.properties.source.ConfigurationPropertyName$ElementsParser::parse (234 bytes)

Stack: [0x000000f267200000,0x000000f267300000],  sp=0x000000f2672fcd00,  free space=1011k
Native frames: (J=compiled Java code, j=interpreted, Vv=VM code, C=native code)
V  [jvm.dll+0x6f4994]
V  [jvm.dll+0x1e2186]
V  [jvm.dll+0x249c22]
V  [jvm.dll+0x2490b1]
V  [jvm.dll+0x1c9ca1]
V  [jvm.dll+0x2586b9]
V  [jvm.dll+0x256c9a]
V  [jvm.dll+0x3ef1b6]
V  [jvm.dll+0x7fd728]
V  [jvm.dll+0x6c777d]
C  [ucrtbase.dll+0x29333]
C  [KERNEL32.DLL+0x1257d]
C  [ntdll.dll+0x5af08]


siginfo: EXCEPTION_ACCESS_VIOLATION (0xc0000005), reading address 0xffffffffffffffff


Registers:
RAX=0x0000000000000036, RBX=0x0000000000000001, RCX=0x0000000000000001, RDX=0x002002f1ebbe83d0
RSP=0x000000f2672fcd00, RBP=0x000002f1ec2b8940, RSI=0x000002f1ec2b898c, RDI=0x000000f2672fd350
R8 =0x0000000000000002, R9 =0x000002f1ec2b89f0, R10=0x000002f1ec2b8850, R11=0x000002f1ebc91530
R12=0x0000000000000000, R13=0x0000000000000001, R14=0x000002f1ebc916d0, R15=0x0000000000000001
RIP=0x00007ffa74ce4994, EFLAGS=0x0000000000010297


Register to memory mapping:

RAX=0x0000000000000036 is an unknown value
RBX=0x0000000000000001 is an unknown value
RCX=0x0000000000000001 is an unknown value
RDX=0x002002f1ebbe83d0 is an unknown value
RSP=0x000000f2672fcd00 is pointing into the stack for thread: 0x000002f1eb360bb0
RBP=0x000002f1ec2b8940 points into unknown readable memory: 0x00007ffa74f84fb0 | b0 4f f8 74 fa 7f 00 00
RSI=0x000002f1ec2b898c points into unknown readable memory: 34 00 00 00
RDI=0x000000f2672fd350 is pointing into the stack for thread: 0x000002f1eb360bb0
R8 =0x0000000000000002 is an unknown value
R9 =0x000002f1ec2b89f0 points into unknown readable memory: 0x000002f1ec2b8850 | 50 88 2b ec f1 02 00 00
R10=0x000002f1ec2b8850 points into unknown readable memory: 0x00007ffa74f84fb0 | b0 4f f8 74 fa 7f 00 00
R11=0x000002f1ebc91530 points into unknown readable memory: 0x0000000000000000 | 00 00 00 00 00 00 00 00
R12=0x0 is null
R13=0x0000000000000001 is an unknown value
R14=0x000002f1ebc916d0 points into unknown readable memory: 0x000002f1ea097950 | 50 79 09 ea f1 02 00 00
R15=0x0000000000000001 is an unknown value

Top of Stack: (sp=0x000000f2672fcd00)
0x000000f2672fcd00:   0000000000000000 000002f1ea06afc8
0x000000f2672fcd10:   000002f100000001 000002f1ec2b8940
0x000000f2672fcd20:   000002f1ea097950 000002f1ebd9f440
0x000000f2672fcd30:   0000000000000201 00000000ffffffff
0x000000f2672fcd40:   000002f1ebd9f440 0000000000000000
0x000000f2672fcd50:   000002f1ebd9f450 000002f1ec2b8850
0x000000f2672fcd60:   0000000000000040 000002f1eaf0fec0
0x000000f2672fcd70:   000002f1ec2b8940 000000000000025f
0x000000f2672fcd80:   000002f1ebc932b8 000002f1eb1a20a0
0x000000f2672fcd90:   000002f1ebc91530 000002f1eb1a2050
0x000000f2672fcda0:   0000000000000362 000002f1eb277890
0x000000f2672fcdb0:   000002f1ebc8ff40 000002f1ebc91530
0x000000f2672fcdc0:   000002f1ebc97f28 000000000012ce00
0x000000f2672fcdd0:   0000000000000db7 0000000000000000
0x000000f2672fcde0:   000000000000752f 00007ffa747d2853
0x000000f2672fcdf0:   000000000000752f 000002f1eb545c90
0x000000f2672fce00:   000002f1eb545cc8 00007ffa74f997e8
0x000000f2672fce10:   0000000000000000 000000010000062a
0x000000f2672fce20:   0000000700000007 000002f1eb66b7a0
0x000000f2672fce30:   000002f1ec3c0000 0000000000000000
0x000000f2672fce40:   0000000000000000 0000000000000000
0x000000f2672fce50:   0000000000000000 00007ffa750237b0
0x000000f2672fce60:   0000000000000000 0000000000000000
0x000000f2672fce70:   0000000000000000 00007ffa750237b0
0x000000f2672fce80:   0000000000000000 00007ffa74f997f8
0x000000f2672fce90:   0000000000000000 000002f1ea3af1b0
0x000000f2672fcea0:   000000f2672fd430 0000000000000001
0x000000f2672fceb0:   000002f1ea3af1c0 0000000000000000
0x000000f2672fcec0:   000002f1ea3af598 000000f2672fcfe0
0x000000f2672fced0:   000000f2672fd350 00007ffa747d2186
0x000000f2672fcee0:   000000f2672fd350 0000000000000000
0x000000f2672fcef0:   000002f100000001 000002f100000020 

Instructions: (pc=0x00007ffa74ce4994)
0x00007ffa74ce4894:   44 8d 7d 01 e8 e3 e2 a4 ff 41 3b c7 0f 86 bc 02
0x00007ffa74ce48a4:   00 00 41 83 7e 18 00 76 09 49 8b 46 20 48 8b 00
0x00007ffa74ce48b4:   eb 02 33 c0 48 8b 40 08 bb 01 00 00 00 41 8b cf
0x00007ffa74ce48c4:   48 8b 0c c8 48 8b 47 48 8b 51 28 48 8b 48 78 48
0x00007ffa74ce48d4:   8b 2c d1 48 89 6c 24 70 48 8d 75 4c 44 3b eb 76
0x00007ffa74ce48e4:   75 48 8b ac 24 e0 01 00 00 8d 7b 07 4c 8b a4 24
0x00007ffa74ce48f4:   90 00 00 00 41 3b 5e 18 73 0a 49 8b 46 20 48 8b
0x00007ffa74ce4904:   14 07 eb 02 33 d2 8b 06 4d 8b ce c6 44 24 30 00
0x00007ffa74ce4914:   45 8b c7 48 8d 0c c5 00 00 00 00 48 8b 84 24 80
0x00007ffa74ce4924:   00 00 00 48 8b 04 01 48 89 44 24 28 4a 8b 04 21
0x00007ffa74ce4934:   48 8b cd 48 89 44 24 20 e8 5f f0 ff ff ff c3 48
0x00007ffa74ce4944:   83 c7 08 41 3b dd 72 ac 48 8b 6c 24 70 44 0f b6
0x00007ffa74ce4954:   a4 24 e8 01 00 00 8b 06 4c 8b 9c 24 90 00 00 00
0x00007ffa74ce4964:   49 83 3c c3 00 4d 8d 34 c3 0f 84 b2 01 00 00 44
0x00007ffa74ce4974:   8b 45 48 33 c9 45 85 c0 74 2c 4c 8b 4d 40 4c 8b
0x00007ffa74ce4984:   54 24 58 66 0f 1f 84 00 00 00 00 00 49 8b 14 c9
0x00007ffa74ce4994:   8b 42 4c 49 83 3c c3 00 75 05 49 3b d2 75 07 ff
0x00007ffa74ce49a4:   c1 41 3b c8 72 e6 41 3b c8 0f 82 7d 01 00 00 44
0x00007ffa74ce49b4:   8b 94 24 f8 01 00 00 48 89 6c 24 48 8b 6c 24 60
0x00007ffa74ce49c4:   44 3b d5 0f 85 90 00 00 00 41 8d 6a 01 89 6c 24
0x00007ffa74ce49d4:   60 8b dd 85 ed 7e 05 44 85 d5 74 10 0f bd cd bd
0x00007ffa74ce49e4:   01 00 00 00 ff c1 d3 e5 89 6c 24 60 ba 08 00 00
0x00007ffa74ce49f4:   00 8b cd e8 f4 98 ca ff 44 8b 94 24 f8 01 00 00
0x00007ffa74ce4a04:   45 33 c9 48 8b f8 45 85 d2 7e 22 48 8b d0 45 8b
0x00007ffa74ce4a14:   c2 48 8b 44 24 68 45 8b ca 48 2b c2 48 8b 0c 10
0x00007ffa74ce4a24:   48 89 0a 48 8d 52 08 49 83 e8 01 75 ef 44 3b cd
0x00007ffa74ce4a34:   7d 20 49 63 c1 44 8b c5 45 2b c1 33 d2 49 c1 e0
0x00007ffa74ce4a44:   03 48 8d 0c c7 e8 c4 12 20 00 44 8b 94 24 f8 01
0x00007ffa74ce4a54:   00 00 48 89 7c 24 68 eb 04 41 8d 5a 01 49 8b 06
0x00007ffa74ce4a64:   4c 8b 74 24 68 49 63 ca 49 89 04 ce 8b 06 48 8b
0x00007ffa74ce4a74:   8c 24 80 00 00 00 48 8d 34 c1 8d 43 01 89 84 24
0x00007ffa74ce4a84:   f8 01 00 00 3b dd 0f 85 82 00 00 00 89 44 24 60 


Stack slot to memory mapping:

stack at sp + 0 slots: 0x0 is null
stack at sp + 1 slots: 0x000002f1ea06afc8 points into unknown readable memory: 0x00007ffa74fb9028 | 28 90 fb 74 fa 7f 00 00
stack at sp + 2 slots: 0x000002f100000001 is an unknown value
stack at sp + 3 slots: 0x000002f1ec2b8940 points into unknown readable memory: 0x00007ffa74f84fb0 | b0 4f f8 74 fa 7f 00 00
stack at sp + 4 slots: 0x000002f1ea097950 points into unknown readable memory: 0x000002f1eb277890 | 90 78 27 eb f1 02 00 00
stack at sp + 5 slots: 0x000002f1ebd9f440 points into unknown readable memory: 0x000002f1eb277890 | 90 78 27 eb f1 02 00 00
stack at sp + 6 slots: 0x0000000000000201 is an unknown value
stack at sp + 7 slots: 0x00000000ffffffff is an unallocated location in the heap


---------------  P R O C E S S  ---------------

Threads class SMR info:
_java_thread_list=0x000002f1eb19ee70, length=14, elements={
0x000002f186944be0, 0x000002f1a4c8efa0, 0x000002f1a4c8fad0, 0x000002f1a4c90600,
0x000002f1a4c93c90, 0x000002f1a4c94300, 0x000002f1a4c98980, 0x000002f1a4c99320,
0x000002f1a4c9d9f0, 0x000002f1a4c5b8e0, 0x000002f1ea235060, 0x000002f1ea24ff50,
0x000002f1eb360bb0, 0x000002f1eb82df40
}

Java Threads: ( => current thread )
  0x000002f186944be0 JavaThread "main"                              [_thread_in_vm, id=6168, stack(0x000000f265f00000,0x000000f266000000) (1024K)]
  0x000002f1a4c8efa0 JavaThread "Reference Handler"          daemon [_thread_blocked, id=2064, stack(0x000000f266700000,0x000000f266800000) (1024K)]
  0x000002f1a4c8fad0 JavaThread "Finalizer"                  daemon [_thread_blocked, id=14484, stack(0x000000f266800000,0x000000f266900000) (1024K)]
  0x000002f1a4c90600 JavaThread "Signal Dispatcher"          daemon [_thread_blocked, id=3700, stack(0x000000f266900000,0x000000f266a00000) (1024K)]
  0x000002f1a4c93c90 JavaThread "Attach Listener"            daemon [_thread_blocked, id=15128, stack(0x000000f266a00000,0x000000f266b00000) (1024K)]
  0x000002f1a4c94300 JavaThread "Service Thread"             daemon [_thread_blocked, id=14976, stack(0x000000f266b00000,0x000000f266c00000) (1024K)]
  0x000002f1a4c98980 JavaThread "Monitor Deflation Thread"   daemon [_thread_blocked, id=15620, stack(0x000000f266c00000,0x000000f266d00000) (1024K)]
  0x000002f1a4c99320 JavaThread "C2 CompilerThread0"         daemon [_thread_in_native, id=17792, stack(0x000000f266d00000,0x000000f266e00000) (1024K)]
  0x000002f1a4c9d9f0 JavaThread "C1 CompilerThread0"         daemon [_thread_blocked, id=5796, stack(0x000000f266e00000,0x000000f266f00000) (1024K)]
  0x000002f1a4c5b8e0 JavaThread "Common-Cleaner"             daemon [_thread_blocked, id=18016, stack(0x000000f266f00000,0x000000f267000000) (1024K)]
  0x000002f1ea235060 JavaThread "Monitor Ctrl-Break"         daemon [_thread_in_native, id=14132, stack(0x000000f267000000,0x000000f267100000) (1024K)]
  0x000002f1ea24ff50 JavaThread "Notification Thread"        daemon [_thread_blocked, id=4732, stack(0x000000f267100000,0x000000f267200000) (1024K)]
=>0x000002f1eb360bb0 JavaThread "C2 CompilerThread1"         daemon [_thread_in_native, id=1732, stack(0x000000f267200000,0x000000f267300000) (1024K)]
  0x000002f1eb82df40 JavaThread "background-preinit"                [_thread_in_Java, id=6680, stack(0x000000f267600000,0x000000f267700000) (1024K)]
Total: 14

Other Threads:
  0x000002f18690f140 VMThread "VM Thread"                           [id=17068, stack(0x000000f266600000,0x000000f266700000) (1024K)]
  0x000002f1a4c5b1e0 WatcherThread "VM Periodic Task Thread"        [id=14516, stack(0x000000f266500000,0x000000f266600000) (1024K)]
  0x000002f18690e2c0 WorkerThread "GC Thread#0"                     [id=11100, stack(0x000000f266000000,0x000000f266100000) (1024K)]
  0x000002f18690eda0 WorkerThread "GC Thread#1"                     [id=8064, stack(0x000000f267300000,0x000000f267400000) (1024K)]
  0x000002f18690f880 WorkerThread "GC Thread#2"                     [id=7096, stack(0x000000f267400000,0x000000f267500000) (1024K)]
  0x000002f18690df20 WorkerThread "GC Thread#3"                     [id=18344, stack(0x000000f267500000,0x000000f267600000) (1024K)]
  0x000002f188c2fe70 ConcurrentGCThread "G1 Main Marker"            [id=11400, stack(0x000000f266100000,0x000000f266200000) (1024K)]
  0x000002f18690e660 WorkerThread "G1 Conc#0"                       [id=5840, stack(0x000000f266200000,0x000000f266300000) (1024K)]
  0x000002f1a4b171e0 ConcurrentGCThread "G1 Refine#0"               [id=16252, stack(0x000000f266300000,0x000000f266400000) (1024K)]
  0x000002f1a4b19780 ConcurrentGCThread "G1 Service"                [id=9228, stack(0x000000f266400000,0x000000f266500000) (1024K)]
Total: 10

Threads with active compile tasks:
C2 CompilerThread0     4996 2315       4       java.util.jar.JarFile::getVersionedEntry (133 bytes)
C2 CompilerThread1     4996 2213       4       org.springframework.boot.context.properties.source.ConfigurationPropertyName$ElementsParser::parse (234 bytes)
Total: 2

VM state: not at safepoint (normal execution)

VM Mutex/Monitor currently owned by a thread: None

Heap address: 0x0000000081a00000, size: 2022 MB, Compressed Oops mode: 32-bit

CDS archive(s) mapped at: [0x000002f1a5000000-0x000002f1a5c90000-0x000002f1a5c90000), size 13172736, SharedBaseAddress: 0x000002f1a5000000, ArchiveRelocationMode: 1.
Compressed class space mapped at: 0x000002f1a6000000-0x000002f1e6000000, reserved size: 1073741824
Narrow klass base: 0x000002f1a5000000, Narrow klass shift: 0, Narrow klass range: 0x100000000

GC Precious Log:
 CardTable entry size: 512
 Card Set container configuration: InlinePtr #cards 5 size 8 Array Of Cards #cards 12 size 40 Howl #buckets 4 coarsen threshold 1843 Howl Bitmap #cards 512 size 80 coarsen threshold 460 Card regions per heap region 1 cards per card region 2048
 CPUs: 4 total, 4 available
 Memory: 8083M
 Large Page Support: Disabled
 NUMA Support: Disabled
 Compressed Oops: Enabled (32-bit)
 Heap Region Size: 1M
 Heap Min Capacity: 8M
 Heap Initial Capacity: 128M
 Heap Max Capacity: 2022M
 Pre-touch: Disabled
 Parallel Workers: 4
 Concurrent Workers: 1
 Concurrent Refinement Workers: 4
 Periodic GC: Disabled

Heap:
 garbage-first heap   total 131072K, used 21401K [0x0000000081a00000, 0x0000000100000000)
  region size 1024K, 15 young (15360K), 3 survivors (3072K)
 Metaspace       used 14962K, committed 15232K, reserved 1114112K
  class space    used 1926K, committed 2048K, reserved 1048576K

Heap Regions: E=young(eden), S=young(survivor), O=old, HS=humongous(starts), HC=humongous(continues), CS=collection set, F=free, TAMS=top-at-mark-start, PB=parsable bottom
|   0|0x0000000081a00000, 0x0000000081b00000, 0x0000000081b00000|100%|HS|  |TAMS 0x0000000081a00000| PB 0x0000000081a00000| Complete 
|   1|0x0000000081b00000, 0x0000000081c00000, 0x0000000081c00000|100%| O|  |TAMS 0x0000000081b00000| PB 0x0000000081b00000| Untracked 
|   2|0x0000000081c00000, 0x0000000081d00000, 0x0000000081d00000|100%| O|  |TAMS 0x0000000081c00000| PB 0x0000000081c00000| Untracked 
|   3|0x0000000081d00000, 0x0000000081e00000, 0x0000000081e00000|100%| O|  |TAMS 0x0000000081d00000| PB 0x0000000081d00000| Untracked 
|   4|0x0000000081e00000, 0x0000000081f00000, 0x0000000081f00000|100%| O|  |TAMS 0x0000000081e00000| PB 0x0000000081e00000| Untracked 
|   5|0x0000000081f00000, 0x0000000082000000, 0x0000000082000000|100%| O|  |TAMS 0x0000000081f00000| PB 0x0000000081f00000| Untracked 
|   6|0x0000000082000000, 0x0000000082100000, 0x0000000082100000|100%| O|  |TAMS 0x0000000082000000| PB 0x0000000082000000| Untracked 
|   7|0x0000000082100000, 0x0000000082200000, 0x0000000082200000|100%| O|  |TAMS 0x0000000082100000| PB 0x0000000082100000| Untracked 
|   8|0x0000000082200000, 0x00000000822410d0, 0x0000000082300000| 25%| O|  |TAMS 0x0000000082200000| PB 0x0000000082200000| Untracked 
|   9|0x0000000082300000, 0x0000000082300000, 0x0000000082400000|  0%| F|  |TAMS 0x0000000082300000| PB 0x0000000082300000| Untracked 
|  10|0x0000000082400000, 0x0000000082400000, 0x0000000082500000|  0%| F|  |TAMS 0x0000000082400000| PB 0x0000000082400000| Untracked 
|  11|0x0000000082500000, 0x0000000082500000, 0x0000000082600000|  0%| F|  |TAMS 0x0000000082500000| PB 0x0000000082500000| Untracked 
|  12|0x0000000082600000, 0x0000000082600000, 0x0000000082700000|  0%| F|  |TAMS 0x0000000082600000| PB 0x0000000082600000| Untracked 
|  13|0x0000000082700000, 0x0000000082700000, 0x0000000082800000|  0%| F|  |TAMS 0x0000000082700000| PB 0x0000000082700000| Untracked 
|  14|0x0000000082800000, 0x0000000082800000, 0x0000000082900000|  0%| F|  |TAMS 0x0000000082800000| PB 0x0000000082800000| Untracked 
|  15|0x0000000082900000, 0x0000000082900000, 0x0000000082a00000|  0%| F|  |TAMS 0x0000000082900000| PB 0x0000000082900000| Untracked 
|  16|0x0000000082a00000, 0x0000000082a00000, 0x0000000082b00000|  0%| F|  |TAMS 0x0000000082a00000| PB 0x0000000082a00000| Untracked 
|  17|0x0000000082b00000, 0x0000000082b00000, 0x0000000082c00000|  0%| F|  |TAMS 0x0000000082b00000| PB 0x0000000082b00000| Untracked 
|  18|0x0000000082c00000, 0x0000000082c00000, 0x0000000082d00000|  0%| F|  |TAMS 0x0000000082c00000| PB 0x0000000082c00000| Untracked 
|  19|0x0000000082d00000, 0x0000000082d00000, 0x0000000082e00000|  0%| F|  |TAMS 0x0000000082d00000| PB 0x0000000082d00000| Untracked 
|  20|0x0000000082e00000, 0x0000000082e00000, 0x0000000082f00000|  0%| F|  |TAMS 0x0000000082e00000| PB 0x0000000082e00000| Untracked 
|  21|0x0000000082f00000, 0x0000000082f00000, 0x0000000083000000|  0%| F|  |TAMS 0x0000000082f00000| PB 0x0000000082f00000| Untracked 
|  22|0x0000000083000000, 0x0000000083000000, 0x0000000083100000|  0%| F|  |TAMS 0x0000000083000000| PB 0x0000000083000000| Untracked 
|  23|0x0000000083100000, 0x0000000083100000, 0x0000000083200000|  0%| F|  |TAMS 0x0000000083100000| PB 0x0000000083100000| Untracked 
|  24|0x0000000083200000, 0x0000000083200000, 0x0000000083300000|  0%| F|  |TAMS 0x0000000083200000| PB 0x0000000083200000| Untracked 
|  25|0x0000000083300000, 0x0000000083300000, 0x0000000083400000|  0%| F|  |TAMS 0x0000000083300000| PB 0x0000000083300000| Untracked 
|  26|0x0000000083400000, 0x0000000083400000, 0x0000000083500000|  0%| F|  |TAMS 0x0000000083400000| PB 0x0000000083400000| Untracked 
|  27|0x0000000083500000, 0x0000000083500000, 0x0000000083600000|  0%| F|  |TAMS 0x0000000083500000| PB 0x0000000083500000| Untracked 
|  28|0x0000000083600000, 0x0000000083600000, 0x0000000083700000|  0%| F|  |TAMS 0x0000000083600000| PB 0x0000000083600000| Untracked 
|  29|0x0000000083700000, 0x0000000083700000, 0x0000000083800000|  0%| F|  |TAMS 0x0000000083700000| PB 0x0000000083700000| Untracked 
|  30|0x0000000083800000, 0x0000000083800000, 0x0000000083900000|  0%| F|  |TAMS 0x0000000083800000| PB 0x0000000083800000| Untracked 
|  31|0x0000000083900000, 0x0000000083900000, 0x0000000083a00000|  0%| F|  |TAMS 0x0000000083900000| PB 0x0000000083900000| Untracked 
|  32|0x0000000083a00000, 0x0000000083a00000, 0x0000000083b00000|  0%| F|  |TAMS 0x0000000083a00000| PB 0x0000000083a00000| Untracked 
|  33|0x0000000083b00000, 0x0000000083b00000, 0x0000000083c00000|  0%| F|  |TAMS 0x0000000083b00000| PB 0x0000000083b00000| Untracked 
|  34|0x0000000083c00000, 0x0000000083c00000, 0x0000000083d00000|  0%| F|  |TAMS 0x0000000083c00000| PB 0x0000000083c00000| Untracked 
|  35|0x0000000083d00000, 0x0000000083d00000, 0x0000000083e00000|  0%| F|  |TAMS 0x0000000083d00000| PB 0x0000000083d00000| Untracked 
|  36|0x0000000083e00000, 0x0000000083e00000, 0x0000000083f00000|  0%| F|  |TAMS 0x0000000083e00000| PB 0x0000000083e00000| Untracked 
|  37|0x0000000083f00000, 0x0000000083f00000, 0x0000000084000000|  0%| F|  |TAMS 0x0000000083f00000| PB 0x0000000083f00000| Untracked 
|  38|0x0000000084000000, 0x0000000084000000, 0x0000000084100000|  0%| F|  |TAMS 0x0000000084000000| PB 0x0000000084000000| Untracked 
|  39|0x0000000084100000, 0x0000000084100000, 0x0000000084200000|  0%| F|  |TAMS 0x0000000084100000| PB 0x0000000084100000| Untracked 
|  40|0x0000000084200000, 0x0000000084200000, 0x0000000084300000|  0%| F|  |TAMS 0x0000000084200000| PB 0x0000000084200000| Untracked 
|  41|0x0000000084300000, 0x0000000084300000, 0x0000000084400000|  0%| F|  |TAMS 0x0000000084300000| PB 0x0000000084300000| Untracked 
|  42|0x0000000084400000, 0x0000000084400000, 0x0000000084500000|  0%| F|  |TAMS 0x0000000084400000| PB 0x0000000084400000| Untracked 
|  43|0x0000000084500000, 0x0000000084500000, 0x0000000084600000|  0%| F|  |TAMS 0x0000000084500000| PB 0x0000000084500000| Untracked 
|  44|0x0000000084600000, 0x0000000084600000, 0x0000000084700000|  0%| F|  |TAMS 0x0000000084600000| PB 0x0000000084600000| Untracked 
|  45|0x0000000084700000, 0x0000000084700000, 0x0000000084800000|  0%| F|  |TAMS 0x0000000084700000| PB 0x0000000084700000| Untracked 
|  46|0x0000000084800000, 0x0000000084800000, 0x0000000084900000|  0%| F|  |TAMS 0x0000000084800000| PB 0x0000000084800000| Untracked 
|  47|0x0000000084900000, 0x0000000084900000, 0x0000000084a00000|  0%| F|  |TAMS 0x0000000084900000| PB 0x0000000084900000| Untracked 
|  48|0x0000000084a00000, 0x0000000084a00000, 0x0000000084b00000|  0%| F|  |TAMS 0x0000000084a00000| PB 0x0000000084a00000| Untracked 
|  49|0x0000000084b00000, 0x0000000084b00000, 0x0000000084c00000|  0%| F|  |TAMS 0x0000000084b00000| PB 0x0000000084b00000| Untracked 
|  50|0x0000000084c00000, 0x0000000084c00000, 0x0000000084d00000|  0%| F|  |TAMS 0x0000000084c00000| PB 0x0000000084c00000| Untracked 
|  51|0x0000000084d00000, 0x0000000084d00000, 0x0000000084e00000|  0%| F|  |TAMS 0x0000000084d00000| PB 0x0000000084d00000| Untracked 
|  52|0x0000000084e00000, 0x0000000084e00000, 0x0000000084f00000|  0%| F|  |TAMS 0x0000000084e00000| PB 0x0000000084e00000| Untracked 
|  53|0x0000000084f00000, 0x0000000084f00000, 0x0000000085000000|  0%| F|  |TAMS 0x0000000084f00000| PB 0x0000000084f00000| Untracked 
|  54|0x0000000085000000, 0x0000000085000000, 0x0000000085100000|  0%| F|  |TAMS 0x0000000085000000| PB 0x0000000085000000| Untracked 
|  55|0x0000000085100000, 0x0000000085100000, 0x0000000085200000|  0%| F|  |TAMS 0x0000000085100000| PB 0x0000000085100000| Untracked 
|  56|0x0000000085200000, 0x0000000085200000, 0x0000000085300000|  0%| F|  |TAMS 0x0000000085200000| PB 0x0000000085200000| Untracked 
|  57|0x0000000085300000, 0x0000000085300000, 0x0000000085400000|  0%| F|  |TAMS 0x0000000085300000| PB 0x0000000085300000| Untracked 
|  58|0x0000000085400000, 0x0000000085400000, 0x0000000085500000|  0%| F|  |TAMS 0x0000000085400000| PB 0x0000000085400000| Untracked 
|  59|0x0000000085500000, 0x0000000085500000, 0x0000000085600000|  0%| F|  |TAMS 0x0000000085500000| PB 0x0000000085500000| Untracked 
|  60|0x0000000085600000, 0x0000000085600000, 0x0000000085700000|  0%| F|  |TAMS 0x0000000085600000| PB 0x0000000085600000| Untracked 
|  61|0x0000000085700000, 0x0000000085700000, 0x0000000085800000|  0%| F|  |TAMS 0x0000000085700000| PB 0x0000000085700000| Untracked 
|  62|0x0000000085800000, 0x0000000085800000, 0x0000000085900000|  0%| F|  |TAMS 0x0000000085800000| PB 0x0000000085800000| Untracked 
|  63|0x0000000085900000, 0x0000000085900000, 0x0000000085a00000|  0%| F|  |TAMS 0x0000000085900000| PB 0x0000000085900000| Untracked 
|  64|0x0000000085a00000, 0x0000000085a00000, 0x0000000085b00000|  0%| F|  |TAMS 0x0000000085a00000| PB 0x0000000085a00000| Untracked 
|  65|0x0000000085b00000, 0x0000000085b00000, 0x0000000085c00000|  0%| F|  |TAMS 0x0000000085b00000| PB 0x0000000085b00000| Untracked 
|  66|0x0000000085c00000, 0x0000000085c00000, 0x0000000085d00000|  0%| F|  |TAMS 0x0000000085c00000| PB 0x0000000085c00000| Untracked 
|  67|0x0000000085d00000, 0x0000000085d00000, 0x0000000085e00000|  0%| F|  |TAMS 0x0000000085d00000| PB 0x0000000085d00000| Untracked 
|  68|0x0000000085e00000, 0x0000000085e00000, 0x0000000085f00000|  0%| F|  |TAMS 0x0000000085e00000| PB 0x0000000085e00000| Untracked 
|  69|0x0000000085f00000, 0x0000000085f00000, 0x0000000086000000|  0%| F|  |TAMS 0x0000000085f00000| PB 0x0000000085f00000| Untracked 
|  70|0x0000000086000000, 0x0000000086000000, 0x0000000086100000|  0%| F|  |TAMS 0x0000000086000000| PB 0x0000000086000000| Untracked 
|  71|0x0000000086100000, 0x0000000086100000, 0x0000000086200000|  0%| F|  |TAMS 0x0000000086100000| PB 0x0000000086100000| Untracked 
|  72|0x0000000086200000, 0x0000000086200000, 0x0000000086300000|  0%| F|  |TAMS 0x0000000086200000| PB 0x0000000086200000| Untracked 
|  73|0x0000000086300000, 0x0000000086300000, 0x0000000086400000|  0%| F|  |TAMS 0x0000000086300000| PB 0x0000000086300000| Untracked 
|  74|0x0000000086400000, 0x0000000086400000, 0x0000000086500000|  0%| F|  |TAMS 0x0000000086400000| PB 0x0000000086400000| Untracked 
|  75|0x0000000086500000, 0x0000000086500000, 0x0000000086600000|  0%| F|  |TAMS 0x0000000086500000| PB 0x0000000086500000| Untracked 
|  76|0x0000000086600000, 0x0000000086600000, 0x0000000086700000|  0%| F|  |TAMS 0x0000000086600000| PB 0x0000000086600000| Untracked 
|  77|0x0000000086700000, 0x0000000086700000, 0x0000000086800000|  0%| F|  |TAMS 0x0000000086700000| PB 0x0000000086700000| Untracked 
|  78|0x0000000086800000, 0x0000000086800000, 0x0000000086900000|  0%| F|  |TAMS 0x0000000086800000| PB 0x0000000086800000| Untracked 
|  79|0x0000000086900000, 0x0000000086900000, 0x0000000086a00000|  0%| F|  |TAMS 0x0000000086900000| PB 0x0000000086900000| Untracked 
|  80|0x0000000086a00000, 0x0000000086a00000, 0x0000000086b00000|  0%| F|  |TAMS 0x0000000086a00000| PB 0x0000000086a00000| Untracked 
|  81|0x0000000086b00000, 0x0000000086b00000, 0x0000000086c00000|  0%| F|  |TAMS 0x0000000086b00000| PB 0x0000000086b00000| Untracked 
|  82|0x0000000086c00000, 0x0000000086c00000, 0x0000000086d00000|  0%| F|  |TAMS 0x0000000086c00000| PB 0x0000000086c00000| Untracked 
|  83|0x0000000086d00000, 0x0000000086d00000, 0x0000000086e00000|  0%| F|  |TAMS 0x0000000086d00000| PB 0x0000000086d00000| Untracked 
|  84|0x0000000086e00000, 0x0000000086e00000, 0x0000000086f00000|  0%| F|  |TAMS 0x0000000086e00000| PB 0x0000000086e00000| Untracked 
|  85|0x0000000086f00000, 0x0000000086f00000, 0x0000000087000000|  0%| F|  |TAMS 0x0000000086f00000| PB 0x0000000086f00000| Untracked 
|  86|0x0000000087000000, 0x0000000087000000, 0x0000000087100000|  0%| F|  |TAMS 0x0000000087000000| PB 0x0000000087000000| Untracked 
|  87|0x0000000087100000, 0x0000000087100000, 0x0000000087200000|  0%| F|  |TAMS 0x0000000087100000| PB 0x0000000087100000| Untracked 
|  88|0x0000000087200000, 0x0000000087200000, 0x0000000087300000|  0%| F|  |TAMS 0x0000000087200000| PB 0x0000000087200000| Untracked 
|  89|0x0000000087300000, 0x0000000087300000, 0x0000000087400000|  0%| F|  |TAMS 0x0000000087300000| PB 0x0000000087300000| Untracked 
|  90|0x0000000087400000, 0x0000000087400000, 0x0000000087500000|  0%| F|  |TAMS 0x0000000087400000| PB 0x0000000087400000| Untracked 
|  91|0x0000000087500000, 0x0000000087500000, 0x0000000087600000|  0%| F|  |TAMS 0x0000000087500000| PB 0x0000000087500000| Untracked 
|  92|0x0000000087600000, 0x0000000087600000, 0x0000000087700000|  0%| F|  |TAMS 0x0000000087600000| PB 0x0000000087600000| Untracked 
|  93|0x0000000087700000, 0x0000000087700000, 0x0000000087800000|  0%| F|  |TAMS 0x0000000087700000| PB 0x0000000087700000| Untracked 
|  94|0x0000000087800000, 0x0000000087800000, 0x0000000087900000|  0%| F|  |TAMS 0x0000000087800000| PB 0x0000000087800000| Untracked 
|  95|0x0000000087900000, 0x0000000087900000, 0x0000000087a00000|  0%| F|  |TAMS 0x0000000087900000| PB 0x0000000087900000| Untracked 
|  96|0x0000000087a00000, 0x0000000087aa5520, 0x0000000087b00000| 64%| S|CS|TAMS 0x0000000087a00000| PB 0x0000000087a00000| Complete 
|  97|0x0000000087b00000, 0x0000000087c00000, 0x0000000087c00000|100%| S|CS|TAMS 0x0000000087b00000| PB 0x0000000087b00000| Complete 
|  98|0x0000000087c00000, 0x0000000087d00000, 0x0000000087d00000|100%| S|CS|TAMS 0x0000000087c00000| PB 0x0000000087c00000| Complete 
|  99|0x0000000087d00000, 0x0000000087d00000, 0x0000000087e00000|  0%| F|  |TAMS 0x0000000087d00000| PB 0x0000000087d00000| Untracked 
| 100|0x0000000087e00000, 0x0000000087e00000, 0x0000000087f00000|  0%| F|  |TAMS 0x0000000087e00000| PB 0x0000000087e00000| Untracked 
| 101|0x0000000087f00000, 0x0000000087f00000, 0x0000000088000000|  0%| F|  |TAMS 0x0000000087f00000| PB 0x0000000087f00000| Untracked 
| 102|0x0000000088000000, 0x0000000088000000, 0x0000000088100000|  0%| F|  |TAMS 0x0000000088000000| PB 0x0000000088000000| Untracked 
| 103|0x0000000088100000, 0x0000000088100000, 0x0000000088200000|  0%| F|  |TAMS 0x0000000088100000| PB 0x0000000088100000| Untracked 
| 104|0x0000000088200000, 0x0000000088200000, 0x0000000088300000|  0%| F|  |TAMS 0x0000000088200000| PB 0x0000000088200000| Untracked 
| 105|0x0000000088300000, 0x0000000088300000, 0x0000000088400000|  0%| F|  |TAMS 0x0000000088300000| PB 0x0000000088300000| Untracked 
| 106|0x0000000088400000, 0x0000000088400000, 0x0000000088500000|  0%| F|  |TAMS 0x0000000088400000| PB 0x0000000088400000| Untracked 
| 107|0x0000000088500000, 0x0000000088500000, 0x0000000088600000|  0%| F|  |TAMS 0x0000000088500000| PB 0x0000000088500000| Untracked 
| 108|0x0000000088600000, 0x0000000088600000, 0x0000000088700000|  0%| F|  |TAMS 0x0000000088600000| PB 0x0000000088600000| Untracked 
| 109|0x0000000088700000, 0x0000000088700000, 0x0000000088800000|  0%| F|  |TAMS 0x0000000088700000| PB 0x0000000088700000| Untracked 
| 110|0x0000000088800000, 0x0000000088800000, 0x0000000088900000|  0%| F|  |TAMS 0x0000000088800000| PB 0x0000000088800000| Untracked 
| 111|0x0000000088900000, 0x0000000088900000, 0x0000000088a00000|  0%| F|  |TAMS 0x0000000088900000| PB 0x0000000088900000| Untracked 
| 112|0x0000000088a00000, 0x0000000088a00000, 0x0000000088b00000|  0%| F|  |TAMS 0x0000000088a00000| PB 0x0000000088a00000| Untracked 
| 113|0x0000000088b00000, 0x0000000088b00000, 0x0000000088c00000|  0%| F|  |TAMS 0x0000000088b00000| PB 0x0000000088b00000| Untracked 
| 114|0x0000000088c00000, 0x0000000088c00000, 0x0000000088d00000|  0%| F|  |TAMS 0x0000000088c00000| PB 0x0000000088c00000| Untracked 
| 115|0x0000000088d00000, 0x0000000088d00000, 0x0000000088e00000|  0%| F|  |TAMS 0x0000000088d00000| PB 0x0000000088d00000| Untracked 
| 116|0x0000000088e00000, 0x0000000088eebe78, 0x0000000088f00000| 92%| E|  |TAMS 0x0000000088e00000| PB 0x0000000088e00000| Complete 
| 117|0x0000000088f00000, 0x0000000089000000, 0x0000000089000000|100%| E|CS|TAMS 0x0000000088f00000| PB 0x0000000088f00000| Complete 
| 118|0x0000000089000000, 0x0000000089100000, 0x0000000089100000|100%| E|CS|TAMS 0x0000000089000000| PB 0x0000000089000000| Complete 
| 119|0x0000000089100000, 0x0000000089200000, 0x0000000089200000|100%| E|CS|TAMS 0x0000000089100000| PB 0x0000000089100000| Complete 
| 120|0x0000000089200000, 0x0000000089300000, 0x0000000089300000|100%| E|CS|TAMS 0x0000000089200000| PB 0x0000000089200000| Complete 
| 121|0x0000000089300000, 0x0000000089400000, 0x0000000089400000|100%| E|CS|TAMS 0x0000000089300000| PB 0x0000000089300000| Complete 
| 122|0x0000000089400000, 0x0000000089500000, 0x0000000089500000|100%| E|CS|TAMS 0x0000000089400000| PB 0x0000000089400000| Complete 
| 123|0x0000000089500000, 0x0000000089600000, 0x0000000089600000|100%| E|  |TAMS 0x0000000089500000| PB 0x0000000089500000| Complete 
| 124|0x0000000089600000, 0x0000000089700000, 0x0000000089700000|100%| E|CS|TAMS 0x0000000089600000| PB 0x0000000089600000| Complete 
| 125|0x0000000089700000, 0x0000000089800000, 0x0000000089800000|100%| E|CS|TAMS 0x0000000089700000| PB 0x0000000089700000| Complete 
| 126|0x0000000089800000, 0x0000000089900000, 0x0000000089900000|100%| E|CS|TAMS 0x0000000089800000| PB 0x0000000089800000| Complete 
| 127|0x0000000089900000, 0x0000000089a00000, 0x0000000089a00000|100%| E|CS|TAMS 0x0000000089900000| PB 0x0000000089900000| Complete 

Card table byte_map: [0x000002f1a03e0000,0x000002f1a07e0000] _byte_map_base: 0x000002f19ffd3000

Marking Bits: (CMBitMap*) 0x000002f188c1e710
 Bits: [0x000002f1a07e0000, 0x000002f1a2778000)

Polling page: 0x000002f186b10000

Metaspace:

Usage:
  Non-class:     12.73 MB used.
      Class:      1.88 MB used.
       Both:     14.61 MB used.

Virtual space:
  Non-class space:       64.00 MB reserved,      12.88 MB ( 20%) committed,  1 nodes.
      Class space:        1.00 GB reserved,       2.00 MB ( <1%) committed,  1 nodes.
             Both:        1.06 GB reserved,      14.88 MB (  1%) committed. 

Chunk freelists:
   Non-Class:  2.72 MB
       Class:  13.97 MB
        Both:  16.67 MB

MaxMetaspaceSize: unlimited
CompressedClassSpaceSize: 1.00 GB
Initial GC threshold: 21.00 MB
Current GC threshold: 21.00 MB
CDS: on
 - commit_granule_bytes: 65536.
 - commit_granule_words: 8192.
 - virtual_space_node_default_size: 8388608.
 - enlarge_chunks_in_place: 1.
 - use_allocation_guard: 0.


Internal statistics:

num_allocs_failed_limit: 0.
num_arena_births: 288.
num_arena_deaths: 0.
num_vsnodes_births: 2.
num_vsnodes_deaths: 0.
num_space_committed: 238.
num_space_uncommitted: 0.
num_chunks_returned_to_freelist: 0.
num_chunks_taken_from_freelist: 825.
num_chunk_merges: 0.
num_chunk_splits: 506.
num_chunks_enlarged: 333.
num_inconsistent_stats: 0.

CodeHeap 'non-profiled nmethods': size=120000Kb used=931Kb max_used=931Kb free=119069Kb
 bounds [0x000002f198ab0000, 0x000002f198d20000, 0x000002f19ffe0000]
CodeHeap 'profiled nmethods': size=120000Kb used=4471Kb max_used=4471Kb free=115528Kb
 bounds [0x000002f190fe0000, 0x000002f191440000, 0x000002f198510000]
CodeHeap 'non-nmethods': size=5760Kb used=1409Kb max_used=1473Kb free=4350Kb
 bounds [0x000002f198510000, 0x000002f198780000, 0x000002f198ab0000]
 total_blobs=2813 nmethods=2312 adapters=405
 compilation: enabled
              stopped_count=0, restarted_count=0
 full_count=0

Compilation events (20 events):
Event: 4.750 Thread 0x000002f1a4c99320 nmethod 2270 0x000002f198b93c90 code [0x000002f198b93e20, 0x000002f198b93fd0]
Event: 4.751 Thread 0x000002f1a4c99320 2256       4       org.springframework.core.env.PropertiesPropertySource$$Lambda/0x000002f1a61a7030::test (5 bytes)
Event: 4.751 Thread 0x000002f1a4c99320 nmethod 2256 0x000002f198b94110 code [0x000002f198b942a0, 0x000002f198b94368]
Event: 4.755 Thread 0x000002f1a4c9d9f0 2274       3       ch.qos.logback.core.subst.Tokenizer::handleLiteralState (141 bytes)
Event: 4.756 Thread 0x000002f1a4c9d9f0 nmethod 2274 0x000002f191422e90 code [0x000002f191423140, 0x000002f191423aa0]
Event: 4.763 Thread 0x000002f1a4c99320 2275       4       java.lang.String::startsWith (123 bytes)
Event: 4.766 Thread 0x000002f1a4c9d9f0 2276       3       ch.qos.logback.core.subst.Parser::peekAtCurentToken (35 bytes)
Event: 4.766 Thread 0x000002f1a4c9d9f0 nmethod 2276 0x000002f191423e10 code [0x000002f191423fe0, 0x000002f1914243f8]
Event: 4.766 Thread 0x000002f1a4c9d9f0 2278       3       java.lang.ProcessEnvironment$NameComparator::compare (90 bytes)
Event: 4.768 Thread 0x000002f1a4c9d9f0 nmethod 2278 0x000002f191424510 code [0x000002f191424820, 0x000002f191425aa8]
Event: 4.768 Thread 0x000002f1a4c9d9f0 2277       3       java.lang.ProcessEnvironment$NameComparator::compare (13 bytes)
Event: 4.768 Thread 0x000002f1a4c9d9f0 nmethod 2277 0x000002f191426290 code [0x000002f191426440, 0x000002f191426760]
Event: 4.768 Thread 0x000002f1a4c9d9f0 2279       3       java.util.logging.LogManager::getProperty (9 bytes)
Event: 4.768 Thread 0x000002f1a4c9d9f0 nmethod 2279 0x000002f191426810 code [0x000002f1914269c0, 0x000002f191426b98]
Event: 4.769 Thread 0x000002f1a4c9d9f0 2280       3       java.util.Properties::getProperty (50 bytes)
Event: 4.769 Thread 0x000002f1a4c9d9f0 nmethod 2280 0x000002f191426c90 code [0x000002f191426e60, 0x000002f191427368]
Event: 4.769 Thread 0x000002f1a4c99320 nmethod 2275 0x000002f198b94490 code [0x000002f198b94640, 0x000002f198b94970]
Event: 4.785 Thread 0x000002f1a4c99320 2281       4       java.lang.String::<init> (74 bytes)
Event: 4.790 Thread 0x000002f1a4c99320 nmethod 2281 0x000002f198b94b90 code [0x000002f198b94d40, 0x000002f198b951d0]
Event: 4.791 Thread 0x000002f1a4c99320 2282       4       sun.net.util.IPAddressUtil::checkHostString (64 bytes)

GC Heap History (6 events):
Event: 1.237 GC heap before
{Heap before GC invocations=0 (full 0):
 garbage-first heap   total 131072K, used 13312K [0x0000000081a00000, 0x0000000100000000)
  region size 1024K, 13 young (13312K), 0 survivors (0K)
 Metaspace       used 2221K, committed 2496K, reserved 1114112K
  class space    used 185K, committed 320K, reserved 1048576K
}
Event: 1.258 GC heap after
{Heap after GC invocations=1 (full 0):
 garbage-first heap   total 131072K, used 8191K [0x0000000081a00000, 0x0000000100000000)
  region size 1024K, 2 young (2048K), 2 survivors (2048K)
 Metaspace       used 2221K, committed 2496K, reserved 1114112K
  class space    used 185K, committed 320K, reserved 1048576K
}
Event: 1.933 GC heap before
{Heap before GC invocations=1 (full 0):
 garbage-first heap   total 131072K, used 16383K [0x0000000081a00000, 0x0000000100000000)
  region size 1024K, 10 young (10240K), 2 survivors (2048K)
 Metaspace       used 4273K, committed 4416K, reserved 1114112K
  class space    used 485K, committed 576K, reserved 1048576K
}
Event: 1.938 GC heap after
{Heap after GC invocations=2 (full 0):
 garbage-first heap   total 131072K, used 9157K [0x0000000081a00000, 0x0000000100000000)
  region size 1024K, 1 young (1024K), 1 survivors (1024K)
 Metaspace       used 4273K, committed 4416K, reserved 1114112K
  class space    used 485K, committed 576K, reserved 1048576K
}
Event: 4.123 GC heap before
{Heap before GC invocations=2 (full 0):
 garbage-first heap   total 131072K, used 37829K [0x0000000081a00000, 0x0000000100000000)
  region size 1024K, 29 young (29696K), 1 survivors (1024K)
 Metaspace       used 12194K, committed 12416K, reserved 1114112K
  class space    used 1542K, committed 1664K, reserved 1048576K
}
Event: 4.138 GC heap after
{Heap after GC invocations=3 (full 0):
 garbage-first heap   total 131072K, used 11161K [0x0000000081a00000, 0x0000000100000000)
  region size 1024K, 3 young (3072K), 3 survivors (3072K)
 Metaspace       used 12194K, committed 12416K, reserved 1114112K
  class space    used 1542K, committed 1664K, reserved 1048576K
}

Dll operation events (10 events):
Event: 0.040 Loaded shared library C:\Program Files\Java\jdk-21\bin\java.dll
Event: 0.223 Loaded shared library C:\Program Files\Java\jdk-21\bin\jsvml.dll
Event: 0.612 Loaded shared library C:\Program Files\Java\jdk-21\bin\zip.dll
Event: 0.620 Loaded shared library C:\Program Files\Java\jdk-21\bin\instrument.dll
Event: 0.630 Loaded shared library C:\Program Files\Java\jdk-21\bin\net.dll
Event: 0.634 Loaded shared library C:\Program Files\Java\jdk-21\bin\nio.dll
Event: 0.640 Loaded shared library C:\Program Files\Java\jdk-21\bin\zip.dll
Event: 0.685 Loaded shared library C:\Users\DELL\Desktop\IntelliJ IDEA 2024.2\bin\breakgen64.dll
Event: 0.745 Loaded shared library C:\Program Files\Java\jdk-21\bin\extnet.dll
Event: 1.111 Loaded shared library C:\Program Files\Java\jdk-21\bin\jimage.dll

Deoptimization events (20 events):
Event: 4.438 Thread 0x000002f186944be0 Uncommon trap: trap_request=0xffffff45 fr.pc=0x000002f198ac6068 relative=0x0000000000000048
Event: 4.438 Thread 0x000002f186944be0 Uncommon trap: reason=unstable_if action=reinterpret pc=0x000002f198ac6068 method=java.lang.StringLatin1.canEncode(I)Z @ 4 c2
Event: 4.438 Thread 0x000002f186944be0 DEOPT PACKING pc=0x000002f198ac6068 sp=0x000000f265ffa450
Event: 4.438 Thread 0x000002f186944be0 DEOPT UNPACKING pc=0x000002f1985646a2 sp=0x000000f265ffa3e0 mode 2
Event: 4.438 Thread 0x000002f186944be0 Uncommon trap: trap_request=0xffffff45 fr.pc=0x000002f198afd56c relative=0x000000000000050c
Event: 4.438 Thread 0x000002f186944be0 Uncommon trap: reason=unstable_if action=reinterpret pc=0x000002f198afd56c method=java.lang.AbstractStringBuilder.isLatin1()Z @ 10 c2
Event: 4.438 Thread 0x000002f186944be0 DEOPT PACKING pc=0x000002f198afd56c sp=0x000000f265ffa550
Event: 4.438 Thread 0x000002f186944be0 DEOPT UNPACKING pc=0x000002f1985646a2 sp=0x000000f265ffa4a0 mode 2
Event: 4.450 Thread 0x000002f186944be0 Uncommon trap: trap_request=0xffffffde fr.pc=0x000002f198adfd1c relative=0x000000000000033c
Event: 4.450 Thread 0x000002f186944be0 Uncommon trap: reason=class_check action=maybe_recompile pc=0x000002f198adfd1c method=java.util.regex.Pattern$BmpCharPropertyGreedy.match(Ljava/util/regex/Matcher;ILjava/lang/CharSequence;)Z @ 26 c2
Event: 4.450 Thread 0x000002f186944be0 DEOPT PACKING pc=0x000002f198adfd1c sp=0x000000f265ffab90
Event: 4.450 Thread 0x000002f186944be0 DEOPT UNPACKING pc=0x000002f1985646a2 sp=0x000000f265ffab28 mode 2
Event: 4.594 Thread 0x000002f186944be0 Uncommon trap: trap_request=0xffffffde fr.pc=0x000002f198b3129c relative=0x000000000000033c
Event: 4.594 Thread 0x000002f186944be0 Uncommon trap: reason=class_check action=maybe_recompile pc=0x000002f198b3129c method=java.util.HashMap.getNode(Ljava/lang/Object;)Ljava/util/HashMap$Node; @ 128 c2
Event: 4.594 Thread 0x000002f186944be0 DEOPT PACKING pc=0x000002f198b3129c sp=0x000000f265ffbad0
Event: 4.594 Thread 0x000002f186944be0 DEOPT UNPACKING pc=0x000002f1985646a2 sp=0x000000f265ffba38 mode 2
Event: 4.705 Thread 0x000002f186944be0 Uncommon trap: trap_request=0xffffff54 fr.pc=0x000002f198b7b8dc relative=0x00000000000015fc
Event: 4.705 Thread 0x000002f186944be0 Uncommon trap: reason=speculate_null_assert action=make_not_entrant pc=0x000002f198b7b8dc method=java.util.jar.JarFile.getVersionedEntry(Ljava/lang/String;Ljava/util/jar/JarEntry;)Ljava/util/jar/JarEntry; @ 115 c2
Event: 4.705 Thread 0x000002f186944be0 DEOPT PACKING pc=0x000002f198b7b8dc sp=0x000000f265ffa8a0
Event: 4.705 Thread 0x000002f186944be0 DEOPT UNPACKING pc=0x000002f1985646a2 sp=0x000000f265ffa898 mode 2

Classes loaded (20 events):
Event: 4.706 Loading class java/util/concurrent/ScheduledExecutorService
Event: 4.706 Loading class java/util/concurrent/ScheduledExecutorService done
Event: 4.713 Loading class java/lang/ThreadBuilders$VirtualThreadBuilder
Event: 4.714 Loading class java/lang/Thread$Builder$OfVirtual
Event: 4.714 Loading class java/lang/Thread$Builder
Event: 4.714 Loading class java/lang/Thread$Builder done
Event: 4.714 Loading class java/lang/Thread$Builder$OfVirtual done
Event: 4.714 Loading class java/lang/ThreadBuilders$BaseThreadBuilder
Event: 4.715 Loading class java/lang/ThreadBuilders$BaseThreadBuilder done
Event: 4.715 Loading class java/lang/ThreadBuilders$VirtualThreadBuilder done
Event: 4.715 Loading class java/lang/ThreadBuilders
Event: 4.715 Loading class java/lang/ThreadBuilders done
Event: 4.715 Loading class java/lang/ThreadBuilders$VirtualThreadFactory
Event: 4.715 Loading class java/lang/ThreadBuilders$BaseThreadFactory
Event: 4.716 Loading class java/lang/ThreadBuilders$BaseThreadFactory done
Event: 4.716 Loading class java/lang/ThreadBuilders$VirtualThreadFactory done
Event: 4.761 Loading class java/util/Stack
Event: 4.761 Loading class java/util/Stack done
Event: 4.764 Loading class java/util/Vector$Itr
Event: 4.764 Loading class java/util/Vector$Itr done

Classes unloaded (0 events):
No events

Classes redefined (0 events):
No events

Internal exceptions (20 events):
Event: 3.541 Thread 0x000002f186944be0 Exception <a 'java/lang/NoSuchMethodError'{0x000000008846fc78}: 'java.lang.Object java.lang.invoke.DirectMethodHandle$Holder.newInvokeSpecial(java.lang.Object, java.lang.Object, java.lang.Object, java.lang.Object, java.lang.Object, java.lang.Object, java.lang.Object)'> (0x000000008846fc78) 
thrown [s\open\src\hotspot\share\interpreter\linkResolver.cpp, line 773]
Event: 3.632 Thread 0x000002f186944be0 Exception <a 'java/lang/NoSuchMethodError'{0x00000000883f7da8}: 'java.lang.Object java.lang.invoke.DirectMethodHandle$Holder.invokeInterface(java.lang.Object, java.lang.Object, java.lang.Object, java.lang.Object)'> (0x00000000883f7da8) 
thrown [s\open\src\hotspot\share\interpreter\linkResolver.cpp, line 773]
Event: 3.638 Thread 0x000002f186944be0 Exception <a 'java/lang/NoSuchMethodError'{0x000000008820ecd8}: 'java.lang.Object java.lang.invoke.DirectMethodHandle$Holder.newInvokeSpecial(java.lang.Object, java.lang.Object, java.lang.Object, java.lang.Object, int)'> (0x000000008820ecd8) 
thrown [s\open\src\hotspot\share\interpreter\linkResolver.cpp, line 773]
Event: 3.638 Thread 0x000002f186944be0 Exception <a 'java/lang/NoSuchMethodError'{0x0000000088213220}: 'java.lang.Object java.lang.invoke.DirectMethodHandle$Holder.invokeSpecial(java.lang.Object, java.lang.Object, java.lang.Object, java.lang.Object, java.lang.Object, int)'> (0x0000000088213220) 
thrown [s\open\src\hotspot\share\interpreter\linkResolver.cpp, line 773]
Event: 3.639 Thread 0x000002f186944be0 Exception <a 'java/lang/NoSuchMethodError'{0x0000000088216f40}: 'java.lang.Object java.lang.invoke.Invokers$Holder.linkToTargetMethod(java.lang.Object, java.lang.Object, java.lang.Object, int, java.lang.Object)'> (0x0000000088216f40) 
thrown [s\open\src\hotspot\share\interpreter\linkResolver.cpp, line 773]
Event: 3.654 Thread 0x000002f186944be0 Exception <a 'java/lang/NoSuchMethodError'{0x0000000088248258}: 'java.lang.Object java.lang.invoke.DirectMethodHandle$Holder.invokeInterface(java.lang.Object, java.lang.Object, java.lang.Object, java.lang.Object, java.lang.Object)'> (0x0000000088248258) 
thrown [s\open\src\hotspot\share\interpreter\linkResolver.cpp, line 773]
Event: 3.655 Thread 0x000002f186944be0 Exception <a 'java/lang/IncompatibleClassChangeError'{0x000000008824bd80}: Found class java.lang.Object, but interface was expected> (0x000000008824bd80) 
thrown [s\open\src\hotspot\share\interpreter\linkResolver.cpp, line 840]
Event: 3.923 Thread 0x000002f186944be0 Exception <a 'java/lang/IncompatibleClassChangeError'{0x0000000087fcade0}: Found class java.lang.Object, but interface was expected> (0x0000000087fcade0) 
thrown [s\open\src\hotspot\share\interpreter\linkResolver.cpp, line 840]
Event: 3.959 Thread 0x000002f186944be0 Exception <a 'sun/nio/fs/WindowsException'{0x0000000087e15e28}> (0x0000000087e15e28) 
thrown [s\open\src\hotspot\share\prims\jni.cpp, line 520]
Event: 4.121 Thread 0x000002f186944be0 Exception <a 'java/lang/NoSuchMethodError'{0x0000000087df1958}: 'java.lang.Object java.lang.invoke.DirectMethodHandle$Holder.invokeSpecial(java.lang.Object, java.lang.Object, java.lang.Object, java.lang.Object, java.lang.Object, java.lang.Object, int)'> (0x0000000087df1958) 
thrown [s\open\src\hotspot\share\interpreter\linkResolver.cpp, line 773]
Event: 4.122 Thread 0x000002f186944be0 Exception <a 'java/lang/NoSuchMethodError'{0x0000000087dfb3c0}: 'java.lang.Object java.lang.invoke.DirectMethodHandle$Holder.newInvokeSpecial(java.lang.Object, java.lang.Object, java.lang.Object, java.lang.Object, java.lang.Object, java.lang.Object, int)'> (0x0000000087dfb3c0) 
thrown [s\open\src\hotspot\share\interpreter\linkResolver.cpp, line 773]
Event: 4.139 Thread 0x000002f186944be0 Exception <a 'java/lang/NoSuchMethodError'{0x0000000089900128}: 'java.lang.Object java.lang.invoke.DirectMethodHandle$Holder.invokeSpecial(java.lang.Object, java.lang.Object, java.lang.Object, java.lang.Object, java.lang.Object, java.lang.Object, java.lang.Object, int)'> (0x0000000089900128) 
thrown [s\open\src\hotspot\share\interpreter\linkResolver.cpp, line 773]
Event: 4.228 Thread 0x000002f186944be0 Exception <a 'java/lang/NoSuchMethodError'{0x00000000898bc240}: 'void java.lang.invoke.DirectMethodHandle$Holder.invokeStatic(java.lang.Object, java.lang.Object, java.lang.Object, java.lang.Object, java.lang.Object, java.lang.Object)'> (0x00000000898bc240) 
thrown [s\open\src\hotspot\share\interpreter\linkResolver.cpp, line 773]
Event: 4.504 Thread 0x000002f186944be0 Exception <a 'java/lang/NoSuchMethodError'{0x0000000089439328}: 'java.lang.Object java.lang.invoke.DirectMethodHandle$Holder.invokeSpecial(java.lang.Object, java.lang.Object, java.lang.Object, int, java.lang.Object)'> (0x0000000089439328) 
thrown [s\open\src\hotspot\share\interpreter\linkResolver.cpp, line 773]
Event: 4.505 Thread 0x000002f186944be0 Exception <a 'java/lang/NoSuchMethodError'{0x0000000089440c48}: 'java.lang.Object java.lang.invoke.DirectMethodHandle$Holder.newInvokeSpecial(java.lang.Object, java.lang.Object, java.lang.Object, int, java.lang.Object)'> (0x0000000089440c48) 
thrown [s\open\src\hotspot\share\interpreter\linkResolver.cpp, line 773]
Event: 4.506 Thread 0x000002f186944be0 Exception <a 'java/lang/NoSuchMethodError'{0x0000000089448290}: 'java.lang.Object java.lang.invoke.Invokers$Holder.linkToTargetMethod(java.lang.Object, java.lang.Object, int, java.lang.Object, java.lang.Object)'> (0x0000000089448290) 
thrown [s\open\src\hotspot\share\interpreter\linkResolver.cpp, line 773]
Event: 4.509 Thread 0x000002f186944be0 Exception <a 'java/lang/NoSuchMethodError'{0x0000000089456a08}: 'java.lang.Object java.lang.invoke.DirectMethodHandle$Holder.newInvokeSpecial(java.lang.Object, int, java.lang.Object)'> (0x0000000089456a08) 
thrown [s\open\src\hotspot\share\interpreter\linkResolver.cpp, line 773]
Event: 4.639 Thread 0x000002f186944be0 Exception <a 'java/lang/NoSuchMethodError'{0x0000000089201448}: 'java.lang.Object java.lang.invoke.DirectMethodHandle$Holder.invokeStatic(java.lang.Object, long, java.lang.Object)'> (0x0000000089201448) 
thrown [s\open\src\hotspot\share\interpreter\linkResolver.cpp, line 773]
Event: 4.639 Thread 0x000002f186944be0 Exception <a 'java/lang/NoSuchMethodError'{0x0000000089205000}: 'java.lang.Object java.lang.invoke.DirectMethodHandle$Holder.invokeStaticInit(java.lang.Object, long, java.lang.Object)'> (0x0000000089205000) 
thrown [s\open\src\hotspot\share\interpreter\linkResolver.cpp, line 773]
Event: 4.641 Thread 0x000002f186944be0 Exception <a 'java/lang/NoSuchMethodError'{0x000000008920ad00}: 'java.lang.Object java.lang.invoke.DirectMethodHandle$Holder.newInvokeSpecial(java.lang.Object, long)'> (0x000000008920ad00) 
thrown [s\open\src\hotspot\share\interpreter\linkResolver.cpp, line 773]

ZGC Phase Switch (0 events):
No events

VM Operations (20 events):
Event: 2.567 Executing VM operation: HandshakeAllThreads (Deoptimize)
Event: 2.567 Executing VM operation: HandshakeAllThreads (Deoptimize) done
Event: 2.567 Executing VM operation: HandshakeAllThreads (Deoptimize)
Event: 2.567 Executing VM operation: HandshakeAllThreads (Deoptimize) done
Event: 2.750 Executing VM operation: HandshakeAllThreads (Deoptimize)
Event: 2.750 Executing VM operation: HandshakeAllThreads (Deoptimize) done
Event: 2.954 Executing VM operation: HandshakeAllThreads (Deoptimize)
Event: 2.954 Executing VM operation: HandshakeAllThreads (Deoptimize) done
Event: 2.954 Executing VM operation: Cleanup
Event: 2.954 Executing VM operation: Cleanup done
Event: 3.268 Executing VM operation: HandshakeAllThreads (Deoptimize)
Event: 3.268 Executing VM operation: HandshakeAllThreads (Deoptimize) done
Event: 3.662 Executing VM operation: HandshakeAllThreads (Deoptimize)
Event: 3.662 Executing VM operation: HandshakeAllThreads (Deoptimize) done
Event: 4.123 Executing VM operation: G1CollectForAllocation (G1 Evacuation Pause)
Event: 4.138 Executing VM operation: G1CollectForAllocation (G1 Evacuation Pause) done
Event: 4.251 Executing VM operation: HandshakeAllThreads (Deoptimize)
Event: 4.251 Executing VM operation: HandshakeAllThreads (Deoptimize) done
Event: 4.463 Executing VM operation: HandshakeAllThreads (Deoptimize)
Event: 4.463 Executing VM operation: HandshakeAllThreads (Deoptimize) done

Events (15 events):
Event: 0.108 Thread 0x000002f186944be0 Thread added: 0x000002f186944be0
Event: 0.191 Thread 0x000002f1a4c8efa0 Thread added: 0x000002f1a4c8efa0
Event: 0.193 Thread 0x000002f1a4c8fad0 Thread added: 0x000002f1a4c8fad0
Event: 0.194 Thread 0x000002f1a4c90600 Thread added: 0x000002f1a4c90600
Event: 0.194 Thread 0x000002f1a4c93c90 Thread added: 0x000002f1a4c93c90
Event: 0.194 Thread 0x000002f1a4c94300 Thread added: 0x000002f1a4c94300
Event: 0.194 Thread 0x000002f1a4c98980 Thread added: 0x000002f1a4c98980
Event: 0.196 Thread 0x000002f1a4c99320 Thread added: 0x000002f1a4c99320
Event: 0.219 Thread 0x000002f1a4c9d9f0 Thread added: 0x000002f1a4c9d9f0
Event: 0.535 Thread 0x000002f1a4c5b8e0 Thread added: 0x000002f1a4c5b8e0
Event: 0.686 Thread 0x000002f1ea235060 Thread added: 0x000002f1ea235060
Event: 0.686 Thread 0x000002f1ea24ff50 Thread added: 0x000002f1ea24ff50
Event: 1.142 Thread 0x000002f1ea3b0040 Thread added: 0x000002f1ea3b0040
Event: 2.946 Thread 0x000002f1ea3b0040 Thread exited: 0x000002f1ea3b0040
Event: 3.863 Thread 0x000002f1eb360bb0 Thread added: 0x000002f1eb360bb0


Dynamic libraries:
0x00007ff715910000 - 0x00007ff715920000 	C:\Program Files\Java\jdk-21\bin\java.exe
0x00007ffb20eb0000 - 0x00007ffb210c7000 	C:\Windows\SYSTEM32\ntdll.dll
0x00007ffb1efe0000 - 0x00007ffb1f0a4000 	C:\Windows\System32\KERNEL32.DLL
0x00007ffb1e4c0000 - 0x00007ffb1e877000 	C:\Windows\System32\KERNELBASE.dll
0x00007ffb1e2e0000 - 0x00007ffb1e3f1000 	C:\Windows\System32\ucrtbase.dll
0x00007ffb17600000 - 0x00007ffb17619000 	C:\Program Files\Java\jdk-21\bin\jli.dll
0x00007ffb203d0000 - 0x00007ffb20482000 	C:\Windows\System32\ADVAPI32.dll
0x00007ffb20dc0000 - 0x00007ffb20e67000 	C:\Windows\System32\msvcrt.dll
0x00007ffb20780000 - 0x00007ffb20828000 	C:\Windows\System32\sechost.dll
0x00007ffb0e8b0000 - 0x00007ffb0e8cb000 	C:\Program Files\Java\jdk-21\bin\VCRUNTIME140.dll
0x00007ffb1e880000 - 0x00007ffb1e8a8000 	C:\Windows\System32\bcrypt.dll
0x00007ffb20020000 - 0x00007ffb20134000 	C:\Windows\System32\RPCRT4.dll
0x00007ffb1edf0000 - 0x00007ffb1ef9f000 	C:\Windows\System32\USER32.dll
0x00007ffb1e2b0000 - 0x00007ffb1e2d6000 	C:\Windows\System32\win32u.dll
0x00007ffb1fbc0000 - 0x00007ffb1fbe9000 	C:\Windows\System32\GDI32.dll
0x00007ffb1e8b0000 - 0x00007ffb1e9c8000 	C:\Windows\System32\gdi32full.dll
0x00007ffb0a2b0000 - 0x00007ffb0a543000 	C:\Windows\WinSxS\amd64_microsoft.windows.common-controls_6595b64144ccf1df_6.0.22621.3672_none_2713b9d173822955\COMCTL32.dll
0x00007ffb1e9d0000 - 0x00007ffb1ea6a000 	C:\Windows\System32\msvcp_win.dll
0x00007ffb1dd30000 - 0x00007ffb1dd3a000 	C:\Windows\SYSTEM32\VERSION.dll
0x00007ffb1efa0000 - 0x00007ffb1efd1000 	C:\Windows\System32\IMM32.DLL
0x000000006d500000 - 0x000000006d50c000 	C:\Program Files (x86)\360\Total Security\safemon\SafeWrapper.dll
0x00007ffae5940000 - 0x00007ffae59ec000 	C:\Program Files (x86)\360\Total Security\safemon\libzdtp64.dll
0x00007ffb1f320000 - 0x00007ffb1fb89000 	C:\Windows\System32\SHELL32.dll
0x00007ffb20d60000 - 0x00007ffb20dbe000 	C:\Windows\System32\SHLWAPI.dll
0x00007ffb0b760000 - 0x00007ffb0b76c000 	C:\Program Files\Java\jdk-21\bin\vcruntime140_1.dll
0x00007ffb0b6d0000 - 0x00007ffb0b75e000 	C:\Program Files\Java\jdk-21\bin\msvcp140.dll
0x00007ffa745f0000 - 0x00007ffa75305000 	C:\Program Files\Java\jdk-21\bin\server\jvm.dll
0x00007ffb20140000 - 0x00007ffb201b1000 	C:\Windows\System32\WS2_32.dll
0x00007ffb1e090000 - 0x00007ffb1e0dd000 	C:\Windows\SYSTEM32\POWRPROF.dll
0x00007ffb14a30000 - 0x00007ffb14a64000 	C:\Windows\SYSTEM32\WINMM.dll
0x00007ffb1df70000 - 0x00007ffb1df83000 	C:\Windows\SYSTEM32\UMPDC.dll
0x00007ffb1d160000 - 0x00007ffb1d178000 	C:\Windows\SYSTEM32\kernel.appcore.dll
0x00007ffb0b6c0000 - 0x00007ffb0b6ca000 	C:\Program Files\Java\jdk-21\bin\jimage.dll
0x00007ffb1baa0000 - 0x00007ffb1bcd2000 	C:\Windows\SYSTEM32\DBGHELP.DLL
0x00007ffb1fc00000 - 0x00007ffb1ff8e000 	C:\Windows\System32\combase.dll
0x00007ffb20680000 - 0x00007ffb20757000 	C:\Windows\System32\OLEAUT32.dll
0x00007ffb08900000 - 0x00007ffb08932000 	C:\Windows\SYSTEM32\dbgcore.DLL
0x00007ffb1e230000 - 0x00007ffb1e2ab000 	C:\Windows\System32\bcryptPrimitives.dll
0x00007ffb0b6b0000 - 0x00007ffb0b6bf000 	C:\Program Files\Java\jdk-21\bin\instrument.dll
0x00007ffb0b690000 - 0x00007ffb0b6af000 	C:\Program Files\Java\jdk-21\bin\java.dll
0x00007ffb1c070000 - 0x00007ffb1c96f000 	C:\Windows\SYSTEM32\windows.storage.dll
0x00007ffb1bf30000 - 0x00007ffb1c06f000 	C:\Windows\SYSTEM32\wintypes.dll
0x00007ffb201c0000 - 0x00007ffb202b9000 	C:\Windows\System32\SHCORE.dll
0x00007ffb1e0f0000 - 0x00007ffb1e117000 	C:\Windows\SYSTEM32\profapi.dll
0x00007ffaea700000 - 0x00007ffaea7d7000 	C:\Program Files\Java\jdk-21\bin\jsvml.dll
0x00007ffb0b670000 - 0x00007ffb0b688000 	C:\Program Files\Java\jdk-21\bin\zip.dll
0x00007ffb0b660000 - 0x00007ffb0b670000 	C:\Program Files\Java\jdk-21\bin\net.dll
0x00007ffb14650000 - 0x00007ffb14786000 	C:\Windows\SYSTEM32\WINHTTP.dll
0x00007ffb1d5c0000 - 0x00007ffb1d629000 	C:\Windows\system32\mswsock.dll
0x00007ffb0b640000 - 0x00007ffb0b656000 	C:\Program Files\Java\jdk-21\bin\nio.dll
0x00007ffb0b620000 - 0x00007ffb0b63a000 	C:\Users\DELL\Desktop\IntelliJ IDEA 2024.2\bin\breakgen64.dll
0x00007ffb0b610000 - 0x00007ffb0b617000 	C:\Program Files\Java\jdk-21\bin\extnet.dll

dbghelp: loaded successfully - version: 4.0.5 - missing functions: none
symbol engine: initialized successfully - sym options: 0x614 - pdb path: .;C:\Program Files\Java\jdk-21\bin;C:\Windows\SYSTEM32;C:\Windows\WinSxS\amd64_microsoft.windows.common-controls_6595b64144ccf1df_6.0.22621.3672_none_2713b9d173822955;C:\Program Files (x86)\360\Total Security\safemon;C:\Program Files\Java\jdk-21\bin\server;C:\Users\DELL\Desktop\IntelliJ IDEA 2024.2\bin

VM Arguments:
jvm_args: -ea -Didea.test.cyclic.buffer.size=1048576 -javaagent:C:\Users\DELL\Desktop\IntelliJ IDEA 2024.2\lib\idea_rt.jar=50494:C:\Users\DELL\Desktop\IntelliJ IDEA 2024.2\bin -Dfile.encoding=UTF-8 -Dsun.stdout.encoding=UTF-8 -Dsun.stderr.encoding=UTF-8 
java_command: com.intellij.rt.junit.JUnitStarter -ideVersion5 -junit5 africa.semicolon.wallet.walletService.WalletServiceTest,testThatFundsCanBeDepositedToTheWallet
java_class_path (initial): C:\Users\DELL\.m2\repository\org\junit\platform\junit-platform-launcher\1.10.3\junit-platform-launcher-1.10.3.jar;C:\Users\DELL\Desktop\IntelliJ IDEA 2024.2\lib\idea_rt.jar;C:\Users\DELL\Desktop\IntelliJ IDEA 2024.2\plugins\junit\lib\junit5-rt.jar;C:\Users\DELL\Desktop\IntelliJ IDEA 2024.2\plugins\junit\lib\junit-rt.jar;C:\Users\DELL\Documents\Wallet\target\test-classes;C:\Users\DELL\Documents\Wallet\target\classes;C:\Users\DELL\.m2\repository\org\springframework\boot\spring-boot-starter-data-jdbc\3.3.4\spring-boot-starter-data-jdbc-3.3.4.jar;C:\Users\DELL\.m2\repository\org\springframework\boot\spring-boot-starter-jdbc\3.3.4\spring-boot-starter-jdbc-3.3.4.jar;C:\Users\DELL\.m2\repository\com\zaxxer\HikariCP\5.1.0\HikariCP-5.1.0.jar;C:\Users\DELL\.m2\repository\org\springframework\spring-jdbc\6.1.13\spring-jdbc-6.1.13.jar;C:\Users\DELL\.m2\repository\org\springframework\data\spring-data-jdbc\3.3.4\spring-data-jdbc-3.3.4.jar;C:\Users\DELL\.m2\repository\org\springframework\data\spring-data-relational\3.3.4\spring-data-relational-3.3.4.jar;C:\Users\DELL\.m2\repository\org\springframework\data\spring-data-commons\3.3.4\spring-data-commons-3.3.4.jar;C:\Users\DELL\.m2\repository\org\springframework\spring-tx\6.1.13\spring-tx-6.1.13.jar;C:\Users\DELL\.m2\repository\org\springframework\spring-context\6.1.13\spring-context-6.1.13.jar;C:\Users\DELL\.m2\repository\org\springframework\spring-beans\6.1.13\spring-beans-6.1.13.jar;C:\Users\DELL\.m2\repository\org\slf4j\slf4j-api\2.0.16\slf4j-api-2.0.16.jar;C:\Users\DELL\.m2\repository\org\springframework\boot\spring-boot-starter-data-jpa\3.3.4\spring-boot-starter-data-jpa-3.3.4.jar;C:\Users\DELL\.m2\repository\org\springframework\boot\spring-boot-starter-aop\3.3.4\spring-boot-starter-aop-3.3.4.jar;C:\Users\DELL\.m2\repository\org\springframework\spring-aop\6.1.13\spring-aop-6.1.13.jar;C:\Users\DELL\.m2\repository\org\aspectj\aspectjweaver\1.9.22.1\aspectjweaver-1.9.22.1.jar;C:\Users\DELL\.m2\repository\org\hibernate\orm\hibernate-core\6.5.3.Final\hibernate-core-6.5.3.Final.jar;C:\Users\DELL\.m2\repository\jakarta\persistence\jakarta.persistence-api\3.1.0\jakarta.persistence-api-3.1.0.jar;C:\Users\DELL\.m2\repository\jakarta\transaction\jakarta.transaction-api\2.0.1\jakarta.transaction-api-2.0.1.jar;C:\Users\DELL\.m2\repository\org\hibernate\common\hibernate-commons-annotations\6.0.6.Final\hibernate-commons-annotations-6.0.6.Final.jar;C:\Users\DELL\.m2\repository\io\smallrye\jandex\3.1.2\jandex-3.1.2.jar;C:\Users\DELL\.m2\repository\net\bytebuddy\byte-buddy\1.14.19\byte-buddy-1.14.19.jar;C:\Users\DELL\.m2\repository\org\glassfish\jaxb\jaxb-runtime\4.0.5\jaxb-runtime-4.0.5.jar;C:\Users\DELL\.m2\repository\jakarta\inject\jakarta.inject-api\2.0.1\jakarta.inject-api-2.0.1.jar;C:\Users\DELL\.m2\repository\org\antlr\antlr4-runtime\4.13.0\antlr4-runtime-4.13.0.jar;C:\Users\DELL\.m2\repository\org\springframework\data\spring-data-jpa\3.3.4\spring-data-jpa-3.3.4.jar;C:\Users\DELL\.m2\repository\org\springframework\spring-orm\6.1.13\spring-orm-6.1.13.jar;C:\Users\DELL\.m2\repository\jakarta\annotation\jakarta.annotation-api\2.1.1\jakarta.annotation-api-2.1.1.jar;C:\Users\DELL\.m2\repository\org\springframework\spring-aspects\6.1.13\spring-aspects-6.1.13.jar;C:\Users\DELL\.m2\repository\com\google\code\gson\gson\2.10.1\gson-2.10.1.jar;C:\Users\DELL\.m2\repository\org\springframework\security\spring-security-oauth2-authorization-server\1.3.2\spring-security-oauth2-authorization-server-1.3.2.jar;C:\Users\DELL\.m2\repository\org\springframework\security\spring-security-config\6.3.3\spring-security-config-6.3.3.jar;C:\Users\DELL\.m2\repository\org\springframework\security\spring-security-core\6.3.3\spring-security-core-6.3.3.jar;C:\Users\DELL\.m2\repository\org\springframework\security\spring-security-web\6.3.3\spring-security-web-6.3.3.jar;C:\Users\DELL\.m2\repository\org\springframework\spring-expression\6.1.13\spring-expression-6.1.13.jar;C:\Users\DELL\.m2\repository\org\springframework\security\spring-security-oauth2-core\6.3.3\spring-security-oauth2-core-6.3.3.jar;C:\Users\DELL\.m2\repository\org\springframework\security\spring-security-oauth2-jose\6.3.3\spring-security-oauth2-jose-6.3.3.jar;C:\Users\DELL\.m2\repository\org\springframework\security\spring-security-oauth2-resource-server\6.3.3\spring-security-oauth2-resource-server-6.3.3.jar;C:\Users\DELL\.m2\repository\org\springframework\spring-core\6.1.13\spring-core-6.1.13.jar;C:\Users\DELL\.m2\repository\org\springframework\spring-jcl\6.1.13\spring-jcl-6.1.13.jar;C:\Users\DELL\.m2\repository\com\nimbusds\nimbus-jose-jwt\9.39.3\nimbus-jose-jwt-9.39.3.jar;C:\Users\DELL\.m2\repository\com\fasterxml\jackson\core\jackson-databind\2.17.2\jackson-databind-2.17.2.jar;C:\Users\DELL\.m2\repository\com\paypal\sdk\paypal-core\1.7.2\paypal-core-1.7.2.jar;C:\Users\DELL\.m2\repository\org\keycloak\keycloak-admin-client\26.0.1\keycloak-admin-client-26.0.1.jar;C:\Users\DELL\.m2\repository\org\keycloak\keycloak-client-common-synced\26.0.1\keycloak-client-common-synced-26.0.1.jar;C:\Users\DELL\.m2\repository\org\jboss\logging\commons-logging-jboss-logging\1.0.0.Final\commons-logging-jboss-logging-1.0.0.Final.jar;C:\Users\DELL\.m2\repository\jakarta\activation\jakarta.activation-api\2.1.3\jakarta.activation-api-2.1.3.jar;C:\Users\DELL\.m2\repository\com\fasterxml\jackson\core\jackson-core\2.17.2\jackson-core-2.17.2.jar;C:\Users\DELL\.m2\repository\com\fasterxml\jackson\core\jackson-annotations\2.17.2\jackson-annotations-2.17.2.jar;C:\Users\DELL\.m2\repository\com\fasterxml\jackson\datatype\jackson-datatype-jdk8\2.17.2\jackson-datatype-jdk8-2.17.2.jar;C:\Users\DELL\.m2\repository\com\fasterxml\jackson\datatype\jackson-datatype-jsr310\2.17.2\jackson-datatype-jsr310-2.17.2.jar;C:\Users\DELL\.m2\repository\org\eclipse\microprofile\openapi\microprofile-openapi-api\3.1.1\microprofile-openapi-api-3.1.1.jar;C:\Users\DELL\.m2\repository\org\jboss\resteasy\resteasy-client\6.2.9.Final\resteasy-client-6.2.9.Final.jar;C:\Users\DELL\.m2\repository\org\jboss\resteasy\resteasy-client-api\6.2.9.Final\resteasy-client-api-6.2.9.Final.jar;C:\Users\DELL\.m2\repository\org\jboss\resteasy\resteasy-core-spi\6.2.9.Final\resteasy-core-spi-6.2.9.Final.jar;C:\Users\DELL\.m2\repository\org\jboss\resteasy\resteasy-core\6.2.9.Final\resteasy-core-6.2.9.Final.jar;C:\Users\DELL\.m2\repository\org\jboss\jandex\2.4.5.Final\jandex-2.4.5.Final.jar;C:\Users\DELL\.m2\repository\org\eclipse\angus\angus-activation\2.0.2\angus-activation-2.0.2.jar;C:\Users\DELL\.m2\repository\com\ibm\async\asyncutil\0.1.0\asyncutil-0.1.0.jar;C:\Users\DELL\.m2\repository\jakarta\ws\rs\jakarta.ws.rs-api\3.1.0\jakarta.ws.rs-api-3.1.0.jar;C:\Users\DELL\.m2\repository\org\reactivestreams\reactive-streams\1.0.4\reactive-streams-1.0.4.jar;C:\Users\DELL\.m2\repository\org\jboss\resteasy\resteasy-multipart-provider\6.2.9.Final\resteasy-multipart-provider-6.2.9.Final.jar;C:\Users\DELL\.m2\repository\jakarta\mail\jakarta.mail-api\2.1.3\jakarta.mail-api-2.1.3.jar;C:\Users\DELL\.m2\repository\org\eclipse\angus\angus-mail\2.0.3\angus-mail-2.0.3.jar;C:\Users\DELL\.m2\repository\org\apache\james\apache-mime4j-dom\0.8.11\apache-mime4j-dom-0.8.11.jar;C:\Users\DELL\.m2\repository\org\apache\james\apache-mime4j-core\0.8.11\apache-mime4j-core-0.8.11.jar;C:\Users\DELL\.m2\repository\org\apache\james\apache-mime4j-storage\0.8.11\apache-mime4j-storage-0.8.11.jar;C:\Users\DELL\.m2\repository\commons-io\commons-io\2.11.0\commons-io-2.11.0.jar;C:\Users\DELL\.m2\repository\org\jboss\resteasy\resteasy-jackson2-provider\6.2.9.Final\resteasy-jackson2-provider-6.2.9.Final.jar;C:\Users\DELL\.m2\repository\com\fasterxml\jackson\jakarta\rs\jackson-jakarta-rs-base\2.17.2\jackson-jakarta-rs-base-2.17.2.jar;C:\Users\DELL\.m2\repository\com\fasterxml\jackson\jakarta\rs\jackson-jakarta-rs-json-provider\2.17.2\jackson-jakarta-rs-json-provider-2.17.2.jar;C:\Users\DELL\.m2\repository\com\fasterxml\jackson\module\jackson-module-jakarta-xmlbind-annotations\2.17.2\jackson-module-jakarta-xmlbind-annotations-2.17.2.jar;C:\Users\DELL\.m2\repository\com\github\java-json-tools\json-patch\1.13\json-patch-1.13.jar;C:\Users\DELL\.m2\repository\com\github\java-json-tools\msg-simple\1.2\msg-simple-1.2.jar;C:\Users\DELL\.m2\repository\com\github\java-json-tools\btf\1.3\btf-1.3.jar;C:\Users\DELL\.m2\repository\com\github\java-json-tools\jackson-coreutils\2.0\jackson-coreutils-2.0.jar;C:\Users\DELL\.m2\repository\org\jboss\resteasy\resteasy-jaxb-provider\6.2.9.Final\resteasy-jaxb-provider-6.2.9.Final.jar;C:\Users\DELL\.m2\repository\org\glassfish\jaxb\codemodel\4.0.5\codemodel-4.0.5.jar;C:\Users\DELL\.m2\repository\org\glassfish\jaxb\jaxb-core\4.0.5\jaxb-core-4.0.5.jar;C:\Users\DELL\.m2\repository\org\glassfish\jaxb\jaxb-jxc\4.0.5\jaxb-jxc-4.0.5.jar;C:\Users\DELL\.m2\repository\org\glassfish\jaxb\txw2\4.0.5\txw2-4.0.5.jar;C:\Users\DELL\.m2\repository\org\glassfish\jaxb\jaxb-xjc\4.0.5\jaxb-xjc-4.0.5.jar;C:\Users\DELL\.m2\repository\org\glassfish\jaxb\xsom\4.0.5\xsom-4.0.5.jar;C:\Users\DELL\.m2\repository\com\sun\istack\istack-commons-runtime\4.1.2\istack-commons-runtime-4.1.2.jar;C:\Users\DELL\.m2\repository\com\sun\istack\istack-commons-tools\4.1.2\istack-commons-tools-4.1.2.jar;C:\Users\DELL\.m2\repository\com\sun\xml\bind\external\relaxng-datatype\4.0.3\relaxng-datatype-4.0.3.jar;C:\Users\DELL\.m2\repository\com\sun\xml\bind\external\rngom\4.0.3\rngom-4.0.3.jar;C:\Users\DELL\.m2\repository\org\springframework\boot\spring-boot-starter-web\3.3.4\spring-boot-starter-web-3.3.4.jar;C:\Users\DELL\.m2\repository\org\springframework\boot\spring-boot-starter\3.3.4\spring-boot-starter-3.3.4.jar;C:\Users\DELL\.m2\repository\org\springframework\boot\spring-boot\3.3.4\spring-boot-3.3.4.jar;C:\Users\DELL\.m2\repository\org\springframework\boot\spring-boot-autoconfigure\3.3.4\spring-boot-autoconfigure-3.3.4.jar;C:\Users\DELL\.m2\repository\org\springframework\boot\spring-boot-starter-logging\3.3.4\spring-boot-starter-logging-3.3.4.jar;C:\Users\DELL\.m2\repository\ch\qos\logback\logback-classic\1.5.8\logback-classic-1.5.8.jar;C:\Users\DELL\.m2\repository\ch\qos\logback\logback-core\1.5.8\logback-core-1.5.8.jar;C:\Users\DELL\.m2\repository\org\apache\logging\log4j\log4j-to-slf4j\2.23.1\log4j-to-slf4j-2.23.1.jar;C:\Users\DELL\.m2\repository\org\apache\logging\log4j\log4j-api\2.23.1\log4j-api-2.23.1.jar;C:\Users\DELL\.m2\repository\org\slf4j\jul-to-slf4j\2.0.16\jul-to-slf4j-2.0.16.jar;C:\Users\DELL\.m2\repository\org\yaml\snakeyaml\2.2\snakeyaml-2.2.jar;C:\Users\DELL\.m2\repository\org\springframework\boot\spring-boot-starter-json\3.3.4\spring-boot-starter-json-3.3.4.jar;C:\Users\DELL\.m2\repository\com\fasterxml\jackson\module\jackson-module-parameter-names\2.17.2\jackson-module-parameter-names-2.17.2.jar;C:\Users\DELL\.m2\repository\org\springframework\boot\spring-boot-starter-tomcat\3.3.4\spring-boot-starter-tomcat-3.3.4.jar;C:\Users\DELL\.m2\repository\org\apache\tomcat\embed\tomcat-embed-core\10.1.30\tomcat-embed-core-10.1.30.jar;C:\Users\DELL\.m2\repository\org\apache\tomcat\embed\tomcat-embed-websocket\10.1.30\tomcat-embed-websocket-10.1.30.jar;C:\Users\DELL\.m2\repository\org\springframework\spring-web\6.1.13\spring-web-6.1.13.jar;C:\Users\DELL\.m2\repository\io\micrometer\micrometer-observation\1.13.4\micrometer-observation-1.13.4.jar;C:\Users\DELL\.m2\repository\io\micrometer\micrometer-commons\1.13.4\micrometer-commons-1.13.4.jar;C:\Users\DELL\.m2\repository\org\springframework\spring-webmvc\6.1.13\spring-webmvc-6.1.13.jar;C:\Users\DELL\.m2\repository\org\postgresql\postgresql\42.7.4\postgresql-42.7.4.jar;C:\Users\DELL\.m2\repository\org\checkerframework\checker-qual\3.42.0\checker-qual-3.42.0.jar;C:\Users\DELL\.m2\repository\org\projectlombok\lombok\1.18.34\lombok-1.18.34.jar;C:\Users\DELL\.m2\repository\org\springframework\security\spring-security-crypto\6.3.1\spring-security-crypto-6.3.1.jar;C:\Users\DELL\.m2\repository\org\springframework\boot\spring-boot-starter-validation\3.3.4\spring-boot-starter-validation-3.3.4.jar;C:\Users\DELL\.m2\repository\org\apache\tomcat\embed\tomcat-embed-el\10.1.30\tomcat-embed-el-10.1.30.jar;C:\Users\DELL\.m2\repository\org\mapstruct\mapstruct\1.5.5.Final\mapstruct-1.5.5.Final.jar;C:\Users\DELL\.m2\repository\org\apache\httpcomponents\httpclient\4.5.14\httpclient-4.5.14.jar;C:\Users\DELL\.m2\repository\org\apache\httpcomponents\httpcore\4.4.16\httpcore-4.4.16.jar;C:\Users\DELL\.m2\repository\commons-logging\commons-logging\1.2\commons-logging-1.2.jar;C:\Users\DELL\.m2\repository\commons-codec\commons-codec\1.16.1\commons-codec-1.16.1.jar;C:\Users\DELL\.m2\repository\org\hibernate\validator\hibernate-validator\8.0.1.Final\hibernate-validator-8.0.1.Final.jar;C:\Users\DELL\.m2\repository\jakarta\validation\jakarta.validation-api\3.0.2\jakarta.validation-api-3.0.2.jar;C:\Users\DELL\.m2\repository\org\jboss\logging\jboss-logging\3.5.3.Final\jboss-logging-3.5.3.Final.jar;C:\Users\DELL\.m2\repository\com\fasterxml\classmate\1.7.0\classmate-1.7.0.jar;C:\Users\DELL\.m2\repository\org\glassfish\jakarta.el\4.0.2\jakarta.el-4.0.2.jar;C:\Users\DELL\.m2\repository\jakarta\el\jakarta.el-api\4.0.0\jakarta.el-api-4.0.0.jar;C:\Users\DELL\.m2\repository\org\springframework\boot\spring-boot-starter-test\3.3.4\spring-boot-starter-test-3.3.4.jar;C:\Users\DELL\.m2\repository\org\springframework\boot\spring-boot-test\3.3.4\spring-boot-test-3.3.4.jar;C:\Users\DELL\.m2\repository\org\springframework\boot\spring-boot-test-autoconfigure\3.3.4\spring-boot-test-autoconfigure-3.3.4.jar;C:\Users\DELL\.m2\repository\com\jayway\jsonpath\json-path\2.9.0\json-path-2.9.0.jar;C:\Users\DELL\.m2\repository\jakarta\xml\bind\jakarta.xml.bind-api\4.0.2\jakarta.xml.bind-api-4.0.2.jar;C:\Users\DELL\.m2\repository\net\minidev\json-smart\2.5.1\json-smart-2.5.1.jar;C:\Users\DELL\.m2\repository\net\minidev\accessors-smart\2.5.1\accessors-smart-2.5.1.jar;C:\Users\DELL\.m2\repository\org\ow2\asm\asm\9.6\asm-9.6.jar;C:\Users\DELL\.m2\repository\org\assertj\assertj-core\3.25.3\assertj-core-3.25.3.jar;C:\Users\DELL\.m2\repository\org\awaitility\awaitility\4.2.2\awaitility-4.2.2.jar;C:\Users\DELL\.m2\repository\org\hamcrest\hamcrest\2.2\hamcrest-2.2.jar;C:\Users\DELL\.m2\repository\org\junit\jupiter\junit-jupiter\5.10.3\junit-jupiter-5.10.3.jar;C:\Users\DELL\.m2\repository\org\junit\jupiter\junit-jupiter-api\5.10.3\junit-jupiter-api-5.10.3.jar;C:\Users\DELL\.m2\repository\org\opentest4j\opentest4j\1.3.0\opentest4j-1.3.0.jar;C:\Users\DELL\.m2\repository\org\junit\platform\junit-platform-commons\1.10.3\junit-platform-commons-1.10.3.jar;C:\Users\DELL\.m2\repository\org\apiguardian\apiguardian-api\1.1.2\apiguardian-api-1.1.2.jar;C:\Users\DELL\.m2\repository\org\junit\jupiter\junit-jupiter-params\5.10.3\junit-jupiter-params-5.10.3.jar;C:\Users\DELL\.m2\repository\org\junit\jupiter\junit-jupiter-engine\5.10.3\junit-jupiter-engine-5.10.3.jar;C:\Users\DELL\.m2\repository\org\junit\platform\junit-platform-engine\1.10.3\junit-platform-engine-1.10.3.jar;C:\Users\DELL\.m2\repository\org\mockito\mockito-core\5.11.0\mockito-core-5.11.0.jar;C:\Users\DELL\.m2\repository\net\bytebuddy\byte-buddy-agent\1.14.19\byte-buddy-agent-1.14.19.jar;C:\Users\DELL\.m2\repository\org\objenesis\objenesis\3.3\objenesis-3.3.jar;C:\Users\DELL\.m2\repository\org\mockito\mockito-junit-jupiter\5.11.0\mockito-junit-jupiter-5.11.0.jar;C:\Users\DELL\.m2\repository\org\skyscreamer\jsonassert\1.5.3\jsonassert-1.5.3.jar;C:\Users\DELL\.m2\repository\com\vaadin\external\google\android-json\0.0.20131108.vaadin1\android-json-0.0.20131108.vaadin1.jar;C:\Users\DELL\.m2\repository\org\springframework\spring-test\6.1.13\spring-test-6.1.13.jar;C:\Users\DELL\.m2\repository\org\xmlunit\xmlunit-core\2.9.1\xmlunit-core-2.9.1.jar
Launcher Type: SUN_STANDARD

[Global flags]
     intx CICompilerCount                          = 3                                         {product} {ergonomic}
     uint ConcGCThreads                            = 1                                         {product} {ergonomic}
     uint G1ConcRefinementThreads                  = 4                                         {product} {ergonomic}
   size_t G1HeapRegionSize                         = 1048576                                   {product} {ergonomic}
    uintx GCDrainStackTargetSize                   = 64                                        {product} {ergonomic}
   size_t InitialHeapSize                          = 134217728                                 {product} {ergonomic}
   size_t MarkStackSize                            = 4194304                                   {product} {ergonomic}
   size_t MaxHeapSize                              = 2120220672                                {product} {ergonomic}
   size_t MaxNewSize                               = 1271922688                                {product} {ergonomic}
   size_t MinHeapDeltaBytes                        = 1048576                                   {product} {ergonomic}
   size_t MinHeapSize                              = 8388608                                   {product} {ergonomic}
    uintx NonNMethodCodeHeapSize                   = 5832780                                {pd product} {ergonomic}
    uintx NonProfiledCodeHeapSize                  = 122912730                              {pd product} {ergonomic}
    uintx ProfiledCodeHeapSize                     = 122912730                              {pd product} {ergonomic}
    uintx ReservedCodeCacheSize                    = 251658240                              {pd product} {ergonomic}
     bool SegmentedCodeCache                       = true                                      {product} {ergonomic}
   size_t SoftMaxHeapSize                          = 2120220672                             {manageable} {ergonomic}
     bool UseCompressedOops                        = true                           {product lp64_product} {ergonomic}
     bool UseG1GC                                  = true                                      {product} {ergonomic}
     bool UseLargePagesIndividualAllocation        = false                                  {pd product} {ergonomic}

Logging:
Log output configuration:
 #0: stdout all=warning uptime,level,tags foldmultilines=false
 #1: stderr all=off uptime,level,tags foldmultilines=false

Environment Variables:
JAVA_HOME=C:\Program Files\Java\jdk-21
PATH=C:\Program Files (x86)\Common Files\Oracle\Java\javapath;C:\Program Files\Common Files\Oracle\Java\javapath;C:\Windows\system32;C:\Windows;C:\Windows\System32\Wbem;C:\Windows\System32\WindowsPowerShell\v1.0\;C:\Windows\System32\OpenSSH\;C:\Program Files\Git\cmd;C:\Program Files (x86)\Microsoft SQL Server\150\DTS\Binn\;C:\Program Files\Microsoft SQL Server\Client SDK\ODBC\130\Tools\Binn\;C:\Program Files (x86)\Microsoft SQL Server\140\Tools\Binn\;C:\Program Files\Microsoft SQL Server\140\Tools\Binn\;C:\Program Files\Microsoft SQL Server\140\DTS\Binn\;C:\Program Files\nodejs\;C:\Program Files\Go\bin;C:\Program Files\Docker\Docker\resources\bin;C:\Program Files\PuTTY\;C:\Program Files\Java\jdk-21\bin;C:\Users\DELL\.cargo\bin;C:\Program Files\MySQL\MySQL Shell 8.0\bin\;C:\Users\DELL\AppData\Local\Programs\Python\Python312\Scripts\;C:\Users\DELL\AppData\Local\Programs\Python\Python312\;C:\Users\DELL\AppData\Local\Microsoft\WindowsApps;C:\Program Files\JetBrains\IntelliJ IDEA 2023.3.2\bin;;C:\Users\DELL\AppData\Local\Programs\Microsoft VS Code\bin;C:\Users\DELL\AppData\Roaming\npm;C:\Users\DELL\go\bin;C:\Program Files\Java\jdk-21\bin;C:\Program Files\Java\jdk-21\bin;
USERNAME=DELL
OS=Windows_NT
PROCESSOR_IDENTIFIER=Intel64 Family 6 Model 78 Stepping 3, GenuineIntel
TMP=C:\Users\DELL\AppData\Local\Temp
TEMP=C:\Users\DELL\AppData\Local\Temp




Periodic native trim disabled

---------------  S Y S T E M  ---------------

OS:
 Windows 11 , 64 bit Build 22621 (10.0.22621.3958)
OS uptime: 0 days 3:46 hours
Hyper-V role detected

CPU: total 4 (initial active 4) (2 cores per cpu, 2 threads per core) family 6 model 78 stepping 3 microcode 0xf0, cx8, cmov, fxsr, ht, mmx, 3dnowpref, sse, sse2, sse3, ssse3, sse4.1, sse4.2, popcnt, lzcnt, tsc, tscinvbit, avx, avx2, aes, erms, clmul, bmi1, bmi2, rtm, adx, fma, vzeroupper, clflush, clflushopt, hv, rdtscp, f16c
Processor Information for all 4 processors :
  Max Mhz: 2501, Current Mhz: 2501, Mhz Limit: 2501

Memory: 4k page, system-wide physical 8083M (529M free)
TotalPageFile size 19267M (AvailPageFile size 2677M)
current process WorkingSet (physical memory assigned to process): 128M, peak: 128M
current process commit charge ("private bytes"): 250M, peak: 250M

vm_info: Java HotSpot(TM) 64-Bit Server VM (21.0.1+12-LTS-29) for windows-amd64 JRE (21.0.1+12-LTS-29), built on 2023-10-05T13:27:09Z by "mach5one" with MS VC++ 17.1 (VS2022)

END.
